[2026-09-29T08:12:02Z INFO sail_cli::spark::server] Starting the Spark Connect server on 127.0.0.1:44601...
[2026-09-29T08:12:02Z INFO sail_session::session_manager::actor::core] driver server is ready on port 32835
[2026-09-29T08:12:02Z INFO sail_session::session_manager::actor::handler] creating session acc57022-5524-4767-92f8-a9145ae6f114
OpenBLAS WARNING - could not determine the L2 cache size on this system, assuming 256k
OpenBLAS WARNING - could not determine the L2 cache size on this system, assuming 256k
[2026-09-29T08:12:03Z INFO sail_session::extensions] bound native extension nutmeg@0.1.0:f92268cbf3a5b0bbc3a1e9e0fc733018cad00410a42c83b8228f417a5c232c9f to session incarnation 7434fa88-4837-4e3b-861c-f0e13f77ebf1
[2026-09-29T08:12:03Z INFO sail_session::extensions] bound native extension sedona@0.1.0:e8dc2c51c6e45ef94fb13370b76f0fd40936b3d79d368fc052afbb778d39c137 to session incarnation 7434fa88-4837-4e3b-861c-f0e13f77ebf1
[2026-09-29T08:12:03Z INFO sail_execution::driver::actor::handler] activating driver 1
[2026-09-29T08:12:03Z INFO sail_execution::driver::worker_pool::core] starting worker 1
[2026-09-29T08:12:03Z INFO sail_execution::driver::worker_pool::core] starting worker 2
[2026-09-29T08:12:03Z INFO sail_execution::worker_manager::process] extension process worker 1: pid=Some(166), driver_pid=50, session=acc57022-5524-4767-92f8-a9145ae6f114
[2026-09-29T08:12:03Z INFO sail_execution::worker_manager::process] extension process worker 2: pid=Some(167), driver_pid=50, session=acc57022-5524-4767-92f8-a9145ae6f114
[2026-09-29T08:12:04Z INFO sail_session::extensions] worker loaded native extension sedona@0.1.0:e8dc2c51c6e45ef94fb13370b76f0fd40936b3d79d368fc052afbb778d39c137, pid=167
[2026-09-29T08:12:04Z INFO sail_session::extensions] worker loaded native extension sedona@0.1.0:e8dc2c51c6e45ef94fb13370b76f0fd40936b3d79d368fc052afbb778d39c137, pid=166
[2026-09-29T08:12:04Z INFO sail_execution::worker::actor::handler] worker 2 server is ready on port 35489
[2026-09-29T08:12:04Z INFO sail_execution::driver::actor::handler] worker 2 is available at 127.0.0.1:35489
[2026-09-29T08:12:04Z WARN sail_execution::driver::task_assigner::core] worker 2 was not pending
[2026-09-29T08:12:04Z INFO sail_execution::worker::actor::handler] worker 1 server is ready on port 44151
[2026-09-29T08:12:04Z INFO sail_execution::driver::actor::handler] worker 1 is available at 127.0.0.1:44151
[2026-09-29T08:12:04Z WARN sail_execution::driver::task_assigner::core] worker 1 was not pending
[2026-09-29T08:13:27Z WARN sail_execution::driver::actor::handler] job 8 stage 0 partition 7 attempt 0 sequence 173 is stale
[2026-09-29T08:13:32Z WARN sail_execution::driver::actor::handler] job 10 stage 0 partition 12 attempt 0 sequence 347 is stale
[2026-09-29T08:20:02Z INFO sail_session::session_manager::actor::handler] removing session acc57022-5524-4767-92f8-a9145ae6f114
[2026-09-29T08:20:02Z INFO sail_execution::driver::worker_pool::core] stopping worker 1
[2026-09-29T08:20:02Z INFO sail_execution::driver::worker_pool::core] stopping worker 2
[2026-09-29T08:20:02Z INFO sail_cli::spark::server] Shutting down the Spark Connect server...
[2026-09-29T08:20:02Z ERROR sail_execution::driver::worker_pool::core] stop task job 28 stage 4 partition 21 attempt 0: failed in worker 2: error in Tonic status: code: 'Unknown error', message: "transport error", source: tonic::transport::Error(Transport, hyper::Error(Io, Kind(ConnectionReset)))
[2026-09-29T08:20:02Z ERROR sail_execution::driver::worker_pool::core] clean up job: failed in worker 2: error in Tonic status: code: 'Unknown error', message: "transport error", source: tonic::transport::Error(Transport, hyper::Error(Io, Kind(ConnectionReset)))
[2026-09-29T08:20:02Z ERROR sail_execution::driver::worker_pool::core] stop worker: failed in worker 2: error in Tonic status: code: 'Unknown error', message: "transport error", source: tonic::transport::Error(Transport, hyper::Error(Io, Kind(ConnectionReset)))
[2026-09-29T08:20:02Z ERROR sail_execution::driver::worker_pool::core] stop task job 28 stage 4 partition 9 attempt 0: failed in worker 2: error in Tonic status: code: 'Unknown error', message: "transport error", source: tonic::transport::Error(Transport, hyper::Error(Io, Kind(ConnectionReset)))
[2026-09-29T08:20:02Z ERROR sail_execution::driver::worker_pool::core] stop task job 28 stage 4 partition 29 attempt 0: failed in worker 2: error in Tonic status: code: 'Unknown error', message: "transport error", source: tonic::transport::Error(Transport, hyper::Error(Io, Kind(ConnectionReset)))
[2026-09-29T08:20:03Z ERROR sail_execution::driver::worker_pool::core] stop task job 28 stage 4 partition 23 attempt 0: failed in worker 2: error in Tonic status: code: 'Unknown error', message: "transport error", source: tonic::transport::Error(Transport, hyper::Error(Io, Kind(ConnectionReset)))
[2026-09-29T08:20:03Z ERROR sail_execution::driver::worker_pool::core] stop task job 28 stage 4 partition 31 attempt 0: failed in worker 2: error in Tonic status: code: 'Unknown error', message: "transport error", source: tonic::transport::Error(Transport, hyper::Error(Io, Kind(ConnectionReset)))
[2026-09-29T08:20:03Z ERROR sail_execution::driver::worker_pool::core] stop task job 28 stage 4 partition 22 attempt 0: failed in worker 1: error in Tonic status: code: 'Unknown error', message: "transport error", source: tonic::transport::Error(Transport, hyper::Error(Io, Kind(ConnectionReset)))
[2026-09-29T08:20:03Z ERROR sail_execution::driver::worker_pool::core] stop task job 28 stage 3 partition 24 attempt 0: failed in worker 1: error in Tonic status: code: 'Unknown error', message: "transport error", source: tonic::transport::Error(Transport, hyper::Error(Io, Kind(ConnectionReset)))
[2026-09-29T08:20:03Z ERROR sail_execution::driver::worker_pool::core] stop task job 28 stage 4 partition 28 attempt 0: failed in worker 1: error in Tonic status: code: 'Unknown error', message: "transport error", source: tonic::transport::Error(Transport, hyper::Error(Io, Kind(ConnectionReset)))
[2026-09-29T08:20:03Z ERROR sail_execution::driver::worker_pool::core] stop task job 28 stage 4 partition 20 attempt 0: failed in worker 1: error in Tonic status: code: 'Unknown error', message: "transport error", source: tonic::transport::Error(Transport, hyper::Error(Io, Kind(ConnectionReset)))
[2026-09-29T08:20:03Z ERROR sail_execution::driver::worker_pool::core] stop task job 28 stage 5 partition 0 attempt 0: failed in worker 1: error in Tonic status: code: 'Unknown error', message: "transport error", source: tonic::transport::Error(Transport, hyper::Error(Io, Kind(ConnectionReset)))
[2026-09-29T08:20:03Z ERROR sail_execution::driver::worker_pool::core] stop task job 28 stage 3 partition 28 attempt 0: failed in worker 1: error in Tonic status: code: 'Unknown error', message: "transport error", source: tonic::transport::Error(Transport, hyper::Error(Io, Kind(ConnectionReset)))
[2026-09-29T08:20:03Z ERROR sail_execution::driver::worker_pool::core] stop task job 28 stage 4 partition 30 attempt 0: failed in worker 1: error in Tonic status: code: 'Unknown error', message: "transport error", source: tonic::transport::Error(Transport, hyper::Error(Io, Kind(ConnectionReset)))
[2026-09-29T08:20:03Z ERROR sail_execution::driver::worker_pool::core] stop task job 28 stage 4 partition 18 attempt 0: failed in worker 1: error in Tonic status: code: 'Unknown error', message: "transport error", source: tonic::transport::Error(Transport, hyper::Error(Io, Kind(ConnectionReset)))
[2026-09-29T08:20:03Z ERROR sail_execution::driver::worker_pool::core] stop worker: failed in worker 1: error in Tonic status: code: 'Unknown error', message: "transport error", source: tonic::transport::Error(Transport, hyper::Error(Io, Kind(ConnectionReset)))
[2026-09-29T08:20:03Z ERROR sail_execution::driver::worker_pool::core] stop task job 28 stage 4 partition 4 attempt 0: failed in worker 1: error in Tonic status: code: 'Unknown error', message: "transport error", source: tonic::transport::Error(Transport, hyper::Error(Io, Kind(ConnectionReset)))
[2026-09-29T08:20:03Z ERROR sail_execution::driver::worker_pool::core] stop task job 28 stage 4 partition 16 attempt 0: failed in worker 1: error in Tonic status: code: 'Unknown error', message: "transport error", source: tonic::transport::Error(Transport, hyper::Error(Io, Kind(ConnectionReset)))
[2026-09-29T08:20:03Z ERROR sail_execution::driver::worker_pool::core] stop task job 28 stage 4 partition 24 attempt 0: failed in worker 1: error in Tonic status: code: 'Unknown error', message: "transport error", source: tonic::transport::Error(Transport, hyper::Error(Io, Kind(ConnectionReset)))
[2026-09-29T08:20:03Z ERROR sail_execution::driver::worker_pool::core] stop task job 28 stage 4 partition 26 attempt 0: failed in worker 1: error in Tonic status: code: 'Unknown error', message: "transport error", source: tonic::transport::Error(Transport, hyper::Error(Io, Kind(ConnectionReset)))
[2026-09-29T08:20:03Z ERROR sail_execution::driver::worker_pool::core] stop task job 28 stage 3 partition 26 attempt 0: failed in worker 1: error in Tonic status: code: 'Unknown error', message: "transport error", source: tonic::transport::Error(Transport, hyper::Error(Io, Kind(ConnectionReset)))
[2026-09-29T08:20:03Z ERROR sail_execution::driver::worker_pool::core] clean up job: failed in worker 1: error in Tonic status: code: 'Unknown error', message: "transport error", source: tonic::transport::Error(Transport, hyper::Error(Io, Kind(ConnectionReset)))
[2026-09-29T08:20:03Z INFO sail_execution::driver::actor::core] driver 1 has stopped
[2026-09-29T08:20:03Z WARN sail_common::actor] aborting 485 task(s) for DriverActor
[2026-09-29T08:20:04Z INFO sail_session::session_manager::actor::core] driver server has stopped
[2026-09-29T08:20:04Z WARN sail_common::actor] aborting 152 task(s) for SessionManagerActor
[2026-09-29T08:20:04Z INFO sail_cli::spark::server] The Spark Connect server has stopped.
