[2026-09-29T14:24:44Z INFO sail_cli::spark::server] Starting the Spark Connect server on 127.0.0.1:33491...
[2026-09-29T14:24:44Z INFO sail_session::session_manager::actor::core] driver server is ready on port 36359
[2026-09-29T14:24:44Z INFO sail_session::session_manager::actor::handler] creating session a163e73b-969e-4325-a8e0-2c56d89f2456
OpenBLAS WARNING - could not determine the L2 cache size on this system, assuming 256k
OpenBLAS WARNING - could not determine the L2 cache size on this system, assuming 256k
[2026-09-29T14:24:45Z INFO sail_session::extensions] bound native extension nutmeg@0.1.0:f92268cbf3a5b0bbc3a1e9e0fc733018cad00410a42c83b8228f417a5c232c9f to session incarnation 19053059-76a0-4520-a810-77eb2e66f455
[2026-09-29T14:24:45Z INFO sail_session::extensions] bound native extension sedona@0.1.0:e8dc2c51c6e45ef94fb13370b76f0fd40936b3d79d368fc052afbb778d39c137 to session incarnation 19053059-76a0-4520-a810-77eb2e66f455
[2026-09-29T14:24:45Z INFO sail_execution::driver::actor::handler] activating driver 1
[2026-09-29T14:24:45Z INFO sail_execution::driver::worker_pool::core] starting worker 1
[2026-09-29T14:24:45Z INFO sail_execution::driver::worker_pool::core] starting worker 2
[2026-09-29T14:24:45Z INFO sail_execution::worker_manager::process] extension process worker 1: pid=Some(166), driver_pid=50, session=a163e73b-969e-4325-a8e0-2c56d89f2456
[2026-09-29T14:24:45Z INFO sail_execution::worker_manager::process] extension process worker 2: pid=Some(173), driver_pid=50, session=a163e73b-969e-4325-a8e0-2c56d89f2456
[2026-09-29T14:24:46Z INFO sail_session::extensions] worker loaded native extension sedona@0.1.0:e8dc2c51c6e45ef94fb13370b76f0fd40936b3d79d368fc052afbb778d39c137, pid=166
[2026-09-29T14:24:46Z INFO sail_session::extensions] worker loaded native extension sedona@0.1.0:e8dc2c51c6e45ef94fb13370b76f0fd40936b3d79d368fc052afbb778d39c137, pid=173
[2026-09-29T14:24:46Z INFO sail_execution::worker::actor::handler] worker 1 server is ready on port 38451
[2026-09-29T14:24:46Z INFO sail_execution::driver::actor::handler] worker 1 is available at 127.0.0.1:38451
[2026-09-29T14:24:46Z WARN sail_execution::driver::task_assigner::core] worker 1 was not pending
[2026-09-29T14:24:46Z WARN sail_execution::driver::actor::handler] job 1 stage 0 partition 0 attempt 0 sequence 42 is stale
[2026-09-29T14:24:46Z INFO sail_execution::worker::actor::handler] worker 2 server is ready on port 41761
[2026-09-29T14:24:46Z INFO sail_execution::driver::actor::handler] worker 2 is available at 127.0.0.1:41761
[2026-09-29T14:24:46Z WARN sail_execution::driver::task_assigner::core] worker 2 was not pending
[2026-09-29T14:26:30Z WARN sail_execution::driver::actor::handler] job 8 stage 0 partition 17 attempt 0 sequence 197 is stale
[2026-09-29T14:26:30Z WARN sail_execution::driver::actor::handler] job 8 stage 0 partition 31 attempt 0 sequence 198 is stale
[2026-09-29T14:36:02Z INFO sail_session::session_manager::actor::handler] removing session a163e73b-969e-4325-a8e0-2c56d89f2456
[2026-09-29T14:36:02Z INFO sail_execution::driver::worker_pool::core] stopping worker 1
[2026-09-29T14:36:02Z INFO sail_execution::driver::worker_pool::core] stopping worker 2
[2026-09-29T14:36:02Z WARN sail_common::utils::retry] retryable operation failed: error in Tonic status: code: 'Internal error', message: "invalid argument: driver 1 not found"
[2026-09-29T14:36:02Z WARN sail_common::utils::retry] retryable operation failed: error in Tonic status: code: 'Internal error', message: "invalid argument: driver 1 not found"
[2026-09-29T14:36:02Z WARN sail_common::utils::retry] retryable operation failed: error in Tonic status: code: 'Internal error', message: "invalid argument: driver 1 not found"
[2026-09-29T14:36:02Z WARN sail_common::actor] aborting 45 task(s) for TaskRunnerActor
[2026-09-29T14:36:02Z INFO sail_execution::worker::actor::core] worker 2 server has stopped
[2026-09-29T14:36:02Z WARN sail_common::actor] aborting 1 task(s) for WorkerActor
[2026-09-29T14:36:02Z INFO sail_cli::spark::server] Shutting down the Spark Connect server...
[2026-09-29T14:36:09Z ERROR sail_execution::driver::worker_pool::core] stop worker: failed in worker 1: error in Tonic status: code: 'Unknown error', message: "transport error", source: tonic::transport::Error(Transport, hyper::Error(Io, Kind(ConnectionReset)))
[2026-09-29T14:36:09Z INFO sail_execution::driver::actor::core] driver 1 has stopped
[2026-09-29T14:36:09Z WARN sail_common::actor] aborting 154 task(s) for DriverActor
[2026-09-29T14:36:11Z INFO sail_session::session_manager::actor::core] driver server has stopped
[2026-09-29T14:36:11Z WARN sail_common::actor] aborting 174 task(s) for SessionManagerActor
[2026-09-29T14:36:11Z INFO sail_cli::spark::server] The Spark Connect server has stopped.
