[2026-09-30T17:03:41Z INFO sail_cli::spark::server] Starting the Spark Connect server on 127.0.0.1:55475...
[2026-09-30T17:03:41Z INFO sail_session::session_manager::actor::core] driver server is ready on port 46499
[2026-09-30T17:03:41Z INFO sail_session::session_manager::actor::handler] creating session 0af05e17-8906-4aff-bc4f-eed0baa1f2b9
OpenBLAS WARNING - could not determine the L2 cache size on this system, assuming 256k
OpenBLAS WARNING - could not determine the L2 cache size on this system, assuming 256k
[2026-09-30T17:03:42Z INFO sail_session::extensions] bound native extension nutmeg@0.1.0:e5f0332e07d6164d20eec48da4e1d859913eb006481d8b98b1d409afeb3bb50f to session incarnation 3543abc1-57fd-4951-a2b4-8ae562d04dc2
[2026-09-30T17:03:42Z INFO sail_session::extensions] bound native extension sedona@0.1.0:e8dc2c51c6e45ef94fb13370b76f0fd40936b3d79d368fc052afbb778d39c137 to session incarnation 3543abc1-57fd-4951-a2b4-8ae562d04dc2
[2026-09-30T17:03:42Z INFO sail_execution::driver::actor::handler] activating driver 1
[2026-09-30T17:03:42Z INFO sail_execution::driver::worker_pool::core] starting worker 1
[2026-09-30T17:03:42Z INFO sail_execution::driver::worker_pool::core] starting worker 2
[2026-09-30T17:03:42Z INFO sail_execution::worker_manager::process] extension process worker 1: pid=Some(61), driver_pid=25, session=0af05e17-8906-4aff-bc4f-eed0baa1f2b9
[2026-09-30T17:03:42Z INFO sail_execution::worker_manager::process] extension process worker 2: pid=Some(62), driver_pid=25, session=0af05e17-8906-4aff-bc4f-eed0baa1f2b9
[2026-09-30T17:03:42Z INFO sail_session::extensions] worker loaded native extension sedona@0.1.0:e8dc2c51c6e45ef94fb13370b76f0fd40936b3d79d368fc052afbb778d39c137, pid=61
[2026-09-30T17:03:42Z INFO sail_session::extensions] worker loaded native extension sedona@0.1.0:e8dc2c51c6e45ef94fb13370b76f0fd40936b3d79d368fc052afbb778d39c137, pid=62
[2026-09-30T17:03:43Z INFO sail_execution::worker::actor::handler] worker 1 server is ready on port 46641
[2026-09-30T17:03:43Z INFO sail_execution::worker::actor::handler] worker 2 server is ready on port 44835
[2026-09-30T17:03:43Z INFO sail_execution::driver::actor::handler] worker 1 is available at 127.0.0.1:46641
[2026-09-30T17:03:43Z WARN sail_execution::driver::task_assigner::core] worker 1 was not pending
[2026-09-30T17:03:43Z INFO sail_execution::driver::actor::handler] worker 2 is available at 127.0.0.1:44835
[2026-09-30T17:03:43Z WARN sail_execution::driver::task_assigner::core] worker 2 was not pending
[2026-09-30T17:03:43Z WARN sail_execution::driver::actor::handler] job 10 stage 0 partition 2 attempt 0 sequence 95 is stale
[2026-09-30T17:03:44Z WARN sail_execution::driver::actor::handler] job 30 stage 1 partition 2 attempt 0 sequence 205 is stale
[2026-09-30T17:03:50Z WARN sail_execution::driver::actor::handler] job 64 stage 1 partition 0 attempt 0 sequence 483 is stale
[2026-09-30T17:03:53Z WARN sail_execution::driver::actor::handler] job 86 stage 1 partition 3 attempt 0 sequence 492 is stale
[2026-09-30T17:03:54Z WARN sail_execution::driver::actor::handler] job 94 stage 0 partition 1 attempt 0 sequence 532 is stale
[2026-09-30T17:03:54Z WARN sail_execution::driver::actor::handler] job 94 stage 0 partition 0 attempt 0 sequence 689 is stale
[2026-09-30T17:03:57Z WARN sail_execution::driver::actor::handler] job 128 stage 1 partition 1 attempt 0 sequence 713 is stale
[2026-09-30T17:03:58Z WARN sail_execution::driver::actor::handler] job 136 stage 1 partition 1 attempt 0 sequence 761 is stale
[2026-09-30T17:04:00Z WARN sail_execution::driver::actor::handler] job 158 stage 0 partition 1 attempt 0 sequence 871 is stale
[2026-09-30T17:04:04Z WARN sail_execution::driver::actor::handler] job 224 stage 1 partition 1 attempt 0 sequence 1579 is stale
[2026-09-30T17:04:04Z INFO sail_session::session_manager::actor::handler] removing session 0af05e17-8906-4aff-bc4f-eed0baa1f2b9
[2026-09-30T17:04:04Z INFO sail_execution::driver::worker_pool::core] stopping worker 1
[2026-09-30T17:04:04Z INFO sail_execution::driver::worker_pool::core] stopping worker 2
[2026-09-30T17:04:04Z WARN sail_common::actor] aborting 221 task(s) for TaskRunnerActor
[2026-09-30T17:04:04Z WARN sail_common::actor] aborting 229 task(s) for TaskRunnerActor
[2026-09-30T17:04:04Z INFO sail_execution::worker::actor::core] worker 1 server has stopped
[2026-09-30T17:04:04Z INFO sail_execution::worker::actor::core] worker 2 server has stopped
[2026-09-30T17:04:04Z WARN sail_common::actor] aborting 1 task(s) for WorkerActor
[2026-09-30T17:04:04Z WARN sail_common::actor] aborting 1 task(s) for WorkerActor
[2026-09-30T17:04:04Z INFO sail_cli::spark::server] Shutting down the Spark Connect server...
[2026-09-30T17:04:04Z INFO sail_execution::driver::actor::core] driver 1 has stopped
[2026-09-30T17:04:04Z WARN sail_common::actor] aborting 3849 task(s) for DriverActor
[2026-09-30T17:04:04Z INFO sail_session::session_manager::actor::core] driver server has stopped
[2026-09-30T17:04:04Z WARN sail_common::actor] aborting 946 task(s) for SessionManagerActor
[2026-09-30T17:04:04Z INFO sail_cli::spark::server] The Spark Connect server has stopped.
