    Finished `release` profile [optimized] target(s) in 0.04s
     Running unittests src/lib.rs (/private/tmp/sail-rank-wcc-lifetime-target/core/release/deps/sail_argentea_core-38ce99e55bcc33f6)

running 6 tests
CSR_COUNTER p=1 dense=true n=16 m=64 weighted=false allocation_calls=7 allocated_bytes=1024 peak_requested_bytes=1024 peak_admitted_bytes=6024 work=160
CSR_COUNTER p=1 dense=true n=16 m=64 weighted=true allocation_calls=7 allocated_bytes=1544 peak_requested_bytes=1464 peak_admitted_bytes=6536 work=240
test adjacency_tests::adjacency_lookup_rejects_missing_and_foreign_sources_without_leaks ... ok
test adjacency_tests::adjacency_restores_offsets_and_preserves_arc_order_for_all_id_layouts ... ok
test delta::controls::maintained_residual_cannot_forge_a_certificate_and_failure_rebases ... ok
test delta::controls::nonfinite_and_negative_scores_or_residuals_are_rejected ... ok
test adjacency_tests::adjacency_reduced_scratch_admission_and_weighted_work_budget_are_enforced ... ok
CSR_COUNTER p=1 dense=true n=65536 m=262144 weighted=false allocation_calls=7 allocated_bytes=3145984 peak_requested_bytes=3145984 peak_admitted_bytes=7868424 work=655360
CSR_COUNTER p=1 dense=true n=65536 m=262144 weighted=true allocation_calls=7 allocated_bytes=5243144 peak_requested_bytes=5243064 peak_admitted_bytes=9965576 work=1769472
CSR_COUNTER p=1 dense=false n=16 m=64 weighted=false allocation_calls=7 allocated_bytes=1024 peak_requested_bytes=1024 peak_admitted_bytes=6024 work=160
CSR_COUNTER p=1 dense=false n=16 m=64 weighted=true allocation_calls=7 allocated_bytes=1544 peak_requested_bytes=1464 peak_admitted_bytes=6536 work=752
CSR_COUNTER p=1 dense=false n=65536 m=262144 weighted=false allocation_calls=7 allocated_bytes=3145984 peak_requested_bytes=3145984 peak_admitted_bytes=7868424 work=655360
CSR_COUNTER p=1 dense=false n=65536 m=262144 weighted=true allocation_calls=7 allocated_bytes=5243144 peak_requested_bytes=5243064 peak_admitted_bytes=9965576 work=10158080
CSR_COUNTER p=3 dense=true n=16 m=64 weighted=false allocation_calls=7 allocated_bytes=1024 peak_requested_bytes=1024 peak_admitted_bytes=6024 work=160
CSR_COUNTER p=3 dense=true n=16 m=64 weighted=true allocation_calls=7 allocated_bytes=1544 peak_requested_bytes=1464 peak_admitted_bytes=6536 work=240
CSR_COUNTER p=3 dense=true n=65536 m=262144 weighted=false allocation_calls=7 allocated_bytes=3145984 peak_requested_bytes=3145984 peak_admitted_bytes=7868424 work=655360
CSR_COUNTER p=3 dense=true n=65536 m=262144 weighted=true allocation_calls=7 allocated_bytes=5243144 peak_requested_bytes=5243064 peak_admitted_bytes=9965576 work=1769472
CSR_COUNTER p=3 dense=false n=16 m=64 weighted=false allocation_calls=7 allocated_bytes=1024 peak_requested_bytes=1024 peak_admitted_bytes=6024 work=160
CSR_COUNTER p=3 dense=false n=16 m=64 weighted=true allocation_calls=7 allocated_bytes=1544 peak_requested_bytes=1464 peak_admitted_bytes=6536 work=752
CSR_COUNTER p=3 dense=false n=65536 m=262144 weighted=false allocation_calls=7 allocated_bytes=3145984 peak_requested_bytes=3145984 peak_admitted_bytes=7868424 work=655360
CSR_COUNTER p=3 dense=false n=65536 m=262144 weighted=true allocation_calls=7 allocated_bytes=5243144 peak_requested_bytes=5243064 peak_admitted_bytes=9965576 work=10158080
CSR_COUNTER p=32 dense=true n=16 m=64 weighted=false allocation_calls=7 allocated_bytes=1024 peak_requested_bytes=1024 peak_admitted_bytes=6024 work=160
CSR_COUNTER p=32 dense=true n=16 m=64 weighted=true allocation_calls=7 allocated_bytes=1544 peak_requested_bytes=1464 peak_admitted_bytes=6536 work=240
CSR_COUNTER p=32 dense=true n=65536 m=262144 weighted=false allocation_calls=7 allocated_bytes=3145984 peak_requested_bytes=3145984 peak_admitted_bytes=7868424 work=655360
CSR_COUNTER p=32 dense=true n=65536 m=262144 weighted=true allocation_calls=7 allocated_bytes=5243144 peak_requested_bytes=5243064 peak_admitted_bytes=9965576 work=1769472
CSR_COUNTER p=32 dense=false n=16 m=64 weighted=false allocation_calls=7 allocated_bytes=1024 peak_requested_bytes=1024 peak_admitted_bytes=6024 work=160
CSR_COUNTER p=32 dense=false n=16 m=64 weighted=true allocation_calls=7 allocated_bytes=1544 peak_requested_bytes=1464 peak_admitted_bytes=6536 work=752
CSR_COUNTER p=32 dense=false n=65536 m=262144 weighted=false allocation_calls=7 allocated_bytes=3145984 peak_requested_bytes=3145984 peak_admitted_bytes=7868424 work=655360
CSR_COUNTER p=32 dense=false n=65536 m=262144 weighted=true allocation_calls=7 allocated_bytes=5243144 peak_requested_bytes=5243064 peak_admitted_bytes=9965576 work=10158080
test adjacency_tests::adjacency_build_allocation_and_work_counters ... ok

test result: ok. 6 passed; 0 failed; 0 ignored; 0 measured; 0 filtered out; finished in 0.08s

     Running tests/bfs.rs (/private/tmp/sail-rank-wcc-lifetime-target/core/release/deps/bfs-65b3b8ff1b703716)

running 5 tests
test independent_certificate_rejects_plausible_but_wrong_vectors ... ok
test setup_rejects_missing_source_wrong_cardinality_and_disconnected_unknown_endpoint ... ok
test all_variants_match_independent_integer_bfs_directed_and_undirected ... ok
test cap_requires_empty_global_frontier_and_zero_owners_participate ... ok
test reference_scans_every_arc_frontier_avoids_old_arcs_and_pull_really_exits_early ... ok

test result: ok. 5 passed; 0 failed; 0 ignored; 0 measured; 0 filtered out; finished in 0.01s

     Running tests/bfs_completion.rs (/private/tmp/sail-rank-wcc-lifetime-target/core/release/deps/bfs_completion-6cc598d56405c218)

running 2 tests
BFS_TRUNCATED_COMPLETION algorithm=Reference partitions=1 scalar_wire=false discarded=1 rejected=1
BFS_TRUNCATED_COMPLETION algorithm=Reference partitions=1 scalar_wire=true discarded=1 rejected=1
BFS_TRUNCATED_COMPLETION algorithm=Reference partitions=3 scalar_wire=false discarded=1 rejected=3
BFS_TRUNCATED_COMPLETION algorithm=Reference partitions=3 scalar_wire=true discarded=1 rejected=3
BFS_TRUNCATED_COMPLETION algorithm=Frontier partitions=1 scalar_wire=false discarded=1 rejected=1
BFS_TRUNCATED_COMPLETION algorithm=Frontier partitions=1 scalar_wire=true discarded=1 rejected=1
BFS_TRUNCATED_COMPLETION algorithm=Frontier partitions=3 scalar_wire=false discarded=1 rejected=3
BFS_TRUNCATED_COMPLETION algorithm=Frontier partitions=3 scalar_wire=true discarded=1 rejected=3
BFS_TRUNCATED_COMPLETION algorithm=DirectionOptimizing partitions=1 scalar_wire=false discarded=1 rejected=1
BFS_TRUNCATED_COMPLETION algorithm=DirectionOptimizing partitions=1 scalar_wire=true discarded=1 rejected=1
BFS_TRUNCATED_COMPLETION algorithm=DirectionOptimizing partitions=3 scalar_wire=false discarded=1 rejected=3
BFS_TRUNCATED_COMPLETION algorithm=DirectionOptimizing partitions=3 scalar_wire=true discarded=1 rejected=3
test suppressed_candidates_and_rewritten_completion_cannot_certify_false_convergence ... ok
test candidate_completion_totals_count_parallel_and_already_reached_targets ... ok

test result: ok. 2 passed; 0 failed; 0 ignored; 0 measured; 0 filtered out; finished in 0.00s

     Running tests/bfs_inbox.rs (/private/tmp/sail-rank-wcc-lifetime-target/core/release/deps/bfs_inbox-8b1de543689c5851)

running 5 tests
BFS_INBOX_COUNTER mode=Done vertices=1 ghosts=0 partitions=3 allocation_calls=51 allocated_bytes=3567 peak_admitted_bytes=7400
BFS_INBOX_COUNTER mode=Done vertices=1024 ghosts=1024 partitions=3 allocation_calls=51 allocated_bytes=3567 peak_admitted_bytes=7400
BFS_INBOX_COUNTER mode=Push vertices=1024 ghosts=1024 partitions=3 allocation_calls=54 allocated_bytes=19951 peak_admitted_bytes=23784
BFS_INBOX_COUNTER mode=Done vertices=65536 ghosts=1024 partitions=3 allocation_calls=51 allocated_bytes=3567 peak_admitted_bytes=7400
BFS_INBOX_COUNTER mode=Topology vertices=1024 ghosts=1024 partitions=3 allocation_calls=51 allocated_bytes=3567 peak_admitted_bytes=7400
test elided_buffers_still_reject_wrong_payload_modes_before_access ... ok
BFS_INBOX_COUNTER mode=Topology vertices=65536 ghosts=65536 partitions=3 allocation_calls=51 allocated_bytes=3567 peak_admitted_bytes=7400
BFS_INBOX_COUNTER mode=Push vertices=65536 ghosts=1024 partitions=3 allocation_calls=54 allocated_bytes=1052143 peak_admitted_bytes=1055976
BFS_INBOX_COUNTER mode=Done vertices=65536 ghosts=65536 partitions=3 allocation_calls=51 allocated_bytes=3567 peak_admitted_bytes=7400
test done_inboxes_fit_protocol_sized_headroom ... ok
BFS_INBOX_COUNTER mode=Done vertices=65536 ghosts=65536 partitions=3 allocation_calls=51 allocated_bytes=3567 peak_admitted_bytes=7400
BFS_INBOX_COUNTER mode=Push vertices=65536 ghosts=65536 partitions=3 allocation_calls=54 allocated_bytes=1052143 peak_admitted_bytes=1055976
test topology_has_no_candidate_buffers ... ok
test done_inboxes_are_independent_of_vertices_and_retained_ghosts ... ok
BFS_INBOX_COUNTER mode=Pull vertices=1024 ghosts=1024 partitions=3 allocation_calls=57 allocated_bytes=20975 peak_admitted_bytes=24808
BFS_INBOX_COUNTER mode=Pull vertices=65536 ghosts=1024 partitions=3 allocation_calls=57 allocated_bytes=1053167 peak_admitted_bytes=1057000
BFS_INBOX_COUNTER mode=Pull vertices=65536 ghosts=65536 partitions=3 allocation_calls=57 allocated_bytes=1117679 peak_admitted_bytes=1121512
test push_omits_ghost_storage_and_pull_keeps_required_buffers ... ok

test result: ok. 5 passed; 0 failed; 0 ignored; 0 measured; 0 filtered out; finished in 0.09s

     Running tests/bfs_protocol.rs (/private/tmp/sail-rank-wcc-lifetime-target/core/release/deps/bfs_protocol-dafe785dcd494b0d)

running 7 tests
test borrowed_rows_and_scalar_completions_preserve_exact_barriers_without_row_allocations ... ok
test bad_options_source_owner_input_and_phase_overflow_are_rejected ... ok
test membership_requires_complete_ordered_unique_frontier_before_real_pull ... ok
test statistics_reject_replay_foreign_scope_missing_eof_options_and_origin_drift ... ok
test missing_late_or_false_completion_never_commits_labels_or_incoming_csr ... ok
test topology_stream_rejects_sequence_mode_owner_origin_and_unknown_target ... ok
test typed_bfs_cap_requires_completed_topology_and_complete_global_frontier ... ok

test result: ok. 7 passed; 0 failed; 0 ignored; 0 measured; 0 filtered out; finished in 0.00s

     Running tests/bfs_resources.rs (/private/tmp/sail-rank-wcc-lifetime-target/core/release/deps/bfs_resources-1f24f22e90570128)

running 6 tests
test cancellation_and_work_exhaustion_block_before_publication_and_done_is_idle ... ok
test poisoned_emission_cannot_resume_after_message_admission_failure ... ok
test retained_message_statistics_and_result_snapshot_keep_shared_pool_lease ... ok
test quota_failures_preserve_committed_labels_and_all_leases_release ... ok
test shared_quota_and_incremental_incoming_admission_are_real ... ok
test bounded_one_message_channel_completes_topology_and_pull_without_owner_lock ... ok

test result: ok. 6 passed; 0 failed; 0 ignored; 0 measured; 0 filtered out; finished in 0.00s

     Running tests/delta.rs (/private/tmp/sail-rank-wcc-lifetime-target/core/release/deps/delta-856f624557f2fb09)

running 4 tests
test cap_forces_a_fresh_certificate_and_never_publishes_uncertified_rows ... ok
test stationary_zero_push_and_done_relays_keep_certified_state_and_counters ... ok
test signed_residual_and_dangling_pushes_match_dense_transitions_at_every_phase ... ok
test banda_reactivation_fixture_and_settling_components_avoid_inactive_edges ... ok

test result: ok. 4 passed; 0 failed; 0 ignored; 0 measured; 0 filtered out; finished in 0.12s

     Running tests/delta_protocol.rs (/private/tmp/sail-rank-wcc-lifetime-target/core/release/deps/delta_protocol-26a79275c18db598)

running 9 tests
test dropping_output_cancels_pending_work_and_live_updates_retain_admission ... ok
test borrowed_statistics_and_phase_readiness_use_the_same_state_machine ... ok
test incremental_admission_failure_preserves_old_state_and_releases_every_buffer ... ok
test options_phase_budget_and_shared_work_limit_are_enforced ... ok
test partitions_share_one_budget_and_statistics_keep_the_host_lease ... ok
test typed_cap_evidence_requires_a_fresh_complete_failed_certificate ... ok
test statistics_barrier_rejects_replay_drift_missing_and_wrong_cardinality ... ok
test invalid_or_truncated_updates_do_not_publish_candidate_scores ... ok
test owned_emission_can_cross_backpressure_without_an_owner_lock ... ok

test result: ok. 9 passed; 0 failed; 0 ignored; 0 measured; 0 filtered out; finished in 0.00s

     Running tests/initialization.rs (/private/tmp/sail-rank-wcc-lifetime-target/core/release/deps/initialization-4393d40a52970b1e)

running 5 tests
INPUT_LIFETIME_COUNTER n=1024 degree=0 weighted=false release=false allocation_calls=17 allocated_bytes=66552 peak_requested_bytes=66472 retained_admitted_bytes=62512 peak_admitted_bytes=70704 work=2048
INPUT_LIFETIME_COUNTER n=1024 degree=0 weighted=false release=true allocation_calls=17 allocated_bytes=66552 peak_requested_bytes=58280 retained_admitted_bytes=62512 peak_admitted_bytes=69640 work=2048
test abandoned_or_cancelled_preparation_releases_all_storage_and_leases ... ok
test input_charge_is_released_before_finish_admission ... ok
test prepare_preserves_validation_errors_and_cancellation ... ok
INPUT_LIFETIME_COUNTER n=1024 degree=0 weighted=true release=false allocation_calls=17 allocated_bytes=66586 peak_requested_bytes=66480 retained_admitted_bytes=62536 peak_admitted_bytes=70728 work=13312
INPUT_LIFETIME_COUNTER n=1024 degree=0 weighted=true release=true allocation_calls=17 allocated_bytes=66586 peak_requested_bytes=58288 retained_admitted_bytes=62536 peak_admitted_bytes=69640 work=13312
INPUT_LIFETIME_COUNTER n=1024 degree=1 weighted=false release=false allocation_calls=19 allocated_bytes=91128 peak_requested_bytes=91048 retained_admitted_bytes=70704 peak_admitted_bytes=102408 work=4096
INPUT_LIFETIME_COUNTER n=1024 degree=1 weighted=false release=true allocation_calls=19 allocated_bytes=91128 peak_requested_bytes=66472 retained_admitted_bytes=70704 peak_admitted_bytes=102408 work=4096
INPUT_LIFETIME_COUNTER n=1024 degree=1 weighted=true release=false allocation_calls=19 allocated_bytes=107546 peak_requested_bytes=107440 retained_admitted_bytes=78920 peak_admitted_bytes=118792 work=15360
test last_preparation_owner_releases_csr_before_host_lease_on_abort_or_failure ... ok
INPUT_LIFETIME_COUNTER n=1024 degree=1 weighted=true release=true allocation_calls=19 allocated_bytes=107546 peak_requested_bytes=74672 retained_admitted_bytes=78920 peak_admitted_bytes=118792 work=15360
INPUT_LIFETIME_COUNTER n=1024 degree=8 weighted=false release=false allocation_calls=19 allocated_bytes=263160 peak_requested_bytes=263080 retained_admitted_bytes=128048 peak_admitted_bytes=331784 work=18432
INPUT_LIFETIME_COUNTER n=1024 degree=8 weighted=false release=true allocation_calls=19 allocated_bytes=263160 peak_requested_bytes=221440 retained_admitted_bytes=128048 peak_admitted_bytes=331784 work=18432
INPUT_LIFETIME_COUNTER n=1024 degree=8 weighted=true release=false allocation_calls=19 allocated_bytes=394266 peak_requested_bytes=394160 retained_admitted_bytes=193608 peak_admitted_bytes=462856 work=29696
INPUT_LIFETIME_COUNTER n=1024 degree=8 weighted=true release=true allocation_calls=19 allocated_bytes=394266 peak_requested_bytes=352440 retained_admitted_bytes=193608 peak_admitted_bytes=462856 work=29696
INPUT_LIFETIME_COUNTER n=65536 degree=0 weighted=false release=false allocation_calls=17 allocated_bytes=4195320 peak_requested_bytes=4195240 retained_admitted_bytes=3675184 peak_admitted_bytes=4199472 work=131072
INPUT_LIFETIME_COUNTER n=65536 degree=0 weighted=false release=true allocation_calls=17 allocated_bytes=4195320 peak_requested_bytes=3670952 retained_admitted_bytes=3675184 peak_admitted_bytes=4198408 work=131072
INPUT_LIFETIME_COUNTER n=65536 degree=0 weighted=true release=false allocation_calls=17 allocated_bytes=4195354 peak_requested_bytes=4195248 retained_admitted_bytes=3675208 peak_admitted_bytes=4199496 work=1245184
INPUT_LIFETIME_COUNTER n=65536 degree=0 weighted=true release=true allocation_calls=17 allocated_bytes=4195354 peak_requested_bytes=3670960 retained_admitted_bytes=3675208 peak_admitted_bytes=4198408 work=1245184
INPUT_LIFETIME_COUNTER n=65536 degree=1 weighted=false release=false allocation_calls=19 allocated_bytes=5768184 peak_requested_bytes=5768104 retained_admitted_bytes=4199472 peak_admitted_bytes=6295560 work=262144
INPUT_LIFETIME_COUNTER n=65536 degree=1 weighted=false release=true allocation_calls=19 allocated_bytes=5768184 peak_requested_bytes=4195240 retained_admitted_bytes=4199472 peak_admitted_bytes=6295560 work=262144
INPUT_LIFETIME_COUNTER n=65536 degree=1 weighted=true release=false allocation_calls=19 allocated_bytes=6816794 peak_requested_bytes=6816688 retained_admitted_bytes=4723784 peak_admitted_bytes=7344136 work=1376256
INPUT_LIFETIME_COUNTER n=65536 degree=1 weighted=true release=true allocation_calls=19 allocated_bytes=6816794 peak_requested_bytes=4719536 retained_admitted_bytes=4723784 peak_admitted_bytes=7344136 work=1376256
INPUT_LIFETIME_COUNTER n=65536 degree=8 weighted=false release=false allocation_calls=19 allocated_bytes=16778232 peak_requested_bytes=16778152 retained_admitted_bytes=7869488 peak_admitted_bytes=20975624 work=1179648
INPUT_LIFETIME_COUNTER n=65536 degree=8 weighted=false release=true allocation_calls=19 allocated_bytes=16778232 peak_requested_bytes=14156032 retained_admitted_bytes=7869488 peak_admitted_bytes=20975624 work=1179648
INPUT_LIFETIME_COUNTER n=65536 degree=8 weighted=true release=false allocation_calls=19 allocated_bytes=25166874 peak_requested_bytes=25166768 retained_admitted_bytes=12063816 peak_admitted_bytes=29364232 work=2293760
INPUT_LIFETIME_COUNTER n=65536 degree=8 weighted=true release=true allocation_calls=19 allocated_bytes=25166874 peak_requested_bytes=22544568 retained_admitted_bytes=12063816 peak_admitted_bytes=29364232 work=2293760
test releasing_raw_input_reduces_heap_overlap_without_changing_work ... ok

test result: ok. 5 passed; 0 failed; 0 ignored; 0 measured; 0 filtered out; finished in 0.04s

     Running tests/initialization_bfs.rs (/private/tmp/sail-rank-wcc-lifetime-target/core/release/deps/initialization_bfs-4281720d92b14842)

running 1 test
test prepared_bfs_matches_owned_input_oracle_and_protocol_trace ... ok

test result: ok. 1 passed; 0 failed; 0 ignored; 0 measured; 0 filtered out; finished in 0.01s

     Running tests/pagerank.rs (/private/tmp/sail-rank-wcc-lifetime-target/core/release/deps/pagerank-6516c38d29361427)

running 8 tests
test cancellation_during_emission_and_stale_rounds_leave_previous_rank_state ... ok
test output_lease_survives_partition_drop_and_releases_only_at_final_owner ... ok
test queued_updates_keep_the_memory_lease_after_emission_and_partition_drop ... ok
test quota_failure_cancellation_and_broken_output_do_not_commit_a_round ... ok
test abandoning_an_owned_emission_cancels_and_releases_its_snapshot ... ok
test incomplete_or_replayed_messages_never_publish_new_ranks ... ok
test owned_emission_drains_a_one_message_channel_without_holding_the_partition_lock ... ok
test twenty_rounds_retain_adjacency_and_match_an_independent_dense_reference ... ok

test result: ok. 8 passed; 0 failed; 0 ignored; 0 measured; 0 filtered out; finished in 0.00s

     Running tests/rank_wcc_initialization.rs (/private/tmp/sail-rank-wcc-lifetime-target/core/release/deps/rank_wcc_initialization-f73b80363039c36d)

running 3 tests
RANK_WCC_INPUT_LIFETIME n=1 degree=0 kind=PageRank release=false allocation_calls=10 allocated_bytes=368 peak_requested_bytes=288 retained_admitted_bytes=4256 peak_admitted_bytes=4264 work=2
RANK_WCC_INPUT_LIFETIME n=1 degree=0 kind=PageRank release=true allocation_calls=10 allocated_bytes=368 peak_requested_bytes=280 retained_admitted_bytes=4256 peak_admitted_bytes=4256 work=2
RANK_WCC_INPUT_LIFETIME n=1 degree=0 kind=Reference release=false allocation_calls=15 allocated_bytes=888 peak_requested_bytes=808 retained_admitted_bytes=5096 peak_admitted_bytes=5104 work=2
RANK_WCC_INPUT_LIFETIME n=1 degree=0 kind=Reference release=true allocation_calls=15 allocated_bytes=888 peak_requested_bytes=800 retained_admitted_bytes=5096 peak_admitted_bytes=5096 work=2
RANK_WCC_INPUT_LIFETIME n=1 degree=0 kind=Star release=false allocation_calls=15 allocated_bytes=888 peak_requested_bytes=808 retained_admitted_bytes=5096 peak_admitted_bytes=5104 work=2
RANK_WCC_INPUT_LIFETIME n=1 degree=0 kind=Star release=true allocation_calls=15 allocated_bytes=888 peak_requested_bytes=800 retained_admitted_bytes=5096 peak_admitted_bytes=5096 work=2
test prepare_preserves_input_validation_and_cancellation_errors ... ok
test release_creates_finish_headroom_while_the_blocker_remains_live ... ok
RANK_WCC_INPUT_LIFETIME n=1 degree=1 kind=PageRank release=false allocation_calls=12 allocated_bytes=392 peak_requested_bytes=312 retained_admitted_bytes=4264 peak_admitted_bytes=4288 work=4
RANK_WCC_INPUT_LIFETIME n=1 degree=1 kind=PageRank release=true allocation_calls=12 allocated_bytes=392 peak_requested_bytes=304 retained_admitted_bytes=4264 peak_admitted_bytes=4264 work=4
RANK_WCC_INPUT_LIFETIME n=1 degree=1 kind=Reference release=false allocation_calls=17 allocated_bytes=912 peak_requested_bytes=832 retained_admitted_bytes=5104 peak_admitted_bytes=5128 work=4
RANK_WCC_INPUT_LIFETIME n=1 degree=1 kind=Reference release=true allocation_calls=17 allocated_bytes=912 peak_requested_bytes=808 retained_admitted_bytes=5104 peak_admitted_bytes=5104 work=4
RANK_WCC_INPUT_LIFETIME n=1 degree=1 kind=Star release=false allocation_calls=17 allocated_bytes=912 peak_requested_bytes=832 retained_admitted_bytes=5104 peak_admitted_bytes=5128 work=4
RANK_WCC_INPUT_LIFETIME n=1 degree=1 kind=Star release=true allocation_calls=17 allocated_bytes=912 peak_requested_bytes=808 retained_admitted_bytes=5104 peak_admitted_bytes=5104 work=4
RANK_WCC_INPUT_LIFETIME n=1 degree=8 kind=PageRank release=false allocation_calls=12 allocated_bytes=560 peak_requested_bytes=480 retained_admitted_bytes=4320 peak_admitted_bytes=4456 work=18
RANK_WCC_INPUT_LIFETIME n=1 degree=8 kind=PageRank release=true allocation_calls=12 allocated_bytes=560 peak_requested_bytes=472 retained_admitted_bytes=4320 peak_admitted_bytes=4424 work=18
RANK_WCC_INPUT_LIFETIME n=1 degree=8 kind=Reference release=false allocation_calls=17 allocated_bytes=1080 peak_requested_bytes=1000 retained_admitted_bytes=5160 peak_admitted_bytes=5296 work=18
RANK_WCC_INPUT_LIFETIME n=1 degree=8 kind=Reference release=true allocation_calls=17 allocated_bytes=1080 peak_requested_bytes=864 retained_admitted_bytes=5160 peak_admitted_bytes=5160 work=18
RANK_WCC_INPUT_LIFETIME n=1 degree=8 kind=Star release=false allocation_calls=17 allocated_bytes=1080 peak_requested_bytes=1000 retained_admitted_bytes=5160 peak_admitted_bytes=5296 work=18
RANK_WCC_INPUT_LIFETIME n=1 degree=8 kind=Star release=true allocation_calls=17 allocated_bytes=1080 peak_requested_bytes=864 retained_admitted_bytes=5160 peak_admitted_bytes=5160 work=18
RANK_WCC_INPUT_LIFETIME n=1024 degree=0 kind=PageRank release=false allocation_calls=10 allocated_bytes=33104 peak_requested_bytes=33024 retained_admitted_bytes=28808 peak_admitted_bytes=69640 work=2048
RANK_WCC_INPUT_LIFETIME n=1024 degree=0 kind=PageRank release=true allocation_calls=10 allocated_bytes=33104 peak_requested_bytes=24832 retained_admitted_bytes=28808 peak_admitted_bytes=69640 work=2048
RANK_WCC_INPUT_LIFETIME n=1024 degree=0 kind=Reference release=false allocation_calls=15 allocated_bytes=33624 peak_requested_bytes=33544 retained_admitted_bytes=29648 peak_admitted_bytes=69640 work=2048
RANK_WCC_INPUT_LIFETIME n=1024 degree=0 kind=Reference release=true allocation_calls=15 allocated_bytes=33624 peak_requested_bytes=25352 retained_admitted_bytes=29648 peak_admitted_bytes=69640 work=2048
RANK_WCC_INPUT_LIFETIME n=1024 degree=0 kind=Star release=false allocation_calls=15 allocated_bytes=33624 peak_requested_bytes=33544 retained_admitted_bytes=29648 peak_admitted_bytes=69640 work=2048
RANK_WCC_INPUT_LIFETIME n=1024 degree=0 kind=Star release=true allocation_calls=15 allocated_bytes=33624 peak_requested_bytes=25352 retained_admitted_bytes=29648 peak_admitted_bytes=69640 work=2048
RANK_WCC_INPUT_LIFETIME n=1024 degree=1 kind=PageRank release=false allocation_calls=12 allocated_bytes=57680 peak_requested_bytes=57600 retained_admitted_bytes=37000 peak_admitted_bytes=102408 work=4096
RANK_WCC_INPUT_LIFETIME n=1024 degree=1 kind=PageRank release=true allocation_calls=12 allocated_bytes=57680 peak_requested_bytes=49408 retained_admitted_bytes=37000 peak_admitted_bytes=102408 work=4096
RANK_WCC_INPUT_LIFETIME n=1024 degree=1 kind=Reference release=false allocation_calls=17 allocated_bytes=58200 peak_requested_bytes=58120 retained_admitted_bytes=37840 peak_admitted_bytes=102408 work=4096
RANK_WCC_INPUT_LIFETIME n=1024 degree=1 kind=Reference release=true allocation_calls=17 allocated_bytes=58200 peak_requested_bytes=49408 retained_admitted_bytes=37840 peak_admitted_bytes=102408 work=4096
RANK_WCC_INPUT_LIFETIME n=1024 degree=1 kind=Star release=false allocation_calls=17 allocated_bytes=58200 peak_requested_bytes=58120 retained_admitted_bytes=37840 peak_admitted_bytes=102408 work=4096
RANK_WCC_INPUT_LIFETIME n=1024 degree=1 kind=Star release=true allocation_calls=17 allocated_bytes=58200 peak_requested_bytes=49408 retained_admitted_bytes=37840 peak_admitted_bytes=102408 work=4096
RANK_WCC_INPUT_LIFETIME n=1024 degree=8 kind=PageRank release=false allocation_calls=12 allocated_bytes=229712 peak_requested_bytes=229632 retained_admitted_bytes=94344 peak_admitted_bytes=331784 work=18432
RANK_WCC_INPUT_LIFETIME n=1024 degree=8 kind=PageRank release=true allocation_calls=12 allocated_bytes=229712 peak_requested_bytes=221440 retained_admitted_bytes=94344 peak_admitted_bytes=331784 work=18432
RANK_WCC_INPUT_LIFETIME n=1024 degree=8 kind=Reference release=false allocation_calls=17 allocated_bytes=230232 peak_requested_bytes=230152 retained_admitted_bytes=95184 peak_admitted_bytes=331784 work=18432
RANK_WCC_INPUT_LIFETIME n=1024 degree=8 kind=Reference release=true allocation_calls=17 allocated_bytes=230232 peak_requested_bytes=221440 retained_admitted_bytes=95184 peak_admitted_bytes=331784 work=18432
RANK_WCC_INPUT_LIFETIME n=1024 degree=8 kind=Star release=false allocation_calls=17 allocated_bytes=230232 peak_requested_bytes=230152 retained_admitted_bytes=95184 peak_admitted_bytes=331784 work=18432
RANK_WCC_INPUT_LIFETIME n=1024 degree=8 kind=Star release=true allocation_calls=17 allocated_bytes=230232 peak_requested_bytes=221440 retained_admitted_bytes=95184 peak_admitted_bytes=331784 work=18432
RANK_WCC_INPUT_LIFETIME n=65536 degree=0 kind=PageRank release=false allocation_calls=10 allocated_bytes=2097488 peak_requested_bytes=2097408 retained_admitted_bytes=1577096 peak_admitted_bytes=4198408 work=131072
RANK_WCC_INPUT_LIFETIME n=65536 degree=0 kind=PageRank release=true allocation_calls=10 allocated_bytes=2097488 peak_requested_bytes=1573120 retained_admitted_bytes=1577096 peak_admitted_bytes=4198408 work=131072
RANK_WCC_INPUT_LIFETIME n=65536 degree=0 kind=Reference release=false allocation_calls=15 allocated_bytes=2098008 peak_requested_bytes=2097928 retained_admitted_bytes=1577936 peak_admitted_bytes=4198408 work=131072
RANK_WCC_INPUT_LIFETIME n=65536 degree=0 kind=Reference release=true allocation_calls=15 allocated_bytes=2098008 peak_requested_bytes=1573640 retained_admitted_bytes=1577936 peak_admitted_bytes=4198408 work=131072
RANK_WCC_INPUT_LIFETIME n=65536 degree=0 kind=Star release=false allocation_calls=15 allocated_bytes=2098008 peak_requested_bytes=2097928 retained_admitted_bytes=1577936 peak_admitted_bytes=4198408 work=131072
RANK_WCC_INPUT_LIFETIME n=65536 degree=0 kind=Star release=true allocation_calls=15 allocated_bytes=2098008 peak_requested_bytes=1573640 retained_admitted_bytes=1577936 peak_admitted_bytes=4198408 work=131072
RANK_WCC_INPUT_LIFETIME n=65536 degree=1 kind=PageRank release=false allocation_calls=12 allocated_bytes=3670352 peak_requested_bytes=3670272 retained_admitted_bytes=2101384 peak_admitted_bytes=6295560 work=262144
RANK_WCC_INPUT_LIFETIME n=65536 degree=1 kind=PageRank release=true allocation_calls=12 allocated_bytes=3670352 peak_requested_bytes=3145984 retained_admitted_bytes=2101384 peak_admitted_bytes=6295560 work=262144
RANK_WCC_INPUT_LIFETIME n=65536 degree=1 kind=Reference release=false allocation_calls=17 allocated_bytes=3670872 peak_requested_bytes=3670792 retained_admitted_bytes=2102224 peak_admitted_bytes=6295560 work=262144
RANK_WCC_INPUT_LIFETIME n=65536 degree=1 kind=Reference release=true allocation_calls=17 allocated_bytes=3670872 peak_requested_bytes=3145984 retained_admitted_bytes=2102224 peak_admitted_bytes=6295560 work=262144
RANK_WCC_INPUT_LIFETIME n=65536 degree=1 kind=Star release=false allocation_calls=17 allocated_bytes=3670872 peak_requested_bytes=3670792 retained_admitted_bytes=2102224 peak_admitted_bytes=6295560 work=262144
RANK_WCC_INPUT_LIFETIME n=65536 degree=1 kind=Star release=true allocation_calls=17 allocated_bytes=3670872 peak_requested_bytes=3145984 retained_admitted_bytes=2102224 peak_admitted_bytes=6295560 work=262144
RANK_WCC_INPUT_LIFETIME n=65536 degree=8 kind=PageRank release=false allocation_calls=12 allocated_bytes=14680400 peak_requested_bytes=14680320 retained_admitted_bytes=5771400 peak_admitted_bytes=20975624 work=1179648
RANK_WCC_INPUT_LIFETIME n=65536 degree=8 kind=PageRank release=true allocation_calls=12 allocated_bytes=14680400 peak_requested_bytes=14156032 retained_admitted_bytes=5771400 peak_admitted_bytes=20975624 work=1179648
RANK_WCC_INPUT_LIFETIME n=65536 degree=8 kind=Reference release=false allocation_calls=17 allocated_bytes=14680920 peak_requested_bytes=14680840 retained_admitted_bytes=5772240 peak_admitted_bytes=20975624 work=1179648
RANK_WCC_INPUT_LIFETIME n=65536 degree=8 kind=Reference release=true allocation_calls=17 allocated_bytes=14680920 peak_requested_bytes=14156032 retained_admitted_bytes=5772240 peak_admitted_bytes=20975624 work=1179648
RANK_WCC_INPUT_LIFETIME n=65536 degree=8 kind=Star release=false allocation_calls=17 allocated_bytes=14680920 peak_requested_bytes=14680840 retained_admitted_bytes=5772240 peak_admitted_bytes=20975624 work=1179648
RANK_WCC_INPUT_LIFETIME n=65536 degree=8 kind=Star release=true allocation_calls=17 allocated_bytes=14680920 peak_requested_bytes=14156032 retained_admitted_bytes=5772240 peak_admitted_bytes=20975624 work=1179648
test release_reduces_heap_overlap_without_changing_allocation_volume_or_work ... ok

test result: ok. 3 passed; 0 failed; 0 ignored; 0 measured; 0 filtered out; finished in 0.05s

     Running tests/rank_wcc_initialization_protocol.rs (/private/tmp/sail-rank-wcc-lifetime-target/core/release/deps/rank_wcc_initialization_protocol-7e5bd81bee949b35)

running 2 tests
test prepared_wcc_preserves_both_protocol_traces_and_independent_components ... ok
test prepared_pagerank_preserves_float_bits_message_order_and_empty_owners ... ok

test result: ok. 2 passed; 0 failed; 0 ignored; 0 measured; 0 filtered out; finished in 0.00s

     Running tests/rank_wcc_lease.rs (/private/tmp/sail-rank-wcc-lifetime-target/core/release/deps/rank_wcc_lease-b75b6550e8618266)

running 4 tests
WCC_SUCCESSFUL_DROP algorithm=Reference bytes_at_lease_release=0 final_live_bytes=0
WCC_SUCCESSFUL_DROP algorithm=StarContraction bytes_at_lease_release=0 final_live_bytes=0
test prepared_sole_owner_abandon_cancel_failure_and_success_drop_in_order ... ok
test successful_pagerank_sole_owner_releases_storage_before_host_lease ... ok
test successful_wcc_reference_sole_owner_releases_storage_before_host_lease ... ok
test successful_wcc_star_sole_owner_releases_storage_before_host_lease ... ok

test result: ok. 4 passed; 0 failed; 0 ignored; 0 measured; 0 filtered out; finished in 0.00s

     Running tests/scheduler_probe.rs (/private/tmp/sail-rank-wcc-lifetime-target/core/release/deps/scheduler_probe-95d129ced50d6c0b)

running 13 tests
test original_task_assigner::core::tests::assignments_prefer_workers_with_more_free_slots ... ok
test original_task_assigner::core::tests::assignments_spread_across_workers_with_excess_capacity ... ok
test original_task_assigner::core::tests::capacity_check_allows_unlimited_workers_and_large_limits ... ok
SCALAR_STAGE_COUNTEREXAMPLE partition=0 before=0 after=1
test original_task_assigner::core::tests::capacity_check_counts_worker_sets_only ... ok
AFFINITY_COUNTEREXAMPLE initial=2 next=1
test original_task_assigner::core::tests::initial_workers_respect_the_worker_limit ... ok
test original_task_assigner::core::tests::regions_wait_for_capacity_without_partial_assignment ... ok
test original_task_assigner::core::tests::worker_demand_accounts_for_vacant_slots ... ok
test original_task_assigner::core::tests::worker_demand_respects_active_worker_limit ... ok
test retained_native_adjacency_has_no_existing_idle_worker_pin ... ok
test stage_group::equal_width_stages_share_partition_owners_within_one_region ... ok
test original_task_assigner::core::tests::impossible_regions_are_rejected_even_behind_waiting_regions ... ok
test stage_group::scalar_stage_can_shift_ownership_even_inside_one_region ... ok
test subsequent_query_can_move_the_same_partition_to_another_worker ... ok

test result: ok. 13 passed; 0 failed; 0 ignored; 0 measured; 0 filtered out; finished in 0.00s

     Running tests/sssp.rs (/private/tmp/sail-rank-wcc-lifetime-target/core/release/deps/sssp-b5d8d2dd7f9dd846)

running 17 tests
test cap_has_complete_topology_and_no_partial_result ... ok
SSSP_DONE_COUNTERS algorithm=Reference vertices=16 partitions=1 relays=4 work_units=8 peak_admitted_bytes=2728
test protocol::contribution_sequence_origin_mode_bucket_and_eof_are_enforced ... ok
test delta_star_reactivates_an_already_expanded_vertex_inside_one_bucket ... ok
test dropping_incomplete_cursor_cancels_shared_domain_and_releases_snapshots ... ok
test protocol::incomplete_and_replayed_statistics_poison_the_partition ... ok
test done::done_publication_still_requires_local_eof_admission_and_cancellation_checks ... ok
test protocol::overflow_and_successor_admission_fail_without_partial_publication ... ok
test protocol::truncated_producer_and_late_message_cannot_publish_state ... ok
test retained_certified_rows_hold_storage_and_host_lease_until_final_drop ... ok
test unknown_unreachable_destination_and_missing_source_fail_topology_or_statistics ... ok
test done::done_statistics_still_obey_the_shared_work_limit ... ok
test done::done_relays_reject_missing_replayed_foreign_and_nonempty_producers ... ok
test both_methods_match_independent_dijkstra_across_owners_and_bucket_widths ... ok
test initialization::prepared_sssp_preserves_exact_labels_and_protocol_trace ... ok
SSSP_DONE_COUNTERS algorithm=Reference vertices=65536 partitions=1 relays=4 work_units=8 peak_admitted_bytes=2728
SSSP_DONE_COUNTERS algorithm=Reference vertices=65536 partitions=1 relays=4 work_units=8 peak_admitted_bytes=2728
SSSP_DONE_COUNTERS algorithm=Reference vertices=16 partitions=3 relays=4 work_units=72 peak_admitted_bytes=8120
SSSP_DONE_COUNTERS algorithm=Reference vertices=65536 partitions=3 relays=4 work_units=72 peak_admitted_bytes=8120
SSSP_DONE_COUNTERS algorithm=Reference vertices=65536 partitions=3 relays=4 work_units=72 peak_admitted_bytes=8120
SSSP_DONE_COUNTERS algorithm=Reference vertices=16 partitions=8 relays=4 work_units=512 peak_admitted_bytes=22720
SSSP_DONE_COUNTERS algorithm=Reference vertices=65536 partitions=8 relays=4 work_units=512 peak_admitted_bytes=22720
SSSP_DONE_COUNTERS algorithm=Reference vertices=65536 partitions=8 relays=4 work_units=512 peak_admitted_bytes=22720
SSSP_DONE_COUNTERS algorithm=Reference vertices=16 partitions=32 relays=4 work_units=8192 peak_admitted_bytes=115072
SSSP_DONE_COUNTERS algorithm=Reference vertices=65536 partitions=32 relays=4 work_units=8192 peak_admitted_bytes=115072
SSSP_DONE_COUNTERS algorithm=DeltaStar vertices=65536 partitions=1 relays=4 work_units=8 peak_admitted_bytes=2728
SSSP_DONE_COUNTERS algorithm=Reference vertices=65536 partitions=32 relays=4 work_units=8192 peak_admitted_bytes=115072
SSSP_DONE_COUNTERS algorithm=DeltaStar vertices=65536 partitions=3 relays=4 work_units=72 peak_admitted_bytes=8120
SSSP_DONE_COUNTERS algorithm=DeltaStar vertices=16 partitions=1 relays=4 work_units=8 peak_admitted_bytes=2728
SSSP_DONE_COUNTERS algorithm=DeltaStar vertices=65536 partitions=1 relays=4 work_units=8 peak_admitted_bytes=2728
SSSP_DONE_COUNTERS algorithm=DeltaStar vertices=65536 partitions=8 relays=4 work_units=512 peak_admitted_bytes=22720
SSSP_DONE_COUNTERS algorithm=DeltaStar vertices=16 partitions=3 relays=4 work_units=72 peak_admitted_bytes=8120
SSSP_DONE_COUNTERS algorithm=DeltaStar vertices=65536 partitions=3 relays=4 work_units=72 peak_admitted_bytes=8120
SSSP_DONE_COUNTERS algorithm=DeltaStar vertices=16 partitions=8 relays=4 work_units=512 peak_admitted_bytes=22720
SSSP_DONE_COUNTERS algorithm=DeltaStar vertices=65536 partitions=8 relays=4 work_units=512 peak_admitted_bytes=22720
SSSP_DONE_COUNTERS algorithm=DeltaStar vertices=65536 partitions=32 relays=4 work_units=8192 peak_admitted_bytes=115072
SSSP_DONE_COUNTERS algorithm=DeltaStar vertices=16 partitions=32 relays=4 work_units=8192 peak_admitted_bytes=115072
test done::done_relays_fit_partition_sized_headroom_with_exact_results ... ok
SSSP_DONE_COUNTERS algorithm=DeltaStar vertices=65536 partitions=32 relays=4 work_units=8192 peak_admitted_bytes=115072
test done::done_relay_cost_is_independent_of_vertex_count ... ok
test varied_weighted_graphs_match_oracle_with_skew_and_empty_owners ... ok

test result: ok. 17 passed; 0 failed; 0 ignored; 0 measured; 0 filtered out; finished in 0.62s

     Running tests/sssp_primitives.rs (/private/tmp/sail-rank-wcc-lifetime-target/core/release/deps/sssp_primitives-b0f934a12e8b2ba5)

running 5 tests
test candidate_and_bucket_overflow_are_errors_without_saturation ... ok
test path_order_prioritizes_distance_hops_then_signed_parent ... ok
test rejected_weights_sources_and_owners_release_all_build_admission ... ok
test weighted_build_respects_quota_and_preexisting_cancellation ... ok
test weighted_csr_retains_exact_arc_weight_pairs_duplicates_and_signed_ids ... ok

test result: ok. 5 passed; 0 failed; 0 ignored; 0 measured; 0 filtered out; finished in 0.00s

     Running tests/wcc.rs (/private/tmp/sail-rank-wcc-lifetime-target/core/release/deps/wcc-746094078de3658f)

running 8 tests
test no_hook_round_is_counted_and_does_not_claim_convergence ... ok
test reference_cap_needs_zero_change_round ... ok
test representative_is_not_the_final_minimum_label ... ok
test zero_reference_cap_reports_unattempted_certificate_without_fabricated_count ... ok
test phase_bounds_and_zero_edge_certification ... ok
test fixed_coin_bits_and_star_snapshots_ignore_partition_and_input_order ... ok
test chains_stars_cycles_and_disconnected_components_match_union_find ... ok
test exact_signed_labels_across_owner_counts_seeds_duplicates_loops_and_isolates ... ok

test result: ok. 8 passed; 0 failed; 0 ignored; 0 measured; 0 filtered out; finished in 0.02s

     Running tests/wcc_inbox.rs (/private/tmp/sail-rank-wcc-lifetime-target/core/release/deps/wcc_inbox-681c4d00878406be)

running 5 tests
WCC_INBOX_COUNTER algorithm=Reference mode=Done vertices=1 arcs=0 partitions=3 allocation_calls=48 allocated_bytes=3087 peak_admitted_bytes=7952
WCC_INBOX_COUNTER algorithm=Reference mode=Reference vertices=1024 arcs=3 partitions=3 allocation_calls=51 allocated_bytes=19471 peak_admitted_bytes=24336
WCC_INBOX_COUNTER algorithm=Reference mode=Done vertices=1024 arcs=3 partitions=3 allocation_calls=48 allocated_bytes=3087 peak_admitted_bytes=7952
WCC_INBOX_COUNTER algorithm=Reference mode=Done vertices=65536 arcs=3 partitions=3 allocation_calls=48 allocated_bytes=3087 peak_admitted_bytes=7952
WCC_INBOX_COUNTER algorithm=Reference mode=Reference vertices=65536 arcs=3 partitions=3 allocation_calls=51 allocated_bytes=1051663 peak_admitted_bytes=1056528
WCC_INBOX_COUNTER algorithm=Reference mode=Done vertices=65536 arcs=3 partitions=3 allocation_calls=48 allocated_bytes=3087 peak_admitted_bytes=7952
WCC_INBOX_COUNTER algorithm=Reference mode=Topology vertices=1 arcs=0 partitions=3 allocation_calls=48 allocated_bytes=3087 peak_admitted_bytes=7952
WCC_INBOX_COUNTER algorithm=Reference mode=Topology vertices=1024 arcs=3 partitions=3 allocation_calls=48 allocated_bytes=3087 peak_admitted_bytes=7952
WCC_INBOX_COUNTER algorithm=Reference mode=Topology vertices=65536 arcs=3 partitions=3 allocation_calls=48 allocated_bytes=3087 peak_admitted_bytes=7952
WCC_INBOX_COUNTER algorithm=StarContraction mode=Done vertices=1 arcs=0 partitions=3 allocation_calls=48 allocated_bytes=3087 peak_admitted_bytes=7952
WCC_INBOX_COUNTER algorithm=StarContraction mode=Done vertices=1024 arcs=3 partitions=3 allocation_calls=48 allocated_bytes=3087 peak_admitted_bytes=7952
test omitted_labels_still_reject_payloads_before_indexing ... ok
WCC_INBOX_COUNTER algorithm=StarContraction mode=Neighbors vertices=1024 arcs=3 partitions=3 allocation_calls=51 allocated_bytes=19471 peak_admitted_bytes=24336
WCC_INBOX_COUNTER algorithm=StarContraction mode=Neighbors vertices=65536 arcs=3 partitions=3 allocation_calls=51 allocated_bytes=1051663 peak_admitted_bytes=1056528
WCC_INBOX_COUNTER algorithm=StarContraction mode=Topology vertices=1 arcs=0 partitions=3 allocation_calls=48 allocated_bytes=3087 peak_admitted_bytes=7952
WCC_INBOX_COUNTER algorithm=StarContraction mode=Topology vertices=1024 arcs=3 partitions=3 allocation_calls=48 allocated_bytes=3087 peak_admitted_bytes=7952
WCC_INBOX_COUNTER algorithm=StarContraction mode=Topology vertices=65536 arcs=3 partitions=3 allocation_calls=48 allocated_bytes=3087 peak_admitted_bytes=7952
WCC_INBOX_COUNTER algorithm=StarContraction mode=Done vertices=65536 arcs=3 partitions=3 allocation_calls=48 allocated_bytes=3087 peak_admitted_bytes=7952
test done_inboxes_fit_protocol_sized_headroom ... ok
WCC_INBOX_COUNTER algorithm=StarContraction mode=HookRoute vertices=1024 arcs=3 partitions=3 allocation_calls=51 allocated_bytes=19471 peak_admitted_bytes=24336
WCC_INBOX_COUNTER algorithm=StarContraction mode=Done vertices=65536 arcs=3 partitions=3 allocation_calls=48 allocated_bytes=3087 peak_admitted_bytes=7952
WCC_INBOX_COUNTER algorithm=StarContraction mode=HookRoute vertices=65536 arcs=3 partitions=3 allocation_calls=51 allocated_bytes=1051663 peak_admitted_bytes=1056528
test done_inboxes_are_independent_of_vertices_and_retained_topology ... ok
test topology_has_no_label_storage ... ok
WCC_INBOX_COUNTER algorithm=StarContraction mode=HookReturn vertices=1024 arcs=3 partitions=3 allocation_calls=51 allocated_bytes=19471 peak_admitted_bytes=24336
WCC_INBOX_COUNTER algorithm=StarContraction mode=HookReturn vertices=65536 arcs=3 partitions=3 allocation_calls=51 allocated_bytes=1051663 peak_admitted_bytes=1056528
WCC_INBOX_COUNTER algorithm=StarContraction mode=NormalizeRoute vertices=1024 arcs=0 partitions=3 allocation_calls=51 allocated_bytes=19471 peak_admitted_bytes=24336
WCC_INBOX_COUNTER algorithm=StarContraction mode=NormalizeRoute vertices=65536 arcs=0 partitions=3 allocation_calls=51 allocated_bytes=1051663 peak_admitted_bytes=1056528
WCC_INBOX_COUNTER algorithm=StarContraction mode=NormalizeReturn vertices=1024 arcs=0 partitions=3 allocation_calls=51 allocated_bytes=19471 peak_admitted_bytes=24336
WCC_INBOX_COUNTER algorithm=StarContraction mode=NormalizeReturn vertices=65536 arcs=0 partitions=3 allocation_calls=51 allocated_bytes=1051663 peak_admitted_bytes=1056528
test all_active_modes_keep_required_label_buffers ... ok

test result: ok. 5 passed; 0 failed; 0 ignored; 0 measured; 0 filtered out; finished in 0.76s

     Running tests/wcc_protocol.rs (/private/tmp/sail-rank-wcc-lifetime-target/core/release/deps/wcc_protocol-b7c2371e1ea99fb1)

running 8 tests
test duplicate_or_misowned_vertices_and_global_cardinality_are_rejected ... ok
test duplicated_member_assignment_and_missing_member_block_commit ... ok
test duplicate_missing_foreign_option_and_late_statistics_poison_state ... ok
test false_global_zero_change_claim_does_not_override_full_edge_certificate ... ok
test early_result_incomplete_or_forged_completion_cannot_certify ... ok
test origin_and_dimensions_must_remain_pinned ... ok
test replay_misroute_wrong_mode_and_late_messages_are_rejected ... ok
test unknown_destination_in_disconnected_component_fails_topology ... ok

test result: ok. 8 passed; 0 failed; 0 ignored; 0 measured; 0 filtered out; finished in 0.00s

     Running tests/wcc_resources.rs (/private/tmp/sail-rank-wcc-lifetime-target/core/release/deps/wcc_resources-8fa6e6722002c1a2)

running 6 tests
test message_admission_failure_cannot_resume_cursor_and_skip_an_edge ... ok
test done_relays_have_no_graph_work_and_cancellation_blocks_publication ... ok
test quota_failure_during_start_receive_and_publish_preserves_committed_roots ... ok
test retained_statistics_result_and_message_keep_lease_until_last_owner ... ok
test bounded_one_message_channel_all_star_phases_release_owner_lock ... ok
test skewed_component_member_growth_is_admitted_before_replacement ... ok

test result: ok. 6 passed; 0 failed; 0 ignored; 0 measured; 0 filtered out; finished in 0.00s

   Doc-tests sail_argentea_core

running 0 tests

test result: ok. 0 passed; 0 failed; 0 ignored; 0 measured; 0 filtered out; finished in 0.00s

