I001 [*] Import block is un-sorted or un-formatted
 --> /Volumes/Apo/graph-tests/results/sem-review-20261001/F1-linux-v024-run02/gate_launcher.py:2:1
  |
1 |   """Durably wait the functional-gate controller and retain its actual exit code."""
2 | / from dataclasses import dataclass, asdict
3 | | from datetime import datetime, timezone
4 | | from pathlib import Path
5 | | import hashlib
6 | | import json
7 | | import os
8 | | import subprocess
  | |_________________^
help: Organize imports
  |
1 | """Durably wait the functional-gate controller and retain its actual exit code."""
  - from dataclasses import dataclass, asdict
  - from datetime import datetime, timezone
  - from pathlib import Path
2 | import hashlib
3 | import json
4 | import os
5 | import subprocess
6 + from dataclasses import asdict, dataclass
7 + from datetime import datetime, timezone
8 + from pathlib import Path
9 |
  |

Found 1 error.
[*] 1 fixable with the `--fix` option.
