[2026-09-30T17:04:41Z INFO sail_cli::spark::server] Starting the Spark Connect server on 127.0.0.1:52061...
[2026-09-30T17:04:41Z INFO sail_session::session_manager::actor::core] driver server is ready on port 35917
[2026-09-30T17:04:41Z INFO sail_session::session_manager::actor::handler] creating session 6c90ada2-fd09-4106-9640-0d1a8fe78765
OpenBLAS WARNING - could not determine the L2 cache size on this system, assuming 256k
OpenBLAS WARNING - could not determine the L2 cache size on this system, assuming 256k
[2026-09-30T17:04:42Z INFO sail_session::extensions] bound native extension nutmeg@0.1.0:e5f0332e07d6164d20eec48da4e1d859913eb006481d8b98b1d409afeb3bb50f to session incarnation dfaad75d-f8c1-41d8-ac9c-a2b794dfa0f5
[2026-09-30T17:04:42Z INFO sail_session::extensions] bound native extension sedona@0.1.0:e8dc2c51c6e45ef94fb13370b76f0fd40936b3d79d368fc052afbb778d39c137 to session incarnation dfaad75d-f8c1-41d8-ac9c-a2b794dfa0f5
[2026-09-30T17:04:42Z INFO sail_execution::driver::actor::handler] activating driver 1
[2026-09-30T17:04:42Z INFO sail_execution::driver::worker_pool::core] starting worker 1
[2026-09-30T17:04:42Z INFO sail_execution::driver::worker_pool::core] starting worker 2
[2026-09-30T17:04:42Z INFO sail_execution::worker_manager::process] extension process worker 1: pid=Some(62), driver_pid=26, session=6c90ada2-fd09-4106-9640-0d1a8fe78765
[2026-09-30T17:04:42Z INFO sail_execution::worker_manager::process] extension process worker 2: pid=Some(63), driver_pid=26, session=6c90ada2-fd09-4106-9640-0d1a8fe78765
[2026-09-30T17:04:42Z INFO sail_session::extensions] worker loaded native extension sedona@0.1.0:e8dc2c51c6e45ef94fb13370b76f0fd40936b3d79d368fc052afbb778d39c137, pid=63
[2026-09-30T17:04:42Z INFO sail_session::extensions] worker loaded native extension sedona@0.1.0:e8dc2c51c6e45ef94fb13370b76f0fd40936b3d79d368fc052afbb778d39c137, pid=62
[2026-09-30T17:04:42Z INFO sail_execution::worker::actor::handler] worker 2 server is ready on port 33375
[2026-09-30T17:04:42Z INFO sail_execution::driver::actor::handler] worker 2 is available at 127.0.0.1:33375
[2026-09-30T17:04:42Z WARN sail_execution::driver::task_assigner::core] worker 2 was not pending
[2026-09-30T17:04:42Z INFO sail_execution::worker::actor::handler] worker 1 server is ready on port 34537
[2026-09-30T17:04:42Z INFO sail_execution::driver::actor::handler] worker 1 is available at 127.0.0.1:34537
[2026-09-30T17:04:42Z WARN sail_execution::driver::task_assigner::core] worker 1 was not pending
[2026-09-30T17:04:43Z WARN sail_execution::driver::actor::handler] job 8 stage 0 partition 1 attempt 0 sequence 60 is stale
[2026-09-30T17:04:43Z WARN sail_execution::driver::actor::handler] job 12 stage 0 partition 1 attempt 0 sequence 110 is stale
[2026-09-30T17:04:47Z WARN sail_execution::driver::actor::handler] job 59 stage 0 partition 1 attempt 0 sequence 372 is stale
[2026-09-30T17:04:50Z WARN sail_execution::driver::actor::handler] job 79 stage 1 partition 0 attempt 0 sequence 617 is stale
[2026-09-30T17:04:51Z WARN sail_execution::driver::actor::handler] job 88 stage 0 partition 0 attempt 0 sequence 682 is stale
[2026-09-30T17:04:51Z WARN sail_execution::driver::actor::handler] job 88 stage 1 partition 0 attempt 0 sequence 681 is stale
[2026-09-30T17:04:55Z WARN sail_execution::driver::actor::handler] job 122 stage 0 partition 1 attempt 0 sequence 748 is stale
[2026-09-30T17:04:57Z WARN sail_execution::driver::actor::handler] job 151 stage 1 partition 1 attempt 0 sequence 918 is stale
[2026-09-30T17:04:59Z WARN sail_execution::driver::actor::handler] job 167 stage 0 partition 1 attempt 0 sequence 1008 is stale
[2026-09-30T17:05:03Z WARN sail_execution::driver::actor::handler] job 230 stage 0 partition 1 attempt 0 sequence 1371 is stale
[2026-09-30T17:05:04Z INFO sail_session::session_manager::actor::handler] removing session 6c90ada2-fd09-4106-9640-0d1a8fe78765
[2026-09-30T17:05:04Z INFO sail_execution::driver::worker_pool::core] stopping worker 1
[2026-09-30T17:05:04Z INFO sail_execution::driver::worker_pool::core] stopping worker 2
[2026-09-30T17:05:04Z WARN sail_common::actor] aborting 277 task(s) for TaskRunnerActor
[2026-09-30T17:05:04Z WARN sail_common::actor] aborting 245 task(s) for TaskRunnerActor
[2026-09-30T17:05:04Z INFO sail_execution::worker::actor::core] worker 1 server has stopped
[2026-09-30T17:05:04Z WARN sail_common::actor] aborting 1 task(s) for WorkerActor
[2026-09-30T17:05:04Z INFO sail_execution::worker::actor::core] worker 2 server has stopped
[2026-09-30T17:05:04Z WARN sail_common::actor] aborting 1 task(s) for WorkerActor
[2026-09-30T17:05:04Z INFO sail_cli::spark::server] Shutting down the Spark Connect server...
[2026-09-30T17:05:04Z INFO sail_execution::driver::actor::core] driver 1 has stopped
[2026-09-30T17:05:04Z WARN sail_common::actor] aborting 4449 task(s) for DriverActor
[2026-09-30T17:05:04Z INFO sail_session::session_manager::actor::core] driver server has stopped
[2026-09-30T17:05:04Z WARN sail_common::actor] aborting 1042 task(s) for SessionManagerActor
[2026-09-30T17:05:04Z INFO sail_cli::spark::server] The Spark Connect server has stopped.
