   Compiling digest v0.10.7
   Compiling zod-rs-util v1.0.1
   Compiling garde_derive v0.23.0
   Compiling grust-graph v0.16.0 (/Users/alexy/src/grust-arrow-pipeline/crates/grust)
   Compiling sha2 v0.10.9
   Compiling zod-rs v1.0.1
   Compiling garde v0.23.0
warning: linker stderr: ld: __eh_frame section too large (max 16MB) to encode dwarf unwind offsets in compact unwind table, performance of exception handling might be affected
  |
  = note: `#[warn(linker_messages)]` on by default

warning: `grust-graph` (test "datafusion_cypher") generated 1 warning
    Finished `test` profile [unoptimized + debuginfo] target(s) in 5.47s
     Running tests/datafusion_cypher.rs (target/debug/deps/datafusion_cypher-0d6eeddf585493de)

running 1 test
test combined_facade_features_execute_cypher_without_direct_adapter_dependencies ... ok

test result: ok. 1 passed; 0 failed; 0 ignored; 0 measured; 0 filtered out; finished in 0.03s

    Checking crypto-common v0.1.7
    Checking zod-rs-util v1.0.1
    Checking garde v0.23.0
    Checking grust-graph v0.16.0 (/Users/alexy/src/grust-arrow-pipeline/crates/grust)
    Checking digest v0.10.7
    Checking zod-rs v1.0.1
    Checking sha2 v0.10.9
    Finished `dev` profile [unoptimized + debuginfo] target(s) in 2.45s
