[2026-10-03T20:31:41Z INFO sail_execution::worker::actor::handler] worker 2 server is ready on port 55382
[2026-10-03T20:31:41Z DEBUG sail_execution::worker::server] RunTaskBatchRequest { job_id: 1, stage: 0, tasks: [TaskAttempt { partition: 1, attempt: 0 }, TaskAttempt { partition: 3, attempt: 0 }, TaskAttempt { partition: 5, attempt: 0 }, TaskAttempt { partition: 7, attempt: 0 }, TaskAttempt { partition: 9, attempt: 0 }, TaskAttempt { partition: 11, attempt: 0 }, TaskAttempt { partition: 13, attempt: 0 }, TaskAttempt { partition: 15, attempt: 0 }], definition: [10, 30, 146, 1, 27, 10, 25, 10, 23, 16, 128, 128, 64, 24, 1, 32, 16, 42, 10, 10, 8, 10, 2, 35, 48, 18, 2, 82, 0, 50, 1, 0, 26, 20, 10, 12, 10, 10, 10, 6, 10, 4, 10, 2, 35, 48, 16, 16, 18, 4, 10, 2, 8, 1 (54 bytes)], peers: [WorkerLocation { worker_id: 1, host: "127.0.0.1", port: 55383 }, WorkerLocation { worker_id: 2, host: "127.0.0.1", port: 55382 }] }
[2026-10-03T20:31:41Z DEBUG sail_execution::worker::server] RunTaskBatchRequest { job_id: 1, stage: 1, tasks: [TaskAttempt { partition: 1, attempt: 0 }, TaskAttempt { partition: 3, attempt: 0 }, TaskAttempt { partition: 5, attempt: 0 }, TaskAttempt { partition: 7, attempt: 0 }, TaskAttempt { partition: 9, attempt: 0 }, TaskAttempt { partition: 11, attempt: 0 }, TaskAttempt { partition: 13, attempt: 0 }, TaskAttempt { partition: 15, attempt: 0 }], definition: [10, 202, 1, 34, 199, 1, 10, 154, 1, 66, 151, 1, 10, 6, 10, 4, 10, 2, 35, 48, 18, 25, 34, 23, 18, 4, 18, 2, 56, 1, 34, 5, 99, 111, 117, 110, 116, 66, 8, 99, 111, 117, 110, 116, 40, 49, 41, 24, 4, 34, 39, 146, 1, 36, 10, 34, 26, 32, 18, 14, 10, 0, 42, 10, 10, 8, 10, 2, 35, 48, 18, 2, 82, 0, 26, 12, 18, 10, 10, 6, 10, 4, 10, 2, 35, 48, 16, 16, 32, 1, 42, 2, 35, 48, 50, 15, 99, 111, 117, 110, 116, 40, 73, 110, 116, 54, 52, 40, 49, 41, 41, 58, 10, 10, 8, 10, 2, 35, 48, 18, 2, 82, 0, 74, 1, 0, 82, 0, ... (2244 bytes)], peers: [WorkerLocation { worker_id: 1, host: "127.0.0.1", port: 55383 }, WorkerLocation { worker_id: 2, host: "127.0.0.1", port: 55382 }] }
[2026-10-03T20:31:41Z DEBUG sail_execution::worker::server] RunTaskBatchResponse
[2026-10-03T20:31:41Z DEBUG sail_execution::task_runner::actor::handler] worker_task_status worker_id=2 job_id=1 stage=0 partition=1 attempt=0 status=RUNNING
[2026-10-03T20:31:41Z DEBUG sail_execution::task_runner::actor::handler] worker_task_status worker_id=2 job_id=1 stage=0 partition=9 attempt=0 status=RUNNING
[2026-10-03T20:31:41Z DEBUG sail_execution::task_runner::actor::handler] worker_task_status worker_id=2 job_id=1 stage=0 partition=11 attempt=0 status=RUNNING
[2026-10-03T20:31:41Z DEBUG sail_execution::task_runner::actor::handler] worker_task_status worker_id=2 job_id=1 stage=1 partition=7 attempt=0 status=RUNNING
[2026-10-03T20:31:41Z DEBUG sail_execution::task_runner::actor::handler] worker_task_status worker_id=2 job_id=1 stage=0 partition=7 attempt=0 status=RUNNING
[2026-10-03T20:31:41Z DEBUG sail_execution::worker::server] RunTaskBatchResponse
[2026-10-03T20:31:41Z DEBUG sail_execution::task_runner::actor::handler] worker_task_status worker_id=2 job_id=1 stage=1 partition=1 attempt=0 status=RUNNING
[2026-10-03T20:31:41Z DEBUG sail_execution::task_runner::actor::handler] worker_task_status worker_id=2 job_id=1 stage=1 partition=3 attempt=0 status=RUNNING
[2026-10-03T20:31:41Z DEBUG sail_execution::task_runner::actor::handler] worker_task_status worker_id=2 job_id=1 stage=1 partition=13 attempt=0 status=RUNNING
[2026-10-03T20:31:41Z DEBUG sail_execution::task_runner::preparation] job 1 stage 0 partition 11 attempt 0 execution plan
ShuffleWriteExec: partitioning=Hash([#0@0], 16)
  RangeExec: start=0, end=1048576, step=1, num_partitions=16, projection=[0]

[2026-10-03T20:31:41Z DEBUG sail_execution::task_runner::preparation] job 1 stage 0 partition 1 attempt 0 execution plan
ShuffleWriteExec: partitioning=Hash([#0@0], 16)
  RangeExec: start=0, end=1048576, step=1, num_partitions=16, projection=[0]

[2026-10-03T20:31:41Z DEBUG sail_execution::task_runner::preparation] job 1 stage 0 partition 9 attempt 0 execution plan
ShuffleWriteExec: partitioning=Hash([#0@0], 16)
  RangeExec: start=0, end=1048576, step=1, num_partitions=16, projection=[0]

[2026-10-03T20:31:41Z DEBUG sail_execution::task_runner::preparation] job 1 stage 0 partition 11 attempt 0 preparation wait=1.32723ms duration=277.4µs
[2026-10-03T20:31:41Z DEBUG sail_execution::task_runner::preparation] job 1 stage 0 partition 1 attempt 0 preparation wait=1.323841ms duration=463.613µs
[2026-10-03T20:31:41Z DEBUG sail_execution::task_runner::actor::handler] worker_task_status worker_id=2 job_id=1 stage=1 partition=11 attempt=0 status=RUNNING
[2026-10-03T20:31:41Z DEBUG sail_execution::task_runner::preparation] job 1 stage 0 partition 9 attempt 0 preparation wait=1.320986ms duration=361.304µs
[2026-10-03T20:31:41Z DEBUG sail_execution::task_runner::actor::handler] worker_task_status worker_id=2 job_id=1 stage=0 partition=3 attempt=0 status=RUNNING
[2026-10-03T20:31:41Z DEBUG sail_execution::task_runner::actor::handler] worker_task_status worker_id=2 job_id=1 stage=0 partition=13 attempt=0 status=RUNNING
[2026-10-03T20:31:41Z DEBUG sail_execution::task_runner::preparation] job 1 stage 0 partition 7 attempt 0 execution plan
ShuffleWriteExec: partitioning=Hash([#0@0], 16)
  RangeExec: start=0, end=1048576, step=1, num_partitions=16, projection=[0]

[2026-10-03T20:31:41Z DEBUG sail_execution::task_runner::preparation] job 1 stage 0 partition 7 attempt 0 preparation wait=1.56312ms duration=39.85µs
[2026-10-03T20:31:41Z DEBUG sail_execution::task_runner::actor::handler] worker_task_status worker_id=2 job_id=1 stage=0 partition=15 attempt=0 status=RUNNING
[2026-10-03T20:31:41Z DEBUG sail_execution::task_runner::actor::handler] worker_task_status worker_id=2 job_id=1 stage=1 partition=9 attempt=0 status=RUNNING
[2026-10-03T20:31:41Z DEBUG sail_execution::task_runner::actor::handler] worker_task_status worker_id=2 job_id=1 stage=0 partition=5 attempt=0 status=RUNNING
[2026-10-03T20:31:41Z DEBUG sail_execution::task_runner::actor::handler] worker_task_status worker_id=2 job_id=1 stage=1 partition=5 attempt=0 status=RUNNING
[2026-10-03T20:31:41Z DEBUG sail_execution::task_runner::actor::handler] worker_task_status worker_id=2 job_id=1 stage=1 partition=15 attempt=0 status=RUNNING
[2026-10-03T20:31:41Z DEBUG sail_execution::task_runner::preparation] job 1 stage 0 partition 13 attempt 0 execution plan
ShuffleWriteExec: partitioning=Hash([#0@0], 16)
  RangeExec: start=0, end=1048576, step=1, num_partitions=16, projection=[0]

[2026-10-03T20:31:41Z DEBUG sail_execution::task_runner::preparation] job 1 stage 0 partition 15 attempt 0 execution plan
ShuffleWriteExec: partitioning=Hash([#0@0], 16)
  RangeExec: start=0, end=1048576, step=1, num_partitions=16, projection=[0]

[2026-10-03T20:31:41Z DEBUG sail_execution::task_runner::preparation] job 1 stage 0 partition 15 attempt 0 preparation wait=1.308512ms duration=458.592µs
[2026-10-03T20:31:41Z DEBUG sail_execution::task_runner::preparation] job 1 stage 0 partition 13 attempt 0 preparation wait=1.406768ms duration=635.885µs
[2026-10-03T20:31:41Z DEBUG sail_execution::task_runner::preparation] job 1 stage 0 partition 3 attempt 0 execution plan
ShuffleWriteExec: partitioning=Hash([#0@0], 16)
  RangeExec: start=0, end=1048576, step=1, num_partitions=16, projection=[0]

[2026-10-03T20:31:41Z DEBUG sail_execution::task_runner::preparation] job 1 stage 0 partition 3 attempt 0 preparation wait=1.403173ms duration=805.342µs
[2026-10-03T20:31:41Z DEBUG sail_execution::task_runner::preparation] job 1 stage 1 partition 9 attempt 0 execution plan
ShuffleWriteExec: partitioning=RoundRobinBatch(1)
  ProjectionExec: expr=[#0@0 as id, count(Int64(1))@1 as count]
    AggregateExec: mode=SinglePartitioned, gby=[#0@0 as #0], aggr=[count(Int64(1))]
      ShuffleReadExec: partitioning=Hash([#0@0], 16)

[2026-10-03T20:31:41Z DEBUG sail_execution::task_runner::preparation] job 1 stage 1 partition 7 attempt 0 execution plan
ShuffleWriteExec: partitioning=RoundRobinBatch(1)
  ProjectionExec: expr=[#0@0 as id, count(Int64(1))@1 as count]
    AggregateExec: mode=SinglePartitioned, gby=[#0@0 as #0], aggr=[count(Int64(1))]
      ShuffleReadExec: partitioning=Hash([#0@0], 16)

[2026-10-03T20:31:41Z DEBUG sail_execution::task_runner::preparation] job 1 stage 1 partition 3 attempt 0 execution plan
ShuffleWriteExec: partitioning=RoundRobinBatch(1)
  ProjectionExec: expr=[#0@0 as id, count(Int64(1))@1 as count]
    AggregateExec: mode=SinglePartitioned, gby=[#0@0 as #0], aggr=[count(Int64(1))]
      ShuffleReadExec: partitioning=Hash([#0@0], 16)

[2026-10-03T20:31:41Z DEBUG sail_execution::task_runner::preparation] job 1 stage 1 partition 13 attempt 0 execution plan
ShuffleWriteExec: partitioning=RoundRobinBatch(1)
  ProjectionExec: expr=[#0@0 as id, count(Int64(1))@1 as count]
    AggregateExec: mode=SinglePartitioned, gby=[#0@0 as #0], aggr=[count(Int64(1))]
      ShuffleReadExec: partitioning=Hash([#0@0], 16)

[2026-10-03T20:31:41Z DEBUG sail_execution::task_runner::preparation] job 1 stage 1 partition 1 attempt 0 execution plan
ShuffleWriteExec: partitioning=RoundRobinBatch(1)
  ProjectionExec: expr=[#0@0 as id, count(Int64(1))@1 as count]
    AggregateExec: mode=SinglePartitioned, gby=[#0@0 as #0], aggr=[count(Int64(1))]
      ShuffleReadExec: partitioning=Hash([#0@0], 16)

[2026-10-03T20:31:41Z DEBUG sail_execution::task_runner::preparation] job 1 stage 1 partition 3 attempt 0 preparation wait=1.724597ms duration=2.436348ms
[2026-10-03T20:31:41Z DEBUG sail_execution::task_runner::preparation] job 1 stage 1 partition 7 attempt 0 preparation wait=1.843637ms duration=2.579567ms
[2026-10-03T20:31:41Z DEBUG sail_execution::task_runner::preparation] job 1 stage 1 partition 13 attempt 0 preparation wait=2.000831ms duration=1.60823ms
[2026-10-03T20:31:41Z DEBUG sail_execution::task_runner::preparation] job 1 stage 1 partition 15 attempt 0 execution plan
ShuffleWriteExec: partitioning=RoundRobinBatch(1)
  ProjectionExec: expr=[#0@0 as id, count(Int64(1))@1 as count]
    AggregateExec: mode=SinglePartitioned, gby=[#0@0 as #0], aggr=[count(Int64(1))]
      ShuffleReadExec: partitioning=Hash([#0@0], 16)

[2026-10-03T20:31:41Z DEBUG sail_execution::task_runner::preparation] job 1 stage 1 partition 11 attempt 0 execution plan
ShuffleWriteExec: partitioning=RoundRobinBatch(1)
  ProjectionExec: expr=[#0@0 as id, count(Int64(1))@1 as count]
    AggregateExec: mode=SinglePartitioned, gby=[#0@0 as #0], aggr=[count(Int64(1))]
      ShuffleReadExec: partitioning=Hash([#0@0], 16)

[2026-10-03T20:31:41Z DEBUG sail_execution::task_runner::preparation] job 1 stage 1 partition 15 attempt 0 preparation wait=2.998978ms duration=419.798µs
[2026-10-03T20:31:41Z DEBUG sail_execution::task_runner::preparation] job 1 stage 1 partition 11 attempt 0 preparation wait=1.459931ms duration=2.489711ms
[2026-10-03T20:31:41Z DEBUG sail_execution::task_runner::preparation] job 1 stage 0 partition 5 attempt 0 execution plan
ShuffleWriteExec: partitioning=Hash([#0@0], 16)
  RangeExec: start=0, end=1048576, step=1, num_partitions=16, projection=[0]

[2026-10-03T20:31:41Z DEBUG sail_execution::task_runner::preparation] job 1 stage 1 partition 9 attempt 0 preparation wait=1.443569ms duration=2.430731ms
[2026-10-03T20:31:41Z DEBUG sail_execution::task_runner::preparation] job 1 stage 0 partition 5 attempt 0 preparation wait=3.445375ms duration=446.146µs
[2026-10-03T20:31:41Z DEBUG sail_execution::task_runner::preparation] job 1 stage 1 partition 5 attempt 0 execution plan
ShuffleWriteExec: partitioning=RoundRobinBatch(1)
  ProjectionExec: expr=[#0@0 as id, count(Int64(1))@1 as count]
    AggregateExec: mode=SinglePartitioned, gby=[#0@0 as #0], aggr=[count(Int64(1))]
      ShuffleReadExec: partitioning=Hash([#0@0], 16)

[2026-10-03T20:31:41Z DEBUG sail_execution::task_runner::preparation] job 1 stage 1 partition 1 attempt 0 preparation wait=2.301881ms duration=2.410021ms
[2026-10-03T20:31:41Z DEBUG sail_execution::task_runner::preparation] job 1 stage 1 partition 5 attempt 0 preparation wait=3.243695ms duration=1.248747ms
[2026-10-03T20:31:41Z DEBUG sail_execution::stream::service::server] TaskStreamKey { job_id: JobId(1), stage: 0, partition: 9, attempt: 0, channel: 4 }
[2026-10-03T20:31:41Z DEBUG sail_execution::stream::service::server] TaskStreamKey { job_id: JobId(1), stage: 0, partition: 5, attempt: 0, channel: 2 }
[2026-10-03T20:31:41Z DEBUG sail_execution::stream::service::server] TaskStreamKey { job_id: JobId(1), stage: 0, partition: 3, attempt: 0, channel: 6 }
[2026-10-03T20:31:41Z DEBUG sail_execution::stream::service::server] TaskStreamKey { job_id: JobId(1), stage: 0, partition: 1, attempt: 0, channel: 12 }
[2026-10-03T20:31:41Z DEBUG sail_execution::stream::service::server] TaskStreamKey { job_id: JobId(1), stage: 0, partition: 3, attempt: 0, channel: 12 }
[2026-10-03T20:31:41Z DEBUG sail_execution::stream::service::server] TaskStreamKey { job_id: JobId(1), stage: 0, partition: 5, attempt: 0, channel: 4 }
[2026-10-03T20:31:41Z DEBUG sail_execution::stream::service::server] TaskStreamKey { job_id: JobId(1), stage: 0, partition: 5, attempt: 0, channel: 12 }
[2026-10-03T20:31:41Z DEBUG sail_execution::stream::service::server] TaskStreamKey { job_id: JobId(1), stage: 0, partition: 1, attempt: 0, channel: 2 }
[2026-10-03T20:31:41Z DEBUG sail_execution::stream::service::server] TaskStreamKey { job_id: JobId(1), stage: 0, partition: 3, attempt: 0, channel: 2 }
[2026-10-03T20:31:41Z DEBUG sail_execution::stream::service::server] TaskStreamKey { job_id: JobId(1), stage: 0, partition: 7, attempt: 0, channel: 12 }
[2026-10-03T20:31:41Z DEBUG sail_execution::stream::service::server] TaskStreamKey { job_id: JobId(1), stage: 0, partition: 11, attempt: 0, channel: 2 }
[2026-10-03T20:31:41Z DEBUG sail_execution::stream::service::server] TaskStreamKey { job_id: JobId(1), stage: 0, partition: 13, attempt: 0, channel: 0 }
[2026-10-03T20:31:41Z DEBUG sail_execution::stream::service::server] TaskStreamKey { job_id: JobId(1), stage: 0, partition: 15, attempt: 0, channel: 2 }
[2026-10-03T20:31:41Z DEBUG sail_execution::stream::service::server] TaskStreamKey { job_id: JobId(1), stage: 0, partition: 9, attempt: 0, channel: 2 }
[2026-10-03T20:31:41Z DEBUG sail_execution::stream::service::server] TaskStreamKey { job_id: JobId(1), stage: 0, partition: 13, attempt: 0, channel: 2 }
[2026-10-03T20:31:41Z DEBUG sail_execution::stream::service::server] TaskStreamKey { job_id: JobId(1), stage: 0, partition: 13, attempt: 0, channel: 6 }
[2026-10-03T20:31:41Z DEBUG sail_execution::stream::service::server] TaskStreamKey { job_id: JobId(1), stage: 0, partition: 15, attempt: 0, channel: 0 }
[2026-10-03T20:31:41Z DEBUG sail_execution::stream::service::server] TaskStreamKey { job_id: JobId(1), stage: 0, partition: 1, attempt: 0, channel: 4 }
[2026-10-03T20:31:41Z DEBUG sail_execution::stream::service::server] TaskStreamKey { job_id: JobId(1), stage: 0, partition: 9, attempt: 0, channel: 6 }
[2026-10-03T20:31:41Z DEBUG sail_execution::stream::service::server] TaskStreamKey { job_id: JobId(1), stage: 0, partition: 3, attempt: 0, channel: 4 }
[2026-10-03T20:31:41Z DEBUG sail_execution::stream::service::server] TaskStreamKey { job_id: JobId(1), stage: 0, partition: 11, attempt: 0, channel: 6 }
[2026-10-03T20:31:41Z DEBUG sail_execution::stream::service::server] TaskStreamKey { job_id: JobId(1), stage: 0, partition: 15, attempt: 0, channel: 6 }
[2026-10-03T20:31:41Z DEBUG sail_execution::stream::service::server] TaskStreamKey { job_id: JobId(1), stage: 0, partition: 7, attempt: 0, channel: 4 }
[2026-10-03T20:31:41Z DEBUG sail_execution::stream::service::server] TaskStreamKey { job_id: JobId(1), stage: 0, partition: 11, attempt: 0, channel: 12 }
[2026-10-03T20:31:41Z DEBUG sail_execution::stream::service::server] TaskStreamKey { job_id: JobId(1), stage: 0, partition: 9, attempt: 0, channel: 12 }
[2026-10-03T20:31:41Z DEBUG sail_execution::stream::service::server] TaskStreamKey { job_id: JobId(1), stage: 0, partition: 1, attempt: 0, channel: 0 }
[2026-10-03T20:31:41Z DEBUG sail_execution::stream::service::server] TaskStreamKey { job_id: JobId(1), stage: 0, partition: 1, attempt: 0, channel: 14 }
[2026-10-03T20:31:41Z DEBUG sail_execution::stream::service::server] TaskStreamKey { job_id: JobId(1), stage: 0, partition: 7, attempt: 0, channel: 2 }
[2026-10-03T20:31:41Z DEBUG sail_execution::stream::service::server] TaskStreamKey { job_id: JobId(1), stage: 0, partition: 13, attempt: 0, channel: 12 }
[2026-10-03T20:31:41Z DEBUG sail_execution::stream::service::server] TaskStreamKey { job_id: JobId(1), stage: 0, partition: 11, attempt: 0, channel: 4 }
[2026-10-03T20:31:41Z DEBUG sail_execution::stream::service::server] TaskStreamKey { job_id: JobId(1), stage: 0, partition: 13, attempt: 0, channel: 4 }
[2026-10-03T20:31:41Z DEBUG sail_execution::stream::service::server] TaskStreamKey { job_id: JobId(1), stage: 0, partition: 15, attempt: 0, channel: 12 }
[2026-10-03T20:31:41Z DEBUG sail_execution::stream::service::server] TaskStreamKey { job_id: JobId(1), stage: 0, partition: 9, attempt: 0, channel: 0 }
[2026-10-03T20:31:41Z DEBUG sail_execution::stream::service::server] TaskStreamKey { job_id: JobId(1), stage: 0, partition: 5, attempt: 0, channel: 6 }
[2026-10-03T20:31:41Z DEBUG sail_execution::stream::service::server] TaskStreamKey { job_id: JobId(1), stage: 0, partition: 7, attempt: 0, channel: 6 }
[2026-10-03T20:31:41Z DEBUG sail_execution::stream::service::server] TaskStreamKey { job_id: JobId(1), stage: 0, partition: 7, attempt: 0, channel: 0 }
[2026-10-03T20:31:41Z DEBUG sail_execution::stream::service::server] TaskStreamKey { job_id: JobId(1), stage: 0, partition: 1, attempt: 0, channel: 6 }
[2026-10-03T20:31:41Z DEBUG sail_execution::stream::service::server] TaskStreamKey { job_id: JobId(1), stage: 1, partition: 1, attempt: 0, channel: 0 }
[2026-10-03T20:31:41Z DEBUG sail_execution::stream::service::server] TaskStreamKey { job_id: JobId(1), stage: 0, partition: 3, attempt: 0, channel: 0 }
[2026-10-03T20:31:41Z DEBUG sail_execution::stream::service::server] TaskStreamKey { job_id: JobId(1), stage: 1, partition: 3, attempt: 0, channel: 0 }
[2026-10-03T20:31:41Z DEBUG sail_execution::stream::service::server] TaskStreamKey { job_id: JobId(1), stage: 1, partition: 15, attempt: 0, channel: 0 }
[2026-10-03T20:31:41Z DEBUG sail_execution::stream::service::server] TaskStreamKey { job_id: JobId(1), stage: 0, partition: 3, attempt: 0, channel: 14 }
[2026-10-03T20:31:41Z DEBUG sail_execution::stream::service::server] TaskStreamKey { job_id: JobId(1), stage: 0, partition: 15, attempt: 0, channel: 4 }
[2026-10-03T20:31:41Z DEBUG sail_execution::stream::service::server] TaskStreamKey { job_id: JobId(1), stage: 1, partition: 13, attempt: 0, channel: 0 }
[2026-10-03T20:31:41Z DEBUG sail_execution::stream::service::server] TaskStreamKey { job_id: JobId(1), stage: 1, partition: 11, attempt: 0, channel: 0 }
[2026-10-03T20:31:41Z DEBUG sail_execution::stream::service::server] TaskStreamKey { job_id: JobId(1), stage: 1, partition: 9, attempt: 0, channel: 0 }
[2026-10-03T20:31:41Z DEBUG sail_execution::stream::service::server] TaskStreamKey { job_id: JobId(1), stage: 0, partition: 5, attempt: 0, channel: 14 }
[2026-10-03T20:31:41Z DEBUG sail_execution::stream::service::server] TaskStreamKey { job_id: JobId(1), stage: 0, partition: 1, attempt: 0, channel: 8 }
[2026-10-03T20:31:41Z DEBUG sail_execution::stream::service::server] TaskStreamKey { job_id: JobId(1), stage: 0, partition: 11, attempt: 0, channel: 14 }
[2026-10-03T20:31:41Z DEBUG sail_execution::stream::service::server] TaskStreamKey { job_id: JobId(1), stage: 0, partition: 9, attempt: 0, channel: 8 }
[2026-10-03T20:31:41Z DEBUG sail_execution::stream::service::server] TaskStreamKey { job_id: JobId(1), stage: 1, partition: 7, attempt: 0, channel: 0 }
[2026-10-03T20:31:41Z DEBUG sail_execution::stream::service::server] TaskStreamKey { job_id: JobId(1), stage: 0, partition: 11, attempt: 0, channel: 0 }
[2026-10-03T20:31:41Z DEBUG sail_execution::stream::service::server] TaskStreamKey { job_id: JobId(1), stage: 0, partition: 15, attempt: 0, channel: 8 }
[2026-10-03T20:31:41Z DEBUG sail_execution::stream::service::server] TaskStreamKey { job_id: JobId(1), stage: 0, partition: 5, attempt: 0, channel: 0 }
[2026-10-03T20:31:41Z DEBUG sail_execution::stream::service::server] TaskStreamKey { job_id: JobId(1), stage: 1, partition: 5, attempt: 0, channel: 0 }
[2026-10-03T20:31:41Z DEBUG sail_execution::stream::service::server] TaskStreamKey { job_id: JobId(1), stage: 0, partition: 3, attempt: 0, channel: 10 }
[2026-10-03T20:31:41Z DEBUG sail_execution::stream::service::server] TaskStreamKey { job_id: JobId(1), stage: 0, partition: 13, attempt: 0, channel: 14 }
[2026-10-03T20:31:41Z DEBUG sail_execution::stream::service::server] TaskStreamKey { job_id: JobId(1), stage: 0, partition: 3, attempt: 0, channel: 8 }
[2026-10-03T20:31:41Z DEBUG sail_execution::stream::service::server] TaskStreamKey { job_id: JobId(1), stage: 0, partition: 7, attempt: 0, channel: 14 }
[2026-10-03T20:31:41Z DEBUG sail_execution::stream::service::server] TaskStreamKey { job_id: JobId(1), stage: 0, partition: 5, attempt: 0, channel: 8 }
[2026-10-03T20:31:41Z DEBUG sail_execution::stream::service::server] TaskStreamKey { job_id: JobId(1), stage: 0, partition: 7, attempt: 0, channel: 8 }
[2026-10-03T20:31:41Z DEBUG sail_execution::stream::service::server] TaskStreamKey { job_id: JobId(1), stage: 0, partition: 15, attempt: 0, channel: 10 }
[2026-10-03T20:31:41Z DEBUG sail_execution::stream::service::server] TaskStreamKey { job_id: JobId(1), stage: 0, partition: 7, attempt: 0, channel: 10 }
[2026-10-03T20:31:41Z DEBUG sail_execution::stream::service::server] TaskStreamKey { job_id: JobId(1), stage: 0, partition: 9, attempt: 0, channel: 14 }
[2026-10-03T20:31:41Z DEBUG sail_execution::stream::service::server] TaskStreamKey { job_id: JobId(1), stage: 0, partition: 13, attempt: 0, channel: 8 }
[2026-10-03T20:31:41Z DEBUG sail_execution::stream::service::server] TaskStreamKey { job_id: JobId(1), stage: 0, partition: 9, attempt: 0, channel: 10 }
[2026-10-03T20:31:41Z DEBUG sail_execution::stream::service::server] TaskStreamKey { job_id: JobId(1), stage: 0, partition: 5, attempt: 0, channel: 10 }
[2026-10-03T20:31:41Z DEBUG sail_execution::stream::service::server] TaskStreamKey { job_id: JobId(1), stage: 0, partition: 11, attempt: 0, channel: 10 }
[2026-10-03T20:31:41Z DEBUG sail_execution::stream::service::server] TaskStreamKey { job_id: JobId(1), stage: 0, partition: 13, attempt: 0, channel: 10 }
[2026-10-03T20:31:41Z DEBUG sail_execution::stream::service::server] TaskStreamKey { job_id: JobId(1), stage: 0, partition: 15, attempt: 0, channel: 14 }
[2026-10-03T20:31:41Z DEBUG sail_execution::stream::service::server] TaskStreamKey { job_id: JobId(1), stage: 0, partition: 11, attempt: 0, channel: 8 }
[2026-10-03T20:31:41Z DEBUG sail_execution::stream::service::server] TaskStreamKey { job_id: JobId(1), stage: 0, partition: 1, attempt: 0, channel: 10 }
[2026-10-03T20:31:41Z DEBUG sail_execution::task_runner::actor::handler] worker_task_status worker_id=2 job_id=1 stage=0 partition=1 attempt=0 status=SUCCEEDED
[2026-10-03T20:31:41Z DEBUG sail_execution::task_runner::actor::handler] worker_task_status worker_id=2 job_id=1 stage=0 partition=9 attempt=0 status=SUCCEEDED
[2026-10-03T20:31:41Z DEBUG sail_execution::task_runner::actor::handler] worker_task_status worker_id=2 job_id=1 stage=0 partition=11 attempt=0 status=SUCCEEDED
[2026-10-03T20:31:41Z DEBUG sail_execution::task_runner::actor::handler] worker_task_status worker_id=2 job_id=1 stage=0 partition=5 attempt=0 status=SUCCEEDED
[2026-10-03T20:31:41Z DEBUG sail_execution::task_runner::actor::handler] worker_task_status worker_id=2 job_id=1 stage=0 partition=7 attempt=0 status=SUCCEEDED
[2026-10-03T20:31:41Z DEBUG sail_execution::task_runner::actor::handler] worker_task_status worker_id=2 job_id=1 stage=0 partition=3 attempt=0 status=SUCCEEDED
[2026-10-03T20:31:41Z DEBUG sail_execution::task_runner::actor::handler] worker_task_status worker_id=2 job_id=1 stage=0 partition=15 attempt=0 status=SUCCEEDED
[2026-10-03T20:31:41Z DEBUG sail_execution::task_runner::actor::handler] worker_task_status worker_id=2 job_id=1 stage=0 partition=13 attempt=0 status=SUCCEEDED
[2026-10-03T20:31:41Z WARN sail_execution::diagnostics] execution_failure pid=55515 event=task_execution_error key=TaskKey { job_id: JobId(1), stage: 1, partition: 13, attempt: 0 } error_chain=Resources exhausted: Failed to allocate additional 256.0 KB for SingleHashAggregateStream[13] with 0.0 B already allocated for this reservation - 64.0 KB remain available for the total memory pool: greedy(used: 960.0 KB, pool_size: 1024.0 KB)
[2026-10-03T20:31:41Z WARN sail_execution::diagnostics] execution_failure pid=55515 event=task_execution_error key=TaskKey { job_id: JobId(1), stage: 1, partition: 5, attempt: 0 } error_chain=Resources exhausted: Failed to allocate additional 256.0 KB for SingleHashAggregateStream[5] with 0.0 B already allocated for this reservation - 0.0 B remain available for the total memory pool: greedy(used: 1024.0 KB, pool_size: 1024.0 KB)
[2026-10-03T20:31:41Z WARN sail_execution::task_runner::actor::handler] task_failure pid=55515 session_id=b9d09997-cc57-4e6d-9a61-48b29d64d912 worker_id=Some(WorkerId(2)) key=TaskKey { job_id: JobId(1), stage: 1, partition: 5, attempt: 0 } message=task error: Resources exhausted: Failed to allocate additional 256.0 KB for SingleHashAggregateStream[5] with 0.0 B already allocated for this reservation - 0.0 B remain available for the total memory pool: greedy(used: 1024.0 KB, pool_size: 1024.0 KB) cause=Failed to allocate additional 256.0 KB for SingleHashAggregateStream[5] with 0.0 B already allocated for this reservation - 0.0 B remain available for the total memory pool: greedy(used: 1024.0 KB, pool_size: 1024.0 KB)
[2026-10-03T20:31:41Z DEBUG sail_execution::task_runner::actor::handler] worker_task_status worker_id=2 job_id=1 stage=1 partition=5 attempt=0 status=FAILED
[2026-10-03T20:31:41Z WARN sail_execution::task_runner::actor::handler] task_failure pid=55515 session_id=b9d09997-cc57-4e6d-9a61-48b29d64d912 worker_id=Some(WorkerId(2)) key=TaskKey { job_id: JobId(1), stage: 1, partition: 13, attempt: 0 } message=task error: Resources exhausted: Failed to allocate additional 256.0 KB for SingleHashAggregateStream[13] with 0.0 B already allocated for this reservation - 64.0 KB remain available for the total memory pool: greedy(used: 960.0 KB, pool_size: 1024.0 KB) cause=Failed to allocate additional 256.0 KB for SingleHashAggregateStream[13] with 0.0 B already allocated for this reservation - 64.0 KB remain available for the total memory pool: greedy(used: 960.0 KB, pool_size: 1024.0 KB)
[2026-10-03T20:31:41Z DEBUG sail_execution::task_runner::actor::handler] worker_task_status worker_id=2 job_id=1 stage=1 partition=13 attempt=0 status=FAILED
[2026-10-03T20:31:41Z DEBUG sail_execution::worker::server] StopTaskRequest { job_id: 1, stage: 1, partition: 1, attempt: 0 }
[2026-10-03T20:31:41Z DEBUG sail_execution::worker::server] StopTaskResponse
[2026-10-03T20:31:41Z DEBUG sail_execution::worker::server] StopTaskRequest { job_id: 1, stage: 1, partition: 3, attempt: 0 }
[2026-10-03T20:31:41Z DEBUG sail_execution::worker::server] StopTaskResponse
[2026-10-03T20:31:41Z DEBUG sail_execution::worker::server] StopTaskRequest { job_id: 1, stage: 1, partition: 9, attempt: 0 }
[2026-10-03T20:31:41Z DEBUG sail_execution::worker::server] StopTaskResponse
[2026-10-03T20:31:41Z DEBUG sail_execution::worker::server] StopTaskRequest { job_id: 1, stage: 1, partition: 13, attempt: 0 }
[2026-10-03T20:31:41Z DEBUG sail_execution::worker::server] StopTaskResponse
[2026-10-03T20:31:41Z DEBUG sail_execution::worker::server] StopTaskRequest { job_id: 1, stage: 1, partition: 7, attempt: 0 }
[2026-10-03T20:31:41Z DEBUG sail_execution::worker::server] StopTaskResponse
[2026-10-03T20:31:41Z DEBUG sail_execution::worker::server] StopTaskRequest { job_id: 1, stage: 1, partition: 15, attempt: 0 }
[2026-10-03T20:31:41Z DEBUG sail_execution::worker::server] StopTaskResponse
[2026-10-03T20:31:41Z DEBUG sail_execution::worker::server] StopTaskRequest { job_id: 1, stage: 1, partition: 11, attempt: 0 }
[2026-10-03T20:31:41Z DEBUG sail_execution::worker::server] StopTaskResponse
[2026-10-03T20:31:41Z DEBUG sail_execution::worker::server] CleanUpJobRequest { job_id: 1, stage: None }
[2026-10-03T20:31:41Z DEBUG sail_execution::worker::server] CleanUpJobResponse
[2026-10-03T20:31:41Z WARN sail_execution::diagnostics] execution_failure pid=55515 event=task_execution_error key=TaskKey { job_id: JobId(1), stage: 1, partition: 11, attempt: 0 } error_chain=Resources exhausted: Failed to allocate additional 256.0 KB for SingleHashAggregateStream[11] with 0.0 B already allocated for this reservation - 0.0 B remain available for the total memory pool: greedy(used: 1024.0 KB, pool_size: 1024.0 KB)
[2026-10-03T20:31:41Z WARN sail_execution::task_runner::actor::handler] task_failure pid=55515 session_id=b9d09997-cc57-4e6d-9a61-48b29d64d912 worker_id=Some(WorkerId(2)) key=TaskKey { job_id: JobId(1), stage: 1, partition: 11, attempt: 0 } message=task error: Resources exhausted: Failed to allocate additional 256.0 KB for SingleHashAggregateStream[11] with 0.0 B already allocated for this reservation - 0.0 B remain available for the total memory pool: greedy(used: 1024.0 KB, pool_size: 1024.0 KB) cause=Failed to allocate additional 256.0 KB for SingleHashAggregateStream[11] with 0.0 B already allocated for this reservation - 0.0 B remain available for the total memory pool: greedy(used: 1024.0 KB, pool_size: 1024.0 KB)
[2026-10-03T20:31:41Z DEBUG sail_execution::task_runner::actor::handler] worker_task_status worker_id=2 job_id=1 stage=1 partition=11 attempt=0 status=FAILED
[2026-10-03T20:31:41Z WARN sail_execution::diagnostics] execution_failure pid=55515 event=task_execution_error key=TaskKey { job_id: JobId(1), stage: 1, partition: 9, attempt: 0 } error_chain=Resources exhausted: Failed to allocate additional 256.0 KB for SingleHashAggregateStream[9] with 0.0 B already allocated for this reservation - 0.0 B remain available for the total memory pool: greedy(used: 1024.0 KB, pool_size: 1024.0 KB)
[2026-10-03T20:31:41Z WARN sail_execution::task_runner::actor::handler] task_failure pid=55515 session_id=b9d09997-cc57-4e6d-9a61-48b29d64d912 worker_id=Some(WorkerId(2)) key=TaskKey { job_id: JobId(1), stage: 1, partition: 9, attempt: 0 } message=task error: Resources exhausted: Failed to allocate additional 256.0 KB for SingleHashAggregateStream[9] with 0.0 B already allocated for this reservation - 0.0 B remain available for the total memory pool: greedy(used: 1024.0 KB, pool_size: 1024.0 KB) cause=Failed to allocate additional 256.0 KB for SingleHashAggregateStream[9] with 0.0 B already allocated for this reservation - 0.0 B remain available for the total memory pool: greedy(used: 1024.0 KB, pool_size: 1024.0 KB)
[2026-10-03T20:31:41Z DEBUG sail_execution::task_runner::actor::handler] worker_task_status worker_id=2 job_id=1 stage=1 partition=9 attempt=0 status=FAILED
[2026-10-03T20:31:41Z WARN sail_execution::diagnostics] execution_failure pid=55515 event=task_execution_error key=TaskKey { job_id: JobId(1), stage: 1, partition: 3, attempt: 0 } error_chain=Resources exhausted: Failed to allocate additional 256.0 KB for SingleHashAggregateStream[3] with 0.0 B already allocated for this reservation - 0.0 B remain available for the total memory pool: greedy(used: 1024.0 KB, pool_size: 1024.0 KB)
[2026-10-03T20:31:41Z WARN sail_execution::task_runner::actor::handler] task_failure pid=55515 session_id=b9d09997-cc57-4e6d-9a61-48b29d64d912 worker_id=Some(WorkerId(2)) key=TaskKey { job_id: JobId(1), stage: 1, partition: 3, attempt: 0 } message=task error: Resources exhausted: Failed to allocate additional 256.0 KB for SingleHashAggregateStream[3] with 0.0 B already allocated for this reservation - 0.0 B remain available for the total memory pool: greedy(used: 1024.0 KB, pool_size: 1024.0 KB) cause=Failed to allocate additional 256.0 KB for SingleHashAggregateStream[3] with 0.0 B already allocated for this reservation - 0.0 B remain available for the total memory pool: greedy(used: 1024.0 KB, pool_size: 1024.0 KB)
[2026-10-03T20:31:41Z DEBUG sail_execution::task_runner::actor::handler] worker_task_status worker_id=2 job_id=1 stage=1 partition=3 attempt=0 status=FAILED
[2026-10-03T20:31:41Z WARN sail_execution::diagnostics] execution_failure pid=55515 event=task_execution_error key=TaskKey { job_id: JobId(1), stage: 1, partition: 15, attempt: 0 } error_chain=Resources exhausted: Failed to allocate additional 256.0 KB for SingleHashAggregateStream[15] with 0.0 B already allocated for this reservation - 0.0 B remain available for the total memory pool: greedy(used: 1024.0 KB, pool_size: 1024.0 KB)
[2026-10-03T20:31:41Z WARN sail_execution::task_runner::actor::handler] task_failure pid=55515 session_id=b9d09997-cc57-4e6d-9a61-48b29d64d912 worker_id=Some(WorkerId(2)) key=TaskKey { job_id: JobId(1), stage: 1, partition: 15, attempt: 0 } message=task error: Resources exhausted: Failed to allocate additional 256.0 KB for SingleHashAggregateStream[15] with 0.0 B already allocated for this reservation - 0.0 B remain available for the total memory pool: greedy(used: 1024.0 KB, pool_size: 1024.0 KB) cause=Failed to allocate additional 256.0 KB for SingleHashAggregateStream[15] with 0.0 B already allocated for this reservation - 0.0 B remain available for the total memory pool: greedy(used: 1024.0 KB, pool_size: 1024.0 KB)
[2026-10-03T20:31:41Z DEBUG sail_execution::task_runner::actor::handler] worker_task_status worker_id=2 job_id=1 stage=1 partition=15 attempt=0 status=FAILED
[2026-10-03T20:31:41Z DEBUG sail_execution::task_runner::actor::handler] worker_task_status worker_id=2 job_id=1 stage=1 partition=7 attempt=0 status=CANCELED
[2026-10-03T20:31:41Z DEBUG sail_execution::task_runner::actor::handler] worker_task_status worker_id=2 job_id=1 stage=1 partition=1 attempt=0 status=CANCELED
[2026-10-03T20:31:41Z DEBUG sail_execution::worker::server] RunTaskBatchRequest { job_id: 2, stage: 2, tasks: [TaskAttempt { partition: 0, attempt: 0 }, TaskAttempt { partition: 2, attempt: 0 }, TaskAttempt { partition: 4, attempt: 0 }, TaskAttempt { partition: 6, attempt: 0 }, TaskAttempt { partition: 8, attempt: 0 }, TaskAttempt { partition: 10, attempt: 0 }, TaskAttempt { partition: 12, attempt: 0 }, TaskAttempt { partition: 14, attempt: 0 }], definition: [10, 210, 2, 34, 207, 2, 10, 232, 1, 34, 229, 1, 10, 119, 146, 1, 116, 10, 114, 26, 112, 18, 104, 10, 0, 42, 100, 10, 16, 10, 10, 115, 101, 115, 115, 105, 111, 110, 95, 105, 100, 18, 2, 114, 0, 10, 12, 10, 6, 106, 111, 98, 95, 105, 100, 18, 2, 74, 0, 10, 12, 10, 6, 115, 116, 97, 116, 117, 115, 18, 2, 114, 0, 10, 24, 10, 10, 99, 114, 101, 97, 116, 101, 100, 95, 97, 116, 18, 10, 162, 1, 7, 8, 2, 18, 3, 85, 84, 67, 10, 26, 10, 10, 115, 116, 111, 112, 112, 101, 100, 95, 97, 116, 18, 10, 162, 1, 7, 8, 2, 18, 3, 85, 84, 67, 24, 1, 26, ... (491 bytes)], peers: [] }
[2026-10-03T20:31:41Z DEBUG sail_execution::worker::server] RunTaskBatchResponse
[2026-10-03T20:31:41Z DEBUG sail_execution::task_runner::actor::handler] worker_task_status worker_id=2 job_id=2 stage=2 partition=2 attempt=0 status=RUNNING
[2026-10-03T20:31:41Z DEBUG sail_execution::task_runner::actor::handler] worker_task_status worker_id=2 job_id=2 stage=2 partition=8 attempt=0 status=RUNNING
[2026-10-03T20:31:41Z DEBUG sail_execution::task_runner::actor::handler] worker_task_status worker_id=2 job_id=2 stage=2 partition=4 attempt=0 status=RUNNING
[2026-10-03T20:31:41Z DEBUG sail_execution::task_runner::actor::handler] worker_task_status worker_id=2 job_id=2 stage=2 partition=6 attempt=0 status=RUNNING
[2026-10-03T20:31:41Z DEBUG sail_execution::task_runner::actor::handler] worker_task_status worker_id=2 job_id=2 stage=2 partition=10 attempt=0 status=RUNNING
[2026-10-03T20:31:41Z DEBUG sail_execution::task_runner::actor::handler] worker_task_status worker_id=2 job_id=2 stage=2 partition=14 attempt=0 status=RUNNING
[2026-10-03T20:31:41Z DEBUG sail_execution::task_runner::actor::handler] worker_task_status worker_id=2 job_id=2 stage=2 partition=0 attempt=0 status=RUNNING
[2026-10-03T20:31:41Z DEBUG sail_execution::task_runner::actor::handler] worker_task_status worker_id=2 job_id=2 stage=2 partition=12 attempt=0 status=RUNNING
[2026-10-03T20:31:41Z DEBUG sail_execution::task_runner::preparation] job 2 stage 2 partition 2 attempt 0 execution plan
ShuffleWriteExec: partitioning=RoundRobinBatch(1)
  ProjectionExec: expr=[#5@0 as session_id, #6@1 as job_id, #7@2 as status, #8@3 as created_at, #9@4 as stopped_at]
    ProjectionExec: expr=[session_id@0 as #5, CAST(job_id@1 AS Int64) as #6, status@2 as #7, created_at@3 as #8, stopped_at@4 as #9]
      ShuffleReadExec: partitioning=RoundRobinBatch(16)

[2026-10-03T20:31:41Z DEBUG sail_execution::task_runner::preparation] job 2 stage 2 partition 10 attempt 0 execution plan
ShuffleWriteExec: partitioning=RoundRobinBatch(1)
  ProjectionExec: expr=[#5@0 as session_id, #6@1 as job_id, #7@2 as status, #8@3 as created_at, #9@4 as stopped_at]
    ProjectionExec: expr=[session_id@0 as #5, CAST(job_id@1 AS Int64) as #6, status@2 as #7, created_at@3 as #8, stopped_at@4 as #9]
      ShuffleReadExec: partitioning=RoundRobinBatch(16)

[2026-10-03T20:31:41Z DEBUG sail_execution::task_runner::preparation] job 2 stage 2 partition 8 attempt 0 execution plan
ShuffleWriteExec: partitioning=RoundRobinBatch(1)
  ProjectionExec: expr=[#5@0 as session_id, #6@1 as job_id, #7@2 as status, #8@3 as created_at, #9@4 as stopped_at]
    ProjectionExec: expr=[session_id@0 as #5, CAST(job_id@1 AS Int64) as #6, status@2 as #7, created_at@3 as #8, stopped_at@4 as #9]
      ShuffleReadExec: partitioning=RoundRobinBatch(16)

[2026-10-03T20:31:41Z DEBUG sail_execution::task_runner::preparation] job 2 stage 2 partition 14 attempt 0 execution plan
ShuffleWriteExec: partitioning=RoundRobinBatch(1)
  ProjectionExec: expr=[#5@0 as session_id, #6@1 as job_id, #7@2 as status, #8@3 as created_at, #9@4 as stopped_at]
    ProjectionExec: expr=[session_id@0 as #5, CAST(job_id@1 AS Int64) as #6, status@2 as #7, created_at@3 as #8, stopped_at@4 as #9]
      ShuffleReadExec: partitioning=RoundRobinBatch(16)

[2026-10-03T20:31:41Z DEBUG sail_execution::task_runner::preparation] job 2 stage 2 partition 4 attempt 0 execution plan
ShuffleWriteExec: partitioning=RoundRobinBatch(1)
  ProjectionExec: expr=[#5@0 as session_id, #6@1 as job_id, #7@2 as status, #8@3 as created_at, #9@4 as stopped_at]
    ProjectionExec: expr=[session_id@0 as #5, CAST(job_id@1 AS Int64) as #6, status@2 as #7, created_at@3 as #8, stopped_at@4 as #9]
      ShuffleReadExec: partitioning=RoundRobinBatch(16)

[2026-10-03T20:31:41Z DEBUG sail_execution::task_runner::preparation] job 2 stage 2 partition 14 attempt 0 preparation wait=23.555µs duration=272.972µs
[2026-10-03T20:31:41Z DEBUG sail_execution::task_runner::preparation] job 2 stage 2 partition 6 attempt 0 execution plan
ShuffleWriteExec: partitioning=RoundRobinBatch(1)
  ProjectionExec: expr=[#5@0 as session_id, #6@1 as job_id, #7@2 as status, #8@3 as created_at, #9@4 as stopped_at]
    ProjectionExec: expr=[session_id@0 as #5, CAST(job_id@1 AS Int64) as #6, status@2 as #7, created_at@3 as #8, stopped_at@4 as #9]
      ShuffleReadExec: partitioning=RoundRobinBatch(16)

[2026-10-03T20:31:41Z DEBUG sail_execution::task_runner::preparation] job 2 stage 2 partition 2 attempt 0 preparation wait=14.496µs duration=256.733µs
[2026-10-03T20:31:41Z DEBUG sail_execution::task_runner::preparation] job 2 stage 2 partition 10 attempt 0 preparation wait=21.847µs duration=245.7µs
[2026-10-03T20:31:41Z DEBUG sail_execution::task_runner::preparation] job 2 stage 2 partition 12 attempt 0 execution plan
ShuffleWriteExec: partitioning=RoundRobinBatch(1)
  ProjectionExec: expr=[#5@0 as session_id, #6@1 as job_id, #7@2 as status, #8@3 as created_at, #9@4 as stopped_at]
    ProjectionExec: expr=[session_id@0 as #5, CAST(job_id@1 AS Int64) as #6, status@2 as #7, created_at@3 as #8, stopped_at@4 as #9]
      ShuffleReadExec: partitioning=RoundRobinBatch(16)

[2026-10-03T20:31:41Z DEBUG sail_execution::task_runner::preparation] job 2 stage 2 partition 8 attempt 0 preparation wait=26.639µs duration=292.786µs
[2026-10-03T20:31:41Z DEBUG sail_execution::task_runner::preparation] job 2 stage 2 partition 12 attempt 0 preparation wait=52.785µs duration=396.71µs
[2026-10-03T20:31:41Z DEBUG sail_execution::task_runner::preparation] job 2 stage 2 partition 0 attempt 0 execution plan
ShuffleWriteExec: partitioning=RoundRobinBatch(1)
  ProjectionExec: expr=[#5@0 as session_id, #6@1 as job_id, #7@2 as status, #8@3 as created_at, #9@4 as stopped_at]
    ProjectionExec: expr=[session_id@0 as #5, CAST(job_id@1 AS Int64) as #6, status@2 as #7, created_at@3 as #8, stopped_at@4 as #9]
      ShuffleReadExec: partitioning=RoundRobinBatch(16)

[2026-10-03T20:31:41Z DEBUG sail_execution::task_runner::preparation] job 2 stage 2 partition 6 attempt 0 preparation wait=46.39µs duration=365.57µs
[2026-10-03T20:31:41Z DEBUG sail_execution::task_runner::preparation] job 2 stage 2 partition 4 attempt 0 preparation wait=31.631µs duration=336.516µs
[2026-10-03T20:31:41Z DEBUG sail_execution::task_runner::preparation] job 2 stage 2 partition 0 attempt 0 preparation wait=27.671µs duration=516.932µs
[2026-10-03T20:31:41Z DEBUG sail_execution::stream::service::server] TaskStreamKey { job_id: JobId(2), stage: 2, partition: 8, attempt: 0, channel: 0 }
[2026-10-03T20:31:41Z DEBUG sail_execution::stream::service::server] TaskStreamKey { job_id: JobId(2), stage: 2, partition: 2, attempt: 0, channel: 0 }
[2026-10-03T20:31:41Z DEBUG sail_execution::stream::service::server] TaskStreamKey { job_id: JobId(2), stage: 2, partition: 4, attempt: 0, channel: 0 }
[2026-10-03T20:31:41Z DEBUG sail_execution::stream::service::server] TaskStreamKey { job_id: JobId(2), stage: 2, partition: 0, attempt: 0, channel: 0 }
[2026-10-03T20:31:41Z DEBUG sail_execution::stream::service::server] TaskStreamKey { job_id: JobId(2), stage: 2, partition: 12, attempt: 0, channel: 0 }
[2026-10-03T20:31:41Z DEBUG sail_execution::stream::service::server] TaskStreamKey { job_id: JobId(2), stage: 2, partition: 14, attempt: 0, channel: 0 }
[2026-10-03T20:31:41Z DEBUG sail_execution::stream::service::server] TaskStreamKey { job_id: JobId(2), stage: 2, partition: 10, attempt: 0, channel: 0 }
[2026-10-03T20:31:41Z DEBUG sail_execution::stream::service::server] TaskStreamKey { job_id: JobId(2), stage: 2, partition: 6, attempt: 0, channel: 0 }
[2026-10-03T20:31:41Z DEBUG sail_execution::task_runner::actor::handler] worker_task_status worker_id=2 job_id=2 stage=2 partition=8 attempt=0 status=SUCCEEDED
[2026-10-03T20:31:41Z DEBUG sail_execution::task_runner::actor::handler] worker_task_status worker_id=2 job_id=2 stage=2 partition=4 attempt=0 status=SUCCEEDED
[2026-10-03T20:31:41Z DEBUG sail_execution::task_runner::actor::handler] worker_task_status worker_id=2 job_id=2 stage=2 partition=14 attempt=0 status=SUCCEEDED
[2026-10-03T20:31:41Z DEBUG sail_execution::task_runner::actor::handler] worker_task_status worker_id=2 job_id=2 stage=2 partition=10 attempt=0 status=SUCCEEDED
[2026-10-03T20:31:41Z DEBUG sail_execution::task_runner::actor::handler] worker_task_status worker_id=2 job_id=2 stage=2 partition=6 attempt=0 status=SUCCEEDED
[2026-10-03T20:31:41Z DEBUG sail_execution::task_runner::actor::handler] worker_task_status worker_id=2 job_id=2 stage=2 partition=12 attempt=0 status=SUCCEEDED
[2026-10-03T20:31:41Z DEBUG sail_execution::task_runner::actor::handler] worker_task_status worker_id=2 job_id=2 stage=2 partition=2 attempt=0 status=SUCCEEDED
[2026-10-03T20:31:41Z DEBUG sail_execution::task_runner::actor::handler] worker_task_status worker_id=2 job_id=2 stage=2 partition=0 attempt=0 status=SUCCEEDED
[2026-10-03T20:31:41Z DEBUG sail_execution::worker::server] CleanUpJobRequest { job_id: 2, stage: None }
[2026-10-03T20:31:41Z DEBUG sail_execution::worker::server] CleanUpJobResponse
[2026-10-03T20:31:41Z DEBUG sail_execution::worker::server] RunTaskBatchRequest { job_id: 3, stage: 2, tasks: [TaskAttempt { partition: 0, attempt: 0 }, TaskAttempt { partition: 2, attempt: 0 }, TaskAttempt { partition: 4, attempt: 0 }, TaskAttempt { partition: 6, attempt: 0 }, TaskAttempt { partition: 8, attempt: 0 }, TaskAttempt { partition: 10, attempt: 0 }, TaskAttempt { partition: 12, attempt: 0 }, TaskAttempt { partition: 14, attempt: 0 }], definition: [10, 215, 6, 34, 212, 6, 10, 218, 4, 34, 215, 4, 10, 144, 2, 146, 1, 140, 2, 10, 137, 2, 26, 134, 2, 18, 253, 1, 10, 0, 42, 248, 1, 10, 16, 10, 10, 115, 101, 115, 115, 105, 111, 110, 95, 105, 100, 18, 2, 114, 0, 10, 12, 10, 6, 106, 111, 98, 95, 105, 100, 18, 2, 74, 0, 10, 11, 10, 5, 115, 116, 97, 103, 101, 18, 2, 74, 0, 10, 16, 10, 10, 112, 97, 114, 116, 105, 116, 105, 111, 110, 115, 18, 2, 74, 0, 10, 53, 10, 6, 105, 110, 112, 117, 116, 115, 18, 43, 202, 1, 40, 10, 38, 10, 4, 105, 116, 101, 109, 18, 28, 226, 1, 25, 10, 11, 10, 5, ... (1008 bytes)], peers: [] }
[2026-10-03T20:31:41Z DEBUG sail_execution::task_runner::actor::handler] worker_task_status worker_id=2 job_id=3 stage=2 partition=0 attempt=0 status=RUNNING
[2026-10-03T20:31:41Z DEBUG sail_execution::task_runner::actor::handler] worker_task_status worker_id=2 job_id=3 stage=2 partition=2 attempt=0 status=RUNNING
[2026-10-03T20:31:41Z DEBUG sail_execution::task_runner::actor::handler] worker_task_status worker_id=2 job_id=3 stage=2 partition=8 attempt=0 status=RUNNING
[2026-10-03T20:31:41Z DEBUG sail_execution::worker::server] RunTaskBatchResponse
[2026-10-03T20:31:41Z DEBUG sail_execution::task_runner::actor::handler] worker_task_status worker_id=2 job_id=3 stage=2 partition=4 attempt=0 status=RUNNING
[2026-10-03T20:31:41Z DEBUG sail_execution::task_runner::actor::handler] worker_task_status worker_id=2 job_id=3 stage=2 partition=12 attempt=0 status=RUNNING
[2026-10-03T20:31:41Z DEBUG sail_execution::task_runner::actor::handler] worker_task_status worker_id=2 job_id=3 stage=2 partition=6 attempt=0 status=RUNNING
[2026-10-03T20:31:41Z DEBUG sail_execution::task_runner::actor::handler] worker_task_status worker_id=2 job_id=3 stage=2 partition=10 attempt=0 status=RUNNING
[2026-10-03T20:31:41Z DEBUG sail_execution::task_runner::actor::handler] worker_task_status worker_id=2 job_id=3 stage=2 partition=14 attempt=0 status=RUNNING
[2026-10-03T20:31:41Z DEBUG sail_execution::task_runner::preparation] job 3 stage 2 partition 12 attempt 0 execution plan
ShuffleWriteExec: partitioning=RoundRobinBatch(1)
  ProjectionExec: expr=[#12@0 as session_id, #13@1 as job_id, #14@2 as stage, #15@3 as partitions, #16@4 as inputs, #17@5 as group, #18@6 as mode, #19@7 as distribution, #20@8 as placement, #21@9 as status, #22@10 as created_at, #23@11 as stopped_at]
    ProjectionExec: expr=[session_id@0 as #12, CAST(job_id@1 AS Int64) as #13, CAST(stage@2 AS Int64) as #14, CAST(partitions@3 AS Int64) as #15, CAST(inputs@4 AS List(Struct("stage": Int64, "mode": Utf8))) as #16, group@5 as #17, mode@6 as #18, distribution@7 as #19, placement@8 as #20, status@9 as #21, created_at@10 as #22, stopped_at@11 as #23]
      ShuffleReadExec: partitioning=RoundRobinBatch(16)

[2026-10-03T20:31:41Z DEBUG sail_execution::task_runner::preparation] job 3 stage 2 partition 4 attempt 0 execution plan
ShuffleWriteExec: partitioning=RoundRobinBatch(1)
  ProjectionExec: expr=[#12@0 as session_id, #13@1 as job_id, #14@2 as stage, #15@3 as partitions, #16@4 as inputs, #17@5 as group, #18@6 as mode, #19@7 as distribution, #20@8 as placement, #21@9 as status, #22@10 as created_at, #23@11 as stopped_at]
    ProjectionExec: expr=[session_id@0 as #12, CAST(job_id@1 AS Int64) as #13, CAST(stage@2 AS Int64) as #14, CAST(partitions@3 AS Int64) as #15, CAST(inputs@4 AS List(Struct("stage": Int64, "mode": Utf8))) as #16, group@5 as #17, mode@6 as #18, distribution@7 as #19, placement@8 as #20, status@9 as #21, created_at@10 as #22, stopped_at@11 as #23]
      ShuffleReadExec: partitioning=RoundRobinBatch(16)

[2026-10-03T20:31:41Z DEBUG sail_execution::task_runner::preparation] job 3 stage 2 partition 0 attempt 0 execution plan
ShuffleWriteExec: partitioning=RoundRobinBatch(1)
  ProjectionExec: expr=[#12@0 as session_id, #13@1 as job_id, #14@2 as stage, #15@3 as partitions, #16@4 as inputs, #17@5 as group, #18@6 as mode, #19@7 as distribution, #20@8 as placement, #21@9 as status, #22@10 as created_at, #23@11 as stopped_at]
    ProjectionExec: expr=[session_id@0 as #12, CAST(job_id@1 AS Int64) as #13, CAST(stage@2 AS Int64) as #14, CAST(partitions@3 AS Int64) as #15, CAST(inputs@4 AS List(Struct("stage": Int64, "mode": Utf8))) as #16, group@5 as #17, mode@6 as #18, distribution@7 as #19, placement@8 as #20, status@9 as #21, created_at@10 as #22, stopped_at@11 as #23]
      ShuffleReadExec: partitioning=RoundRobinBatch(16)

[2026-10-03T20:31:41Z DEBUG sail_execution::task_runner::preparation] job 3 stage 2 partition 4 attempt 0 preparation wait=16.349µs duration=306.413µs
[2026-10-03T20:31:41Z DEBUG sail_execution::task_runner::preparation] job 3 stage 2 partition 10 attempt 0 execution plan
ShuffleWriteExec: partitioning=RoundRobinBatch(1)
  ProjectionExec: expr=[#12@0 as session_id, #13@1 as job_id, #14@2 as stage, #15@3 as partitions, #16@4 as inputs, #17@5 as group, #18@6 as mode, #19@7 as distribution, #20@8 as placement, #21@9 as status, #22@10 as created_at, #23@11 as stopped_at]
    ProjectionExec: expr=[session_id@0 as #12, CAST(job_id@1 AS Int64) as #13, CAST(stage@2 AS Int64) as #14, CAST(partitions@3 AS Int64) as #15, CAST(inputs@4 AS List(Struct("stage": Int64, "mode": Utf8))) as #16, group@5 as #17, mode@6 as #18, distribution@7 as #19, placement@8 as #20, status@9 as #21, created_at@10 as #22, stopped_at@11 as #23]
      ShuffleReadExec: partitioning=RoundRobinBatch(16)

[2026-10-03T20:31:41Z DEBUG sail_execution::task_runner::preparation] job 3 stage 2 partition 0 attempt 0 preparation wait=12.802µs duration=393.906µs
[2026-10-03T20:31:41Z DEBUG sail_execution::task_runner::preparation] job 3 stage 2 partition 8 attempt 0 execution plan
ShuffleWriteExec: partitioning=RoundRobinBatch(1)
  ProjectionExec: expr=[#12@0 as session_id, #13@1 as job_id, #14@2 as stage, #15@3 as partitions, #16@4 as inputs, #17@5 as group, #18@6 as mode, #19@7 as distribution, #20@8 as placement, #21@9 as status, #22@10 as created_at, #23@11 as stopped_at]
    ProjectionExec: expr=[session_id@0 as #12, CAST(job_id@1 AS Int64) as #13, CAST(stage@2 AS Int64) as #14, CAST(partitions@3 AS Int64) as #15, CAST(inputs@4 AS List(Struct("stage": Int64, "mode": Utf8))) as #16, group@5 as #17, mode@6 as #18, distribution@7 as #19, placement@8 as #20, status@9 as #21, created_at@10 as #22, stopped_at@11 as #23]
      ShuffleReadExec: partitioning=RoundRobinBatch(16)

[2026-10-03T20:31:41Z DEBUG sail_execution::task_runner::preparation] job 3 stage 2 partition 12 attempt 0 preparation wait=16.779µs duration=266.719µs
[2026-10-03T20:31:41Z DEBUG sail_execution::task_runner::preparation] job 3 stage 2 partition 6 attempt 0 execution plan
ShuffleWriteExec: partitioning=RoundRobinBatch(1)
  ProjectionExec: expr=[#12@0 as session_id, #13@1 as job_id, #14@2 as stage, #15@3 as partitions, #16@4 as inputs, #17@5 as group, #18@6 as mode, #19@7 as distribution, #20@8 as placement, #21@9 as status, #22@10 as created_at, #23@11 as stopped_at]
    ProjectionExec: expr=[session_id@0 as #12, CAST(job_id@1 AS Int64) as #13, CAST(stage@2 AS Int64) as #14, CAST(partitions@3 AS Int64) as #15, CAST(inputs@4 AS List(Struct("stage": Int64, "mode": Utf8))) as #16, group@5 as #17, mode@6 as #18, distribution@7 as #19, placement@8 as #20, status@9 as #21, created_at@10 as #22, stopped_at@11 as #23]
      ShuffleReadExec: partitioning=RoundRobinBatch(16)

[2026-10-03T20:31:41Z DEBUG sail_execution::task_runner::preparation] job 3 stage 2 partition 2 attempt 0 execution plan
ShuffleWriteExec: partitioning=RoundRobinBatch(1)
  ProjectionExec: expr=[#12@0 as session_id, #13@1 as job_id, #14@2 as stage, #15@3 as partitions, #16@4 as inputs, #17@5 as group, #18@6 as mode, #19@7 as distribution, #20@8 as placement, #21@9 as status, #22@10 as created_at, #23@11 as stopped_at]
    ProjectionExec: expr=[session_id@0 as #12, CAST(job_id@1 AS Int64) as #13, CAST(stage@2 AS Int64) as #14, CAST(partitions@3 AS Int64) as #15, CAST(inputs@4 AS List(Struct("stage": Int64, "mode": Utf8))) as #16, group@5 as #17, mode@6 as #18, distribution@7 as #19, placement@8 as #20, status@9 as #21, created_at@10 as #22, stopped_at@11 as #23]
      ShuffleReadExec: partitioning=RoundRobinBatch(16)

[2026-10-03T20:31:41Z DEBUG sail_execution::task_runner::preparation] job 3 stage 2 partition 14 attempt 0 execution plan
ShuffleWriteExec: partitioning=RoundRobinBatch(1)
  ProjectionExec: expr=[#12@0 as session_id, #13@1 as job_id, #14@2 as stage, #15@3 as partitions, #16@4 as inputs, #17@5 as group, #18@6 as mode, #19@7 as distribution, #20@8 as placement, #21@9 as status, #22@10 as created_at, #23@11 as stopped_at]
    ProjectionExec: expr=[session_id@0 as #12, CAST(job_id@1 AS Int64) as #13, CAST(stage@2 AS Int64) as #14, CAST(partitions@3 AS Int64) as #15, CAST(inputs@4 AS List(Struct("stage": Int64, "mode": Utf8))) as #16, group@5 as #17, mode@6 as #18, distribution@7 as #19, placement@8 as #20, status@9 as #21, created_at@10 as #22, stopped_at@11 as #23]
      ShuffleReadExec: partitioning=RoundRobinBatch(16)

[2026-10-03T20:31:41Z DEBUG sail_execution::task_runner::preparation] job 3 stage 2 partition 10 attempt 0 preparation wait=20.002µs duration=424.074µs
[2026-10-03T20:31:41Z DEBUG sail_execution::task_runner::preparation] job 3 stage 2 partition 14 attempt 0 preparation wait=18.916µs duration=651.968µs
[2026-10-03T20:31:41Z DEBUG sail_execution::task_runner::preparation] job 3 stage 2 partition 6 attempt 0 preparation wait=52.876µs duration=519.048µs
[2026-10-03T20:31:41Z DEBUG sail_execution::task_runner::preparation] job 3 stage 2 partition 2 attempt 0 preparation wait=14.598µs duration=603.095µs
[2026-10-03T20:31:41Z DEBUG sail_execution::task_runner::preparation] job 3 stage 2 partition 8 attempt 0 preparation wait=43.836µs duration=462.128µs
[2026-10-03T20:31:41Z DEBUG sail_execution::stream::service::server] TaskStreamKey { job_id: JobId(3), stage: 2, partition: 0, attempt: 0, channel: 0 }
[2026-10-03T20:31:41Z DEBUG sail_execution::stream::service::server] TaskStreamKey { job_id: JobId(3), stage: 2, partition: 2, attempt: 0, channel: 0 }
[2026-10-03T20:31:41Z DEBUG sail_execution::stream::service::server] TaskStreamKey { job_id: JobId(3), stage: 2, partition: 8, attempt: 0, channel: 0 }
[2026-10-03T20:31:41Z DEBUG sail_execution::stream::service::server] TaskStreamKey { job_id: JobId(3), stage: 2, partition: 12, attempt: 0, channel: 0 }
[2026-10-03T20:31:41Z DEBUG sail_execution::task_runner::actor::handler] worker_task_status worker_id=2 job_id=3 stage=2 partition=10 attempt=0 status=SUCCEEDED
[2026-10-03T20:31:41Z DEBUG sail_execution::stream::service::server] TaskStreamKey { job_id: JobId(3), stage: 2, partition: 4, attempt: 0, channel: 0 }
[2026-10-03T20:31:41Z DEBUG sail_execution::stream::service::server] TaskStreamKey { job_id: JobId(3), stage: 2, partition: 6, attempt: 0, channel: 0 }
[2026-10-03T20:31:41Z DEBUG sail_execution::stream::service::server] TaskStreamKey { job_id: JobId(3), stage: 2, partition: 10, attempt: 0, channel: 0 }
[2026-10-03T20:31:41Z DEBUG sail_execution::stream::service::server] TaskStreamKey { job_id: JobId(3), stage: 2, partition: 14, attempt: 0, channel: 0 }
[2026-10-03T20:31:41Z DEBUG sail_execution::task_runner::actor::handler] worker_task_status worker_id=2 job_id=3 stage=2 partition=6 attempt=0 status=SUCCEEDED
[2026-10-03T20:31:41Z DEBUG sail_execution::task_runner::actor::handler] worker_task_status worker_id=2 job_id=3 stage=2 partition=4 attempt=0 status=SUCCEEDED
[2026-10-03T20:31:41Z DEBUG sail_execution::task_runner::actor::handler] worker_task_status worker_id=2 job_id=3 stage=2 partition=14 attempt=0 status=SUCCEEDED
[2026-10-03T20:31:41Z DEBUG sail_execution::task_runner::actor::handler] worker_task_status worker_id=2 job_id=3 stage=2 partition=2 attempt=0 status=SUCCEEDED
[2026-10-03T20:31:41Z DEBUG sail_execution::task_runner::actor::handler] worker_task_status worker_id=2 job_id=3 stage=2 partition=12 attempt=0 status=SUCCEEDED
[2026-10-03T20:31:41Z DEBUG sail_execution::task_runner::actor::handler] worker_task_status worker_id=2 job_id=3 stage=2 partition=8 attempt=0 status=SUCCEEDED
[2026-10-03T20:31:41Z DEBUG sail_execution::task_runner::actor::handler] worker_task_status worker_id=2 job_id=3 stage=2 partition=0 attempt=0 status=SUCCEEDED
[2026-10-03T20:31:41Z DEBUG sail_execution::worker::server] CleanUpJobRequest { job_id: 3, stage: None }
[2026-10-03T20:31:41Z DEBUG sail_execution::worker::server] CleanUpJobResponse
[2026-10-03T20:31:41Z DEBUG sail_execution::worker::server] RunTaskBatchRequest { job_id: 4, stage: 2, tasks: [TaskAttempt { partition: 0, attempt: 0 }, TaskAttempt { partition: 2, attempt: 0 }, TaskAttempt { partition: 4, attempt: 0 }, TaskAttempt { partition: 6, attempt: 0 }, TaskAttempt { partition: 8, attempt: 0 }, TaskAttempt { partition: 10, attempt: 0 }, TaskAttempt { partition: 12, attempt: 0 }, TaskAttempt { partition: 14, attempt: 0 }], definition: [10, 155, 4, 34, 152, 4, 10, 242, 2, 34, 239, 2, 10, 169, 1, 146, 1, 165, 1, 10, 162, 1, 26, 159, 1, 18, 150, 1, 10, 0, 42, 145, 1, 10, 16, 10, 10, 115, 101, 115, 115, 105, 111, 110, 95, 105, 100, 18, 2, 114, 0, 10, 12, 10, 6, 106, 111, 98, 95, 105, 100, 18, 2, 74, 0, 10, 11, 10, 5, 115, 116, 97, 103, 101, 18, 2, 74, 0, 10, 15, 10, 9, 112, 97, 114, 116, 105, 116, 105, 111, 110, 18, 2, 74, 0, 10, 13, 10, 7, 97, 116, 116, 101, 109, 112, 116, 18, 2, 74, 0, 10, 12, 10, 6, 115, 116, 97, 116, 117, 115, 18, 2, 114, 0, 10, 24, 10, 10, ... (692 bytes)], peers: [] }
[2026-10-03T20:31:41Z DEBUG sail_execution::worker::server] RunTaskBatchResponse
[2026-10-03T20:31:41Z DEBUG sail_execution::task_runner::actor::handler] worker_task_status worker_id=2 job_id=4 stage=2 partition=4 attempt=0 status=RUNNING
[2026-10-03T20:31:41Z DEBUG sail_execution::task_runner::actor::handler] worker_task_status worker_id=2 job_id=4 stage=2 partition=10 attempt=0 status=RUNNING
[2026-10-03T20:31:41Z DEBUG sail_execution::task_runner::actor::handler] worker_task_status worker_id=2 job_id=4 stage=2 partition=14 attempt=0 status=RUNNING
[2026-10-03T20:31:41Z DEBUG sail_execution::task_runner::actor::handler] worker_task_status worker_id=2 job_id=4 stage=2 partition=6 attempt=0 status=RUNNING
[2026-10-03T20:31:41Z DEBUG sail_execution::task_runner::actor::handler] worker_task_status worker_id=2 job_id=4 stage=2 partition=12 attempt=0 status=RUNNING
[2026-10-03T20:31:41Z DEBUG sail_execution::task_runner::actor::handler] worker_task_status worker_id=2 job_id=4 stage=2 partition=8 attempt=0 status=RUNNING
[2026-10-03T20:31:41Z DEBUG sail_execution::task_runner::actor::handler] worker_task_status worker_id=2 job_id=4 stage=2 partition=0 attempt=0 status=RUNNING
[2026-10-03T20:31:41Z DEBUG sail_execution::task_runner::preparation] job 4 stage 2 partition 4 attempt 0 execution plan
ShuffleWriteExec: partitioning=RoundRobinBatch(1)
  ProjectionExec: expr=[#8@0 as session_id, #9@1 as job_id, #10@2 as stage, #11@3 as partition, #12@4 as attempt, #13@5 as status, #14@6 as created_at, #15@7 as stopped_at]
    ProjectionExec: expr=[session_id@0 as #8, CAST(job_id@1 AS Int64) as #9, CAST(stage@2 AS Int64) as #10, CAST(partition@3 AS Int64) as #11, CAST(attempt@4 AS Int64) as #12, status@5 as #13, created_at@6 as #14, stopped_at@7 as #15]
      ShuffleReadExec: partitioning=RoundRobinBatch(16)

[2026-10-03T20:31:41Z DEBUG sail_execution::task_runner::preparation] job 4 stage 2 partition 6 attempt 0 execution plan
ShuffleWriteExec: partitioning=RoundRobinBatch(1)
  ProjectionExec: expr=[#8@0 as session_id, #9@1 as job_id, #10@2 as stage, #11@3 as partition, #12@4 as attempt, #13@5 as status, #14@6 as created_at, #15@7 as stopped_at]
    ProjectionExec: expr=[session_id@0 as #8, CAST(job_id@1 AS Int64) as #9, CAST(stage@2 AS Int64) as #10, CAST(partition@3 AS Int64) as #11, CAST(attempt@4 AS Int64) as #12, status@5 as #13, created_at@6 as #14, stopped_at@7 as #15]
      ShuffleReadExec: partitioning=RoundRobinBatch(16)

[2026-10-03T20:31:41Z DEBUG sail_execution::task_runner::preparation] job 4 stage 2 partition 2 attempt 0 execution plan
ShuffleWriteExec: partitioning=RoundRobinBatch(1)
  ProjectionExec: expr=[#8@0 as session_id, #9@1 as job_id, #10@2 as stage, #11@3 as partition, #12@4 as attempt, #13@5 as status, #14@6 as created_at, #15@7 as stopped_at]
    ProjectionExec: expr=[session_id@0 as #8, CAST(job_id@1 AS Int64) as #9, CAST(stage@2 AS Int64) as #10, CAST(partition@3 AS Int64) as #11, CAST(attempt@4 AS Int64) as #12, status@5 as #13, created_at@6 as #14, stopped_at@7 as #15]
      ShuffleReadExec: partitioning=RoundRobinBatch(16)

[2026-10-03T20:31:41Z DEBUG sail_execution::task_runner::preparation] job 4 stage 2 partition 10 attempt 0 execution plan
ShuffleWriteExec: partitioning=RoundRobinBatch(1)
  ProjectionExec: expr=[#8@0 as session_id, #9@1 as job_id, #10@2 as stage, #11@3 as partition, #12@4 as attempt, #13@5 as status, #14@6 as created_at, #15@7 as stopped_at]
    ProjectionExec: expr=[session_id@0 as #8, CAST(job_id@1 AS Int64) as #9, CAST(stage@2 AS Int64) as #10, CAST(partition@3 AS Int64) as #11, CAST(attempt@4 AS Int64) as #12, status@5 as #13, created_at@6 as #14, stopped_at@7 as #15]
      ShuffleReadExec: partitioning=RoundRobinBatch(16)

[2026-10-03T20:31:41Z DEBUG sail_execution::task_runner::preparation] job 4 stage 2 partition 2 attempt 0 preparation wait=16.221µs duration=179.189µs
[2026-10-03T20:31:41Z DEBUG sail_execution::task_runner::actor::handler] worker_task_status worker_id=2 job_id=4 stage=2 partition=2 attempt=0 status=RUNNING
[2026-10-03T20:31:41Z DEBUG sail_execution::task_runner::preparation] job 4 stage 2 partition 10 attempt 0 preparation wait=16.501µs duration=269.408µs
[2026-10-03T20:31:41Z DEBUG sail_execution::task_runner::preparation] job 4 stage 2 partition 12 attempt 0 execution plan
ShuffleWriteExec: partitioning=RoundRobinBatch(1)
  ProjectionExec: expr=[#8@0 as session_id, #9@1 as job_id, #10@2 as stage, #11@3 as partition, #12@4 as attempt, #13@5 as status, #14@6 as created_at, #15@7 as stopped_at]
    ProjectionExec: expr=[session_id@0 as #8, CAST(job_id@1 AS Int64) as #9, CAST(stage@2 AS Int64) as #10, CAST(partition@3 AS Int64) as #11, CAST(attempt@4 AS Int64) as #12, status@5 as #13, created_at@6 as #14, stopped_at@7 as #15]
      ShuffleReadExec: partitioning=RoundRobinBatch(16)

[2026-10-03T20:31:41Z DEBUG sail_execution::task_runner::preparation] job 4 stage 2 partition 14 attempt 0 execution plan
ShuffleWriteExec: partitioning=RoundRobinBatch(1)
  ProjectionExec: expr=[#8@0 as session_id, #9@1 as job_id, #10@2 as stage, #11@3 as partition, #12@4 as attempt, #13@5 as status, #14@6 as created_at, #15@7 as stopped_at]
    ProjectionExec: expr=[session_id@0 as #8, CAST(job_id@1 AS Int64) as #9, CAST(stage@2 AS Int64) as #10, CAST(partition@3 AS Int64) as #11, CAST(attempt@4 AS Int64) as #12, status@5 as #13, created_at@6 as #14, stopped_at@7 as #15]
      ShuffleReadExec: partitioning=RoundRobinBatch(16)

[2026-10-03T20:31:41Z DEBUG sail_execution::task_runner::preparation] job 4 stage 2 partition 12 attempt 0 preparation wait=16.938µs duration=330.513µs
[2026-10-03T20:31:41Z DEBUG sail_execution::task_runner::preparation] job 4 stage 2 partition 6 attempt 0 preparation wait=17.795µs duration=164.671µs
[2026-10-03T20:31:41Z DEBUG sail_execution::task_runner::preparation] job 4 stage 2 partition 8 attempt 0 execution plan
ShuffleWriteExec: partitioning=RoundRobinBatch(1)
  ProjectionExec: expr=[#8@0 as session_id, #9@1 as job_id, #10@2 as stage, #11@3 as partition, #12@4 as attempt, #13@5 as status, #14@6 as created_at, #15@7 as stopped_at]
    ProjectionExec: expr=[session_id@0 as #8, CAST(job_id@1 AS Int64) as #9, CAST(stage@2 AS Int64) as #10, CAST(partition@3 AS Int64) as #11, CAST(attempt@4 AS Int64) as #12, status@5 as #13, created_at@6 as #14, stopped_at@7 as #15]
      ShuffleReadExec: partitioning=RoundRobinBatch(16)

[2026-10-03T20:31:41Z DEBUG sail_execution::task_runner::preparation] job 4 stage 2 partition 0 attempt 0 execution plan
ShuffleWriteExec: partitioning=RoundRobinBatch(1)
  ProjectionExec: expr=[#8@0 as session_id, #9@1 as job_id, #10@2 as stage, #11@3 as partition, #12@4 as attempt, #13@5 as status, #14@6 as created_at, #15@7 as stopped_at]
    ProjectionExec: expr=[session_id@0 as #8, CAST(job_id@1 AS Int64) as #9, CAST(stage@2 AS Int64) as #10, CAST(partition@3 AS Int64) as #11, CAST(attempt@4 AS Int64) as #12, status@5 as #13, created_at@6 as #14, stopped_at@7 as #15]
      ShuffleReadExec: partitioning=RoundRobinBatch(16)

[2026-10-03T20:31:41Z DEBUG sail_execution::task_runner::preparation] job 4 stage 2 partition 4 attempt 0 preparation wait=13.14µs duration=189.412µs
[2026-10-03T20:31:41Z DEBUG sail_execution::task_runner::preparation] job 4 stage 2 partition 0 attempt 0 preparation wait=29.34µs duration=474.581µs
[2026-10-03T20:31:41Z DEBUG sail_execution::task_runner::preparation] job 4 stage 2 partition 14 attempt 0 preparation wait=16.436µs duration=376.047µs
[2026-10-03T20:31:41Z DEBUG sail_execution::task_runner::preparation] job 4 stage 2 partition 8 attempt 0 preparation wait=17.295µs duration=470.214µs
[2026-10-03T20:31:41Z DEBUG sail_execution::stream::service::server] TaskStreamKey { job_id: JobId(4), stage: 2, partition: 4, attempt: 0, channel: 0 }
[2026-10-03T20:31:41Z DEBUG sail_execution::stream::service::server] TaskStreamKey { job_id: JobId(4), stage: 2, partition: 8, attempt: 0, channel: 0 }
[2026-10-03T20:31:41Z DEBUG sail_execution::stream::service::server] TaskStreamKey { job_id: JobId(4), stage: 2, partition: 14, attempt: 0, channel: 0 }
[2026-10-03T20:31:41Z DEBUG sail_execution::stream::service::server] TaskStreamKey { job_id: JobId(4), stage: 2, partition: 10, attempt: 0, channel: 0 }
[2026-10-03T20:31:41Z DEBUG sail_execution::stream::service::server] TaskStreamKey { job_id: JobId(4), stage: 2, partition: 6, attempt: 0, channel: 0 }
[2026-10-03T20:31:41Z DEBUG sail_execution::stream::service::server] TaskStreamKey { job_id: JobId(4), stage: 2, partition: 12, attempt: 0, channel: 0 }
[2026-10-03T20:31:41Z DEBUG sail_execution::task_runner::actor::handler] worker_task_status worker_id=2 job_id=4 stage=2 partition=10 attempt=0 status=SUCCEEDED
[2026-10-03T20:31:41Z DEBUG sail_execution::stream::service::server] TaskStreamKey { job_id: JobId(4), stage: 2, partition: 2, attempt: 0, channel: 0 }
[2026-10-03T20:31:41Z DEBUG sail_execution::stream::service::server] TaskStreamKey { job_id: JobId(4), stage: 2, partition: 0, attempt: 0, channel: 0 }
[2026-10-03T20:31:41Z DEBUG sail_execution::task_runner::actor::handler] worker_task_status worker_id=2 job_id=4 stage=2 partition=12 attempt=0 status=SUCCEEDED
[2026-10-03T20:31:41Z DEBUG sail_execution::task_runner::actor::handler] worker_task_status worker_id=2 job_id=4 stage=2 partition=14 attempt=0 status=SUCCEEDED
[2026-10-03T20:31:41Z DEBUG sail_execution::task_runner::actor::handler] worker_task_status worker_id=2 job_id=4 stage=2 partition=6 attempt=0 status=SUCCEEDED
[2026-10-03T20:31:41Z DEBUG sail_execution::task_runner::actor::handler] worker_task_status worker_id=2 job_id=4 stage=2 partition=4 attempt=0 status=SUCCEEDED
[2026-10-03T20:31:41Z DEBUG sail_execution::task_runner::actor::handler] worker_task_status worker_id=2 job_id=4 stage=2 partition=2 attempt=0 status=SUCCEEDED
[2026-10-03T20:31:41Z DEBUG sail_execution::task_runner::actor::handler] worker_task_status worker_id=2 job_id=4 stage=2 partition=8 attempt=0 status=SUCCEEDED
[2026-10-03T20:31:41Z DEBUG sail_execution::task_runner::actor::handler] worker_task_status worker_id=2 job_id=4 stage=2 partition=0 attempt=0 status=SUCCEEDED
[2026-10-03T20:31:41Z DEBUG sail_execution::worker::server] CleanUpJobRequest { job_id: 4, stage: None }
[2026-10-03T20:31:41Z DEBUG sail_execution::worker::server] CleanUpJobResponse
[2026-10-03T20:31:41Z DEBUG sail_execution::worker::server] RunTaskBatchRequest { job_id: 5, stage: 2, tasks: [TaskAttempt { partition: 0, attempt: 0 }, TaskAttempt { partition: 2, attempt: 0 }, TaskAttempt { partition: 4, attempt: 0 }, TaskAttempt { partition: 6, attempt: 0 }, TaskAttempt { partition: 8, attempt: 0 }, TaskAttempt { partition: 10, attempt: 0 }, TaskAttempt { partition: 12, attempt: 0 }, TaskAttempt { partition: 14, attempt: 0 }], definition: [10, 205, 3, 34, 202, 3, 10, 188, 2, 34, 185, 2, 10, 155, 1, 146, 1, 151, 1, 10, 148, 1, 26, 145, 1, 18, 136, 1, 10, 0, 42, 131, 1, 10, 16, 10, 10, 115, 101, 115, 115, 105, 111, 110, 95, 105, 100, 18, 2, 114, 0, 10, 15, 10, 9, 119, 111, 114, 107, 101, 114, 95, 105, 100, 18, 2, 74, 0, 10, 12, 10, 4, 104, 111, 115, 116, 18, 2, 114, 0, 24, 1, 10, 12, 10, 4, 112, 111, 114, 116, 18, 2, 42, 0, 24, 1, 10, 12, 10, 6, 115, 116, 97, 116, 117, 115, 18, 2, 114, 0, 10, 24, 10, 10, 99, 114, 101, 97, 116, 101, 100, 95, 97, 116, 18, 10, 162, 1, ... (614 bytes)], peers: [] }
[2026-10-03T20:31:41Z DEBUG sail_execution::worker::server] RunTaskBatchResponse
[2026-10-03T20:31:41Z DEBUG sail_execution::task_runner::actor::handler] worker_task_status worker_id=2 job_id=5 stage=2 partition=6 attempt=0 status=RUNNING
[2026-10-03T20:31:41Z DEBUG sail_execution::task_runner::actor::handler] worker_task_status worker_id=2 job_id=5 stage=2 partition=10 attempt=0 status=RUNNING
[2026-10-03T20:31:41Z DEBUG sail_execution::task_runner::actor::handler] worker_task_status worker_id=2 job_id=5 stage=2 partition=12 attempt=0 status=RUNNING
[2026-10-03T20:31:41Z DEBUG sail_execution::task_runner::actor::handler] worker_task_status worker_id=2 job_id=5 stage=2 partition=8 attempt=0 status=RUNNING
[2026-10-03T20:31:41Z DEBUG sail_execution::task_runner::actor::handler] worker_task_status worker_id=2 job_id=5 stage=2 partition=14 attempt=0 status=RUNNING
[2026-10-03T20:31:41Z DEBUG sail_execution::task_runner::actor::handler] worker_task_status worker_id=2 job_id=5 stage=2 partition=2 attempt=0 status=RUNNING
[2026-10-03T20:31:41Z DEBUG sail_execution::task_runner::actor::handler] worker_task_status worker_id=2 job_id=5 stage=2 partition=0 attempt=0 status=RUNNING
[2026-10-03T20:31:41Z DEBUG sail_execution::task_runner::actor::handler] worker_task_status worker_id=2 job_id=5 stage=2 partition=4 attempt=0 status=RUNNING
[2026-10-03T20:31:41Z DEBUG sail_execution::task_runner::preparation] job 5 stage 2 partition 6 attempt 0 execution plan
ShuffleWriteExec: partitioning=RoundRobinBatch(1)
  ProjectionExec: expr=[#7@0 as session_id, #8@1 as worker_id, #9@2 as host, #10@3 as port, #11@4 as status, #12@5 as created_at, #13@6 as stopped_at]
    ProjectionExec: expr=[session_id@0 as #7, CAST(worker_id@1 AS Int64) as #8, host@2 as #9, CAST(port@3 AS Int32) as #10, status@4 as #11, created_at@5 as #12, stopped_at@6 as #13]
      ShuffleReadExec: partitioning=RoundRobinBatch(16)

[2026-10-03T20:31:41Z DEBUG sail_execution::task_runner::preparation] job 5 stage 2 partition 10 attempt 0 execution plan
ShuffleWriteExec: partitioning=RoundRobinBatch(1)
  ProjectionExec: expr=[#7@0 as session_id, #8@1 as worker_id, #9@2 as host, #10@3 as port, #11@4 as status, #12@5 as created_at, #13@6 as stopped_at]
    ProjectionExec: expr=[session_id@0 as #7, CAST(worker_id@1 AS Int64) as #8, host@2 as #9, CAST(port@3 AS Int32) as #10, status@4 as #11, created_at@5 as #12, stopped_at@6 as #13]
      ShuffleReadExec: partitioning=RoundRobinBatch(16)

[2026-10-03T20:31:41Z DEBUG sail_execution::task_runner::preparation] job 5 stage 2 partition 8 attempt 0 execution plan
ShuffleWriteExec: partitioning=RoundRobinBatch(1)
  ProjectionExec: expr=[#7@0 as session_id, #8@1 as worker_id, #9@2 as host, #10@3 as port, #11@4 as status, #12@5 as created_at, #13@6 as stopped_at]
    ProjectionExec: expr=[session_id@0 as #7, CAST(worker_id@1 AS Int64) as #8, host@2 as #9, CAST(port@3 AS Int32) as #10, status@4 as #11, created_at@5 as #12, stopped_at@6 as #13]
      ShuffleReadExec: partitioning=RoundRobinBatch(16)

[2026-10-03T20:31:41Z DEBUG sail_execution::task_runner::preparation] job 5 stage 2 partition 14 attempt 0 execution plan
ShuffleWriteExec: partitioning=RoundRobinBatch(1)
  ProjectionExec: expr=[#7@0 as session_id, #8@1 as worker_id, #9@2 as host, #10@3 as port, #11@4 as status, #12@5 as created_at, #13@6 as stopped_at]
    ProjectionExec: expr=[session_id@0 as #7, CAST(worker_id@1 AS Int64) as #8, host@2 as #9, CAST(port@3 AS Int32) as #10, status@4 as #11, created_at@5 as #12, stopped_at@6 as #13]
      ShuffleReadExec: partitioning=RoundRobinBatch(16)

[2026-10-03T20:31:41Z DEBUG sail_execution::task_runner::preparation] job 5 stage 2 partition 2 attempt 0 execution plan
ShuffleWriteExec: partitioning=RoundRobinBatch(1)
  ProjectionExec: expr=[#7@0 as session_id, #8@1 as worker_id, #9@2 as host, #10@3 as port, #11@4 as status, #12@5 as created_at, #13@6 as stopped_at]
    ProjectionExec: expr=[session_id@0 as #7, CAST(worker_id@1 AS Int64) as #8, host@2 as #9, CAST(port@3 AS Int32) as #10, status@4 as #11, created_at@5 as #12, stopped_at@6 as #13]
      ShuffleReadExec: partitioning=RoundRobinBatch(16)

[2026-10-03T20:31:41Z DEBUG sail_execution::task_runner::preparation] job 5 stage 2 partition 6 attempt 0 preparation wait=13.494µs duration=176.38µs
[2026-10-03T20:31:41Z DEBUG sail_execution::task_runner::preparation] job 5 stage 2 partition 4 attempt 0 execution plan
ShuffleWriteExec: partitioning=RoundRobinBatch(1)
  ProjectionExec: expr=[#7@0 as session_id, #8@1 as worker_id, #9@2 as host, #10@3 as port, #11@4 as status, #12@5 as created_at, #13@6 as stopped_at]
    ProjectionExec: expr=[session_id@0 as #7, CAST(worker_id@1 AS Int64) as #8, host@2 as #9, CAST(port@3 AS Int32) as #10, status@4 as #11, created_at@5 as #12, stopped_at@6 as #13]
      ShuffleReadExec: partitioning=RoundRobinBatch(16)

[2026-10-03T20:31:41Z DEBUG sail_execution::task_runner::preparation] job 5 stage 2 partition 10 attempt 0 preparation wait=28.851µs duration=167.14µs
[2026-10-03T20:31:41Z DEBUG sail_execution::task_runner::preparation] job 5 stage 2 partition 0 attempt 0 execution plan
ShuffleWriteExec: partitioning=RoundRobinBatch(1)
  ProjectionExec: expr=[#7@0 as session_id, #8@1 as worker_id, #9@2 as host, #10@3 as port, #11@4 as status, #12@5 as created_at, #13@6 as stopped_at]
    ProjectionExec: expr=[session_id@0 as #7, CAST(worker_id@1 AS Int64) as #8, host@2 as #9, CAST(port@3 AS Int32) as #10, status@4 as #11, created_at@5 as #12, stopped_at@6 as #13]
      ShuffleReadExec: partitioning=RoundRobinBatch(16)

[2026-10-03T20:31:41Z DEBUG sail_execution::task_runner::preparation] job 5 stage 2 partition 12 attempt 0 execution plan
ShuffleWriteExec: partitioning=RoundRobinBatch(1)
  ProjectionExec: expr=[#7@0 as session_id, #8@1 as worker_id, #9@2 as host, #10@3 as port, #11@4 as status, #12@5 as created_at, #13@6 as stopped_at]
    ProjectionExec: expr=[session_id@0 as #7, CAST(worker_id@1 AS Int64) as #8, host@2 as #9, CAST(port@3 AS Int32) as #10, status@4 as #11, created_at@5 as #12, stopped_at@6 as #13]
      ShuffleReadExec: partitioning=RoundRobinBatch(16)

[2026-10-03T20:31:41Z DEBUG sail_execution::task_runner::preparation] job 5 stage 2 partition 8 attempt 0 preparation wait=26.664µs duration=194.421µs
[2026-10-03T20:31:41Z DEBUG sail_execution::task_runner::preparation] job 5 stage 2 partition 14 attempt 0 preparation wait=23.794µs duration=222.353µs
[2026-10-03T20:31:41Z DEBUG sail_execution::task_runner::preparation] job 5 stage 2 partition 12 attempt 0 preparation wait=15.733µs duration=450.961µs
[2026-10-03T20:31:41Z DEBUG sail_execution::task_runner::preparation] job 5 stage 2 partition 4 attempt 0 preparation wait=43.272µs duration=304.793µs
[2026-10-03T20:31:41Z DEBUG sail_execution::task_runner::preparation] job 5 stage 2 partition 0 attempt 0 preparation wait=34.753µs duration=364.507µs
[2026-10-03T20:31:41Z DEBUG sail_execution::task_runner::preparation] job 5 stage 2 partition 2 attempt 0 preparation wait=21.892µs duration=263.622µs
[2026-10-03T20:31:41Z DEBUG sail_execution::stream::service::server] TaskStreamKey { job_id: JobId(5), stage: 2, partition: 10, attempt: 0, channel: 0 }
[2026-10-03T20:31:41Z DEBUG sail_execution::stream::service::server] TaskStreamKey { job_id: JobId(5), stage: 2, partition: 8, attempt: 0, channel: 0 }
[2026-10-03T20:31:41Z DEBUG sail_execution::stream::service::server] TaskStreamKey { job_id: JobId(5), stage: 2, partition: 6, attempt: 0, channel: 0 }
[2026-10-03T20:31:41Z DEBUG sail_execution::stream::service::server] TaskStreamKey { job_id: JobId(5), stage: 2, partition: 2, attempt: 0, channel: 0 }
[2026-10-03T20:31:41Z DEBUG sail_execution::stream::service::server] TaskStreamKey { job_id: JobId(5), stage: 2, partition: 14, attempt: 0, channel: 0 }
[2026-10-03T20:31:41Z DEBUG sail_execution::stream::service::server] TaskStreamKey { job_id: JobId(5), stage: 2, partition: 0, attempt: 0, channel: 0 }
[2026-10-03T20:31:41Z DEBUG sail_execution::stream::service::server] TaskStreamKey { job_id: JobId(5), stage: 2, partition: 12, attempt: 0, channel: 0 }
[2026-10-03T20:31:41Z DEBUG sail_execution::stream::service::server] TaskStreamKey { job_id: JobId(5), stage: 2, partition: 4, attempt: 0, channel: 0 }
[2026-10-03T20:31:41Z DEBUG sail_execution::task_runner::actor::handler] worker_task_status worker_id=2 job_id=5 stage=2 partition=2 attempt=0 status=SUCCEEDED
[2026-10-03T20:31:41Z DEBUG sail_execution::task_runner::actor::handler] worker_task_status worker_id=2 job_id=5 stage=2 partition=10 attempt=0 status=SUCCEEDED
[2026-10-03T20:31:41Z DEBUG sail_execution::task_runner::actor::handler] worker_task_status worker_id=2 job_id=5 stage=2 partition=6 attempt=0 status=SUCCEEDED
[2026-10-03T20:31:41Z DEBUG sail_execution::task_runner::actor::handler] worker_task_status worker_id=2 job_id=5 stage=2 partition=14 attempt=0 status=SUCCEEDED
[2026-10-03T20:31:41Z DEBUG sail_execution::task_runner::actor::handler] worker_task_status worker_id=2 job_id=5 stage=2 partition=12 attempt=0 status=SUCCEEDED
[2026-10-03T20:31:41Z DEBUG sail_execution::task_runner::actor::handler] worker_task_status worker_id=2 job_id=5 stage=2 partition=0 attempt=0 status=SUCCEEDED
[2026-10-03T20:31:41Z DEBUG sail_execution::task_runner::actor::handler] worker_task_status worker_id=2 job_id=5 stage=2 partition=8 attempt=0 status=SUCCEEDED
[2026-10-03T20:31:41Z DEBUG sail_execution::task_runner::actor::handler] worker_task_status worker_id=2 job_id=5 stage=2 partition=4 attempt=0 status=SUCCEEDED
[2026-10-03T20:31:41Z DEBUG sail_execution::worker::server] CleanUpJobRequest { job_id: 5, stage: None }
[2026-10-03T20:31:41Z DEBUG sail_execution::worker::server] CleanUpJobResponse
[2026-10-03T20:31:41Z DEBUG sail_execution::worker::server] RunTaskBatchRequest { job_id: 6, stage: 2, tasks: [TaskAttempt { partition: 0, attempt: 0 }, TaskAttempt { partition: 2, attempt: 0 }, TaskAttempt { partition: 4, attempt: 0 }, TaskAttempt { partition: 6, attempt: 0 }, TaskAttempt { partition: 8, attempt: 0 }, TaskAttempt { partition: 10, attempt: 0 }, TaskAttempt { partition: 12, attempt: 0 }, TaskAttempt { partition: 14, attempt: 0 }], definition: [10, 130, 4, 34, 255, 3, 10, 146, 3, 34, 143, 3, 10, 134, 2, 146, 1, 130, 2, 10, 255, 1, 26, 252, 1, 18, 243, 1, 10, 0, 42, 238, 1, 10, 23, 10, 9, 116, 105, 109, 101, 115, 116, 97, 109, 112, 18, 10, 162, 1, 7, 8, 2, 18, 3, 85, 84, 67, 10, 31, 10, 15, 115, 116, 97, 114, 116, 95, 116, 105, 109, 101, 115, 116, 97, 109, 112, 18, 10, 162, 1, 7, 8, 2, 18, 3, 85, 84, 67, 24, 1, 10, 10, 10, 4, 110, 97, 109, 101, 18, 2, 114, 0, 10, 59, 10, 10, 97, 116, 116, 114, 105, 98, 117, 116, 101, 115, 18, 45, 138, 2, 42, 10, 40, 10, 7, 101, 110, ... (667 bytes)], peers: [] }
[2026-10-03T20:31:41Z DEBUG sail_execution::worker::server] RunTaskBatchResponse
[2026-10-03T20:31:41Z DEBUG sail_execution::task_runner::actor::handler] worker_task_status worker_id=2 job_id=6 stage=2 partition=0 attempt=0 status=RUNNING
[2026-10-03T20:31:41Z DEBUG sail_execution::task_runner::actor::handler] worker_task_status worker_id=2 job_id=6 stage=2 partition=2 attempt=0 status=RUNNING
[2026-10-03T20:31:41Z DEBUG sail_execution::task_runner::actor::handler] worker_task_status worker_id=2 job_id=6 stage=2 partition=8 attempt=0 status=RUNNING
[2026-10-03T20:31:41Z DEBUG sail_execution::task_runner::actor::handler] worker_task_status worker_id=2 job_id=6 stage=2 partition=14 attempt=0 status=RUNNING
[2026-10-03T20:31:41Z DEBUG sail_execution::task_runner::actor::handler] worker_task_status worker_id=2 job_id=6 stage=2 partition=10 attempt=0 status=RUNNING
[2026-10-03T20:31:41Z DEBUG sail_execution::task_runner::actor::handler] worker_task_status worker_id=2 job_id=6 stage=2 partition=12 attempt=0 status=RUNNING
[2026-10-03T20:31:41Z DEBUG sail_execution::task_runner::actor::handler] worker_task_status worker_id=2 job_id=6 stage=2 partition=4 attempt=0 status=RUNNING
[2026-10-03T20:31:41Z DEBUG sail_execution::task_runner::actor::handler] worker_task_status worker_id=2 job_id=6 stage=2 partition=6 attempt=0 status=RUNNING
[2026-10-03T20:31:41Z DEBUG sail_execution::task_runner::preparation] job 6 stage 2 partition 12 attempt 0 execution plan
ShuffleWriteExec: partitioning=RoundRobinBatch(1)
  ProjectionExec: expr=[#5@0 as timestamp, #6@1 as start_timestamp, #7@2 as name, #8@3 as attributes, #9@4 as value_json]
    ProjectionExec: expr=[timestamp@0 as #5, start_timestamp@1 as #6, name@2 as #7, attributes@3 as #8, to_json(value@4) as #9]
      ShuffleReadExec: partitioning=RoundRobinBatch(16)

[2026-10-03T20:31:41Z DEBUG sail_execution::task_runner::preparation] job 6 stage 2 partition 8 attempt 0 execution plan
ShuffleWriteExec: partitioning=RoundRobinBatch(1)
  ProjectionExec: expr=[#5@0 as timestamp, #6@1 as start_timestamp, #7@2 as name, #8@3 as attributes, #9@4 as value_json]
    ProjectionExec: expr=[timestamp@0 as #5, start_timestamp@1 as #6, name@2 as #7, attributes@3 as #8, to_json(value@4) as #9]
      ShuffleReadExec: partitioning=RoundRobinBatch(16)

[2026-10-03T20:31:41Z DEBUG sail_execution::task_runner::preparation] job 6 stage 2 partition 4 attempt 0 execution plan
ShuffleWriteExec: partitioning=RoundRobinBatch(1)
  ProjectionExec: expr=[#5@0 as timestamp, #6@1 as start_timestamp, #7@2 as name, #8@3 as attributes, #9@4 as value_json]
    ProjectionExec: expr=[timestamp@0 as #5, start_timestamp@1 as #6, name@2 as #7, attributes@3 as #8, to_json(value@4) as #9]
      ShuffleReadExec: partitioning=RoundRobinBatch(16)

[2026-10-03T20:31:41Z DEBUG sail_execution::task_runner::preparation] job 6 stage 2 partition 8 attempt 0 preparation wait=21.444µs duration=294.788µs
[2026-10-03T20:31:41Z DEBUG sail_execution::task_runner::preparation] job 6 stage 2 partition 14 attempt 0 execution plan
ShuffleWriteExec: partitioning=RoundRobinBatch(1)
  ProjectionExec: expr=[#5@0 as timestamp, #6@1 as start_timestamp, #7@2 as name, #8@3 as attributes, #9@4 as value_json]
    ProjectionExec: expr=[timestamp@0 as #5, start_timestamp@1 as #6, name@2 as #7, attributes@3 as #8, to_json(value@4) as #9]
      ShuffleReadExec: partitioning=RoundRobinBatch(16)

[2026-10-03T20:31:41Z DEBUG sail_execution::task_runner::preparation] job 6 stage 2 partition 10 attempt 0 execution plan
ShuffleWriteExec: partitioning=RoundRobinBatch(1)
  ProjectionExec: expr=[#5@0 as timestamp, #6@1 as start_timestamp, #7@2 as name, #8@3 as attributes, #9@4 as value_json]
    ProjectionExec: expr=[timestamp@0 as #5, start_timestamp@1 as #6, name@2 as #7, attributes@3 as #8, to_json(value@4) as #9]
      ShuffleReadExec: partitioning=RoundRobinBatch(16)

[2026-10-03T20:31:41Z DEBUG sail_execution::task_runner::preparation] job 6 stage 2 partition 14 attempt 0 preparation wait=16.784µs duration=372.659µs
[2026-10-03T20:31:41Z DEBUG sail_execution::task_runner::preparation] job 6 stage 2 partition 0 attempt 0 execution plan
ShuffleWriteExec: partitioning=RoundRobinBatch(1)
  ProjectionExec: expr=[#5@0 as timestamp, #6@1 as start_timestamp, #7@2 as name, #8@3 as attributes, #9@4 as value_json]
    ProjectionExec: expr=[timestamp@0 as #5, start_timestamp@1 as #6, name@2 as #7, attributes@3 as #8, to_json(value@4) as #9]
      ShuffleReadExec: partitioning=RoundRobinBatch(16)

[2026-10-03T20:31:41Z DEBUG sail_execution::task_runner::preparation] job 6 stage 2 partition 12 attempt 0 preparation wait=22.033µs duration=267.349µs
[2026-10-03T20:31:41Z DEBUG sail_execution::task_runner::preparation] job 6 stage 2 partition 0 attempt 0 preparation wait=16.716µs duration=487.217µs
[2026-10-03T20:31:41Z DEBUG sail_execution::task_runner::preparation] job 6 stage 2 partition 4 attempt 0 preparation wait=44.773µs duration=292.392µs
[2026-10-03T20:31:41Z DEBUG sail_execution::task_runner::preparation] job 6 stage 2 partition 2 attempt 0 execution plan
ShuffleWriteExec: partitioning=RoundRobinBatch(1)
  ProjectionExec: expr=[#5@0 as timestamp, #6@1 as start_timestamp, #7@2 as name, #8@3 as attributes, #9@4 as value_json]
    ProjectionExec: expr=[timestamp@0 as #5, start_timestamp@1 as #6, name@2 as #7, attributes@3 as #8, to_json(value@4) as #9]
      ShuffleReadExec: partitioning=RoundRobinBatch(16)

[2026-10-03T20:31:41Z DEBUG sail_execution::task_runner::preparation] job 6 stage 2 partition 10 attempt 0 preparation wait=22.811µs duration=392.934µs
[2026-10-03T20:31:41Z DEBUG sail_execution::task_runner::preparation] job 6 stage 2 partition 6 attempt 0 execution plan
ShuffleWriteExec: partitioning=RoundRobinBatch(1)
  ProjectionExec: expr=[#5@0 as timestamp, #6@1 as start_timestamp, #7@2 as name, #8@3 as attributes, #9@4 as value_json]
    ProjectionExec: expr=[timestamp@0 as #5, start_timestamp@1 as #6, name@2 as #7, attributes@3 as #8, to_json(value@4) as #9]
      ShuffleReadExec: partitioning=RoundRobinBatch(16)

[2026-10-03T20:31:41Z DEBUG sail_execution::task_runner::preparation] job 6 stage 2 partition 2 attempt 0 preparation wait=19.611µs duration=595.25µs
[2026-10-03T20:31:41Z DEBUG sail_execution::task_runner::preparation] job 6 stage 2 partition 6 attempt 0 preparation wait=67.944µs duration=589.35µs
[2026-10-03T20:31:41Z DEBUG sail_execution::task_runner::actor::handler] worker_task_status worker_id=2 job_id=6 stage=2 partition=8 attempt=0 status=SUCCEEDED
[2026-10-03T20:31:41Z DEBUG sail_execution::stream::service::server] TaskStreamKey { job_id: JobId(6), stage: 2, partition: 2, attempt: 0, channel: 0 }
[2026-10-03T20:31:41Z DEBUG sail_execution::stream::service::server] TaskStreamKey { job_id: JobId(6), stage: 2, partition: 10, attempt: 0, channel: 0 }
[2026-10-03T20:31:41Z DEBUG sail_execution::task_runner::actor::handler] worker_task_status worker_id=2 job_id=6 stage=2 partition=14 attempt=0 status=SUCCEEDED
[2026-10-03T20:31:41Z DEBUG sail_execution::task_runner::actor::handler] worker_task_status worker_id=2 job_id=6 stage=2 partition=12 attempt=0 status=SUCCEEDED
[2026-10-03T20:31:41Z DEBUG sail_execution::task_runner::actor::handler] worker_task_status worker_id=2 job_id=6 stage=2 partition=0 attempt=0 status=SUCCEEDED
[2026-10-03T20:31:41Z DEBUG sail_execution::stream::service::server] TaskStreamKey { job_id: JobId(6), stage: 2, partition: 0, attempt: 0, channel: 0 }
[2026-10-03T20:31:41Z DEBUG sail_execution::stream::service::server] TaskStreamKey { job_id: JobId(6), stage: 2, partition: 14, attempt: 0, channel: 0 }
[2026-10-03T20:31:41Z DEBUG sail_execution::task_runner::actor::handler] worker_task_status worker_id=2 job_id=6 stage=2 partition=6 attempt=0 status=SUCCEEDED
[2026-10-03T20:31:41Z DEBUG sail_execution::task_runner::actor::handler] worker_task_status worker_id=2 job_id=6 stage=2 partition=10 attempt=0 status=SUCCEEDED
[2026-10-03T20:31:41Z DEBUG sail_execution::task_runner::actor::handler] worker_task_status worker_id=2 job_id=6 stage=2 partition=2 attempt=0 status=SUCCEEDED
[2026-10-03T20:31:41Z DEBUG sail_execution::task_runner::actor::handler] worker_task_status worker_id=2 job_id=6 stage=2 partition=4 attempt=0 status=SUCCEEDED
[2026-10-03T20:31:41Z DEBUG sail_execution::stream::service::server] TaskStreamKey { job_id: JobId(6), stage: 2, partition: 8, attempt: 0, channel: 0 }
[2026-10-03T20:31:41Z DEBUG sail_execution::stream::service::server] TaskStreamKey { job_id: JobId(6), stage: 2, partition: 4, attempt: 0, channel: 0 }
[2026-10-03T20:31:41Z DEBUG sail_execution::stream::service::server] TaskStreamKey { job_id: JobId(6), stage: 2, partition: 6, attempt: 0, channel: 0 }
[2026-10-03T20:31:41Z DEBUG sail_execution::stream::service::server] TaskStreamKey { job_id: JobId(6), stage: 2, partition: 12, attempt: 0, channel: 0 }
[2026-10-03T20:31:41Z DEBUG sail_execution::worker::server] CleanUpJobRequest { job_id: 6, stage: None }
[2026-10-03T20:31:41Z DEBUG sail_execution::worker::server] CleanUpJobResponse
[2026-10-03T20:31:41Z DEBUG sail_execution::worker::server] StopWorkerRequest
[2026-10-03T20:31:41Z DEBUG sail_execution::worker::server] StopWorkerResponse
[2026-10-03T20:31:41Z WARN sail_common::actor] aborting 5 task(s) for TaskRunnerActor
[2026-10-03T20:31:41Z INFO sail_execution::worker::actor::core] worker 2 server has stopped
