   Compiling proc-macro2 v1.0.107
   Compiling quote v1.0.47
   Compiling unicode-ident v1.0.26
   Compiling serde_core v1.0.229
   Compiling serde v1.0.229
   Compiling zmij v1.0.23
   Compiling serde_json v1.0.151
   Compiling equivalent v1.0.2
   Compiling hashbrown v0.17.1
   Compiling syn v3.0.6
   Compiling itoa v1.0.18
   Compiling memchr v2.8.3
   Compiling thiserror v2.0.21
   Compiling indexmap v2.14.2
   Compiling ryu v1.0.23
   Compiling unsafe-libyaml v0.2.11
   Compiling sail-argentea-core v0.1.0 (/tmp/sail-argentea-csr-baseline/examples/extensions/argentea)
   Compiling sail-native-resource-ffi v0.1.0 (/tmp/sail-argentea-csr-baseline/crates/sail-native-resource-ffi)
   Compiling log v0.4.34
   Compiling serde_derive v1.0.229
   Compiling thiserror-impl v2.0.21
   Compiling async-trait v0.1.92
   Compiling readonly v0.2.14
   Compiling serde_yaml v0.9.34+deprecated
   Compiling quick-xml v0.40.1
   Compiling grust-core v0.23.0
   Compiling grust-procedures v0.23.0
    Finished `release` profile [optimized] target(s) in 15.93s
     Running unittests src/lib.rs (/tmp/sail-argentea-csr-baseline-target/release/deps/sail_argentea_core-0347ccc04c3a9d9a)

running 1 test
CSR_COUNTER p=1 dense=true n=16 m=64 weighted=false allocation_calls=8 allocated_bytes=1152 peak_requested_bytes=1048 peak_admitted_bytes=6152 work=160
CSR_COUNTER p=1 dense=true n=16 m=64 weighted=true allocation_calls=8 allocated_bytes=1672 peak_requested_bytes=1560 peak_admitted_bytes=6664 work=752
CSR_COUNTER p=1 dense=true n=65536 m=262144 weighted=false allocation_calls=8 allocated_bytes=3670272 peak_requested_bytes=3670168 peak_admitted_bytes=8392712 work=655360
CSR_COUNTER p=1 dense=true n=65536 m=262144 weighted=true allocation_calls=8 allocated_bytes=5767432 peak_requested_bytes=5767320 peak_admitted_bytes=10489864 work=10158080
CSR_COUNTER p=1 dense=false n=16 m=64 weighted=false allocation_calls=8 allocated_bytes=1152 peak_requested_bytes=1048 peak_admitted_bytes=6152 work=160
CSR_COUNTER p=1 dense=false n=16 m=64 weighted=true allocation_calls=8 allocated_bytes=1672 peak_requested_bytes=1560 peak_admitted_bytes=6664 work=752
CSR_COUNTER p=1 dense=false n=65536 m=262144 weighted=false allocation_calls=8 allocated_bytes=3670272 peak_requested_bytes=3670168 peak_admitted_bytes=8392712 work=655360
CSR_COUNTER p=1 dense=false n=65536 m=262144 weighted=true allocation_calls=8 allocated_bytes=5767432 peak_requested_bytes=5767320 peak_admitted_bytes=10489864 work=10158080
CSR_COUNTER p=3 dense=true n=16 m=64 weighted=false allocation_calls=8 allocated_bytes=1152 peak_requested_bytes=1048 peak_admitted_bytes=6152 work=160
CSR_COUNTER p=3 dense=true n=16 m=64 weighted=true allocation_calls=8 allocated_bytes=1672 peak_requested_bytes=1560 peak_admitted_bytes=6664 work=752
CSR_COUNTER p=3 dense=true n=65536 m=262144 weighted=false allocation_calls=8 allocated_bytes=3670272 peak_requested_bytes=3670168 peak_admitted_bytes=8392712 work=655360
CSR_COUNTER p=3 dense=true n=65536 m=262144 weighted=true allocation_calls=8 allocated_bytes=5767432 peak_requested_bytes=5767320 peak_admitted_bytes=10489864 work=10158080
CSR_COUNTER p=3 dense=false n=16 m=64 weighted=false allocation_calls=8 allocated_bytes=1152 peak_requested_bytes=1048 peak_admitted_bytes=6152 work=160
CSR_COUNTER p=3 dense=false n=16 m=64 weighted=true allocation_calls=8 allocated_bytes=1672 peak_requested_bytes=1560 peak_admitted_bytes=6664 work=752
CSR_COUNTER p=3 dense=false n=65536 m=262144 weighted=false allocation_calls=8 allocated_bytes=3670272 peak_requested_bytes=3670168 peak_admitted_bytes=8392712 work=655360
CSR_COUNTER p=3 dense=false n=65536 m=262144 weighted=true allocation_calls=8 allocated_bytes=5767432 peak_requested_bytes=5767320 peak_admitted_bytes=10489864 work=10158080
CSR_COUNTER p=32 dense=true n=16 m=64 weighted=false allocation_calls=8 allocated_bytes=1152 peak_requested_bytes=1048 peak_admitted_bytes=6152 work=160
CSR_COUNTER p=32 dense=true n=16 m=64 weighted=true allocation_calls=8 allocated_bytes=1672 peak_requested_bytes=1560 peak_admitted_bytes=6664 work=752
CSR_COUNTER p=32 dense=true n=65536 m=262144 weighted=false allocation_calls=8 allocated_bytes=3670272 peak_requested_bytes=3670168 peak_admitted_bytes=8392712 work=655360
CSR_COUNTER p=32 dense=true n=65536 m=262144 weighted=true allocation_calls=8 allocated_bytes=5767432 peak_requested_bytes=5767320 peak_admitted_bytes=10489864 work=10158080
CSR_COUNTER p=32 dense=false n=16 m=64 weighted=false allocation_calls=8 allocated_bytes=1152 peak_requested_bytes=1048 peak_admitted_bytes=6152 work=160
CSR_COUNTER p=32 dense=false n=16 m=64 weighted=true allocation_calls=8 allocated_bytes=1672 peak_requested_bytes=1560 peak_admitted_bytes=6664 work=752
CSR_COUNTER p=32 dense=false n=65536 m=262144 weighted=false allocation_calls=8 allocated_bytes=3670272 peak_requested_bytes=3670168 peak_admitted_bytes=8392712 work=655360
CSR_COUNTER p=32 dense=false n=65536 m=262144 weighted=true allocation_calls=8 allocated_bytes=5767432 peak_requested_bytes=5767320 peak_admitted_bytes=10489864 work=10158080

thread 'adjacency_tests::adjacency_build_allocation_and_work_counters' (54553674) panicked at src/adjacency_tests/mod.rs:186:13:
assertion `left == right` failed
  left: 3669120
 right: 3144960
note: run with `RUST_BACKTRACE=1` environment variable to display a backtrace
test adjacency_tests::adjacency_build_allocation_and_work_counters ... FAILED

failures:

failures:
    adjacency_tests::adjacency_build_allocation_and_work_counters

test result: FAILED. 0 passed; 1 failed; 0 ignored; 0 measured; 5 filtered out; finished in 0.12s

error: test failed, to rerun pass `--lib`
