   Compiling proc-macro2 v1.0.107
   Compiling unicode-ident v1.0.26
   Compiling quote v1.0.47
   Compiling serde_core v1.0.229
   Compiling serde v1.0.229
   Compiling zmij v1.0.23
   Compiling thiserror v2.0.21
   Compiling memchr v2.8.3
   Compiling hashbrown v0.17.1
   Compiling syn v3.0.6
   Compiling itoa v1.0.18
   Compiling serde_json v1.0.151
   Compiling equivalent v1.0.2
   Compiling indexmap v2.14.2
   Compiling ryu v1.0.23
   Compiling unsafe-libyaml v0.2.11
   Compiling sail-argentea-core v0.1.0 (/private/tmp/sail-argentea-csr-check/examples/extensions/argentea)
   Compiling log v0.4.34
   Compiling sail-native-resource-ffi v0.1.0 (/private/tmp/sail-argentea-csr-check/crates/sail-native-resource-ffi)
   Compiling serde_derive v1.0.229
   Compiling thiserror-impl v2.0.21
   Compiling async-trait v0.1.92
   Compiling readonly v0.2.14
   Compiling serde_yaml v0.9.34+deprecated
   Compiling quick-xml v0.40.1
   Compiling grust-core v0.23.0
   Compiling grust-procedures v0.23.0
    Finished `release` profile [optimized] target(s) in 14.72s
     Running unittests src/lib.rs (/tmp/sail-argentea-csr-target/release/deps/sail_argentea_core-d57d7e59420606d6)

running 4 tests
CSR_COUNTER p=1 dense=true n=16 m=64 weighted=false allocation_calls=7 allocated_bytes=1024 peak_requested_bytes=1024 peak_admitted_bytes=6024 work=160
CSR_COUNTER p=1 dense=true n=16 m=64 weighted=true allocation_calls=7 allocated_bytes=1544 peak_requested_bytes=1464 peak_admitted_bytes=6536 work=240
test adjacency_tests::adjacency_lookup_rejects_missing_and_foreign_sources_without_leaks ... ok
test adjacency_tests::adjacency_restores_offsets_and_preserves_arc_order_for_all_id_layouts ... ok
test adjacency_tests::adjacency_reduced_scratch_admission_and_weighted_work_budget_are_enforced ... ok
CSR_COUNTER p=1 dense=true n=65536 m=262144 weighted=false allocation_calls=7 allocated_bytes=3145984 peak_requested_bytes=3145984 peak_admitted_bytes=7868424 work=655360
CSR_COUNTER p=1 dense=true n=65536 m=262144 weighted=true allocation_calls=7 allocated_bytes=5243144 peak_requested_bytes=5243064 peak_admitted_bytes=9965576 work=1769472
CSR_COUNTER p=1 dense=false n=16 m=64 weighted=false allocation_calls=7 allocated_bytes=1024 peak_requested_bytes=1024 peak_admitted_bytes=6024 work=160
CSR_COUNTER p=1 dense=false n=16 m=64 weighted=true allocation_calls=7 allocated_bytes=1544 peak_requested_bytes=1464 peak_admitted_bytes=6536 work=752
CSR_COUNTER p=1 dense=false n=65536 m=262144 weighted=false allocation_calls=7 allocated_bytes=3145984 peak_requested_bytes=3145984 peak_admitted_bytes=7868424 work=655360
CSR_COUNTER p=1 dense=false n=65536 m=262144 weighted=true allocation_calls=7 allocated_bytes=5243144 peak_requested_bytes=5243064 peak_admitted_bytes=9965576 work=10158080
CSR_COUNTER p=3 dense=true n=16 m=64 weighted=false allocation_calls=7 allocated_bytes=1024 peak_requested_bytes=1024 peak_admitted_bytes=6024 work=160
CSR_COUNTER p=3 dense=true n=16 m=64 weighted=true allocation_calls=7 allocated_bytes=1544 peak_requested_bytes=1464 peak_admitted_bytes=6536 work=240
CSR_COUNTER p=3 dense=true n=65536 m=262144 weighted=false allocation_calls=7 allocated_bytes=3145984 peak_requested_bytes=3145984 peak_admitted_bytes=7868424 work=655360
CSR_COUNTER p=3 dense=true n=65536 m=262144 weighted=true allocation_calls=7 allocated_bytes=5243144 peak_requested_bytes=5243064 peak_admitted_bytes=9965576 work=1769472
CSR_COUNTER p=3 dense=false n=16 m=64 weighted=false allocation_calls=7 allocated_bytes=1024 peak_requested_bytes=1024 peak_admitted_bytes=6024 work=160
CSR_COUNTER p=3 dense=false n=16 m=64 weighted=true allocation_calls=7 allocated_bytes=1544 peak_requested_bytes=1464 peak_admitted_bytes=6536 work=752
CSR_COUNTER p=3 dense=false n=65536 m=262144 weighted=false allocation_calls=7 allocated_bytes=3145984 peak_requested_bytes=3145984 peak_admitted_bytes=7868424 work=655360
CSR_COUNTER p=3 dense=false n=65536 m=262144 weighted=true allocation_calls=7 allocated_bytes=5243144 peak_requested_bytes=5243064 peak_admitted_bytes=9965576 work=10158080
CSR_COUNTER p=32 dense=true n=16 m=64 weighted=false allocation_calls=7 allocated_bytes=1024 peak_requested_bytes=1024 peak_admitted_bytes=6024 work=160
CSR_COUNTER p=32 dense=true n=16 m=64 weighted=true allocation_calls=7 allocated_bytes=1544 peak_requested_bytes=1464 peak_admitted_bytes=6536 work=240
CSR_COUNTER p=32 dense=true n=65536 m=262144 weighted=false allocation_calls=7 allocated_bytes=3145984 peak_requested_bytes=3145984 peak_admitted_bytes=7868424 work=655360
CSR_COUNTER p=32 dense=true n=65536 m=262144 weighted=true allocation_calls=7 allocated_bytes=5243144 peak_requested_bytes=5243064 peak_admitted_bytes=9965576 work=1769472
CSR_COUNTER p=32 dense=false n=16 m=64 weighted=false allocation_calls=7 allocated_bytes=1024 peak_requested_bytes=1024 peak_admitted_bytes=6024 work=160
CSR_COUNTER p=32 dense=false n=16 m=64 weighted=true allocation_calls=7 allocated_bytes=1544 peak_requested_bytes=1464 peak_admitted_bytes=6536 work=752
CSR_COUNTER p=32 dense=false n=65536 m=262144 weighted=false allocation_calls=7 allocated_bytes=3145984 peak_requested_bytes=3145984 peak_admitted_bytes=7868424 work=655360
CSR_COUNTER p=32 dense=false n=65536 m=262144 weighted=true allocation_calls=7 allocated_bytes=5243144 peak_requested_bytes=5243064 peak_admitted_bytes=9965576 work=10158080
test adjacency_tests::adjacency_build_allocation_and_work_counters ... ok

test result: ok. 4 passed; 0 failed; 0 ignored; 0 measured; 2 filtered out; finished in 0.07s

