DOCUMENTATION_SOURCE_GUARD PASSED candidate-before f4443ba76c18c922698a060183c02ca65ce939c7 7fe2b264487abbc0fbde65b28d460e0681ffc8a9
DOCUMENTATION_SOURCE_GUARD PASSED candidate-after f4443ba76c18c922698a060183c02ca65ce939c7 7fe2b264487abbc0fbde65b28d460e0681ffc8a9
[detached HEAD b478e57] Publish closed Sail build and worker evidence
 476 files changed, 75852 insertions(+), 857 deletions(-)
 create mode 100644 docs/reviews/sail-stream-experiments-2026-09-30/audit_compact_worker_smoke.py
 create mode 100644 docs/reviews/sail-stream-experiments-2026-09-30/cluster-ownership-control/independent-audit.json
 create mode 100644 docs/reviews/sail-stream-experiments-2026-09-30/cluster-ownership-control/probe.py
 create mode 100644 docs/reviews/sail-stream-experiments-2026-09-30/cluster-ownership-control/receipt.json
 create mode 100644 docs/reviews/sail-stream-experiments-2026-09-30/documentation-followup-activation.json
 create mode 100644 docs/reviews/sail-stream-experiments-2026-09-30/documentation-followup-publication/candidate-after-receipt.json
 create mode 100644 docs/reviews/sail-stream-experiments-2026-09-30/documentation-followup-publication/candidate-gate.log
 create mode 100644 docs/reviews/sail-stream-experiments-2026-09-30/documentation-followup-publication/commit-message.txt
 create mode 100644 docs/reviews/sail-stream-experiments-2026-09-30/documentation-followup-publication/delivery.json
 create mode 100644 docs/reviews/sail-stream-experiments-2026-09-30/documentation-followup-publication/exact-after-receipt.json
 create mode 100644 docs/reviews/sail-stream-experiments-2026-09-30/documentation-followup-publication/exact-gate.log
 create mode 100644 docs/reviews/sail-stream-experiments-2026-09-30/documentation-followup-publication/exclude_generated_fixtures.py
 create mode 100644 docs/reviews/sail-stream-experiments-2026-09-30/documentation-followup-publication/files.sha256
 create mode 100644 docs/reviews/sail-stream-experiments-2026-09-30/documentation-followup-publication/frozen.json
 create mode 100644 docs/reviews/sail-stream-experiments-2026-09-30/documentation-followup-publication/generated-fixture-exclusions.json
 create mode 100644 docs/reviews/sail-stream-experiments-2026-09-30/documentation-followup-publication/guard.py
 create mode 100644 docs/reviews/sail-stream-experiments-2026-09-30/documentation-followup-publication/independent-audit.json
 create mode 100644 docs/reviews/sail-stream-experiments-2026-09-30/documentation-followup-publication/independent-privacy-scan.json
 create mode 100644 docs/reviews/sail-stream-experiments-2026-09-30/documentation-followup-publication/preliminary-gate.log
 create mode 100644 docs/reviews/sail-stream-experiments-2026-09-30/documentation-followup-publication/preliminary-gate02.log
 create mode 100644 docs/reviews/sail-stream-experiments-2026-09-30/documentation-followup-publication/preparation.json
 create mode 100644 docs/reviews/sail-stream-experiments-2026-09-30/documentation-followup-publication/prepare_snapshot.py
 create mode 100644 docs/reviews/sail-stream-experiments-2026-09-30/documentation-followup-publication/publish.py
 create mode 100644 docs/reviews/sail-stream-experiments-2026-09-30/documentation-followup-publication/push.stderr
 create mode 100644 docs/reviews/sail-stream-experiments-2026-09-30/documentation-followup-publication/push.stdout
 create mode 100644 docs/reviews/sail-stream-experiments-2026-09-30/documentation-followup-publication/scope-guard.json
 create mode 100644 docs/reviews/sail-stream-experiments-2026-09-30/documentation-followup-publication/shared-preservation.json
 create mode 100644 docs/reviews/sail-stream-experiments-2026-09-30/host-pair-16k/HANDOFF.json
 create mode 100644 docs/reviews/sail-stream-experiments-2026-09-30/host-pair-16k/candidate-gate/1.stderr
 create mode 100644 docs/reviews/sail-stream-experiments-2026-09-30/host-pair-16k/candidate-gate/1.stdout
 create mode 100644 docs/reviews/sail-stream-experiments-2026-09-30/host-pair-16k/candidate-gate/2.stderr
 create mode 100644 docs/reviews/sail-stream-experiments-2026-09-30/host-pair-16k/candidate-gate/2.stdout
 create mode 100644 docs/reviews/sail-stream-experiments-2026-09-30/host-pair-16k/candidate-gate/3.stderr
 create mode 100644 docs/reviews/sail-stream-experiments-2026-09-30/host-pair-16k/candidate-gate/3.stdout
 create mode 100644 docs/reviews/sail-stream-experiments-2026-09-30/host-pair-16k/candidate-gate/receipt.json
 create mode 100644 docs/reviews/sail-stream-experiments-2026-09-30/host-pair-16k/candidate-gate02/1.stderr
 create mode 100644 docs/reviews/sail-stream-experiments-2026-09-30/host-pair-16k/candidate-gate02/1.stdout
 create mode 100644 docs/reviews/sail-stream-experiments-2026-09-30/host-pair-16k/candidate-gate02/2.stderr
 create mode 100644 docs/reviews/sail-stream-experiments-2026-09-30/host-pair-16k/candidate-gate02/2.stdout
 create mode 100644 docs/reviews/sail-stream-experiments-2026-09-30/host-pair-16k/candidate-gate02/3.stderr
 create mode 100644 docs/reviews/sail-stream-experiments-2026-09-30/host-pair-16k/candidate-gate02/3.stdout
 create mode 100644 docs/reviews/sail-stream-experiments-2026-09-30/host-pair-16k/candidate-gate02/receipt.json
 create mode 100644 docs/reviews/sail-stream-experiments-2026-09-30/host-pair-16k/dry-run.log
 create mode 100644 docs/reviews/sail-stream-experiments-2026-09-30/host-pair-16k/independent-preparation-audit.json
 create mode 100644 docs/reviews/sail-stream-experiments-2026-09-30/host-pair-16k/pair16k-20260930201356-01-a.json
 create mode 100644 docs/reviews/sail-stream-experiments-2026-09-30/host-pair-16k/pair16k-20260930201356-02-b.json
 create mode 100644 docs/reviews/sail-stream-experiments-2026-09-30/host-pair-16k/pair16k-20260930201356-03-a.json
 create mode 100644 docs/reviews/sail-stream-experiments-2026-09-30/host-pair-16k/pair16k-20260930201356-04-b.json
 create mode 100644 docs/reviews/sail-stream-experiments-2026-09-30/host-pair-16k/pair16k-20260930201356-05-b.json
 create mode 100644 docs/reviews/sail-stream-experiments-2026-09-30/host-pair-16k/pair16k-20260930201356-06-a.json
 create mode 100644 docs/reviews/sail-stream-experiments-2026-09-30/host-pair-16k/pair16k-20260930201356-dry-plans.json
 create mode 100644 docs/reviews/sail-stream-experiments-2026-09-30/host-pair-16k/pair16k-20260930201356-plan.json
 create mode 100644 docs/reviews/sail-stream-experiments-2026-09-30/host-pair-16k/preparation-attempts/initial-plan.json
 create mode 100644 docs/reviews/sail-stream-experiments-2026-09-30/host-pair-16k/preparation-attempts/reviewed-first-plan.json
 create mode 100644 docs/reviews/sail-stream-experiments-2026-09-30/host-pair-16k/preparation-attempts/reviewed-second-plan.json
 create mode 100644 docs/reviews/sail-stream-experiments-2026-09-30/host-pair-16k/prepare_host_pair.py
 create mode 100644 docs/reviews/sail-stream-experiments-2026-09-30/host-pair-16k/remote-staging-receipt.json
 create mode 100644 docs/reviews/sail-stream-experiments-2026-09-30/host-pair-16k/run_host_pair.py
 create mode 100644 docs/reviews/sail-stream-experiments-2026-09-30/host-pair-16k/stage_host_pair.py
 create mode 100644 docs/reviews/sail-stream-experiments-2026-09-30/host-pair-16k/staging-20260930T202416540635Z.json
 create mode 100644 docs/reviews/sail-stream-experiments-2026-09-30/host-pair-16k/test_host_pair.py
 create mode 100644 docs/reviews/sail-stream-experiments-2026-09-30/linux-builds/BUILD-HANDOFF.json
 create mode 100644 docs/reviews/sail-stream-experiments-2026-09-30/linux-builds/cleanup_host_caches.py
 create mode 100644 docs/reviews/sail-stream-experiments-2026-09-30/linux-builds/compact561-host/final/bundle-verify.log
 create mode 100644 docs/reviews/sail-stream-experiments-2026-09-30/linux-builds/compact561-host/final/clone.log
 create mode 100644 docs/reviews/sail-stream-experiments-2026-09-30/linux-builds/compact561-host/final/collection.json
 create mode 100644 docs/reviews/sail-stream-experiments-2026-09-30/linux-builds/compact561-host/final/compact561-host-launch.json
 create mode 100644 docs/reviews/sail-stream-experiments-2026-09-30/linux-builds/compact561-host/final/compact561-host-launch.log
 create mode 100644 docs/reviews/sail-stream-experiments-2026-09-30/linux-builds/compact561-host/final/container.json
 create mode 100644 docs/reviews/sail-stream-experiments-2026-09-30/linux-builds/compact561-host/final/detach.log
 create mode 100644 docs/reviews/sail-stream-experiments-2026-09-30/linux-builds/compact561-host/final/fetch.log
 create mode 100644 docs/reviews/sail-stream-experiments-2026-09-30/linux-builds/compact561-host/final/host-release-build.log
 create mode 100644 docs/reviews/sail-stream-experiments-2026-09-30/linux-builds/compact561-host/final/rebuild-receipt.json
 create mode 100644 docs/reviews/sail-stream-experiments-2026-09-30/linux-builds/compact561-host/final/seed-host-target.log
 create mode 100644 docs/reviews/sail-stream-experiments-2026-09-30/linux-builds/compact561-host/host-progress/compiler-20260930T193910448985Z.json
 create mode 100644 docs/reviews/sail-stream-experiments-2026-09-30/linux-builds/compact561-host/launch.json
 create mode 100644 docs/reviews/sail-stream-experiments-2026-09-30/linux-builds/compact561-host/observations/20260930T191007900444Z.json
 create mode 100644 docs/reviews/sail-stream-experiments-2026-09-30/linux-builds/compact561-host/observations/20260930T191039449335Z.json
 create mode 100644 docs/reviews/sail-stream-experiments-2026-09-30/linux-builds/compact561-host/observations/20260930T191112012061Z.json
 create mode 100644 docs/reviews/sail-stream-experiments-2026-09-30/linux-builds/compact561-host/observations/20260930T191145097072Z.json
 create mode 100644 docs/reviews/sail-stream-experiments-2026-09-30/linux-builds/compact561-host/observations/20260930T191217600492Z.json
 create mode 100644 docs/reviews/sail-stream-experiments-2026-09-30/linux-builds/compact561-host/observations/20260930T191251155638Z.json
 create mode 100644 docs/reviews/sail-stream-experiments-2026-09-30/linux-builds/compact561-host/observations/20260930T191322839283Z.json
 create mode 100644 docs/reviews/sail-stream-experiments-2026-09-30/linux-builds/compact561-host/observations/20260930T191355119098Z.json
 create mode 100644 docs/reviews/sail-stream-experiments-2026-09-30/linux-builds/compact561-host/observations/20260930T191427013818Z.json
 create mode 100644 docs/reviews/sail-stream-experiments-2026-09-30/linux-builds/compact561-host/observations/20260930T191458894392Z.json
 create mode 100644 docs/reviews/sail-stream-experiments-2026-09-30/linux-builds/compact561-host/observations/20260930T191530287548Z.json
 create mode 100644 docs/reviews/sail-stream-experiments-2026-09-30/linux-builds/compact561-host/observations/20260930T191602006965Z.json
 create mode 100644 docs/reviews/sail-stream-experiments-2026-09-30/linux-builds/compact561-host/observations/20260930T191634326246Z.json
 create mode 100644 docs/reviews/sail-stream-experiments-2026-09-30/linux-builds/compact561-host/observations/20260930T191705818287Z.json
 create mode 100644 docs/reviews/sail-stream-experiments-2026-09-30/linux-builds/compact561-host/observations/20260930T191737453939Z.json
 create mode 100644 docs/reviews/sail-stream-experiments-2026-09-30/linux-builds/compact561-host/observations/20260930T191809526136Z.json
 create mode 100644 docs/reviews/sail-stream-experiments-2026-09-30/linux-builds/compact561-host/observations/20260930T191840691206Z.json
 create mode 100644 docs/reviews/sail-stream-experiments-2026-09-30/linux-builds/compact561-host/observations/20260930T191911634024Z.json
 create mode 100644 docs/reviews/sail-stream-experiments-2026-09-30/linux-builds/compact561-host/observations/20260930T191943337350Z.json
 create mode 100644 docs/reviews/sail-stream-experiments-2026-09-30/linux-builds/compact561-host/observations/20260930T192024016290Z.json
 create mode 100644 docs/reviews/sail-stream-experiments-2026-09-30/linux-builds/compact561-host/observations/20260930T192111986470Z.json
 create mode 100644 docs/reviews/sail-stream-experiments-2026-09-30/linux-builds/compact561-host/observations/20260930T192159399988Z.json
 create mode 100644 docs/reviews/sail-stream-experiments-2026-09-30/linux-builds/compact561-host/observations/20260930T192230613305Z.json
 create mode 100644 docs/reviews/sail-stream-experiments-2026-09-30/linux-builds/compact561-host/observations/20260930T192304939584Z.json
 create mode 100644 docs/reviews/sail-stream-experiments-2026-09-30/linux-builds/compact561-host/observations/20260930T192341998360Z.json
 create mode 100644 docs/reviews/sail-stream-experiments-2026-09-30/linux-builds/compact561-host/observations/20260930T192417340412Z.json
 create mode 100644 docs/reviews/sail-stream-experiments-2026-09-30/linux-builds/compact561-host/observations/20260930T192455723645Z.json
 create mode 100644 docs/reviews/sail-stream-experiments-2026-09-30/linux-builds/compact561-host/observations/20260930T192535035351Z.json
 create mode 100644 docs/reviews/sail-stream-experiments-2026-09-30/linux-builds/compact561-host/observations/20260930T192606060222Z.json
 create mode 100644 docs/reviews/sail-stream-experiments-2026-09-30/linux-builds/compact561-host/observations/20260930T192637051409Z.json
 create mode 100644 docs/reviews/sail-stream-experiments-2026-09-30/linux-builds/compact561-host/observations/20260930T192708031737Z.json
 create mode 100644 docs/reviews/sail-stream-experiments-2026-09-30/linux-builds/compact561-host/observations/20260930T192739193865Z.json
 create mode 100644 docs/reviews/sail-stream-experiments-2026-09-30/linux-builds/compact561-host/observations/20260930T192811412309Z.json
 create mode 100644 docs/reviews/sail-stream-experiments-2026-09-30/linux-builds/compact561-host/observations/20260930T192842569594Z.json
 create mode 100644 docs/reviews/sail-stream-experiments-2026-09-30/linux-builds/compact561-host/observations/20260930T192913415023Z.json
 create mode 100644 docs/reviews/sail-stream-experiments-2026-09-30/linux-builds/compact561-host/observations/20260930T192944595479Z.json
 create mode 100644 docs/reviews/sail-stream-experiments-2026-09-30/linux-builds/compact561-host/observations/20260930T193015667063Z.json
 create mode 100644 docs/reviews/sail-stream-experiments-2026-09-30/linux-builds/compact561-host/observations/20260930T193046737348Z.json
 create mode 100644 docs/reviews/sail-stream-experiments-2026-09-30/linux-builds/compact561-host/observations/20260930T193118239332Z.json
 create mode 100644 docs/reviews/sail-stream-experiments-2026-09-30/linux-builds/compact561-host/observations/20260930T193149058853Z.json
 create mode 100644 docs/reviews/sail-stream-experiments-2026-09-30/linux-builds/compact561-host/observations/20260930T193220021371Z.json
 create mode 100644 docs/reviews/sail-stream-experiments-2026-09-30/linux-builds/compact561-host/observations/20260930T193250914384Z.json
 create mode 100644 docs/reviews/sail-stream-experiments-2026-09-30/linux-builds/compact561-host/observations/20260930T193321761531Z.json
 create mode 100644 docs/reviews/sail-stream-experiments-2026-09-30/linux-builds/compact561-host/observations/20260930T193352578060Z.json
 create mode 100644 docs/reviews/sail-stream-experiments-2026-09-30/linux-builds/compact561-host/observations/20260930T193423410858Z.json
 create mode 100644 docs/reviews/sail-stream-experiments-2026-09-30/linux-builds/compact561-host/observations/20260930T193454290154Z.json
 create mode 100644 docs/reviews/sail-stream-experiments-2026-09-30/linux-builds/compact561-host/observations/20260930T193525104437Z.json
 create mode 100644 docs/reviews/sail-stream-experiments-2026-09-30/linux-builds/compact561-host/observations/20260930T193555925588Z.json
 create mode 100644 docs/reviews/sail-stream-experiments-2026-09-30/linux-builds/compact561-host/observations/20260930T193626787475Z.json
 create mode 100644 docs/reviews/sail-stream-experiments-2026-09-30/linux-builds/compact561-host/observations/20260930T193657625360Z.json
 create mode 100644 docs/reviews/sail-stream-experiments-2026-09-30/linux-builds/compact561-host/observations/20260930T193729067908Z.json
 create mode 100644 docs/reviews/sail-stream-experiments-2026-09-30/linux-builds/compact561-host/observations/20260930T193759902003Z.json
 create mode 100644 docs/reviews/sail-stream-experiments-2026-09-30/linux-builds/compact561-host/observations/20260930T193830793610Z.json
 create mode 100644 docs/reviews/sail-stream-experiments-2026-09-30/linux-builds/compact561-host/observations/20260930T193901889816Z.json
 create mode 100644 docs/reviews/sail-stream-experiments-2026-09-30/linux-builds/compact561-host/observations/20260930T193932716266Z.json
 create mode 100644 docs/reviews/sail-stream-experiments-2026-09-30/linux-builds/compact561-host/observations/20260930T194003556707Z.json
 create mode 100644 docs/reviews/sail-stream-experiments-2026-09-30/linux-builds/compact561-host/observations/20260930T194034367797Z.json
 create mode 100644 docs/reviews/sail-stream-experiments-2026-09-30/linux-builds/compact561-host/observations/20260930T194105210053Z.json
 create mode 100644 docs/reviews/sail-stream-experiments-2026-09-30/linux-builds/compact561-host/observations/20260930T194136039791Z.json
 create mode 100644 docs/reviews/sail-stream-experiments-2026-09-30/linux-builds/compact561-host/observations/20260930T194206856798Z.json
 create mode 100644 docs/reviews/sail-stream-experiments-2026-09-30/linux-builds/compact561-host/observations/20260930T194237751486Z.json
 create mode 100644 docs/reviews/sail-stream-experiments-2026-09-30/linux-builds/compact561-host/observations/20260930T194308612954Z.json
 create mode 100644 docs/reviews/sail-stream-experiments-2026-09-30/linux-builds/compact561-host/observations/20260930T194339454900Z.json
 create mode 100644 docs/reviews/sail-stream-experiments-2026-09-30/linux-builds/compact561-host/observations/20260930T194410310736Z.json
 create mode 100644 docs/reviews/sail-stream-experiments-2026-09-30/linux-builds/compact561-host/observations/20260930T194441262227Z.json
 create mode 100644 docs/reviews/sail-stream-experiments-2026-09-30/linux-builds/compact561-host/observations/20260930T194512159162Z.json
 create mode 100644 docs/reviews/sail-stream-experiments-2026-09-30/linux-builds/compact561-host/observations/20260930T194543010842Z.json
 create mode 100644 docs/reviews/sail-stream-experiments-2026-09-30/linux-builds/compact561-host/observations/20260930T194613857973Z.json
 create mode 100644 docs/reviews/sail-stream-experiments-2026-09-30/linux-builds/compact561-host/observations/20260930T194644711548Z.json
 create mode 100644 docs/reviews/sail-stream-experiments-2026-09-30/linux-builds/compact561-host/observations/20260930T194715631267Z.json
 create mode 100644 docs/reviews/sail-stream-experiments-2026-09-30/linux-builds/compact561-host/observations/20260930T194746476643Z.json
 create mode 100644 docs/reviews/sail-stream-experiments-2026-09-30/linux-builds/compact561-host/observations/20260930T194820047854Z.json
 create mode 100644 docs/reviews/sail-stream-experiments-2026-09-30/linux-builds/compact561-host/observations/20260930T194851178006Z.json
 create mode 100644 docs/reviews/sail-stream-experiments-2026-09-30/linux-builds/compact561-host/observations/20260930T194922302209Z.json
 create mode 100644 docs/reviews/sail-stream-experiments-2026-09-30/linux-builds/compact561-host/observations/20260930T194953266319Z.json
 create mode 100644 docs/reviews/sail-stream-experiments-2026-09-30/linux-builds/compact561-host/observations/20260930T195024129176Z.json
 create mode 100644 docs/reviews/sail-stream-experiments-2026-09-30/linux-builds/compact561-host/observations/20260930T195055088501Z.json
 create mode 100644 docs/reviews/sail-stream-experiments-2026-09-30/linux-builds/compact561-host/observations/20260930T195126112483Z.json
 create mode 100644 docs/reviews/sail-stream-experiments-2026-09-30/linux-builds/compact561-host/observations/20260930T195157010814Z.json
 create mode 100644 docs/reviews/sail-stream-experiments-2026-09-30/linux-builds/compact561-host/observations/20260930T195228085078Z.json
 create mode 100644 docs/reviews/sail-stream-experiments-2026-09-30/linux-builds/compact561-host/observations/20260930T195259302428Z.json
 create mode 100644 docs/reviews/sail-stream-experiments-2026-09-30/linux-builds/compact561-host/observations/20260930T195330231390Z.json
 create mode 100644 docs/reviews/sail-stream-experiments-2026-09-30/linux-builds/compact561-host/observations/20260930T195401092847Z.json
 create mode 100644 docs/reviews/sail-stream-experiments-2026-09-30/linux-builds/compact561-host/observations/20260930T195431932552Z.json
 create mode 100644 docs/reviews/sail-stream-experiments-2026-09-30/linux-builds/compact561-host/observations/20260930T195502822236Z.json
 create mode 100644 docs/reviews/sail-stream-experiments-2026-09-30/linux-builds/compact561-host/observations/20260930T195533785403Z.json
 create mode 100644 docs/reviews/sail-stream-experiments-2026-09-30/linux-builds/compact561-host/observations/20260930T195604723281Z.json
 create mode 100644 docs/reviews/sail-stream-experiments-2026-09-30/linux-builds/compact561-host/observations/20260930T195635674441Z.json
 create mode 100644 docs/reviews/sail-stream-experiments-2026-09-30/linux-builds/compact561-host/observations/20260930T195706588962Z.json
 create mode 100644 docs/reviews/sail-stream-experiments-2026-09-30/linux-builds/compact561-host/observations/20260930T195737319343Z.json
 create mode 100644 docs/reviews/sail-stream-experiments-2026-09-30/linux-builds/compiler_progress_compact.py
 create mode 100644 docs/reviews/sail-stream-experiments-2026-09-30/linux-builds/host-cache-apply-command.json
 create mode 100644 docs/reviews/sail-stream-experiments-2026-09-30/linux-builds/host-cache-apply-command.stderr
 create mode 100644 docs/reviews/sail-stream-experiments-2026-09-30/linux-builds/host-cache-cleanup-independent-review.json
 create mode 100644 docs/reviews/sail-stream-experiments-2026-09-30/linux-builds/host-cache-cleanup-staging.json
 create mode 100644 docs/reviews/sail-stream-experiments-2026-09-30/linux-builds/host-cache-cleanup/disk-planning-20260930T192505025564Z.json
 create mode 100644 docs/reviews/sail-stream-experiments-2026-09-30/linux-builds/host-cache-cleanup/host-cache-cleanup-apply-20260930T195927323495Z/collection.json
 create mode 100644 docs/reviews/sail-stream-experiments-2026-09-30/linux-builds/host-cache-cleanup/host-cache-cleanup-apply-20260930T195927323495Z/command.log
 create mode 100644 docs/reviews/sail-stream-experiments-2026-09-30/linux-builds/host-cache-cleanup/host-cache-cleanup-apply-20260930T195927323495Z/container.json
 create mode 100644 docs/reviews/sail-stream-experiments-2026-09-30/linux-builds/host-cache-cleanup/host-cache-cleanup-apply-20260930T195927323495Z/host-cache-cleanup.json
 create mode 100644 docs/reviews/sail-stream-experiments-2026-09-30/linux-builds/host-cache-cleanup/host-cache-cleanup-apply-20260930T195927323495Z/launch.json
 create mode 100644 docs/reviews/sail-stream-experiments-2026-09-30/linux-builds/host-cache-cleanup/host-cache-cleanup-inspect-20260930T195839879378Z/collection.json
 create mode 100644 docs/reviews/sail-stream-experiments-2026-09-30/linux-builds/host-cache-cleanup/host-cache-cleanup-inspect-20260930T195839879378Z/command.log
 create mode 100644 docs/reviews/sail-stream-experiments-2026-09-30/linux-builds/host-cache-cleanup/host-cache-cleanup-inspect-20260930T195839879378Z/container.json
 create mode 100644 docs/reviews/sail-stream-experiments-2026-09-30/linux-builds/host-cache-cleanup/host-cache-cleanup-inspect-20260930T195839879378Z/inspection.json
 create mode 100644 docs/reviews/sail-stream-experiments-2026-09-30/linux-builds/host-cache-cleanup/host-cache-cleanup-inspect-20260930T195839879378Z/launch.json
 create mode 100644 docs/reviews/sail-stream-experiments-2026-09-30/linux-builds/host-cache-inspection-command.json
 create mode 100644 docs/reviews/sail-stream-experiments-2026-09-30/linux-builds/host-cache-inspection-command.stderr
 create mode 100644 docs/reviews/sail-stream-experiments-2026-09-30/linux-builds/integration289/host-progress/compiler-20260930T185925036996Z.json
 create mode 100644 docs/reviews/sail-stream-experiments-2026-09-30/linux-builds/integration289/observations/20260930T185720393038Z.json
 create mode 100644 docs/reviews/sail-stream-experiments-2026-09-30/linux-builds/integration289/observations/20260930T185751592898Z.json
 create mode 100644 docs/reviews/sail-stream-experiments-2026-09-30/linux-builds/integration289/observations/20260930T185822859584Z.json
 create mode 100644 docs/reviews/sail-stream-experiments-2026-09-30/linux-builds/integration289/observations/20260930T185854142802Z.json
 create mode 100644 docs/reviews/sail-stream-experiments-2026-09-30/linux-builds/integration289/observations/20260930T185925568912Z.json
 create mode 100644 docs/reviews/sail-stream-experiments-2026-09-30/linux-builds/integration289/observations/20260930T185956866170Z.json
 create mode 100644 docs/reviews/sail-stream-experiments-2026-09-30/linux-builds/integration289/observations/20260930T190028124998Z.json
 create mode 100644 docs/reviews/sail-stream-experiments-2026-09-30/linux-builds/integration289/observations/20260930T190059345730Z.json
 create mode 100644 docs/reviews/sail-stream-experiments-2026-09-30/linux-builds/integration289/observations/20260930T190130541312Z.json
 create mode 100644 docs/reviews/sail-stream-experiments-2026-09-30/linux-builds/integration289/observations/20260930T190203660067Z.json
 create mode 100644 docs/reviews/sail-stream-experiments-2026-09-30/linux-builds/integration289/observations/20260930T190257131062Z.json
 create mode 100644 docs/reviews/sail-stream-experiments-2026-09-30/linux-builds/integration289/observations/20260930T190335014876Z.json
 create mode 100644 docs/reviews/sail-stream-experiments-2026-09-30/linux-builds/integration289/observations/20260930T190419060749Z.json
 create mode 100644 docs/reviews/sail-stream-experiments-2026-09-30/linux-builds/integration289/observations/20260930T190456943893Z.json
 create mode 100644 docs/reviews/sail-stream-experiments-2026-09-30/linux-builds/integration289/observations/20260930T190531897364Z.json
 create mode 100644 docs/reviews/sail-stream-experiments-2026-09-30/linux-builds/integration289/observations/20260930T190604098237Z.json
 create mode 100644 docs/reviews/sail-stream-experiments-2026-09-30/linux-builds/integration289/observations/20260930T190639610593Z.json
 create mode 100644 docs/reviews/sail-stream-experiments-2026-09-30/linux-builds/integration289/observations/20260930T190720752675Z.json
 create mode 100644 docs/reviews/sail-stream-experiments-2026-09-30/linux-builds/integration289/observations/20260930T190753815728Z.json
 create mode 100644 docs/reviews/sail-stream-experiments-2026-09-30/linux-builds/integration289/observations/20260930T190825293061Z.json
 create mode 100644 docs/reviews/sail-stream-experiments-2026-09-30/linux-builds/launch_host_cache_cleanup.py
 create mode 100644 docs/reviews/sail-stream-experiments-2026-09-30/linux-builds/orchestration-20260930T180213109544Z/collect-190825310095.stderr
 create mode 100644 docs/reviews/sail-stream-experiments-2026-09-30/linux-builds/orchestration-20260930T180213109544Z/collect-190825310095.stdout
 create mode 100644 docs/reviews/sail-stream-experiments-2026-09-30/linux-builds/orchestration-20260930T180213109544Z/collect-195737330475.stderr
 create mode 100644 docs/reviews/sail-stream-experiments-2026-09-30/linux-builds/orchestration-20260930T180213109544Z/collect-195737330475.stdout
 create mode 100644 docs/reviews/sail-stream-experiments-2026-09-30/linux-builds/orchestration-20260930T180213109544Z/launch_cleanup-190831394614.stderr
 create mode 100644 docs/reviews/sail-stream-experiments-2026-09-30/linux-builds/orchestration-20260930T180213109544Z/launch_cleanup-190831394614.stdout
 create mode 100644 docs/reviews/sail-stream-experiments-2026-09-30/linux-builds/orchestration-20260930T180213109544Z/launch_host_only-190934435344.stderr
 create mode 100644 docs/reviews/sail-stream-experiments-2026-09-30/linux-builds/orchestration-20260930T180213109544Z/launch_host_only-190934435344.stdout
 create mode 100644 docs/reviews/sail-stream-experiments-2026-09-30/linux-builds/orchestration-20260930T180213109544Z/observe-185719208460.stderr
 create mode 100644 docs/reviews/sail-stream-experiments-2026-09-30/linux-builds/orchestration-20260930T180213109544Z/observe-185719208460.stdout
 create mode 100644 docs/reviews/sail-stream-experiments-2026-09-30/linux-builds/orchestration-20260930T180213109544Z/observe-185750413740.stderr
 create mode 100644 docs/reviews/sail-stream-experiments-2026-09-30/linux-builds/orchestration-20260930T180213109544Z/observe-185750413740.stdout
 create mode 100644 docs/reviews/sail-stream-experiments-2026-09-30/linux-builds/orchestration-20260930T180213109544Z/observe-185821602640.stderr
 create mode 100644 docs/reviews/sail-stream-experiments-2026-09-30/linux-builds/orchestration-20260930T180213109544Z/observe-185821602640.stdout
 create mode 100644 docs/reviews/sail-stream-experiments-2026-09-30/linux-builds/orchestration-20260930T180213109544Z/observe-185852885772.stderr
 create mode 100644 docs/reviews/sail-stream-experiments-2026-09-30/linux-builds/orchestration-20260930T180213109544Z/observe-185852885772.stdout
 create mode 100644 docs/reviews/sail-stream-experiments-2026-09-30/linux-builds/orchestration-20260930T180213109544Z/observe-185924179073.stderr
 create mode 100644 docs/reviews/sail-stream-experiments-2026-09-30/linux-builds/orchestration-20260930T180213109544Z/observe-185924179073.stdout
 create mode 100644 docs/reviews/sail-stream-experiments-2026-09-30/linux-builds/orchestration-20260930T180213109544Z/observe-185955594919.stderr
 create mode 100644 docs/reviews/sail-stream-experiments-2026-09-30/linux-builds/orchestration-20260930T180213109544Z/observe-185955594919.stdout
 create mode 100644 docs/reviews/sail-stream-experiments-2026-09-30/linux-builds/orchestration-20260930T180213109544Z/observe-190026878822.stderr
 create mode 100644 docs/reviews/sail-stream-experiments-2026-09-30/linux-builds/orchestration-20260930T180213109544Z/observe-190026878822.stdout
 create mode 100644 docs/reviews/sail-stream-experiments-2026-09-30/linux-builds/orchestration-20260930T180213109544Z/observe-190058157845.stderr
 create mode 100644 docs/reviews/sail-stream-experiments-2026-09-30/linux-builds/orchestration-20260930T180213109544Z/observe-190058157845.stdout
 create mode 100644 docs/reviews/sail-stream-experiments-2026-09-30/linux-builds/orchestration-20260930T180213109544Z/observe-190129363106.stderr
 create mode 100644 docs/reviews/sail-stream-experiments-2026-09-30/linux-builds/orchestration-20260930T180213109544Z/observe-190129363106.stdout
 create mode 100644 docs/reviews/sail-stream-experiments-2026-09-30/linux-builds/orchestration-20260930T180213109544Z/observe-190200570748.stderr
 create mode 100644 docs/reviews/sail-stream-experiments-2026-09-30/linux-builds/orchestration-20260930T180213109544Z/observe-190200570748.stdout
 create mode 100644 docs/reviews/sail-stream-experiments-2026-09-30/linux-builds/orchestration-20260930T180213109544Z/observe-190233690893.stderr
 create mode 100644 docs/reviews/sail-stream-experiments-2026-09-30/linux-builds/orchestration-20260930T180213109544Z/observe-190233690893.stdout
 create mode 100644 docs/reviews/sail-stream-experiments-2026-09-30/linux-builds/orchestration-20260930T180213109544Z/observe-190327166322.stderr
 create mode 100644 docs/reviews/sail-stream-experiments-2026-09-30/linux-builds/orchestration-20260930T180213109544Z/observe-190327166322.stdout
 create mode 100644 docs/reviews/sail-stream-experiments-2026-09-30/linux-builds/orchestration-20260930T180213109544Z/observe-190405045869.stderr
 create mode 100644 docs/reviews/sail-stream-experiments-2026-09-30/linux-builds/orchestration-20260930T180213109544Z/observe-190405045869.stdout
 create mode 100644 docs/reviews/sail-stream-experiments-2026-09-30/linux-builds/orchestration-20260930T180213109544Z/observe-190449092111.stderr
 create mode 100644 docs/reviews/sail-stream-experiments-2026-09-30/linux-builds/orchestration-20260930T180213109544Z/observe-190449092111.stdout
 create mode 100644 docs/reviews/sail-stream-experiments-2026-09-30/linux-builds/orchestration-20260930T180213109544Z/observe-190526978033.stderr
 create mode 100644 docs/reviews/sail-stream-experiments-2026-09-30/linux-builds/orchestration-20260930T180213109544Z/observe-190526978033.stdout
 create mode 100644 docs/reviews/sail-stream-experiments-2026-09-30/linux-builds/orchestration-20260930T180213109544Z/observe-190601907434.stderr
 create mode 100644 docs/reviews/sail-stream-experiments-2026-09-30/linux-builds/orchestration-20260930T180213109544Z/observe-190601907434.stdout
 create mode 100644 docs/reviews/sail-stream-experiments-2026-09-30/linux-builds/orchestration-20260930T180213109544Z/observe-190634126026.stderr
 create mode 100644 docs/reviews/sail-stream-experiments-2026-09-30/linux-builds/orchestration-20260930T180213109544Z/observe-190634126026.stdout
 create mode 100644 docs/reviews/sail-stream-experiments-2026-09-30/linux-builds/orchestration-20260930T180213109544Z/observe-190709643870.stderr
 create mode 100644 docs/reviews/sail-stream-experiments-2026-09-30/linux-builds/orchestration-20260930T180213109544Z/observe-190709643870.stdout
 create mode 100644 docs/reviews/sail-stream-experiments-2026-09-30/linux-builds/orchestration-20260930T180213109544Z/observe-190750784284.stderr
 create mode 100644 docs/reviews/sail-stream-experiments-2026-09-30/linux-builds/orchestration-20260930T180213109544Z/observe-190750784284.stdout
 create mode 100644 docs/reviews/sail-stream-experiments-2026-09-30/linux-builds/orchestration-20260930T180213109544Z/observe-190823823785.stderr
 create mode 100644 docs/reviews/sail-stream-experiments-2026-09-30/linux-builds/orchestration-20260930T180213109544Z/observe-190823823785.stdout
 create mode 100644 docs/reviews/sail-stream-experiments-2026-09-30/linux-builds/orchestration-20260930T180213109544Z/observe-191005394561.stderr
 create mode 100644 docs/reviews/sail-stream-experiments-2026-09-30/linux-builds/orchestration-20260930T180213109544Z/observe-191005394561.stdout
 create mode 100644 docs/reviews/sail-stream-experiments-2026-09-30/linux-builds/orchestration-20260930T180213109544Z/observe-191037924820.stderr
 create mode 100644 docs/reviews/sail-stream-experiments-2026-09-30/linux-builds/orchestration-20260930T180213109544Z/observe-191037924820.stdout
 create mode 100644 docs/reviews/sail-stream-experiments-2026-09-30/linux-builds/orchestration-20260930T180213109544Z/observe-191109468954.stderr
 create mode 100644 docs/reviews/sail-stream-experiments-2026-09-30/linux-builds/orchestration-20260930T180213109544Z/observe-191109468954.stdout
 create mode 100644 docs/reviews/sail-stream-experiments-2026-09-30/linux-builds/orchestration-20260930T180213109544Z/observe-191142031486.stderr
 create mode 100644 docs/reviews/sail-stream-experiments-2026-09-30/linux-builds/orchestration-20260930T180213109544Z/observe-191142031486.stdout
 create mode 100644 docs/reviews/sail-stream-experiments-2026-09-30/linux-builds/orchestration-20260930T180213109544Z/observe-191215125730.stderr
 create mode 100644 docs/reviews/sail-stream-experiments-2026-09-30/linux-builds/orchestration-20260930T180213109544Z/observe-191215125730.stdout
 create mode 100644 docs/reviews/sail-stream-experiments-2026-09-30/linux-builds/orchestration-20260930T180213109544Z/observe-191247626130.stderr
 create mode 100644 docs/reviews/sail-stream-experiments-2026-09-30/linux-builds/orchestration-20260930T180213109544Z/observe-191247626130.stdout
 create mode 100644 docs/reviews/sail-stream-experiments-2026-09-30/linux-builds/orchestration-20260930T180213109544Z/observe-191321192383.stderr
 create mode 100644 docs/reviews/sail-stream-experiments-2026-09-30/linux-builds/orchestration-20260930T180213109544Z/observe-191321192383.stdout
 create mode 100644 docs/reviews/sail-stream-experiments-2026-09-30/linux-builds/orchestration-20260930T180213109544Z/observe-191352857462.stderr
 create mode 100644 docs/reviews/sail-stream-experiments-2026-09-30/linux-builds/orchestration-20260930T180213109544Z/observe-191352857462.stdout
 create mode 100644 docs/reviews/sail-stream-experiments-2026-09-30/linux-builds/orchestration-20260930T180213109544Z/observe-191425140736.stderr
 create mode 100644 docs/reviews/sail-stream-experiments-2026-09-30/linux-builds/orchestration-20260930T180213109544Z/observe-191425140736.stdout
 create mode 100644 docs/reviews/sail-stream-experiments-2026-09-30/linux-builds/orchestration-20260930T180213109544Z/observe-191457029769.stderr
 create mode 100644 docs/reviews/sail-stream-experiments-2026-09-30/linux-builds/orchestration-20260930T180213109544Z/observe-191457029769.stdout
 create mode 100644 docs/reviews/sail-stream-experiments-2026-09-30/linux-builds/orchestration-20260930T180213109544Z/observe-191528912728.stderr
 create mode 100644 docs/reviews/sail-stream-experiments-2026-09-30/linux-builds/orchestration-20260930T180213109544Z/observe-191528912728.stdout
 create mode 100644 docs/reviews/sail-stream-experiments-2026-09-30/linux-builds/orchestration-20260930T180213109544Z/observe-191600297927.stderr
 create mode 100644 docs/reviews/sail-stream-experiments-2026-09-30/linux-builds/orchestration-20260930T180213109544Z/observe-191600297927.stdout
 create mode 100644 docs/reviews/sail-stream-experiments-2026-09-30/linux-builds/orchestration-20260930T180213109544Z/observe-191632039864.stderr
 create mode 100644 docs/reviews/sail-stream-experiments-2026-09-30/linux-builds/orchestration-20260930T180213109544Z/observe-191632039864.stdout
 create mode 100644 docs/reviews/sail-stream-experiments-2026-09-30/linux-builds/orchestration-20260930T180213109544Z/observe-191704356089.stderr
 create mode 100644 docs/reviews/sail-stream-experiments-2026-09-30/linux-builds/orchestration-20260930T180213109544Z/observe-191704356089.stdout
 create mode 100644 docs/reviews/sail-stream-experiments-2026-09-30/linux-builds/orchestration-20260930T180213109544Z/observe-191735839910.stderr
 create mode 100644 docs/reviews/sail-stream-experiments-2026-09-30/linux-builds/orchestration-20260930T180213109544Z/observe-191735839910.stdout
 create mode 100644 docs/reviews/sail-stream-experiments-2026-09-30/linux-builds/orchestration-20260930T180213109544Z/observe-191807480793.stderr
 create mode 100644 docs/reviews/sail-stream-experiments-2026-09-30/linux-builds/orchestration-20260930T180213109544Z/observe-191807480793.stdout
 create mode 100644 docs/reviews/sail-stream-experiments-2026-09-30/linux-builds/orchestration-20260930T180213109544Z/observe-191839550719.stderr
 create mode 100644 docs/reviews/sail-stream-experiments-2026-09-30/linux-builds/orchestration-20260930T180213109544Z/observe-191839550719.stdout
 create mode 100644 docs/reviews/sail-stream-experiments-2026-09-30/linux-builds/orchestration-20260930T180213109544Z/observe-191910700411.stderr
 create mode 100644 docs/reviews/sail-stream-experiments-2026-09-30/linux-builds/orchestration-20260930T180213109544Z/observe-191910700411.stdout
 create mode 100644 docs/reviews/sail-stream-experiments-2026-09-30/linux-builds/orchestration-20260930T180213109544Z/observe-191941652350.stderr
 create mode 100644 docs/reviews/sail-stream-experiments-2026-09-30/linux-builds/orchestration-20260930T180213109544Z/observe-191941652350.stdout
 create mode 100644 docs/reviews/sail-stream-experiments-2026-09-30/linux-builds/orchestration-20260930T180213109544Z/observe-192013361702.stderr
 create mode 100644 docs/reviews/sail-stream-experiments-2026-09-30/linux-builds/orchestration-20260930T180213109544Z/observe-192013361702.stdout
 create mode 100644 docs/reviews/sail-stream-experiments-2026-09-30/linux-builds/orchestration-20260930T180213109544Z/observe-192054038586.stderr
 create mode 100644 docs/reviews/sail-stream-experiments-2026-09-30/linux-builds/orchestration-20260930T180213109544Z/observe-192054038586.stdout
 create mode 100644 docs/reviews/sail-stream-experiments-2026-09-30/linux-builds/orchestration-20260930T180213109544Z/observe-192142008743.stderr
 create mode 100644 docs/reviews/sail-stream-experiments-2026-09-30/linux-builds/orchestration-20260930T180213109544Z/observe-192142008743.stdout
 create mode 100644 docs/reviews/sail-stream-experiments-2026-09-30/linux-builds/orchestration-20260930T180213109544Z/observe-192229408719.stderr
 create mode 100644 docs/reviews/sail-stream-experiments-2026-09-30/linux-builds/orchestration-20260930T180213109544Z/observe-192229408719.stdout
 create mode 100644 docs/reviews/sail-stream-experiments-2026-09-30/linux-builds/orchestration-20260930T180213109544Z/observe-192300632649.stderr
 create mode 100644 docs/reviews/sail-stream-experiments-2026-09-30/linux-builds/orchestration-20260930T180213109544Z/observe-192300632649.stdout
 create mode 100644 docs/reviews/sail-stream-experiments-2026-09-30/linux-builds/orchestration-20260930T180213109544Z/observe-192334969421.stderr
 create mode 100644 docs/reviews/sail-stream-experiments-2026-09-30/linux-builds/orchestration-20260930T180213109544Z/observe-192334969421.stdout
 create mode 100644 docs/reviews/sail-stream-experiments-2026-09-30/linux-builds/orchestration-20260930T180213109544Z/observe-192412008566.stderr
 create mode 100644 docs/reviews/sail-stream-experiments-2026-09-30/linux-builds/orchestration-20260930T180213109544Z/observe-192412008566.stdout
 create mode 100644 docs/reviews/sail-stream-experiments-2026-09-30/linux-builds/orchestration-20260930T180213109544Z/observe-192447353325.stderr
 create mode 100644 docs/reviews/sail-stream-experiments-2026-09-30/linux-builds/orchestration-20260930T180213109544Z/observe-192447353325.stdout
 create mode 100644 docs/reviews/sail-stream-experiments-2026-09-30/linux-builds/orchestration-20260930T180213109544Z/observe-192525747110.stderr
 create mode 100644 docs/reviews/sail-stream-experiments-2026-09-30/linux-builds/orchestration-20260930T180213109544Z/observe-192525747110.stdout
 create mode 100644 docs/reviews/sail-stream-experiments-2026-09-30/linux-builds/orchestration-20260930T180213109544Z/observe-192605056042.stderr
 create mode 100644 docs/reviews/sail-stream-experiments-2026-09-30/linux-builds/orchestration-20260930T180213109544Z/observe-192605056042.stdout
 create mode 100644 docs/reviews/sail-stream-experiments-2026-09-30/linux-builds/orchestration-20260930T180213109544Z/observe-192636078925.stderr
 create mode 100644 docs/reviews/sail-stream-experiments-2026-09-30/linux-builds/orchestration-20260930T180213109544Z/observe-192636078925.stdout
 create mode 100644 docs/reviews/sail-stream-experiments-2026-09-30/linux-builds/orchestration-20260930T180213109544Z/observe-192707082853.stderr
 create mode 100644 docs/reviews/sail-stream-experiments-2026-09-30/linux-builds/orchestration-20260930T180213109544Z/observe-192707082853.stdout
 create mode 100644 docs/reviews/sail-stream-experiments-2026-09-30/linux-builds/orchestration-20260930T180213109544Z/observe-192738051270.stderr
 create mode 100644 docs/reviews/sail-stream-experiments-2026-09-30/linux-builds/orchestration-20260930T180213109544Z/observe-192738051270.stdout
 create mode 100644 docs/reviews/sail-stream-experiments-2026-09-30/linux-builds/orchestration-20260930T180213109544Z/observe-192809213104.stderr
 create mode 100644 docs/reviews/sail-stream-experiments-2026-09-30/linux-builds/orchestration-20260930T180213109544Z/observe-192809213104.stdout
 create mode 100644 docs/reviews/sail-stream-experiments-2026-09-30/linux-builds/orchestration-20260930T180213109544Z/observe-192841433814.stderr
 create mode 100644 docs/reviews/sail-stream-experiments-2026-09-30/linux-builds/orchestration-20260930T180213109544Z/observe-192841433814.stdout
 create mode 100644 docs/reviews/sail-stream-experiments-2026-09-30/linux-builds/orchestration-20260930T180213109544Z/observe-192912602448.stderr
 create mode 100644 docs/reviews/sail-stream-experiments-2026-09-30/linux-builds/orchestration-20260930T180213109544Z/observe-192912602448.stdout
 create mode 100644 docs/reviews/sail-stream-experiments-2026-09-30/linux-builds/orchestration-20260930T180213109544Z/observe-192943424214.stderr
 create mode 100644 docs/reviews/sail-stream-experiments-2026-09-30/linux-builds/orchestration-20260930T180213109544Z/observe-192943424214.stdout
 create mode 100644 docs/reviews/sail-stream-experiments-2026-09-30/linux-builds/orchestration-20260930T180213109544Z/observe-193014625643.stderr
 create mode 100644 docs/reviews/sail-stream-experiments-2026-09-30/linux-builds/orchestration-20260930T180213109544Z/observe-193014625643.stdout
 create mode 100644 docs/reviews/sail-stream-experiments-2026-09-30/linux-builds/orchestration-20260930T180213109544Z/observe-193045685637.stderr
 create mode 100644 docs/reviews/sail-stream-experiments-2026-09-30/linux-builds/orchestration-20260930T180213109544Z/observe-193045685637.stdout
 create mode 100644 docs/reviews/sail-stream-experiments-2026-09-30/linux-builds/orchestration-20260930T180213109544Z/observe-193116781624.stderr
 create mode 100644 docs/reviews/sail-stream-experiments-2026-09-30/linux-builds/orchestration-20260930T180213109544Z/observe-193116781624.stdout
 create mode 100644 docs/reviews/sail-stream-experiments-2026-09-30/linux-builds/orchestration-20260930T180213109544Z/observe-193148257846.stderr
 create mode 100644 docs/reviews/sail-stream-experiments-2026-09-30/linux-builds/orchestration-20260930T180213109544Z/observe-193148257846.stdout
 create mode 100644 docs/reviews/sail-stream-experiments-2026-09-30/linux-builds/orchestration-20260930T180213109544Z/observe-193219077516.stderr
 create mode 100644 docs/reviews/sail-stream-experiments-2026-09-30/linux-builds/orchestration-20260930T180213109544Z/observe-193219077516.stdout
 create mode 100644 docs/reviews/sail-stream-experiments-2026-09-30/linux-builds/orchestration-20260930T180213109544Z/observe-193250040062.stderr
 create mode 100644 docs/reviews/sail-stream-experiments-2026-09-30/linux-builds/orchestration-20260930T180213109544Z/observe-193250040062.stdout
 create mode 100644 docs/reviews/sail-stream-experiments-2026-09-30/linux-builds/orchestration-20260930T180213109544Z/observe-193320949221.stderr
 create mode 100644 docs/reviews/sail-stream-experiments-2026-09-30/linux-builds/orchestration-20260930T180213109544Z/observe-193320949221.stdout
 create mode 100644 docs/reviews/sail-stream-experiments-2026-09-30/linux-builds/orchestration-20260930T180213109544Z/observe-193351770563.stderr
 create mode 100644 docs/reviews/sail-stream-experiments-2026-09-30/linux-builds/orchestration-20260930T180213109544Z/observe-193351770563.stdout
 create mode 100644 docs/reviews/sail-stream-experiments-2026-09-30/linux-builds/orchestration-20260930T180213109544Z/observe-193422594693.stderr
 create mode 100644 docs/reviews/sail-stream-experiments-2026-09-30/linux-builds/orchestration-20260930T180213109544Z/observe-193422594693.stdout
 create mode 100644 docs/reviews/sail-stream-experiments-2026-09-30/linux-builds/orchestration-20260930T180213109544Z/observe-193453430437.stderr
 create mode 100644 docs/reviews/sail-stream-experiments-2026-09-30/linux-builds/orchestration-20260930T180213109544Z/observe-193453430437.stdout
 create mode 100644 docs/reviews/sail-stream-experiments-2026-09-30/linux-builds/orchestration-20260930T180213109544Z/observe-193524306524.stderr
 create mode 100644 docs/reviews/sail-stream-experiments-2026-09-30/linux-builds/orchestration-20260930T180213109544Z/observe-193524306524.stdout
 create mode 100644 docs/reviews/sail-stream-experiments-2026-09-30/linux-builds/orchestration-20260930T180213109544Z/observe-193555122264.stderr
 create mode 100644 docs/reviews/sail-stream-experiments-2026-09-30/linux-builds/orchestration-20260930T180213109544Z/observe-193555122264.stdout
 create mode 100644 docs/reviews/sail-stream-experiments-2026-09-30/linux-builds/orchestration-20260930T180213109544Z/observe-193625955859.stderr
 create mode 100644 docs/reviews/sail-stream-experiments-2026-09-30/linux-builds/orchestration-20260930T180213109544Z/observe-193625955859.stdout
 create mode 100644 docs/reviews/sail-stream-experiments-2026-09-30/linux-builds/orchestration-20260930T180213109544Z/observe-193656810990.stderr
 create mode 100644 docs/reviews/sail-stream-experiments-2026-09-30/linux-builds/orchestration-20260930T180213109544Z/observe-193656810990.stdout
 create mode 100644 docs/reviews/sail-stream-experiments-2026-09-30/linux-builds/orchestration-20260930T180213109544Z/observe-193727635678.stderr
 create mode 100644 docs/reviews/sail-stream-experiments-2026-09-30/linux-builds/orchestration-20260930T180213109544Z/observe-193727635678.stdout
 create mode 100644 docs/reviews/sail-stream-experiments-2026-09-30/linux-builds/orchestration-20260930T180213109544Z/observe-193759077065.stderr
 create mode 100644 docs/reviews/sail-stream-experiments-2026-09-30/linux-builds/orchestration-20260930T180213109544Z/observe-193759077065.stdout
 create mode 100644 docs/reviews/sail-stream-experiments-2026-09-30/linux-builds/orchestration-20260930T180213109544Z/observe-193829911573.stderr
 create mode 100644 docs/reviews/sail-stream-experiments-2026-09-30/linux-builds/orchestration-20260930T180213109544Z/observe-193829911573.stdout
 create mode 100644 docs/reviews/sail-stream-experiments-2026-09-30/linux-builds/orchestration-20260930T180213109544Z/observe-193900802217.stderr
 create mode 100644 docs/reviews/sail-stream-experiments-2026-09-30/linux-builds/orchestration-20260930T180213109544Z/observe-193900802217.stdout
 create mode 100644 docs/reviews/sail-stream-experiments-2026-09-30/linux-builds/orchestration-20260930T180213109544Z/observe-193931911728.stderr
 create mode 100644 docs/reviews/sail-stream-experiments-2026-09-30/linux-builds/orchestration-20260930T180213109544Z/observe-193931911728.stdout
 create mode 100644 docs/reviews/sail-stream-experiments-2026-09-30/linux-builds/orchestration-20260930T180213109544Z/observe-194002737549.stderr
 create mode 100644 docs/reviews/sail-stream-experiments-2026-09-30/linux-builds/orchestration-20260930T180213109544Z/observe-194002737549.stdout
 create mode 100644 docs/reviews/sail-stream-experiments-2026-09-30/linux-builds/orchestration-20260930T180213109544Z/observe-194033564782.stderr
 create mode 100644 docs/reviews/sail-stream-experiments-2026-09-30/linux-builds/orchestration-20260930T180213109544Z/observe-194033564782.stdout
 create mode 100644 docs/reviews/sail-stream-experiments-2026-09-30/linux-builds/orchestration-20260930T180213109544Z/observe-194104380751.stderr
 create mode 100644 docs/reviews/sail-stream-experiments-2026-09-30/linux-builds/orchestration-20260930T180213109544Z/observe-194104380751.stdout
 create mode 100644 docs/reviews/sail-stream-experiments-2026-09-30/linux-builds/orchestration-20260930T180213109544Z/observe-194135228741.stderr
 create mode 100644 docs/reviews/sail-stream-experiments-2026-09-30/linux-builds/orchestration-20260930T180213109544Z/observe-194135228741.stdout
 create mode 100644 docs/reviews/sail-stream-experiments-2026-09-30/linux-builds/orchestration-20260930T180213109544Z/observe-194206058481.stderr
 create mode 100644 docs/reviews/sail-stream-experiments-2026-09-30/linux-builds/orchestration-20260930T180213109544Z/observe-194206058481.stdout
 create mode 100644 docs/reviews/sail-stream-experiments-2026-09-30/linux-builds/orchestration-20260930T180213109544Z/observe-194236884712.stderr
 create mode 100644 docs/reviews/sail-stream-experiments-2026-09-30/linux-builds/orchestration-20260930T180213109544Z/observe-194236884712.stdout
 create mode 100644 docs/reviews/sail-stream-experiments-2026-09-30/linux-builds/orchestration-20260930T180213109544Z/observe-194307765700.stderr
 create mode 100644 docs/reviews/sail-stream-experiments-2026-09-30/linux-builds/orchestration-20260930T180213109544Z/observe-194307765700.stdout
 create mode 100644 docs/reviews/sail-stream-experiments-2026-09-30/linux-builds/orchestration-20260930T180213109544Z/observe-194338636502.stderr
 create mode 100644 docs/reviews/sail-stream-experiments-2026-09-30/linux-builds/orchestration-20260930T180213109544Z/observe-194338636502.stdout
 create mode 100644 docs/reviews/sail-stream-experiments-2026-09-30/linux-builds/orchestration-20260930T180213109544Z/observe-194409473030.stderr
 create mode 100644 docs/reviews/sail-stream-experiments-2026-09-30/linux-builds/orchestration-20260930T180213109544Z/observe-194409473030.stdout
 create mode 100644 docs/reviews/sail-stream-experiments-2026-09-30/linux-builds/orchestration-20260930T180213109544Z/observe-194440354620.stderr
 create mode 100644 docs/reviews/sail-stream-experiments-2026-09-30/linux-builds/orchestration-20260930T180213109544Z/observe-194440354620.stdout
 create mode 100644 docs/reviews/sail-stream-experiments-2026-09-30/linux-builds/orchestration-20260930T180213109544Z/observe-194511271561.stderr
 create mode 100644 docs/reviews/sail-stream-experiments-2026-09-30/linux-builds/orchestration-20260930T180213109544Z/observe-194511271561.stdout
 create mode 100644 docs/reviews/sail-stream-experiments-2026-09-30/linux-builds/orchestration-20260930T180213109544Z/observe-194542188982.stderr
 create mode 100644 docs/reviews/sail-stream-experiments-2026-09-30/linux-builds/orchestration-20260930T180213109544Z/observe-194542188982.stdout
 create mode 100644 docs/reviews/sail-stream-experiments-2026-09-30/linux-builds/orchestration-20260930T180213109544Z/observe-194613033634.stderr
 create mode 100644 docs/reviews/sail-stream-experiments-2026-09-30/linux-builds/orchestration-20260930T180213109544Z/observe-194613033634.stdout
 create mode 100644 docs/reviews/sail-stream-experiments-2026-09-30/linux-builds/orchestration-20260930T180213109544Z/observe-194643884224.stderr
 create mode 100644 docs/reviews/sail-stream-experiments-2026-09-30/linux-builds/orchestration-20260930T180213109544Z/observe-194643884224.stdout
 create mode 100644 docs/reviews/sail-stream-experiments-2026-09-30/linux-builds/orchestration-20260930T180213109544Z/observe-194714756664.stderr
 create mode 100644 docs/reviews/sail-stream-experiments-2026-09-30/linux-builds/orchestration-20260930T180213109544Z/observe-194714756664.stdout
 create mode 100644 docs/reviews/sail-stream-experiments-2026-09-30/linux-builds/orchestration-20260930T180213109544Z/observe-194745652118.stderr
 create mode 100644 docs/reviews/sail-stream-experiments-2026-09-30/linux-builds/orchestration-20260930T180213109544Z/observe-194745652118.stdout
 create mode 100644 docs/reviews/sail-stream-experiments-2026-09-30/linux-builds/orchestration-20260930T180213109544Z/observe-194816500131.stderr
 create mode 100644 docs/reviews/sail-stream-experiments-2026-09-30/linux-builds/orchestration-20260930T180213109544Z/observe-194816500131.stdout
 create mode 100644 docs/reviews/sail-stream-experiments-2026-09-30/linux-builds/orchestration-20260930T180213109544Z/observe-194850078882.stderr
 create mode 100644 docs/reviews/sail-stream-experiments-2026-09-30/linux-builds/orchestration-20260930T180213109544Z/observe-194850078882.stdout
 create mode 100644 docs/reviews/sail-stream-experiments-2026-09-30/linux-builds/orchestration-20260930T180213109544Z/observe-194921198716.stderr
 create mode 100644 docs/reviews/sail-stream-experiments-2026-09-30/linux-builds/orchestration-20260930T180213109544Z/observe-194921198716.stdout
 create mode 100644 docs/reviews/sail-stream-experiments-2026-09-30/linux-builds/orchestration-20260930T180213109544Z/observe-194952321583.stderr
 create mode 100644 docs/reviews/sail-stream-experiments-2026-09-30/linux-builds/orchestration-20260930T180213109544Z/observe-194952321583.stdout
 create mode 100644 docs/reviews/sail-stream-experiments-2026-09-30/linux-builds/orchestration-20260930T180213109544Z/observe-195023292063.stderr
 create mode 100644 docs/reviews/sail-stream-experiments-2026-09-30/linux-builds/orchestration-20260930T180213109544Z/observe-195023292063.stdout
 create mode 100644 docs/reviews/sail-stream-experiments-2026-09-30/linux-builds/orchestration-20260930T180213109544Z/observe-195054162370.stderr
 create mode 100644 docs/reviews/sail-stream-experiments-2026-09-30/linux-builds/orchestration-20260930T180213109544Z/observe-195054162370.stdout
 create mode 100644 docs/reviews/sail-stream-experiments-2026-09-30/linux-builds/orchestration-20260930T180213109544Z/observe-195125115942.stderr
 create mode 100644 docs/reviews/sail-stream-experiments-2026-09-30/linux-builds/orchestration-20260930T180213109544Z/observe-195125115942.stdout
 create mode 100644 docs/reviews/sail-stream-experiments-2026-09-30/linux-builds/orchestration-20260930T180213109544Z/observe-195156143436.stderr
 create mode 100644 docs/reviews/sail-stream-experiments-2026-09-30/linux-builds/orchestration-20260930T180213109544Z/observe-195156143436.stdout
 create mode 100644 docs/reviews/sail-stream-experiments-2026-09-30/linux-builds/orchestration-20260930T180213109544Z/observe-195227033163.stderr
 create mode 100644 docs/reviews/sail-stream-experiments-2026-09-30/linux-builds/orchestration-20260930T180213109544Z/observe-195227033163.stdout
 create mode 100644 docs/reviews/sail-stream-experiments-2026-09-30/linux-builds/orchestration-20260930T180213109544Z/observe-195258110551.stderr
 create mode 100644 docs/reviews/sail-stream-experiments-2026-09-30/linux-builds/orchestration-20260930T180213109544Z/observe-195258110551.stdout
 create mode 100644 docs/reviews/sail-stream-experiments-2026-09-30/linux-builds/orchestration-20260930T180213109544Z/observe-195329313245.stderr
 create mode 100644 docs/reviews/sail-stream-experiments-2026-09-30/linux-builds/orchestration-20260930T180213109544Z/observe-195329313245.stdout
 create mode 100644 docs/reviews/sail-stream-experiments-2026-09-30/linux-builds/orchestration-20260930T180213109544Z/observe-195400252283.stderr
 create mode 100644 docs/reviews/sail-stream-experiments-2026-09-30/linux-builds/orchestration-20260930T180213109544Z/observe-195400252283.stdout
 create mode 100644 docs/reviews/sail-stream-experiments-2026-09-30/linux-builds/orchestration-20260930T180213109544Z/observe-195431115771.stderr
 create mode 100644 docs/reviews/sail-stream-experiments-2026-09-30/linux-builds/orchestration-20260930T180213109544Z/observe-195431115771.stdout
 create mode 100644 docs/reviews/sail-stream-experiments-2026-09-30/linux-builds/orchestration-20260930T180213109544Z/observe-195501962887.stderr
 create mode 100644 docs/reviews/sail-stream-experiments-2026-09-30/linux-builds/orchestration-20260930T180213109544Z/observe-195501962887.stdout
 create mode 100644 docs/reviews/sail-stream-experiments-2026-09-30/linux-builds/orchestration-20260930T180213109544Z/observe-195532853077.stderr
 create mode 100644 docs/reviews/sail-stream-experiments-2026-09-30/linux-builds/orchestration-20260930T180213109544Z/observe-195532853077.stdout
 create mode 100644 docs/reviews/sail-stream-experiments-2026-09-30/linux-builds/orchestration-20260930T180213109544Z/observe-195603803715.stderr
 create mode 100644 docs/reviews/sail-stream-experiments-2026-09-30/linux-builds/orchestration-20260930T180213109544Z/observe-195603803715.stdout
 create mode 100644 docs/reviews/sail-stream-experiments-2026-09-30/linux-builds/orchestration-20260930T180213109544Z/observe-195634744903.stderr
 create mode 100644 docs/reviews/sail-stream-experiments-2026-09-30/linux-builds/orchestration-20260930T180213109544Z/observe-195634744903.stdout
 create mode 100644 docs/reviews/sail-stream-experiments-2026-09-30/linux-builds/orchestration-20260930T180213109544Z/observe-195705706454.stderr
 create mode 100644 docs/reviews/sail-stream-experiments-2026-09-30/linux-builds/orchestration-20260930T180213109544Z/observe-195705706454.stdout
 create mode 100644 docs/reviews/sail-stream-experiments-2026-09-30/linux-builds/orchestration-20260930T180213109544Z/observe-195736602316.stderr
 create mode 100644 docs/reviews/sail-stream-experiments-2026-09-30/linux-builds/orchestration-20260930T180213109544Z/observe-195736602316.stdout
 create mode 100644 docs/reviews/sail-stream-experiments-2026-09-30/linux-builds/orchestration-20260930T180213109544Z/passed.json
 create mode 100644 docs/reviews/sail-stream-experiments-2026-09-30/logging02-admission.json
 create mode 100644 docs/reviews/sail-stream-experiments-2026-09-30/preflight-cell-independent-audit.json
 create mode 100644 docs/reviews/sail-stream-experiments-2026-09-30/preflight-cell-staging.json
 create mode 100644 docs/reviews/sail-stream-experiments-2026-09-30/preflight_cell.py
 create mode 100644 docs/reviews/sail-stream-experiments-2026-09-30/sem-review2/input-catalog/README.md
 create mode 100644 docs/reviews/sail-stream-experiments-2026-09-30/sem-review2/input-catalog/example-directed-e.parquet
 create mode 100644 docs/reviews/sail-stream-experiments-2026-09-30/sem-review2/input-catalog/example-directed-v.parquet
 create mode 100644 docs/reviews/sail-stream-experiments-2026-09-30/sem-review2/input-catalog/example-undirected-e.parquet
 create mode 100644 docs/reviews/sail-stream-experiments-2026-09-30/sem-review2/input-catalog/example-undirected-v.parquet
 create mode 100644 docs/reviews/sail-stream-experiments-2026-09-30/sem-review2/input-catalog/finding.json
 create mode 100644 docs/reviews/sail-stream-experiments-2026-09-30/sem-review2/input-catalog/parquet-url-inventory.json
 create mode 100644 docs/reviews/sail-stream-experiments-2026-09-30/sem-review2/input-catalog/publication-exclusions.json
 create mode 100644 docs/reviews/sail-stream-experiments-2026-09-30/sem-review2/input-catalog/source-metadata.json
 create mode 100644 docs/reviews/sail-stream-experiments-2026-09-30/sem-review2/input-catalog/statistics.csv
 create mode 100644 docs/reviews/sail-stream-experiments-2026-09-30/sem-review2/input-catalog/tiny-sample-inspection.json
 create mode 100644 docs/reviews/sail-stream-experiments-2026-09-30/sem-review2/input-catalog/verification.json
 create mode 100644 docs/reviews/sail-stream-experiments-2026-09-30/sem-review2/input-catalog/verify_evidence.py
 create mode 100644 docs/reviews/sail-stream-experiments-2026-09-30/worker-smoke-561-admission.json
 create mode 100644 docs/reviews/sail-stream-experiments-2026-09-30/worker-smoke-561-identity-capture.json
 create mode 100644 docs/reviews/sail-stream-experiments-2026-09-30/worker-smoke-compact561-cpu16-23/aggregate-task-audit.json
 create mode 100644 docs/reviews/sail-stream-experiments-2026-09-30/worker-smoke-compact561-cpu16-23/cell/container.log
 create mode 100644 docs/reviews/sail-stream-experiments-2026-09-30/worker-smoke-compact561-cpu16-23/cell/orchestration.json
 create mode 100644 docs/reviews/sail-stream-experiments-2026-09-30/worker-smoke-compact561-cpu16-23/collection.json
 create mode 100644 docs/reviews/sail-stream-experiments-2026-09-30/worker-smoke-compact561-cpu16-23/configuration.json
 create mode 100644 docs/reviews/sail-stream-experiments-2026-09-30/worker-smoke-compact561-cpu16-23/diagnostics.tar
 create mode 100644 docs/reviews/sail-stream-experiments-2026-09-30/worker-smoke-compact561-cpu16-23/diagnostics/memory-samples.jsonl
 create mode 100644 docs/reviews/sail-stream-experiments-2026-09-30/worker-smoke-compact561-cpu16-23/diagnostics/receipt.json
 create mode 100644 docs/reviews/sail-stream-experiments-2026-09-30/worker-smoke-compact561-cpu16-23/diagnostics/server-settings.json
 create mode 100644 docs/reviews/sail-stream-experiments-2026-09-30/worker-smoke-compact561-cpu16-23/diagnostics/server.log
 create mode 100644 docs/reviews/sail-stream-experiments-2026-09-30/worker-smoke-compact561-cpu16-23/host-before.json
 create mode 100644 docs/reviews/sail-stream-experiments-2026-09-30/worker-smoke-compact561-cpu16-23/plan.json
 create mode 100644 docs/reviews/sail-stream-experiments-2026-09-30/worker-smoke-compact561-cpu16-23/preflight-1790798468204215000/container.log
 create mode 100644 docs/reviews/sail-stream-experiments-2026-09-30/worker-smoke-compact561-cpu16-23/preflight-1790798468204215000/orchestration.json
 create mode 100644 docs/reviews/sail-stream-experiments-2026-09-30/worker-smoke-compact561-cpu16-23/process-identity-01.json
 create mode 100644 docs/reviews/sail-stream-experiments-2026-09-30/worker-smoke-compact561-cpu16-23/result.json
 create mode 100644 docs/reviews/sail-stream-experiments-2026-09-30/worker-smoke-compact561-cpu16-23/verification.json
DOCUMENTATION_SOURCE_GUARD PASSED exact-before b478e57cb34220c1f671dca7ce92b2b061867855 7fe2b264487abbc0fbde65b28d460e0681ffc8a9
DOCUMENTATION_SOURCE_GUARD PASSED exact-after b478e57cb34220c1f671dca7ce92b2b061867855 7fe2b264487abbc0fbde65b28d460e0681ffc8a9
