[2026-09-30T19:38:30Z INFO sail_cli::spark::server] Starting the Spark Connect server on 127.0.0.1:40583...
[2026-09-30T19:38:30Z INFO sail_session::session_manager::actor::core] driver server is ready on port 41539
[2026-09-30T19:38:30Z DEBUG tonic::transport::server] failed serving connection: connection error: connection closed before reading preface
[2026-09-30T19:38:30Z DEBUG h2::proto::connection] Connection; peer=Server
[2026-09-30T19:38:30Z INFO sail_session::session_manager::actor::handler] creating session 5d843416-36de-4a2c-8e2c-c3ee275859e2
[2026-09-30T19:38:30Z TRACE h2::frame::ping] encoding PING; ack=false len=8
[2026-09-30T19:38:30Z TRACE h2::proto::ping_pong] recv PING USER ack
OpenBLAS WARNING - could not determine the L2 cache size on this system, assuming 256k
OpenBLAS WARNING - could not determine the L2 cache size on this system, assuming 256k
[2026-09-30T19:38:31Z INFO sail_session::extensions] bound native extension nutmeg@0.1.0:e5f0332e07d6164d20eec48da4e1d859913eb006481d8b98b1d409afeb3bb50f to session incarnation bceba42b-ea50-417c-9304-a532407c173e
[2026-09-30T19:38:32Z INFO sail_session::extensions] bound native extension sedona@0.1.0:e8dc2c51c6e45ef94fb13370b76f0fd40936b3d79d368fc052afbb778d39c137 to session incarnation bceba42b-ea50-417c-9304-a532407c173e
[2026-09-30T19:38:32Z INFO sail_execution::driver::actor::handler] activating driver 1
[2026-09-30T19:38:32Z INFO sail_execution::driver::worker_pool::core] starting worker 1
[2026-09-30T19:38:32Z INFO sail_execution::driver::worker_pool::core] starting worker 2
[2026-09-30T19:38:32Z INFO sail_execution::worker_manager::process] extension process worker 1: pid=Some(61), driver_pid=25, session=5d843416-36de-4a2c-8e2c-c3ee275859e2
[2026-09-30T19:38:32Z INFO sail_execution::worker_manager::process] extension process worker 2: pid=Some(62), driver_pid=25, session=5d843416-36de-4a2c-8e2c-c3ee275859e2
[2026-09-30T19:38:32Z TRACE h2::frame::ping] encoding PING; ack=true len=8
[2026-09-30T19:38:32Z TRACE h2::frame::ping] encoding PING; ack=false len=8
[2026-09-30T19:38:32Z TRACE h2::proto::ping_pong] recv PING USER ack
[2026-09-30T19:38:32Z TRACE h2::frame::ping] encoding PING; ack=true len=8
[2026-09-30T19:38:32Z INFO sail_session::extensions] worker loaded native extension sedona@0.1.0:e8dc2c51c6e45ef94fb13370b76f0fd40936b3d79d368fc052afbb778d39c137, pid=62
[2026-09-30T19:38:32Z INFO sail_session::extensions] worker loaded native extension sedona@0.1.0:e8dc2c51c6e45ef94fb13370b76f0fd40936b3d79d368fc052afbb778d39c137, pid=61
[2026-09-30T19:38:33Z INFO sail_execution::worker::actor::handler] worker 2 server is ready on port 32773
[2026-09-30T19:38:33Z INFO sail_execution::worker::actor::handler] worker 1 server is ready on port 33979
[2026-09-30T19:38:33Z DEBUG h2::proto::connection] Connection; peer=Server
[2026-09-30T19:38:33Z DEBUG h2::proto::connection] Connection; peer=Client
[2026-09-30T19:38:33Z DEBUG h2::proto::connection] Connection; peer=Server
[2026-09-30T19:38:33Z DEBUG h2::proto::connection] Connection; peer=Client
[2026-09-30T19:38:33Z INFO sail_execution::driver::actor::handler] worker 2 is available at 127.0.0.1:32773
[2026-09-30T19:38:33Z WARN sail_execution::driver::task_assigner::core] worker 2 was not pending
[2026-09-30T19:38:33Z TRACE h2::frame::ping] encoding PING; ack=false len=8
[2026-09-30T19:38:33Z TRACE h2::frame::ping] encoding PING; ack=false len=8
[2026-09-30T19:38:33Z TRACE h2::frame::ping] encoding PING; ack=true len=8
[2026-09-30T19:38:33Z INFO sail_execution::driver::actor::handler] worker 1 is available at 127.0.0.1:33979
[2026-09-30T19:38:33Z TRACE h2::frame::ping] encoding PING; ack=true len=8
[2026-09-30T19:38:33Z WARN sail_execution::driver::task_assigner::core] worker 1 was not pending
[2026-09-30T19:38:33Z DEBUG sail_execution::task_runner::preparation] job 1 stage 0 partition 0 attempt 0 execution plan
ShuffleWriteExec: partitioning=RoundRobinBatch(1)
  DriverExtensionExec: owner=sail-gf-utils/1, plan=554f2be0-c2cb-4fde-9a80-e1d73036a955, placement=driver, retry=disabled

[2026-09-30T19:38:33Z DEBUG sail_execution::task_runner::preparation] job 1 stage 0 partition 0 attempt 0 preparation wait=558.123µs duration=122.028µs
[2026-09-30T19:38:33Z TRACE h2::proto::ping_pong] recv PING USER ack
[2026-09-30T19:38:33Z TRACE h2::proto::ping_pong] recv PING USER ack
[2026-09-30T19:38:33Z DEBUG h2::proto::connection] Connection; peer=Client
[2026-09-30T19:38:33Z DEBUG h2::proto::connection] Connection; peer=Server
[2026-09-30T19:38:33Z TRACE h2::frame::ping] encoding PING; ack=false len=8
[2026-09-30T19:38:33Z DEBUG sail_execution::task_runner::actor::handler] worker_task_status worker_id=2 job_id=1 stage=1 partition=0 attempt=0 status=RUNNING
[2026-09-30T19:38:33Z TRACE h2::frame::ping] encoding PING; ack=true len=8
[2026-09-30T19:38:33Z DEBUG sail_execution::task_runner::preparation] job 1 stage 1 partition 0 attempt 0 execution plan
ShuffleWriteExec: partitioning=RoundRobinBatch(1)
  ProjectionExec: expr=[#0@0 as kind, #1@1 as path, #2@2 as size, #3@3 as value, #4@4 as count, #5@5 as capabilities, #6@6 as token, #7@7 as truncated, #8@8 as engine, #9@9 as protocol_version, #10@10 as lease_seconds]
    ProjectionExec: expr=[kind@0 as #0, path@1 as #1, size@2 as #2, value@3 as #3, count@4 as #4, capabilities@5 as #5, token@6 as #6, truncated@7 as #7, engine@8 as #8, protocol_version@9 as #9, lease_seconds@10 as #10]
      CooperativeExec
        ShuffleReadExec: partitioning=UnknownPartitioning(1)

[2026-09-30T19:38:33Z TRACE h2::proto::ping_pong] recv PING USER ack
[2026-09-30T19:38:33Z DEBUG sail_execution::task_runner::preparation] job 1 stage 1 partition 0 attempt 0 preparation wait=616.136µs duration=902.201µs
[2026-09-30T19:38:33Z DEBUG h2::proto::connection] Connection; peer=Server
[2026-09-30T19:38:33Z DEBUG h2::proto::connection] Connection; peer=Client
[2026-09-30T19:38:33Z DEBUG h2::proto::connection] Connection; peer=Client
[2026-09-30T19:38:33Z DEBUG h2::proto::connection] Connection; peer=Server
[2026-09-30T19:38:33Z TRACE h2::frame::ping] encoding PING; ack=false len=8
[2026-09-30T19:38:33Z TRACE h2::frame::ping] encoding PING; ack=false len=8
[2026-09-30T19:38:33Z TRACE h2::frame::ping] encoding PING; ack=true len=8
[2026-09-30T19:38:33Z TRACE h2::proto::ping_pong] recv PING USER ack
[2026-09-30T19:38:33Z TRACE h2::frame::ping] encoding PING; ack=true len=8
[2026-09-30T19:38:33Z TRACE h2::proto::ping_pong] recv PING USER ack
[2026-09-30T19:38:33Z DEBUG sail_execution::task_runner::actor::handler] worker_task_status worker_id=2 job_id=1 stage=1 partition=0 attempt=0 status=SUCCEEDED
[2026-09-30T19:38:33Z TRACE h2::frame::ping] encoding PING; ack=true len=8
[2026-09-30T19:38:33Z DEBUG h2::proto::connection] Connection; peer=Client
[2026-09-30T19:38:33Z DEBUG h2::proto::connection] Connection; peer=Server
[2026-09-30T19:38:33Z TRACE h2::frame::ping] encoding PING; ack=false len=8
[2026-09-30T19:38:33Z TRACE h2::proto::ping_pong] recv PING USER ack
[2026-09-30T19:38:33Z TRACE h2::frame::ping] encoding PING; ack=false len=8
[2026-09-30T19:38:33Z TRACE h2::frame::ping] encoding PING; ack=true len=8
[2026-09-30T19:38:33Z TRACE h2::proto::ping_pong] recv PING USER ack
[2026-09-30T19:38:33Z DEBUG sail_execution::task_runner::actor::handler] worker_task_status worker_id=1 job_id=2 stage=0 partition=0 attempt=0 status=RUNNING
[2026-09-30T19:38:33Z TRACE h2::frame::ping] encoding PING; ack=false len=8
[2026-09-30T19:38:33Z TRACE h2::frame::ping] encoding PING; ack=false len=8
[2026-09-30T19:38:33Z DEBUG sail_execution::task_runner::actor::handler] worker_task_status worker_id=2 job_id=2 stage=3 partition=1 attempt=0 status=RUNNING
[2026-09-30T19:38:33Z DEBUG sail_execution::task_runner::preparation] job 2 stage 0 partition 0 attempt 0 execution plan
ShuffleWriteExec: partitioning=RoundRobinRow(4)
  ProjectionExec: expr=[src@0 as #0, dst@1 as #1]
    DataSourceExec: partitions=1, partition_sizes=[1]

[2026-09-30T19:38:33Z DEBUG sail_execution::task_runner::actor::handler] worker_task_status worker_id=2 job_id=2 stage=2 partition=0 attempt=0 status=RUNNING
[2026-09-30T19:38:33Z DEBUG sail_execution::task_runner::actor::handler] worker_task_status worker_id=2 job_id=2 stage=2 partition=4 attempt=0 status=RUNNING
[2026-09-30T19:38:33Z DEBUG sail_execution::task_runner::preparation] job 2 stage 0 partition 0 attempt 0 preparation wait=1.426317ms duration=1.533341ms
[2026-09-30T19:38:33Z DEBUG sail_execution::task_runner::actor::handler] worker_task_status worker_id=1 job_id=2 stage=3 partition=2 attempt=0 status=RUNNING
[2026-09-30T19:38:33Z DEBUG sail_execution::task_runner::actor::handler] worker_task_status worker_id=2 job_id=2 stage=2 partition=6 attempt=0 status=RUNNING
[2026-09-30T19:38:33Z DEBUG sail_execution::task_runner::preparation] job 2 stage 3 partition 1 attempt 0 execution plan
ShuffleWriteExec: partitioning=RoundRobinBatch(1)
  ProjectionExec: expr=[#13@0 as id, #14@1 as representative]
    ProjectionExec: expr=[#2@0 as #13, CASE WHEN gf_axpb(1, #2@0, 0) < min(#4)@2 THEN #2@0 ELSE min_by(#3,#4)@1 END as #14]
      AggregateExec: mode=FinalPartitioned, gby=[#2@0 as #2], aggr=[last_value(#3) FILTER (WHERE #4 IS NOT NULL) ORDER BY [#4 DESC NULLS FIRST] as min_by(#3,#4), min(#4)]
        ShuffleReadExec: partitioning=Hash([#2@0], 4)

[2026-09-30T19:38:33Z DEBUG sail_execution::task_runner::actor::handler] worker_task_status worker_id=1 job_id=2 stage=2 partition=7 attempt=0 status=RUNNING
[2026-09-30T19:38:33Z DEBUG sail_execution::task_runner::actor::handler] worker_task_status worker_id=1 job_id=2 stage=3 partition=0 attempt=0 status=RUNNING
[2026-09-30T19:38:33Z DEBUG sail_execution::task_runner::actor::handler] worker_task_status worker_id=1 job_id=2 stage=2 partition=5 attempt=0 status=RUNNING
[2026-09-30T19:38:33Z DEBUG sail_execution::task_runner::preparation] job 2 stage 3 partition 1 attempt 0 preparation wait=381.084µs duration=1.3513ms
[2026-09-30T19:38:33Z DEBUG sail_execution::task_runner::preparation] job 2 stage 2 partition 0 attempt 0 execution plan
ShuffleWriteExec: partitioning=Hash([#2@0], 4)
  AggregateExec: mode=Partial, gby=[#2@0 as #2], aggr=[last_value(#3) FILTER (WHERE #4 IS NOT NULL) ORDER BY [#4 DESC NULLS FIRST] as min_by(#3,#4), min(#4)]
    UnionExec
      ProjectionExec: expr=[#0@0 as #2, #1@1 as #3, gf_axpb(1, #1@1, 0) as #4]
        ShuffleReadExec: partitioning=RoundRobinBatch(4)
      ProjectionExec: expr=[#6@1 as #2, #5@0 as #3, gf_axpb(1, #5@0, 0) as #4]
        ShuffleReadExec: partitioning=RoundRobinBatch(4)

[2026-09-30T19:38:33Z DEBUG sail_execution::task_runner::preparation] job 2 stage 3 partition 3 attempt 0 execution plan
ShuffleWriteExec: partitioning=RoundRobinBatch(1)
  ProjectionExec: expr=[#13@0 as id, #14@1 as representative]
    ProjectionExec: expr=[#2@0 as #13, CASE WHEN gf_axpb(1, #2@0, 0) < min(#4)@2 THEN #2@0 ELSE min_by(#3,#4)@1 END as #14]
      AggregateExec: mode=FinalPartitioned, gby=[#2@0 as #2], aggr=[last_value(#3) FILTER (WHERE #4 IS NOT NULL) ORDER BY [#4 DESC NULLS FIRST] as min_by(#3,#4), min(#4)]
        ShuffleReadExec: partitioning=Hash([#2@0], 4)

[2026-09-30T19:38:33Z DEBUG sail_execution::task_runner::preparation] job 2 stage 3 partition 3 attempt 0 preparation wait=560.125µs duration=909.201µs
[2026-09-30T19:38:33Z TRACE h2::frame::ping] encoding PING; ack=true len=8
[2026-09-30T19:38:33Z DEBUG sail_execution::task_runner::preparation] job 2 stage 1 partition 0 attempt 0 execution plan
ShuffleWriteExec: partitioning=RoundRobinRow(4)
  ProjectionExec: expr=[src@0 as #5, dst@1 as #6]
    DataSourceExec: partitions=1, partition_sizes=[1]

[2026-09-30T19:38:33Z DEBUG sail_execution::task_runner::preparation] job 2 stage 2 partition 6 attempt 0 execution plan
ShuffleWriteExec: partitioning=Hash([#2@0], 4)
  AggregateExec: mode=Partial, gby=[#2@0 as #2], aggr=[last_value(#3) FILTER (WHERE #4 IS NOT NULL) ORDER BY [#4 DESC NULLS FIRST] as min_by(#3,#4), min(#4)]
    UnionExec
      ProjectionExec: expr=[#0@0 as #2, #1@1 as #3, gf_axpb(1, #1@1, 0) as #4]
        ShuffleReadExec: partitioning=RoundRobinBatch(4)
      ProjectionExec: expr=[#6@1 as #2, #5@0 as #3, gf_axpb(1, #5@0, 0) as #4]
        ShuffleReadExec: partitioning=RoundRobinBatch(4)

[2026-09-30T19:38:33Z DEBUG sail_execution::task_runner::preparation] job 2 stage 2 partition 0 attempt 0 preparation wait=1.07924ms duration=1.669371ms
[2026-09-30T19:38:33Z DEBUG sail_execution::task_runner::preparation] job 2 stage 1 partition 0 attempt 0 preparation wait=1.416315ms duration=242.053µs
[2026-09-30T19:38:33Z DEBUG sail_execution::task_runner::actor::handler] worker_task_status worker_id=1 job_id=2 stage=0 partition=0 attempt=0 status=SUCCEEDED
[2026-09-30T19:38:33Z DEBUG sail_execution::task_runner::actor::handler] worker_task_status worker_id=1 job_id=2 stage=2 partition=1 attempt=0 status=RUNNING
[2026-09-30T19:38:33Z TRACE h2::proto::ping_pong] recv PING USER ack
[2026-09-30T19:38:33Z TRACE h2::frame::ping] encoding PING; ack=false len=8
[2026-09-30T19:38:33Z TRACE h2::frame::ping] encoding PING; ack=true len=8
[2026-09-30T19:38:33Z DEBUG sail_execution::task_runner::preparation] job 2 stage 2 partition 2 attempt 0 execution plan
ShuffleWriteExec: partitioning=Hash([#2@0], 4)
  AggregateExec: mode=Partial, gby=[#2@0 as #2], aggr=[last_value(#3) FILTER (WHERE #4 IS NOT NULL) ORDER BY [#4 DESC NULLS FIRST] as min_by(#3,#4), min(#4)]
    UnionExec
      ProjectionExec: expr=[#0@0 as #2, #1@1 as #3, gf_axpb(1, #1@1, 0) as #4]
        ShuffleReadExec: partitioning=RoundRobinBatch(4)
      ProjectionExec: expr=[#6@1 as #2, #5@0 as #3, gf_axpb(1, #5@0, 0) as #4]
        ShuffleReadExec: partitioning=RoundRobinBatch(4)

[2026-09-30T19:38:33Z DEBUG sail_execution::task_runner::preparation] job 2 stage 2 partition 6 attempt 0 preparation wait=1.121249ms duration=1.659368ms
[2026-09-30T19:38:33Z DEBUG sail_execution::task_runner::preparation] job 2 stage 2 partition 2 attempt 0 preparation wait=1.491332ms duration=1.144254ms
[2026-09-30T19:38:33Z TRACE h2::frame::ping] encoding PING; ack=false len=8
[2026-09-30T19:38:33Z DEBUG sail_execution::task_runner::actor::handler] worker_task_status worker_id=2 job_id=2 stage=3 partition=3 attempt=0 status=RUNNING
[2026-09-30T19:38:33Z DEBUG sail_execution::task_runner::actor::handler] worker_task_status worker_id=2 job_id=2 stage=1 partition=0 attempt=0 status=RUNNING
[2026-09-30T19:38:33Z DEBUG sail_execution::task_runner::actor::handler] worker_task_status worker_id=2 job_id=2 stage=2 partition=2 attempt=0 status=RUNNING
[2026-09-30T19:38:33Z TRACE h2::proto::ping_pong] recv PING USER ack
[2026-09-30T19:38:33Z TRACE h2::frame::ping] encoding PING; ack=true len=8
[2026-09-30T19:38:33Z DEBUG sail_execution::task_runner::preparation] job 2 stage 2 partition 4 attempt 0 execution plan
ShuffleWriteExec: partitioning=Hash([#2@0], 4)
  AggregateExec: mode=Partial, gby=[#2@0 as #2], aggr=[last_value(#3) FILTER (WHERE #4 IS NOT NULL) ORDER BY [#4 DESC NULLS FIRST] as min_by(#3,#4), min(#4)]
    UnionExec
      ProjectionExec: expr=[#0@0 as #2, #1@1 as #3, gf_axpb(1, #1@1, 0) as #4]
        ShuffleReadExec: partitioning=RoundRobinBatch(4)
      ProjectionExec: expr=[#6@1 as #2, #5@0 as #3, gf_axpb(1, #5@0, 0) as #4]
        ShuffleReadExec: partitioning=RoundRobinBatch(4)

[2026-09-30T19:38:33Z DEBUG h2::proto::connection] Connection; peer=Client
[2026-09-30T19:38:33Z DEBUG sail_execution::task_runner::preparation] job 2 stage 2 partition 4 attempt 0 preparation wait=5.724272ms duration=423.093µs
[2026-09-30T19:38:33Z DEBUG sail_execution::task_runner::preparation] job 2 stage 3 partition 2 attempt 0 execution plan
ShuffleWriteExec: partitioning=RoundRobinBatch(1)
  ProjectionExec: expr=[#13@0 as id, #14@1 as representative]
    ProjectionExec: expr=[#2@0 as #13, CASE WHEN gf_axpb(1, #2@0, 0) < min(#4)@2 THEN #2@0 ELSE min_by(#3,#4)@1 END as #14]
      AggregateExec: mode=FinalPartitioned, gby=[#2@0 as #2], aggr=[last_value(#3) FILTER (WHERE #4 IS NOT NULL) ORDER BY [#4 DESC NULLS FIRST] as min_by(#3,#4), min(#4)]
        ShuffleReadExec: partitioning=Hash([#2@0], 4)

[2026-09-30T19:38:33Z TRACE h2::proto::ping_pong] recv PING USER ack
[2026-09-30T19:38:33Z TRACE h2::frame::ping] encoding PING; ack=true len=8
[2026-09-30T19:38:33Z DEBUG sail_execution::task_runner::preparation] job 2 stage 3 partition 2 attempt 0 preparation wait=5.836297ms duration=2.121471ms
[2026-09-30T19:38:33Z DEBUG h2::proto::connection] Connection; peer=Client
[2026-09-30T19:38:33Z DEBUG sail_execution::task_runner::preparation] job 2 stage 2 partition 7 attempt 0 execution plan
ShuffleWriteExec: partitioning=Hash([#2@0], 4)
  AggregateExec: mode=Partial, gby=[#2@0 as #2], aggr=[last_value(#3) FILTER (WHERE #4 IS NOT NULL) ORDER BY [#4 DESC NULLS FIRST] as min_by(#3,#4), min(#4)]
    UnionExec
      ProjectionExec: expr=[#0@0 as #2, #1@1 as #3, gf_axpb(1, #1@1, 0) as #4]
        ShuffleReadExec: partitioning=RoundRobinBatch(4)
      ProjectionExec: expr=[#6@1 as #2, #5@0 as #3, gf_axpb(1, #5@0, 0) as #4]
        ShuffleReadExec: partitioning=RoundRobinBatch(4)

[2026-09-30T19:38:33Z DEBUG h2::proto::connection] Connection; peer=Server
[2026-09-30T19:38:33Z DEBUG sail_execution::task_runner::preparation] job 2 stage 3 partition 0 attempt 0 execution plan
ShuffleWriteExec: partitioning=RoundRobinBatch(1)
  ProjectionExec: expr=[#13@0 as id, #14@1 as representative]
    ProjectionExec: expr=[#2@0 as #13, CASE WHEN gf_axpb(1, #2@0, 0) < min(#4)@2 THEN #2@0 ELSE min_by(#3,#4)@1 END as #14]
      AggregateExec: mode=FinalPartitioned, gby=[#2@0 as #2], aggr=[last_value(#3) FILTER (WHERE #4 IS NOT NULL) ORDER BY [#4 DESC NULLS FIRST] as min_by(#3,#4), min(#4)]
        ShuffleReadExec: partitioning=Hash([#2@0], 4)

[2026-09-30T19:38:33Z DEBUG sail_execution::task_runner::actor::handler] worker_task_status worker_id=1 job_id=2 stage=2 partition=3 attempt=0 status=RUNNING
[2026-09-30T19:38:33Z TRACE h2::frame::ping] encoding PING; ack=false len=8
[2026-09-30T19:38:33Z TRACE h2::proto::ping_pong] recv PING USER ack
[2026-09-30T19:38:33Z DEBUG sail_execution::task_runner::preparation] job 2 stage 2 partition 7 attempt 0 preparation wait=8.743943ms duration=1.996443ms
[2026-09-30T19:38:33Z DEBUG sail_execution::task_runner::preparation] job 2 stage 3 partition 0 attempt 0 preparation wait=8.799955ms duration=1.968437ms
[2026-09-30T19:38:33Z TRACE h2::frame::ping] encoding PING; ack=false len=8
[2026-09-30T19:38:33Z TRACE h2::frame::ping] encoding PING; ack=true len=8
[2026-09-30T19:38:33Z DEBUG sail_execution::task_runner::actor::handler] worker_task_status worker_id=2 job_id=2 stage=1 partition=0 attempt=0 status=SUCCEEDED
[2026-09-30T19:38:33Z DEBUG h2::proto::connection] Connection; peer=Server
[2026-09-30T19:38:33Z TRACE h2::proto::ping_pong] recv PING USER ack
[2026-09-30T19:38:33Z DEBUG sail_execution::task_runner::actor::handler] worker_task_status worker_id=2 job_id=2 stage=2 partition=6 attempt=0 status=SUCCEEDED
[2026-09-30T19:38:33Z TRACE h2::frame::ping] encoding PING; ack=true len=8
[2026-09-30T19:38:33Z DEBUG sail_execution::task_runner::preparation] job 2 stage 2 partition 5 attempt 0 execution plan
ShuffleWriteExec: partitioning=Hash([#2@0], 4)
  AggregateExec: mode=Partial, gby=[#2@0 as #2], aggr=[last_value(#3) FILTER (WHERE #4 IS NOT NULL) ORDER BY [#4 DESC NULLS FIRST] as min_by(#3,#4), min(#4)]
    UnionExec
      ProjectionExec: expr=[#0@0 as #2, #1@1 as #3, gf_axpb(1, #1@1, 0) as #4]
        ShuffleReadExec: partitioning=RoundRobinBatch(4)
      ProjectionExec: expr=[#6@1 as #2, #5@0 as #3, gf_axpb(1, #5@0, 0) as #4]
        ShuffleReadExec: partitioning=RoundRobinBatch(4)

[2026-09-30T19:38:33Z TRACE h2::frame::ping] encoding PING; ack=false len=8
[2026-09-30T19:38:33Z TRACE h2::frame::ping] encoding PING; ack=true len=8
[2026-09-30T19:38:33Z DEBUG h2::proto::connection] Connection; peer=Client
[2026-09-30T19:38:33Z DEBUG sail_execution::task_runner::preparation] job 2 stage 2 partition 5 attempt 0 preparation wait=13.662034ms duration=1.672372ms
[2026-09-30T19:38:33Z TRACE h2::proto::ping_pong] recv PING USER ack
[2026-09-30T19:38:33Z DEBUG h2::proto::connection] Connection; peer=Server
[2026-09-30T19:38:33Z DEBUG sail_execution::task_runner::preparation] job 2 stage 2 partition 1 attempt 0 execution plan
ShuffleWriteExec: partitioning=Hash([#2@0], 4)
  AggregateExec: mode=Partial, gby=[#2@0 as #2], aggr=[last_value(#3) FILTER (WHERE #4 IS NOT NULL) ORDER BY [#4 DESC NULLS FIRST] as min_by(#3,#4), min(#4)]
    UnionExec
      ProjectionExec: expr=[#0@0 as #2, #1@1 as #3, gf_axpb(1, #1@1, 0) as #4]
        ShuffleReadExec: partitioning=RoundRobinBatch(4)
      ProjectionExec: expr=[#6@1 as #2, #5@0 as #3, gf_axpb(1, #5@0, 0) as #4]
        ShuffleReadExec: partitioning=RoundRobinBatch(4)

[2026-09-30T19:38:33Z DEBUG sail_execution::task_runner::actor::handler] worker_task_status worker_id=2 job_id=2 stage=2 partition=4 attempt=0 status=SUCCEEDED
[2026-09-30T19:38:33Z DEBUG sail_execution::task_runner::actor::handler] worker_task_status worker_id=2 job_id=2 stage=2 partition=0 attempt=0 status=SUCCEEDED
[2026-09-30T19:38:33Z DEBUG sail_execution::task_runner::preparation] job 2 stage 2 partition 1 attempt 0 preparation wait=14.060123ms duration=1.518337ms
[2026-09-30T19:38:33Z TRACE h2::frame::ping] encoding PING; ack=false len=8
[2026-09-30T19:38:33Z TRACE h2::frame::ping] encoding PING; ack=true len=8
[2026-09-30T19:38:33Z DEBUG sail_execution::task_runner::preparation] job 2 stage 2 partition 3 attempt 0 execution plan
ShuffleWriteExec: partitioning=Hash([#2@0], 4)
  AggregateExec: mode=Partial, gby=[#2@0 as #2], aggr=[last_value(#3) FILTER (WHERE #4 IS NOT NULL) ORDER BY [#4 DESC NULLS FIRST] as min_by(#3,#4), min(#4)]
    UnionExec
      ProjectionExec: expr=[#0@0 as #2, #1@1 as #3, gf_axpb(1, #1@1, 0) as #4]
        ShuffleReadExec: partitioning=RoundRobinBatch(4)
      ProjectionExec: expr=[#6@1 as #2, #5@0 as #3, gf_axpb(1, #5@0, 0) as #4]
        ShuffleReadExec: partitioning=RoundRobinBatch(4)

[2026-09-30T19:38:33Z DEBUG sail_execution::task_runner::preparation] job 2 stage 2 partition 3 attempt 0 preparation wait=17.908978ms duration=425.094µs
[2026-09-30T19:38:33Z TRACE h2::proto::ping_pong] recv PING USER ack
[2026-09-30T19:38:33Z TRACE h2::proto::ping_pong] recv PING USER ack
[2026-09-30T19:38:33Z DEBUG sail_execution::task_runner::actor::handler] worker_task_status worker_id=1 job_id=2 stage=2 partition=1 attempt=0 status=SUCCEEDED
[2026-09-30T19:38:33Z DEBUG sail_execution::task_runner::actor::handler] worker_task_status worker_id=2 job_id=2 stage=2 partition=2 attempt=0 status=SUCCEEDED
[2026-09-30T19:38:33Z DEBUG sail_execution::task_runner::actor::handler] worker_task_status worker_id=1 job_id=2 stage=2 partition=3 attempt=0 status=SUCCEEDED
[2026-09-30T19:38:33Z DEBUG sail_execution::task_runner::actor::handler] worker_task_status worker_id=1 job_id=2 stage=2 partition=7 attempt=0 status=SUCCEEDED
[2026-09-30T19:38:33Z DEBUG sail_execution::task_runner::actor::handler] worker_task_status worker_id=1 job_id=2 stage=2 partition=5 attempt=0 status=SUCCEEDED
[2026-09-30T19:38:33Z DEBUG sail_execution::task_runner::actor::handler] worker_task_status worker_id=1 job_id=2 stage=3 partition=2 attempt=0 status=SUCCEEDED
[2026-09-30T19:38:33Z DEBUG sail_execution::task_runner::actor::handler] worker_task_status worker_id=1 job_id=2 stage=3 partition=0 attempt=0 status=SUCCEEDED
[2026-09-30T19:38:33Z DEBUG sail_execution::task_runner::actor::handler] worker_task_status worker_id=2 job_id=2 stage=3 partition=3 attempt=0 status=SUCCEEDED
[2026-09-30T19:38:33Z DEBUG sail_execution::task_runner::actor::handler] worker_task_status worker_id=2 job_id=2 stage=3 partition=1 attempt=0 status=SUCCEEDED
[2026-09-30T19:38:33Z TRACE h2::frame::ping] encoding PING; ack=true len=8
[2026-09-30T19:38:34Z TRACE h2::frame::ping] encoding PING; ack=false len=8
[2026-09-30T19:38:34Z TRACE h2::proto::ping_pong] recv PING USER ack
[2026-09-30T19:38:34Z TRACE h2::frame::ping] encoding PING; ack=true len=8
[2026-09-30T19:38:34Z TRACE h2::frame::ping] encoding PING; ack=false len=8
[2026-09-30T19:38:34Z TRACE h2::frame::ping] encoding PING; ack=false len=8
[2026-09-30T19:38:34Z TRACE h2::frame::ping] encoding PING; ack=true len=8
[2026-09-30T19:38:34Z TRACE h2::frame::ping] encoding PING; ack=true len=8
[2026-09-30T19:38:34Z DEBUG sail_execution::task_runner::actor::handler] worker_task_status worker_id=1 job_id=3 stage=2 partition=7 attempt=0 status=RUNNING
[2026-09-30T19:38:34Z DEBUG sail_execution::task_runner::preparation] job 3 stage 2 partition 7 attempt 0 execution plan
ShuffleWriteExec: partitioning=Hash([#2@0], 4)
  AggregateExec: mode=Partial, gby=[#2@0 as #2], aggr=[last_value(#3) FILTER (WHERE #4 IS NOT NULL) ORDER BY [#4 DESC NULLS FIRST] as min_by(#3,#4), min(#4)]
    UnionExec
      ProjectionExec: expr=[#0@0 as #2, #1@1 as #3, gf_axpb(1, #1@1, 0) as #4]
        ShuffleReadExec: partitioning=RoundRobinBatch(4)
      ProjectionExec: expr=[#6@1 as #2, #5@0 as #3, gf_axpb(1, #5@0, 0) as #4]
        ShuffleReadExec: partitioning=RoundRobinBatch(4)

[2026-09-30T19:38:34Z DEBUG sail_execution::task_runner::preparation] job 3 stage 2 partition 1 attempt 0 execution plan
ShuffleWriteExec: partitioning=Hash([#2@0], 4)
  AggregateExec: mode=Partial, gby=[#2@0 as #2], aggr=[last_value(#3) FILTER (WHERE #4 IS NOT NULL) ORDER BY [#4 DESC NULLS FIRST] as min_by(#3,#4), min(#4)]
    UnionExec
      ProjectionExec: expr=[#0@0 as #2, #1@1 as #3, gf_axpb(1, #1@1, 0) as #4]
        ShuffleReadExec: partitioning=RoundRobinBatch(4)
      ProjectionExec: expr=[#6@1 as #2, #5@0 as #3, gf_axpb(1, #5@0, 0) as #4]
        ShuffleReadExec: partitioning=RoundRobinBatch(4)

[2026-09-30T19:38:34Z DEBUG sail_execution::task_runner::preparation] job 3 stage 2 partition 7 attempt 0 preparation wait=263.059µs duration=1.008226ms
[2026-09-30T19:38:34Z DEBUG sail_execution::task_runner::actor::handler] worker_task_status worker_id=1 job_id=3 stage=2 partition=1 attempt=0 status=RUNNING
[2026-09-30T19:38:34Z DEBUG sail_execution::task_runner::preparation] job 3 stage 2 partition 5 attempt 0 execution plan
ShuffleWriteExec: partitioning=Hash([#2@0], 4)
  AggregateExec: mode=Partial, gby=[#2@0 as #2], aggr=[last_value(#3) FILTER (WHERE #4 IS NOT NULL) ORDER BY [#4 DESC NULLS FIRST] as min_by(#3,#4), min(#4)]
    UnionExec
      ProjectionExec: expr=[#0@0 as #2, #1@1 as #3, gf_axpb(1, #1@1, 0) as #4]
        ShuffleReadExec: partitioning=RoundRobinBatch(4)
      ProjectionExec: expr=[#6@1 as #2, #5@0 as #3, gf_axpb(1, #5@0, 0) as #4]
        ShuffleReadExec: partitioning=RoundRobinBatch(4)

[2026-09-30T19:38:34Z DEBUG sail_execution::task_runner::actor::handler] worker_task_status worker_id=1 job_id=3 stage=0 partition=0 attempt=0 status=RUNNING
[2026-09-30T19:38:34Z DEBUG sail_execution::task_runner::actor::handler] worker_task_status worker_id=1 job_id=3 stage=2 partition=5 attempt=0 status=RUNNING
[2026-09-30T19:38:34Z DEBUG sail_execution::task_runner::actor::handler] worker_task_status worker_id=1 job_id=3 stage=2 partition=3 attempt=0 status=RUNNING
[2026-09-30T19:38:34Z DEBUG sail_execution::task_runner::preparation] job 3 stage 2 partition 1 attempt 0 preparation wait=791.177µs duration=1.092245ms
[2026-09-30T19:38:34Z DEBUG sail_execution::task_runner::preparation] job 3 stage 2 partition 5 attempt 0 preparation wait=235.052µs duration=767.172µs
[2026-09-30T19:38:34Z DEBUG sail_execution::task_runner::preparation] job 3 stage 0 partition 0 attempt 0 execution plan
ShuffleWriteExec: partitioning=RoundRobinRow(4)
  ProjectionExec: expr=[src@0 as #0, dst@1 as #1]
    DataSourceExec: partitions=1, partition_sizes=[1]

[2026-09-30T19:38:34Z DEBUG sail_execution::task_runner::preparation] job 3 stage 2 partition 0 attempt 0 execution plan
ShuffleWriteExec: partitioning=Hash([#2@0], 4)
  AggregateExec: mode=Partial, gby=[#2@0 as #2], aggr=[last_value(#3) FILTER (WHERE #4 IS NOT NULL) ORDER BY [#4 DESC NULLS FIRST] as min_by(#3,#4), min(#4)]
    UnionExec
      ProjectionExec: expr=[#0@0 as #2, #1@1 as #3, gf_axpb(1, #1@1, 0) as #4]
        ShuffleReadExec: partitioning=RoundRobinBatch(4)
      ProjectionExec: expr=[#6@1 as #2, #5@0 as #3, gf_axpb(1, #5@0, 0) as #4]
        ShuffleReadExec: partitioning=RoundRobinBatch(4)

[2026-09-30T19:38:34Z DEBUG sail_execution::task_runner::actor::handler] worker_task_status worker_id=2 job_id=3 stage=1 partition=0 attempt=0 status=RUNNING
[2026-09-30T19:38:34Z DEBUG sail_execution::task_runner::actor::handler] worker_task_status worker_id=2 job_id=3 stage=2 partition=0 attempt=0 status=RUNNING
[2026-09-30T19:38:34Z DEBUG sail_execution::task_runner::actor::handler] worker_task_status worker_id=2 job_id=3 stage=2 partition=2 attempt=0 status=RUNNING
[2026-09-30T19:38:34Z DEBUG sail_execution::task_runner::actor::handler] worker_task_status worker_id=2 job_id=3 stage=2 partition=6 attempt=0 status=RUNNING
[2026-09-30T19:38:34Z DEBUG sail_execution::task_runner::preparation] job 3 stage 0 partition 0 attempt 0 preparation wait=1.181265ms duration=1.164261ms
[2026-09-30T19:38:34Z DEBUG sail_execution::task_runner::actor::handler] worker_task_status worker_id=2 job_id=3 stage=2 partition=4 attempt=0 status=RUNNING
[2026-09-30T19:38:34Z DEBUG sail_execution::task_runner::preparation] job 3 stage 2 partition 0 attempt 0 preparation wait=551.123µs duration=951.214µs
[2026-09-30T19:38:34Z DEBUG sail_execution::task_runner::preparation] job 3 stage 2 partition 4 attempt 0 execution plan
ShuffleWriteExec: partitioning=Hash([#2@0], 4)
  AggregateExec: mode=Partial, gby=[#2@0 as #2], aggr=[last_value(#3) FILTER (WHERE #4 IS NOT NULL) ORDER BY [#4 DESC NULLS FIRST] as min_by(#3,#4), min(#4)]
    UnionExec
      ProjectionExec: expr=[#0@0 as #2, #1@1 as #3, gf_axpb(1, #1@1, 0) as #4]
        ShuffleReadExec: partitioning=RoundRobinBatch(4)
      ProjectionExec: expr=[#6@1 as #2, #5@0 as #3, gf_axpb(1, #5@0, 0) as #4]
        ShuffleReadExec: partitioning=RoundRobinBatch(4)

[2026-09-30T19:38:34Z DEBUG sail_execution::task_runner::preparation] job 3 stage 2 partition 4 attempt 0 preparation wait=380.085µs duration=891.2µs
[2026-09-30T19:38:34Z TRACE h2::proto::ping_pong] recv PING USER ack
[2026-09-30T19:38:34Z DEBUG sail_execution::task_runner::preparation] job 3 stage 2 partition 6 attempt 0 execution plan
ShuffleWriteExec: partitioning=Hash([#2@0], 4)
  AggregateExec: mode=Partial, gby=[#2@0 as #2], aggr=[last_value(#3) FILTER (WHERE #4 IS NOT NULL) ORDER BY [#4 DESC NULLS FIRST] as min_by(#3,#4), min(#4)]
    UnionExec
      ProjectionExec: expr=[#0@0 as #2, #1@1 as #3, gf_axpb(1, #1@1, 0) as #4]
        ShuffleReadExec: partitioning=RoundRobinBatch(4)
      ProjectionExec: expr=[#6@1 as #2, #5@0 as #3, gf_axpb(1, #5@0, 0) as #4]
        ShuffleReadExec: partitioning=RoundRobinBatch(4)

[2026-09-30T19:38:34Z DEBUG sail_execution::task_runner::preparation] job 3 stage 1 partition 0 attempt 0 execution plan
ShuffleWriteExec: partitioning=RoundRobinRow(4)
  ProjectionExec: expr=[src@0 as #5, dst@1 as #6]
    DataSourceExec: partitions=1, partition_sizes=[1]

[2026-09-30T19:38:34Z DEBUG sail_execution::task_runner::preparation] job 3 stage 2 partition 2 attempt 0 execution plan
ShuffleWriteExec: partitioning=Hash([#2@0], 4)
  AggregateExec: mode=Partial, gby=[#2@0 as #2], aggr=[last_value(#3) FILTER (WHERE #4 IS NOT NULL) ORDER BY [#4 DESC NULLS FIRST] as min_by(#3,#4), min(#4)]
    UnionExec
      ProjectionExec: expr=[#0@0 as #2, #1@1 as #3, gf_axpb(1, #1@1, 0) as #4]
        ShuffleReadExec: partitioning=RoundRobinBatch(4)
      ProjectionExec: expr=[#6@1 as #2, #5@0 as #3, gf_axpb(1, #5@0, 0) as #4]
        ShuffleReadExec: partitioning=RoundRobinBatch(4)

[2026-09-30T19:38:34Z TRACE h2::proto::ping_pong] recv PING USER ack
[2026-09-30T19:38:34Z DEBUG sail_execution::task_runner::actor::handler] worker_task_status worker_id=2 job_id=3 stage=3 partition=1 attempt=0 status=RUNNING
[2026-09-30T19:38:34Z DEBUG sail_execution::task_runner::preparation] job 3 stage 2 partition 6 attempt 0 preparation wait=1.062238ms duration=2.925656ms
[2026-09-30T19:38:34Z DEBUG sail_execution::task_runner::actor::handler] worker_task_status worker_id=2 job_id=3 stage=3 partition=3 attempt=0 status=RUNNING
[2026-09-30T19:38:34Z DEBUG sail_execution::task_runner::preparation] job 3 stage 3 partition 1 attempt 0 execution plan
ShuffleWriteExec: partitioning=RoundRobinBatch(1)
  ProjectionExec: expr=[#13@0 as id, #14@1 as representative]
    ProjectionExec: expr=[#2@0 as #13, CASE WHEN gf_axpb(1, #2@0, 0) < min(#4)@2 THEN #2@0 ELSE min_by(#3,#4)@1 END as #14]
      AggregateExec: mode=FinalPartitioned, gby=[#2@0 as #2], aggr=[last_value(#3) FILTER (WHERE #4 IS NOT NULL) ORDER BY [#4 DESC NULLS FIRST] as min_by(#3,#4), min(#4)]
        ShuffleReadExec: partitioning=Hash([#2@0], 4)

[2026-09-30T19:38:34Z DEBUG sail_execution::task_runner::preparation] job 3 stage 3 partition 1 attempt 0 preparation wait=502.112µs duration=676.152µs
[2026-09-30T19:38:34Z DEBUG sail_execution::task_runner::preparation] job 3 stage 3 partition 3 attempt 0 execution plan
ShuffleWriteExec: partitioning=RoundRobinBatch(1)
  ProjectionExec: expr=[#13@0 as id, #14@1 as representative]
    ProjectionExec: expr=[#2@0 as #13, CASE WHEN gf_axpb(1, #2@0, 0) < min(#4)@2 THEN #2@0 ELSE min_by(#3,#4)@1 END as #14]
      AggregateExec: mode=FinalPartitioned, gby=[#2@0 as #2], aggr=[last_value(#3) FILTER (WHERE #4 IS NOT NULL) ORDER BY [#4 DESC NULLS FIRST] as min_by(#3,#4), min(#4)]
        ShuffleReadExec: partitioning=Hash([#2@0], 4)

[2026-09-30T19:38:34Z DEBUG sail_execution::task_runner::preparation] job 3 stage 3 partition 3 attempt 0 preparation wait=492.11µs duration=702.158µs
[2026-09-30T19:38:34Z DEBUG sail_execution::task_runner::preparation] job 3 stage 2 partition 2 attempt 0 preparation wait=1.458327ms duration=4.246952ms
[2026-09-30T19:38:34Z DEBUG sail_execution::task_runner::actor::handler] worker_task_status worker_id=1 job_id=3 stage=0 partition=0 attempt=0 status=SUCCEEDED
[2026-09-30T19:38:34Z DEBUG sail_execution::task_runner::actor::handler] worker_task_status worker_id=1 job_id=3 stage=3 partition=0 attempt=0 status=RUNNING
[2026-09-30T19:38:34Z DEBUG sail_execution::task_runner::actor::handler] worker_task_status worker_id=1 job_id=3 stage=3 partition=2 attempt=0 status=RUNNING
[2026-09-30T19:38:34Z DEBUG sail_execution::task_runner::actor::handler] worker_task_status worker_id=1 job_id=3 stage=2 partition=1 attempt=0 status=SUCCEEDED
[2026-09-30T19:38:34Z TRACE h2::frame::ping] encoding PING; ack=false len=8
[2026-09-30T19:38:34Z TRACE h2::frame::ping] encoding PING; ack=false len=8
[2026-09-30T19:38:34Z TRACE h2::frame::ping] encoding PING; ack=true len=8
[2026-09-30T19:38:34Z DEBUG sail_execution::task_runner::preparation] job 3 stage 1 partition 0 attempt 0 preparation wait=1.674375ms duration=6.445445ms
[2026-09-30T19:38:34Z TRACE h2::frame::ping] encoding PING; ack=false len=8
[2026-09-30T19:38:34Z DEBUG sail_execution::task_runner::preparation] job 3 stage 2 partition 3 attempt 0 execution plan
ShuffleWriteExec: partitioning=Hash([#2@0], 4)
  AggregateExec: mode=Partial, gby=[#2@0 as #2], aggr=[last_value(#3) FILTER (WHERE #4 IS NOT NULL) ORDER BY [#4 DESC NULLS FIRST] as min_by(#3,#4), min(#4)]
    UnionExec
      ProjectionExec: expr=[#0@0 as #2, #1@1 as #3, gf_axpb(1, #1@1, 0) as #4]
        ShuffleReadExec: partitioning=RoundRobinBatch(4)
      ProjectionExec: expr=[#6@1 as #2, #5@0 as #3, gf_axpb(1, #5@0, 0) as #4]
        ShuffleReadExec: partitioning=RoundRobinBatch(4)

[2026-09-30T19:38:34Z DEBUG sail_execution::task_runner::actor::handler] worker_task_status worker_id=2 job_id=3 stage=1 partition=0 attempt=0 status=SUCCEEDED
[2026-09-30T19:38:34Z TRACE h2::proto::ping_pong] recv PING USER ack
[2026-09-30T19:38:34Z DEBUG sail_execution::task_runner::preparation] job 3 stage 2 partition 3 attempt 0 preparation wait=9.481125ms duration=917.205µs
[2026-09-30T19:38:34Z TRACE h2::frame::ping] encoding PING; ack=true len=8
[2026-09-30T19:38:34Z DEBUG sail_execution::task_runner::preparation] job 3 stage 3 partition 0 attempt 0 execution plan
ShuffleWriteExec: partitioning=RoundRobinBatch(1)
  ProjectionExec: expr=[#13@0 as id, #14@1 as representative]
    ProjectionExec: expr=[#2@0 as #13, CASE WHEN gf_axpb(1, #2@0, 0) < min(#4)@2 THEN #2@0 ELSE min_by(#3,#4)@1 END as #14]
      AggregateExec: mode=FinalPartitioned, gby=[#2@0 as #2], aggr=[last_value(#3) FILTER (WHERE #4 IS NOT NULL) ORDER BY [#4 DESC NULLS FIRST] as min_by(#3,#4), min(#4)]
        ShuffleReadExec: partitioning=Hash([#2@0], 4)

[2026-09-30T19:38:34Z DEBUG sail_execution::task_runner::actor::handler] worker_task_status worker_id=2 job_id=3 stage=2 partition=4 attempt=0 status=SUCCEEDED
[2026-09-30T19:38:34Z TRACE h2::frame::ping] encoding PING; ack=true len=8
[2026-09-30T19:38:34Z DEBUG sail_execution::task_runner::preparation] job 3 stage 3 partition 0 attempt 0 preparation wait=5.351199ms duration=351.079µs
[2026-09-30T19:38:34Z DEBUG sail_execution::task_runner::preparation] job 3 stage 3 partition 2 attempt 0 execution plan
ShuffleWriteExec: partitioning=RoundRobinBatch(1)
  ProjectionExec: expr=[#13@0 as id, #14@1 as representative]
    ProjectionExec: expr=[#2@0 as #13, CASE WHEN gf_axpb(1, #2@0, 0) < min(#4)@2 THEN #2@0 ELSE min_by(#3,#4)@1 END as #14]
      AggregateExec: mode=FinalPartitioned, gby=[#2@0 as #2], aggr=[last_value(#3) FILTER (WHERE #4 IS NOT NULL) ORDER BY [#4 DESC NULLS FIRST] as min_by(#3,#4), min(#4)]
        ShuffleReadExec: partitioning=Hash([#2@0], 4)

[2026-09-30T19:38:34Z DEBUG sail_execution::task_runner::preparation] job 3 stage 3 partition 2 attempt 0 preparation wait=4.929105ms duration=698.156µs
[2026-09-30T19:38:34Z TRACE h2::frame::ping] encoding PING; ack=false len=8
[2026-09-30T19:38:34Z DEBUG sail_execution::task_runner::actor::handler] worker_task_status worker_id=2 job_id=3 stage=2 partition=0 attempt=0 status=SUCCEEDED
[2026-09-30T19:38:34Z TRACE h2::proto::ping_pong] recv PING USER ack
[2026-09-30T19:38:34Z DEBUG sail_execution::task_runner::actor::handler] worker_task_status worker_id=2 job_id=3 stage=2 partition=6 attempt=0 status=SUCCEEDED
[2026-09-30T19:38:34Z TRACE h2::frame::ping] encoding PING; ack=false len=8
[2026-09-30T19:38:34Z TRACE h2::proto::ping_pong] recv PING USER ack
[2026-09-30T19:38:34Z TRACE h2::frame::ping] encoding PING; ack=true len=8
[2026-09-30T19:38:34Z TRACE h2::frame::ping] encoding PING; ack=true len=8
[2026-09-30T19:38:34Z TRACE h2::proto::ping_pong] recv PING USER ack
[2026-09-30T19:38:34Z TRACE h2::frame::ping] encoding PING; ack=false len=8
[2026-09-30T19:38:34Z TRACE h2::frame::ping] encoding PING; ack=true len=8
[2026-09-30T19:38:34Z TRACE h2::proto::ping_pong] recv PING USER ack
[2026-09-30T19:38:34Z DEBUG sail_execution::task_runner::actor::handler] worker_task_status worker_id=1 job_id=3 stage=2 partition=5 attempt=0 status=SUCCEEDED
[2026-09-30T19:38:34Z DEBUG sail_execution::task_runner::actor::handler] worker_task_status worker_id=1 job_id=3 stage=2 partition=3 attempt=0 status=SUCCEEDED
[2026-09-30T19:38:34Z DEBUG sail_execution::task_runner::actor::handler] worker_task_status worker_id=1 job_id=3 stage=2 partition=7 attempt=0 status=SUCCEEDED
[2026-09-30T19:38:34Z TRACE h2::proto::ping_pong] recv PING USER ack
[2026-09-30T19:38:34Z DEBUG sail_execution::task_runner::actor::handler] worker_task_status worker_id=2 job_id=3 stage=2 partition=2 attempt=0 status=SUCCEEDED
[2026-09-30T19:38:34Z DEBUG sail_execution::task_runner::actor::handler] worker_task_status worker_id=2 job_id=3 stage=3 partition=1 attempt=0 status=SUCCEEDED
[2026-09-30T19:38:34Z DEBUG sail_execution::task_runner::actor::handler] worker_task_status worker_id=1 job_id=3 stage=3 partition=2 attempt=0 status=SUCCEEDED
[2026-09-30T19:38:34Z DEBUG sail_execution::task_runner::actor::handler] worker_task_status worker_id=2 job_id=3 stage=3 partition=3 attempt=0 status=SUCCEEDED
[2026-09-30T19:38:34Z DEBUG sail_execution::task_runner::actor::handler] worker_task_status worker_id=1 job_id=3 stage=3 partition=0 attempt=0 status=SUCCEEDED
[2026-09-30T19:38:35Z TRACE h2::frame::ping] encoding PING; ack=true len=8
[2026-09-30T19:38:36Z INFO sail_session::session_manager::actor::handler] removing session 5d843416-36de-4a2c-8e2c-c3ee275859e2
[2026-09-30T19:38:36Z INFO sail_execution::driver::worker_pool::core] stopping worker 1
[2026-09-30T19:38:36Z INFO sail_execution::driver::worker_pool::core] stopping worker 2
[2026-09-30T19:38:36Z TRACE h2::frame::go_away] encoding GO_AWAY; code=NO_ERROR
[2026-09-30T19:38:36Z DEBUG h2::proto::connection] Connection::poll; connection error error=GoAway(b"", NO_ERROR, Library)
[2026-09-30T19:38:36Z TRACE h2::frame::go_away] encoding GO_AWAY; code=NO_ERROR
[2026-09-30T19:38:36Z DEBUG h2::proto::connection] Connection::poll; connection error error=GoAway(b"", NO_ERROR, Library)
[2026-09-30T19:38:36Z TRACE h2::frame::ping] encoding PING; ack=true len=8
[2026-09-30T19:38:36Z TRACE h2::frame::ping] encoding PING; ack=false len=8
[2026-09-30T19:38:36Z TRACE h2::frame::ping] encoding PING; ack=false len=8
[2026-09-30T19:38:36Z TRACE h2::frame::go_away] encoding GO_AWAY; code=NO_ERROR
[2026-09-30T19:38:36Z TRACE h2::frame::ping] encoding PING; ack=false len=8
[2026-09-30T19:38:36Z TRACE h2::frame::go_away] encoding GO_AWAY; code=NO_ERROR
[2026-09-30T19:38:36Z TRACE h2::frame::go_away] encoding GO_AWAY; code=NO_ERROR
[2026-09-30T19:38:36Z TRACE h2::frame::ping] encoding PING; ack=false len=8
[2026-09-30T19:38:36Z TRACE h2::frame::ping] encoding PING; ack=false len=8
[2026-09-30T19:38:36Z WARN sail_common::actor] aborting 6 task(s) for TaskRunnerActor
[2026-09-30T19:38:36Z TRACE h2::frame::ping] encoding PING; ack=true len=8
[2026-09-30T19:38:36Z WARN sail_common::actor] aborting 13 task(s) for TaskRunnerActor
[2026-09-30T19:38:36Z TRACE h2::frame::ping] encoding PING; ack=true len=8
[2026-09-30T19:38:36Z TRACE h2::frame::go_away] encoding GO_AWAY; code=NO_ERROR
[2026-09-30T19:38:36Z DEBUG h2::proto::connection] Connection::poll; connection error error=GoAway(b"", NO_ERROR, Library)
[2026-09-30T19:38:36Z TRACE h2::frame::go_away] encoding GO_AWAY; code=NO_ERROR
[2026-09-30T19:38:36Z TRACE h2::frame::ping] encoding PING; ack=false len=8
[2026-09-30T19:38:36Z TRACE h2::frame::go_away] encoding GO_AWAY; code=NO_ERROR
[2026-09-30T19:38:36Z DEBUG h2::proto::connection] Connection::poll; connection error error=GoAway(b"", NO_ERROR, Library)
[2026-09-30T19:38:36Z TRACE h2::frame::go_away] encoding GO_AWAY; code=NO_ERROR
[2026-09-30T19:38:36Z DEBUG h2::proto::connection] Connection::poll; connection error error=GoAway(b"", NO_ERROR, Library)
[2026-09-30T19:38:36Z TRACE h2::proto::ping_pong] recv PING USER ack
[2026-09-30T19:38:36Z TRACE h2::proto::ping_pong] recv PING SHUTDOWN ack
[2026-09-30T19:38:36Z TRACE h2::frame::go_away] encoding GO_AWAY; code=NO_ERROR
[2026-09-30T19:38:36Z INFO sail_execution::worker::actor::core] worker 2 server has stopped
[2026-09-30T19:38:36Z TRACE h2::frame::ping] encoding PING; ack=true len=8
[2026-09-30T19:38:36Z TRACE h2::frame::ping] encoding PING; ack=true len=8
[2026-09-30T19:38:36Z TRACE h2::frame::go_away] encoding GO_AWAY; code=NO_ERROR
[2026-09-30T19:38:36Z DEBUG h2::proto::connection] Connection::poll; connection error error=GoAway(b"", NO_ERROR, Library)
[2026-09-30T19:38:36Z WARN sail_common::actor] aborting 1 task(s) for WorkerActor
[2026-09-30T19:38:36Z TRACE h2::proto::ping_pong] recv PING USER ack
[2026-09-30T19:38:36Z TRACE h2::proto::ping_pong] recv PING SHUTDOWN ack
[2026-09-30T19:38:36Z TRACE h2::frame::go_away] encoding GO_AWAY; code=NO_ERROR
[2026-09-30T19:38:36Z INFO sail_cli::spark::server] Shutting down the Spark Connect server...
[2026-09-30T19:38:36Z INFO sail_execution::driver::actor::core] driver 1 has stopped
[2026-09-30T19:38:36Z WARN sail_common::actor] aborting 72 task(s) for DriverActor
[2026-09-30T19:38:36Z INFO sail_session::session_manager::actor::core] driver server has stopped
[2026-09-30T19:38:36Z WARN sail_common::actor] aborting 29 task(s) for SessionManagerActor
[2026-09-30T19:38:36Z INFO sail_cli::spark::server] The Spark Connect server has stopped.
