[2026-09-29T14:59:56Z INFO sail_cli::spark::server] Starting the Spark Connect server on 127.0.0.1:53031...
[2026-09-29T14:59:56Z INFO sail_session::session_manager::actor::core] driver server is ready on port 41367
[2026-09-29T14:59:56Z INFO sail_session::session_manager::actor::handler] creating session 30ff36cd-b0c0-439a-ad23-7b7c399d8c69
OpenBLAS WARNING - could not determine the L2 cache size on this system, assuming 256k
OpenBLAS WARNING - could not determine the L2 cache size on this system, assuming 256k
[2026-09-29T14:59:57Z INFO sail_session::extensions] bound native extension nutmeg@0.1.0:f92268cbf3a5b0bbc3a1e9e0fc733018cad00410a42c83b8228f417a5c232c9f to session incarnation 1592aa9c-20ff-4006-aa82-8fce43c330c0
[2026-09-29T14:59:57Z INFO sail_session::extensions] bound native extension sedona@0.1.0:e8dc2c51c6e45ef94fb13370b76f0fd40936b3d79d368fc052afbb778d39c137 to session incarnation 1592aa9c-20ff-4006-aa82-8fce43c330c0
[2026-09-29T14:59:57Z INFO sail_execution::driver::actor::handler] activating driver 1
[2026-09-29T14:59:57Z INFO sail_execution::driver::worker_pool::core] starting worker 1
[2026-09-29T14:59:57Z INFO sail_execution::driver::worker_pool::core] starting worker 2
[2026-09-29T14:59:57Z INFO sail_execution::worker_manager::process] extension process worker 1: pid=Some(166), driver_pid=50, session=30ff36cd-b0c0-439a-ad23-7b7c399d8c69
[2026-09-29T14:59:57Z INFO sail_execution::worker_manager::process] extension process worker 2: pid=Some(167), driver_pid=50, session=30ff36cd-b0c0-439a-ad23-7b7c399d8c69
[2026-09-29T14:59:57Z INFO sail_session::extensions] worker loaded native extension sedona@0.1.0:e8dc2c51c6e45ef94fb13370b76f0fd40936b3d79d368fc052afbb778d39c137, pid=166
[2026-09-29T14:59:57Z INFO sail_session::extensions] worker loaded native extension sedona@0.1.0:e8dc2c51c6e45ef94fb13370b76f0fd40936b3d79d368fc052afbb778d39c137, pid=167
[2026-09-29T14:59:58Z INFO sail_execution::worker::actor::handler] worker 1 server is ready on port 36737
[2026-09-29T14:59:58Z INFO sail_execution::worker::actor::handler] worker 2 server is ready on port 36033
[2026-09-29T14:59:58Z INFO sail_execution::driver::actor::handler] worker 2 is available at 127.0.0.1:36033
[2026-09-29T14:59:58Z WARN sail_execution::driver::task_assigner::core] worker 2 was not pending
[2026-09-29T14:59:58Z INFO sail_execution::driver::actor::handler] worker 1 is available at 127.0.0.1:36737
[2026-09-29T14:59:58Z WARN sail_execution::driver::task_assigner::core] worker 1 was not pending
[2026-09-29T15:01:42Z WARN sail_execution::driver::actor::handler] job 10 stage 0 partition 28 attempt 0 sequence 354 is stale
[2026-09-29T15:01:42Z WARN sail_execution::driver::actor::handler] job 10 stage 0 partition 20 attempt 0 sequence 349 is stale
[2026-09-29T15:01:43Z WARN sail_execution::driver::actor::handler] job 10 stage 0 partition 2 attempt 0 sequence 352 is stale
[2026-09-29T15:01:43Z WARN sail_execution::driver::actor::handler] job 10 stage 0 partition 0 attempt 0 sequence 347 is stale
[2026-09-29T15:28:06Z INFO sail_session::session_manager::actor::handler] removing session 30ff36cd-b0c0-439a-ad23-7b7c399d8c69
[2026-09-29T15:28:06Z WARN sail_common::utils::retry] retryable operation failed: error in Tonic status: code: 'Internal error', message: "invalid argument: driver 1 not found"
[2026-09-29T15:28:06Z WARN sail_common::utils::retry] retryable operation failed: error in Tonic status: code: 'Internal error', message: "invalid argument: driver 1 not found"
[2026-09-29T15:28:06Z WARN sail_common::utils::retry] retryable operation failed: error in Tonic status: code: 'Internal error', message: "invalid argument: driver 1 not found"
[2026-09-29T15:28:06Z WARN sail_common::utils::retry] retryable operation failed: error in Tonic status: code: 'Internal error', message: "invalid argument: driver 1 not found"
[2026-09-29T15:28:06Z INFO sail_execution::driver::worker_pool::core] stopping worker 1
[2026-09-29T15:28:06Z INFO sail_execution::driver::worker_pool::core] stopping worker 2
[2026-09-29T15:28:07Z WARN sail_common::utils::retry] retryable operation failed: error in Tonic status: code: 'Internal error', message: "invalid argument: driver 1 not found"
[2026-09-29T15:28:07Z WARN sail_common::actor] aborting 11 task(s) for TaskRunnerActor
[2026-09-29T15:28:07Z WARN sail_common::actor] aborting 198 task(s) for TaskRunnerActor
[2026-09-29T15:28:07Z INFO sail_execution::worker::actor::core] worker 2 server has stopped
[2026-09-29T15:28:07Z INFO sail_execution::worker::actor::core] worker 1 server has stopped
[2026-09-29T15:28:07Z INFO sail_cli::spark::server] Shutting down the Spark Connect server...
