DOCUMENTATION_SOURCE_GUARD PASSED candidate-before 95ad9933053a3896db10ff6b1ec57a98b904fb50 095013015c48ef99e83cb73af78717b340725e3a
DOCUMENTATION_SOURCE_GUARD PASSED candidate-after 95ad9933053a3896db10ff6b1ec57a98b904fb50 095013015c48ef99e83cb73af78717b340725e3a
[detached HEAD f2b3deda] Record closed compact replay and SSSP buffer reuse evidence
 463 files changed, 267566 insertions(+), 83 deletions(-)
 create mode 100644 docs/reviews/sail-stream-experiments-2026-09-30/COMPACT-REPLAY-AND-SSSP.md
 create mode 100644 docs/reviews/sail-stream-experiments-2026-09-30/closed-cell-audit/logging03-verification.json
 create mode 100644 docs/reviews/sail-stream-experiments-2026-09-30/documentation-ownership-activation.json
 create mode 100644 docs/reviews/sail-stream-experiments-2026-09-30/documentation-ownership-publication/README.md
 create mode 100644 docs/reviews/sail-stream-experiments-2026-09-30/documentation-ownership-publication/activate_shared.py
 create mode 100644 docs/reviews/sail-stream-experiments-2026-09-30/documentation-ownership-publication/activation-intent.json
 create mode 100644 docs/reviews/sail-stream-experiments-2026-09-30/documentation-ownership-publication/audit-pin.json
 create mode 100644 docs/reviews/sail-stream-experiments-2026-09-30/documentation-ownership-publication/authorization-template.json
 create mode 100644 docs/reviews/sail-stream-experiments-2026-09-30/documentation-ownership-publication/authorization.json
 create mode 100644 docs/reviews/sail-stream-experiments-2026-09-30/documentation-ownership-publication/base-manifest.json
 create mode 100644 docs/reviews/sail-stream-experiments-2026-09-30/documentation-ownership-publication/candidate-after-receipt.json
 create mode 100644 docs/reviews/sail-stream-experiments-2026-09-30/documentation-ownership-publication/candidate-gate.log
 create mode 100644 docs/reviews/sail-stream-experiments-2026-09-30/documentation-ownership-publication/collection.json
 create mode 100644 docs/reviews/sail-stream-experiments-2026-09-30/documentation-ownership-publication/commit-message.txt
 create mode 100644 docs/reviews/sail-stream-experiments-2026-09-30/documentation-ownership-publication/commit_and_gate.sh
 create mode 100644 docs/reviews/sail-stream-experiments-2026-09-30/documentation-ownership-publication/common.py
 create mode 100644 docs/reviews/sail-stream-experiments-2026-09-30/documentation-ownership-publication/delivery.json
 create mode 100644 docs/reviews/sail-stream-experiments-2026-09-30/documentation-ownership-publication/exact-after-receipt.json
 create mode 100644 docs/reviews/sail-stream-experiments-2026-09-30/documentation-ownership-publication/exact-gate.log
 create mode 100644 docs/reviews/sail-stream-experiments-2026-09-30/documentation-ownership-publication/frozen.json
 create mode 100644 docs/reviews/sail-stream-experiments-2026-09-30/documentation-ownership-publication/guard.py
 create mode 100644 docs/reviews/sail-stream-experiments-2026-09-30/documentation-ownership-publication/independent-archive-context-review.json
 create mode 100644 docs/reviews/sail-stream-experiments-2026-09-30/documentation-ownership-publication/independent-audit.json
 create mode 100644 docs/reviews/sail-stream-experiments-2026-09-30/documentation-ownership-publication/independent-auditor-attempt01-failure.json
 create mode 100644 docs/reviews/sail-stream-experiments-2026-09-30/documentation-ownership-publication/independent_snapshot_review-attempt01.py
 create mode 100644 docs/reviews/sail-stream-experiments-2026-09-30/documentation-ownership-publication/independent_snapshot_review.py
 create mode 100644 docs/reviews/sail-stream-experiments-2026-09-30/documentation-ownership-publication/offline-controls-v3/receipt.json
 create mode 100644 docs/reviews/sail-stream-experiments-2026-09-30/documentation-ownership-publication/predecessor/README.md
 create mode 100644 docs/reviews/sail-stream-experiments-2026-09-30/documentation-ownership-publication/predecessor/activate_shared.py
 create mode 100644 docs/reviews/sail-stream-experiments-2026-09-30/documentation-ownership-publication/predecessor/archived-links-baseline.json
 create mode 100644 docs/reviews/sail-stream-experiments-2026-09-30/documentation-ownership-publication/predecessor/archived-links-baseline.stderr
 create mode 100644 docs/reviews/sail-stream-experiments-2026-09-30/documentation-ownership-publication/predecessor/archived-links-baseline.stdout
 create mode 100644 docs/reviews/sail-stream-experiments-2026-09-30/documentation-ownership-publication/predecessor/attempt01/README.md
 create mode 100644 docs/reviews/sail-stream-experiments-2026-09-30/documentation-ownership-publication/predecessor/attempt01/authorization-template.json
 create mode 100644 docs/reviews/sail-stream-experiments-2026-09-30/documentation-ownership-publication/predecessor/attempt01/common.py
 create mode 100644 docs/reviews/sail-stream-experiments-2026-09-30/documentation-ownership-publication/predecessor/attempt01/run_offline_controls.py
 create mode 100644 docs/reviews/sail-stream-experiments-2026-09-30/documentation-ownership-publication/predecessor/authorization-template.json
 create mode 100644 docs/reviews/sail-stream-experiments-2026-09-30/documentation-ownership-publication/predecessor/authorization.json
 create mode 100644 docs/reviews/sail-stream-experiments-2026-09-30/documentation-ownership-publication/predecessor/base-manifest.json
 create mode 100644 docs/reviews/sail-stream-experiments-2026-09-30/documentation-ownership-publication/predecessor/claims-spot-review.json
 create mode 100644 docs/reviews/sail-stream-experiments-2026-09-30/documentation-ownership-publication/predecessor/commit-message.txt
 create mode 100644 docs/reviews/sail-stream-experiments-2026-09-30/documentation-ownership-publication/predecessor/commit_and_gate.sh
 create mode 100644 docs/reviews/sail-stream-experiments-2026-09-30/documentation-ownership-publication/predecessor/common.py
 create mode 100644 docs/reviews/sail-stream-experiments-2026-09-30/documentation-ownership-publication/predecessor/frozen.json
 create mode 100644 docs/reviews/sail-stream-experiments-2026-09-30/documentation-ownership-publication/predecessor/guard.py
 create mode 100644 docs/reviews/sail-stream-experiments-2026-09-30/documentation-ownership-publication/predecessor/helper-differences.patch
 create mode 100644 docs/reviews/sail-stream-experiments-2026-09-30/documentation-ownership-publication/predecessor/independent-audit-failure-20261001T010351687857Z.json
 create mode 100644 docs/reviews/sail-stream-experiments-2026-09-30/documentation-ownership-publication/predecessor/independent-tooling-delta-review.json
 create mode 100644 docs/reviews/sail-stream-experiments-2026-09-30/documentation-ownership-publication/predecessor/independent-tooling-spot-review.json
 create mode 100644 docs/reviews/sail-stream-experiments-2026-09-30/documentation-ownership-publication/predecessor/independent_snapshot_review.py
 create mode 100644 docs/reviews/sail-stream-experiments-2026-09-30/documentation-ownership-publication/predecessor/offline-controls-v2/receipt.json
 create mode 100644 docs/reviews/sail-stream-experiments-2026-09-30/documentation-ownership-publication/predecessor/offline-controls/receipt.json
 create mode 100644 docs/reviews/sail-stream-experiments-2026-09-30/documentation-ownership-publication/predecessor/preparation.json
 create mode 100644 docs/reviews/sail-stream-experiments-2026-09-30/documentation-ownership-publication/predecessor/prepare_snapshot.py
 create mode 100644 docs/reviews/sail-stream-experiments-2026-09-30/documentation-ownership-publication/predecessor/publish.py
 create mode 100644 docs/reviews/sail-stream-experiments-2026-09-30/documentation-ownership-publication/predecessor/run_offline_controls.py
 create mode 100644 docs/reviews/sail-stream-experiments-2026-09-30/documentation-ownership-publication/predecessor/tooling-delta-v2.patch
 create mode 100644 docs/reviews/sail-stream-experiments-2026-09-30/documentation-ownership-publication/predecessor/tooling-preparation-v2.json
 create mode 100644 docs/reviews/sail-stream-experiments-2026-09-30/documentation-ownership-publication/predecessor/tooling-preparation.json
 create mode 100644 docs/reviews/sail-stream-experiments-2026-09-30/documentation-ownership-publication/preparation.json
 create mode 100644 docs/reviews/sail-stream-experiments-2026-09-30/documentation-ownership-publication/prepare_snapshot.py
 create mode 100644 docs/reviews/sail-stream-experiments-2026-09-30/documentation-ownership-publication/publication-intent.json
 create mode 100644 docs/reviews/sail-stream-experiments-2026-09-30/documentation-ownership-publication/publish.py
 create mode 100644 docs/reviews/sail-stream-experiments-2026-09-30/documentation-ownership-publication/push.stderr
 create mode 100644 docs/reviews/sail-stream-experiments-2026-09-30/documentation-ownership-publication/push.stdout
 create mode 100644 docs/reviews/sail-stream-experiments-2026-09-30/documentation-ownership-publication/run_offline_controls.py
 create mode 100644 docs/reviews/sail-stream-experiments-2026-09-30/documentation-ownership-publication/tooling-preparation-v3.json
 create mode 100644 docs/reviews/sail-stream-experiments-2026-09-30/documentation-ownership-publication/tooling-v3-delta.patch
 create mode 100644 docs/reviews/sail-stream-experiments-2026-09-30/logging03-closed-review/README.md
 create mode 100644 docs/reviews/sail-stream-experiments-2026-09-30/logging03-closed-review/attempt01-failure.json
 create mode 100644 docs/reviews/sail-stream-experiments-2026-09-30/logging03-closed-review/attempt02-failure.json
 create mode 100644 docs/reviews/sail-stream-experiments-2026-09-30/logging03-closed-review/audit-attempt01.py
 create mode 100644 docs/reviews/sail-stream-experiments-2026-09-30/logging03-closed-review/audit-attempt02.py
 create mode 100644 docs/reviews/sail-stream-experiments-2026-09-30/logging03-closed-review/audit.py
 create mode 100644 docs/reviews/sail-stream-experiments-2026-09-30/logging03-closed-review/receipt.json
 create mode 100644 docs/reviews/sail-stream-experiments-2026-09-30/logging03-collection.json
 create mode 100644 docs/reviews/sail-stream-experiments-2026-09-30/logging03-host-closure.json
 create mode 100644 docs/reviews/sail-stream-experiments-2026-09-30/logging03-monitor/audit_captured_progress.py
 create mode 100644 docs/reviews/sail-stream-experiments-2026-09-30/logging03-monitor/audit_followup01_progress.py
 create mode 100644 docs/reviews/sail-stream-experiments-2026-09-30/logging03-monitor/audit_followup02_progress.py
 create mode 100644 docs/reviews/sail-stream-experiments-2026-09-30/logging03-monitor/audit_initial_identity.py
 create mode 100644 docs/reviews/sail-stream-experiments-2026-09-30/logging03-monitor/captured-progress.json
 create mode 100644 docs/reviews/sail-stream-experiments-2026-09-30/logging03-monitor/finalize_followup01.py
 create mode 100644 docs/reviews/sail-stream-experiments-2026-09-30/logging03-monitor/finalize_followup02.py
 create mode 100644 docs/reviews/sail-stream-experiments-2026-09-30/logging03-monitor/finalize_series.py
 create mode 100644 docs/reviews/sail-stream-experiments-2026-09-30/logging03-monitor/followup01-captured-progress.json
 create mode 100644 docs/reviews/sail-stream-experiments-2026-09-30/logging03-monitor/followup01-command01.log
 create mode 100644 docs/reviews/sail-stream-experiments-2026-09-30/logging03-monitor/followup01-command02.log
 create mode 100644 docs/reviews/sail-stream-experiments-2026-09-30/logging03-monitor/followup01-command03.log
 create mode 100644 docs/reviews/sail-stream-experiments-2026-09-30/logging03-monitor/followup01-command04.log
 create mode 100644 docs/reviews/sail-stream-experiments-2026-09-30/logging03-monitor/followup01-command05.log
 create mode 100644 docs/reviews/sail-stream-experiments-2026-09-30/logging03-monitor/followup01-command06.log
 create mode 100644 docs/reviews/sail-stream-experiments-2026-09-30/logging03-monitor/followup01-final.json
 create mode 100644 docs/reviews/sail-stream-experiments-2026-09-30/logging03-monitor/followup01-observation-20260930T225307286560Z.json
 create mode 100644 docs/reviews/sail-stream-experiments-2026-09-30/logging03-monitor/followup01-observation-20260930T230327466288Z.json
 create mode 100644 docs/reviews/sail-stream-experiments-2026-09-30/logging03-monitor/followup01-observation-20260930T231338358290Z.json
 create mode 100644 docs/reviews/sail-stream-experiments-2026-09-30/logging03-monitor/followup01-observation-20260930T232351486926Z.json
 create mode 100644 docs/reviews/sail-stream-experiments-2026-09-30/logging03-monitor/followup01-observation-20260930T233502552549Z.json
 create mode 100644 docs/reviews/sail-stream-experiments-2026-09-30/logging03-monitor/followup01-observation-20260930T234527293101Z.json
 create mode 100644 docs/reviews/sail-stream-experiments-2026-09-30/logging03-monitor/followup01-offline-guards.log
 create mode 100644 docs/reviews/sail-stream-experiments-2026-09-30/logging03-monitor/followup01-preparation.json
 create mode 100644 docs/reviews/sail-stream-experiments-2026-09-30/logging03-monitor/followup02-captured-progress.json
 create mode 100644 docs/reviews/sail-stream-experiments-2026-09-30/logging03-monitor/followup02-command01.log
 create mode 100644 docs/reviews/sail-stream-experiments-2026-09-30/logging03-monitor/followup02-command02.log
 create mode 100644 docs/reviews/sail-stream-experiments-2026-09-30/logging03-monitor/followup02-command03.log
 create mode 100644 docs/reviews/sail-stream-experiments-2026-09-30/logging03-monitor/followup02-command04.log
 create mode 100644 docs/reviews/sail-stream-experiments-2026-09-30/logging03-monitor/followup02-command05.log
 create mode 100644 docs/reviews/sail-stream-experiments-2026-09-30/logging03-monitor/followup02-command06.log
 create mode 100644 docs/reviews/sail-stream-experiments-2026-09-30/logging03-monitor/followup02-final.json
 create mode 100644 docs/reviews/sail-stream-experiments-2026-09-30/logging03-monitor/followup02-observation-20261001T000053357147Z.json
 create mode 100644 docs/reviews/sail-stream-experiments-2026-09-30/logging03-monitor/followup02-observation-20261001T001607099203Z.json
 create mode 100644 docs/reviews/sail-stream-experiments-2026-09-30/logging03-monitor/followup02-observation-20261001T003128703832Z.json
 create mode 100644 docs/reviews/sail-stream-experiments-2026-09-30/logging03-monitor/followup02-observation-20261001T004642618461Z.json
 create mode 100644 docs/reviews/sail-stream-experiments-2026-09-30/logging03-monitor/followup02-observation-20261001T010158140148Z.json
 create mode 100644 docs/reviews/sail-stream-experiments-2026-09-30/logging03-monitor/followup02-observation-20261001T011709114387Z.json
 create mode 100644 docs/reviews/sail-stream-experiments-2026-09-30/logging03-monitor/followup02-offline-guards.log
 create mode 100644 docs/reviews/sail-stream-experiments-2026-09-30/logging03-monitor/followup02-preparation.json
 create mode 100644 docs/reviews/sail-stream-experiments-2026-09-30/logging03-monitor/hash-recovery-20260930T221010268032Z.json
 create mode 100644 docs/reviews/sail-stream-experiments-2026-09-30/logging03-monitor/hash-recovery-command.log
 create mode 100644 docs/reviews/sail-stream-experiments-2026-09-30/logging03-monitor/hash_recovery.py
 create mode 100644 docs/reviews/sail-stream-experiments-2026-09-30/logging03-monitor/identity-audit-command.log
 create mode 100644 docs/reviews/sail-stream-experiments-2026-09-30/logging03-monitor/identity-audit.json
 create mode 100644 docs/reviews/sail-stream-experiments-2026-09-30/logging03-monitor/identity-summary.json
 create mode 100644 docs/reviews/sail-stream-experiments-2026-09-30/logging03-monitor/initial-command.log
 create mode 100644 docs/reviews/sail-stream-experiments-2026-09-30/logging03-monitor/initial_observation.py
 create mode 100644 docs/reviews/sail-stream-experiments-2026-09-30/logging03-monitor/legacy_logging02_observe.py
 create mode 100644 docs/reviews/sail-stream-experiments-2026-09-30/logging03-monitor/observation-20260930T220458591359Z.json
 create mode 100644 docs/reviews/sail-stream-experiments-2026-09-30/logging03-monitor/observe_followup01.py
 create mode 100644 docs/reviews/sail-stream-experiments-2026-09-30/logging03-monitor/observe_followup02.py
 create mode 100644 docs/reviews/sail-stream-experiments-2026-09-30/logging03-monitor/observe_series.py
 create mode 100644 docs/reviews/sail-stream-experiments-2026-09-30/logging03-monitor/preparation.json
 create mode 100644 docs/reviews/sail-stream-experiments-2026-09-30/logging03-monitor/series-command01.log
 create mode 100644 docs/reviews/sail-stream-experiments-2026-09-30/logging03-monitor/series-command02.log
 create mode 100644 docs/reviews/sail-stream-experiments-2026-09-30/logging03-monitor/series-command03.log
 create mode 100644 docs/reviews/sail-stream-experiments-2026-09-30/logging03-monitor/series-command04.log
 create mode 100644 docs/reviews/sail-stream-experiments-2026-09-30/logging03-monitor/series-command05.log
 create mode 100644 docs/reviews/sail-stream-experiments-2026-09-30/logging03-monitor/series-command06.log
 create mode 100644 docs/reviews/sail-stream-experiments-2026-09-30/logging03-monitor/series-final.json
 create mode 100644 docs/reviews/sail-stream-experiments-2026-09-30/logging03-monitor/series-observation-20260930T221641886544Z.json
 create mode 100644 docs/reviews/sail-stream-experiments-2026-09-30/logging03-monitor/series-observation-20260930T222205374040Z.json
 create mode 100644 docs/reviews/sail-stream-experiments-2026-09-30/logging03-monitor/series-observation-20260930T222721382253Z.json
 create mode 100644 docs/reviews/sail-stream-experiments-2026-09-30/logging03-monitor/series-observation-20260930T223228883056Z.json
 create mode 100644 docs/reviews/sail-stream-experiments-2026-09-30/logging03-monitor/series-observation-20260930T223741000985Z.json
 create mode 100644 docs/reviews/sail-stream-experiments-2026-09-30/logging03-monitor/series-observation-20260930T224252995911Z.json
 create mode 100644 docs/reviews/sail-stream-experiments-2026-09-30/logging03-monitor/series-offline-guards.log
 create mode 100644 docs/reviews/sail-stream-experiments-2026-09-30/logging03-monitor/series-preparation.json
 create mode 100644 docs/reviews/sail-stream-experiments-2026-09-30/logging03-monitor/test_followup01_guards.py
 create mode 100644 docs/reviews/sail-stream-experiments-2026-09-30/logging03-monitor/test_followup02_guards.py
 create mode 100644 docs/reviews/sail-stream-experiments-2026-09-30/logging03-monitor/test_series_guards.py
 create mode 100644 docs/reviews/sail-stream-experiments-2026-09-30/logging03-monitor/vm_observer.py
 create mode 100644 docs/reviews/sail-stream-experiments-2026-09-30/logging03-physical-execution/attempt01-collection.json
 create mode 100644 docs/reviews/sail-stream-experiments-2026-09-30/logging03-physical-execution/attempt01-evidence/01-running-before.stderr
 create mode 100644 docs/reviews/sail-stream-experiments-2026-09-30/logging03-physical-execution/attempt01-evidence/01-running-before.stdout
 create mode 100644 docs/reviews/sail-stream-experiments-2026-09-30/logging03-physical-execution/attempt01-evidence/02-image.stderr
 create mode 100644 docs/reviews/sail-stream-experiments-2026-09-30/logging03-physical-execution/attempt01-evidence/02-image.stdout
 create mode 100644 docs/reviews/sail-stream-experiments-2026-09-30/logging03-physical-execution/attempt01-evidence/03-volume.stderr
 create mode 100644 docs/reviews/sail-stream-experiments-2026-09-30/logging03-physical-execution/attempt01-evidence/03-volume.stdout
 create mode 100644 docs/reviews/sail-stream-experiments-2026-09-30/logging03-physical-execution/attempt01-evidence/04-running-before-create.stderr
 create mode 100644 docs/reviews/sail-stream-experiments-2026-09-30/logging03-physical-execution/attempt01-evidence/04-running-before-create.stdout
 create mode 100644 docs/reviews/sail-stream-experiments-2026-09-30/logging03-physical-execution/attempt01-evidence/05-create.stderr
 create mode 100644 docs/reviews/sail-stream-experiments-2026-09-30/logging03-physical-execution/attempt01-evidence/05-create.stdout
 create mode 100644 docs/reviews/sail-stream-experiments-2026-09-30/logging03-physical-execution/attempt01-evidence/06-inspect-created.stderr
 create mode 100644 docs/reviews/sail-stream-experiments-2026-09-30/logging03-physical-execution/attempt01-evidence/06-inspect-created.stdout
 create mode 100644 docs/reviews/sail-stream-experiments-2026-09-30/logging03-physical-execution/attempt01-evidence/07-running-before-start.stderr
 create mode 100644 docs/reviews/sail-stream-experiments-2026-09-30/logging03-physical-execution/attempt01-evidence/07-running-before-start.stdout
 create mode 100644 docs/reviews/sail-stream-experiments-2026-09-30/logging03-physical-execution/attempt01-evidence/08-start.stderr
 create mode 100644 docs/reviews/sail-stream-experiments-2026-09-30/logging03-physical-execution/attempt01-evidence/08-start.stdout
 create mode 100644 docs/reviews/sail-stream-experiments-2026-09-30/logging03-physical-execution/attempt01-evidence/09-wait.stderr
 create mode 100644 docs/reviews/sail-stream-experiments-2026-09-30/logging03-physical-execution/attempt01-evidence/09-wait.stdout
 create mode 100644 docs/reviews/sail-stream-experiments-2026-09-30/logging03-physical-execution/attempt01-evidence/10-inspect-final.stderr
 create mode 100644 docs/reviews/sail-stream-experiments-2026-09-30/logging03-physical-execution/attempt01-evidence/10-inspect-final.stdout
 create mode 100644 docs/reviews/sail-stream-experiments-2026-09-30/logging03-physical-execution/attempt01-evidence/11-logs.stderr
 create mode 100644 docs/reviews/sail-stream-experiments-2026-09-30/logging03-physical-execution/attempt01-evidence/11-logs.stdout
 create mode 100644 docs/reviews/sail-stream-experiments-2026-09-30/logging03-physical-execution/attempt01-evidence/12-remove-owned-checker.stderr
 create mode 100644 docs/reviews/sail-stream-experiments-2026-09-30/logging03-physical-execution/attempt01-evidence/12-remove-owned-checker.stdout
 create mode 100644 docs/reviews/sail-stream-experiments-2026-09-30/logging03-physical-execution/attempt01-evidence/exited-container.json
 create mode 100644 docs/reviews/sail-stream-experiments-2026-09-30/logging03-physical-execution/attempt01-evidence/launch.json
 create mode 100644 docs/reviews/sail-stream-experiments-2026-09-30/logging03-physical-execution/attempt01-evidence/outer-receipt.json
 create mode 100644 docs/reviews/sail-stream-experiments-2026-09-30/logging03-physical-execution/attempt01-evidence/supervisor-claim.json
 create mode 100644 docs/reviews/sail-stream-experiments-2026-09-30/logging03-physical-execution/attempt01-evidence/supervisor.stderr
 create mode 100644 docs/reviews/sail-stream-experiments-2026-09-30/logging03-physical-execution/attempt01-evidence/supervisor.stdout
 create mode 100644 docs/reviews/sail-stream-experiments-2026-09-30/logging03-physical-execution/attempt02/collection.json
 create mode 100644 docs/reviews/sail-stream-experiments-2026-09-30/logging03-physical-execution/attempt02/dry.json
 create mode 100644 docs/reviews/sail-stream-experiments-2026-09-30/logging03-physical-execution/attempt02/dry.stderr
 create mode 100644 docs/reviews/sail-stream-experiments-2026-09-30/logging03-physical-execution/attempt02/dry.stdout
 create mode 100644 docs/reviews/sail-stream-experiments-2026-09-30/logging03-physical-execution/attempt02/evidence/01-running-before.stderr
 create mode 100644 docs/reviews/sail-stream-experiments-2026-09-30/logging03-physical-execution/attempt02/evidence/01-running-before.stdout
 create mode 100644 docs/reviews/sail-stream-experiments-2026-09-30/logging03-physical-execution/attempt02/evidence/02-image.stderr
 create mode 100644 docs/reviews/sail-stream-experiments-2026-09-30/logging03-physical-execution/attempt02/evidence/02-image.stdout
 create mode 100644 docs/reviews/sail-stream-experiments-2026-09-30/logging03-physical-execution/attempt02/evidence/03-volume.stderr
 create mode 100644 docs/reviews/sail-stream-experiments-2026-09-30/logging03-physical-execution/attempt02/evidence/03-volume.stdout
 create mode 100644 docs/reviews/sail-stream-experiments-2026-09-30/logging03-physical-execution/attempt02/evidence/04-running-before-create.stderr
 create mode 100644 docs/reviews/sail-stream-experiments-2026-09-30/logging03-physical-execution/attempt02/evidence/04-running-before-create.stdout
 create mode 100644 docs/reviews/sail-stream-experiments-2026-09-30/logging03-physical-execution/attempt02/evidence/05-create.stderr
 create mode 100644 docs/reviews/sail-stream-experiments-2026-09-30/logging03-physical-execution/attempt02/evidence/05-create.stdout
 create mode 100644 docs/reviews/sail-stream-experiments-2026-09-30/logging03-physical-execution/attempt02/evidence/06-inspect-created.stderr
 create mode 100644 docs/reviews/sail-stream-experiments-2026-09-30/logging03-physical-execution/attempt02/evidence/06-inspect-created.stdout
 create mode 100644 docs/reviews/sail-stream-experiments-2026-09-30/logging03-physical-execution/attempt02/evidence/07-running-before-start.stderr
 create mode 100644 docs/reviews/sail-stream-experiments-2026-09-30/logging03-physical-execution/attempt02/evidence/07-running-before-start.stdout
 create mode 100644 docs/reviews/sail-stream-experiments-2026-09-30/logging03-physical-execution/attempt02/evidence/08-start.stderr
 create mode 100644 docs/reviews/sail-stream-experiments-2026-09-30/logging03-physical-execution/attempt02/evidence/08-start.stdout
 create mode 100644 docs/reviews/sail-stream-experiments-2026-09-30/logging03-physical-execution/attempt02/evidence/09-inspect-final.stderr
 create mode 100644 docs/reviews/sail-stream-experiments-2026-09-30/logging03-physical-execution/attempt02/evidence/09-inspect-final.stdout
 create mode 100644 docs/reviews/sail-stream-experiments-2026-09-30/logging03-physical-execution/attempt02/evidence/10-logs.stderr
 create mode 100644 docs/reviews/sail-stream-experiments-2026-09-30/logging03-physical-execution/attempt02/evidence/10-logs.stdout
 create mode 100644 docs/reviews/sail-stream-experiments-2026-09-30/logging03-physical-execution/attempt02/evidence/11-remove-owned-checker.stderr
 create mode 100644 docs/reviews/sail-stream-experiments-2026-09-30/logging03-physical-execution/attempt02/evidence/11-remove-owned-checker.stdout
 create mode 100644 docs/reviews/sail-stream-experiments-2026-09-30/logging03-physical-execution/attempt02/evidence/exited-container.json
 create mode 100644 docs/reviews/sail-stream-experiments-2026-09-30/logging03-physical-execution/attempt02/evidence/launch.json
 create mode 100644 docs/reviews/sail-stream-experiments-2026-09-30/logging03-physical-execution/attempt02/evidence/outer-receipt.json
 create mode 100644 docs/reviews/sail-stream-experiments-2026-09-30/logging03-physical-execution/attempt02/evidence/supervisor-claim.json
 create mode 100644 docs/reviews/sail-stream-experiments-2026-09-30/logging03-physical-execution/attempt02/evidence/supervisor.stderr
 create mode 100644 docs/reviews/sail-stream-experiments-2026-09-30/logging03-physical-execution/attempt02/evidence/supervisor.stdout
 create mode 100644 docs/reviews/sail-stream-experiments-2026-09-30/logging03-physical-execution/attempt02/intent.json
 create mode 100644 docs/reviews/sail-stream-experiments-2026-09-30/logging03-physical-execution/attempt02/launch.stderr
 create mode 100644 docs/reviews/sail-stream-experiments-2026-09-30/logging03-physical-execution/attempt02/launch.stdout
 create mode 100644 docs/reviews/sail-stream-experiments-2026-09-30/logging03-physical-execution/attempt02/poll01.json
 create mode 100644 docs/reviews/sail-stream-experiments-2026-09-30/logging03-physical-execution/attempt02/remote-new-directory.stderr
 create mode 100644 docs/reviews/sail-stream-experiments-2026-09-30/logging03-physical-execution/attempt02/remote-new-directory.stdout
 create mode 100644 docs/reviews/sail-stream-experiments-2026-09-30/logging03-physical-execution/attempt02/stage.stderr
 create mode 100644 docs/reviews/sail-stream-experiments-2026-09-30/logging03-physical-execution/attempt02/stage.stdout
 create mode 100644 docs/reviews/sail-stream-experiments-2026-09-30/logging03-physical-execution/attempt02/staging-launch.json
 create mode 100644 docs/reviews/sail-stream-experiments-2026-09-30/logging03-physical-execution/attempt03/collection.json
 create mode 100644 docs/reviews/sail-stream-experiments-2026-09-30/logging03-physical-execution/attempt03/dry.json
 create mode 100644 docs/reviews/sail-stream-experiments-2026-09-30/logging03-physical-execution/attempt03/dry.stderr
 create mode 100644 docs/reviews/sail-stream-experiments-2026-09-30/logging03-physical-execution/attempt03/dry.stdout
 create mode 100644 docs/reviews/sail-stream-experiments-2026-09-30/logging03-physical-execution/attempt03/evidence/01-running-before.stderr
 create mode 100644 docs/reviews/sail-stream-experiments-2026-09-30/logging03-physical-execution/attempt03/evidence/01-running-before.stdout
 create mode 100644 docs/reviews/sail-stream-experiments-2026-09-30/logging03-physical-execution/attempt03/evidence/02-image.stderr
 create mode 100644 docs/reviews/sail-stream-experiments-2026-09-30/logging03-physical-execution/attempt03/evidence/02-image.stdout
 create mode 100644 docs/reviews/sail-stream-experiments-2026-09-30/logging03-physical-execution/attempt03/evidence/03-volume.stderr
 create mode 100644 docs/reviews/sail-stream-experiments-2026-09-30/logging03-physical-execution/attempt03/evidence/03-volume.stdout
 create mode 100644 docs/reviews/sail-stream-experiments-2026-09-30/logging03-physical-execution/attempt03/evidence/04-running-before-create.stderr
 create mode 100644 docs/reviews/sail-stream-experiments-2026-09-30/logging03-physical-execution/attempt03/evidence/04-running-before-create.stdout
 create mode 100644 docs/reviews/sail-stream-experiments-2026-09-30/logging03-physical-execution/attempt03/evidence/05-create.stderr
 create mode 100644 docs/reviews/sail-stream-experiments-2026-09-30/logging03-physical-execution/attempt03/evidence/05-create.stdout
 create mode 100644 docs/reviews/sail-stream-experiments-2026-09-30/logging03-physical-execution/attempt03/evidence/06-inspect-created.stderr
 create mode 100644 docs/reviews/sail-stream-experiments-2026-09-30/logging03-physical-execution/attempt03/evidence/06-inspect-created.stdout
 create mode 100644 docs/reviews/sail-stream-experiments-2026-09-30/logging03-physical-execution/attempt03/evidence/07-running-before-start.stderr
 create mode 100644 docs/reviews/sail-stream-experiments-2026-09-30/logging03-physical-execution/attempt03/evidence/07-running-before-start.stdout
 create mode 100644 docs/reviews/sail-stream-experiments-2026-09-30/logging03-physical-execution/attempt03/evidence/08-start.stderr
 create mode 100644 docs/reviews/sail-stream-experiments-2026-09-30/logging03-physical-execution/attempt03/evidence/08-start.stdout
 create mode 100644 docs/reviews/sail-stream-experiments-2026-09-30/logging03-physical-execution/attempt03/evidence/09-wait.stderr
 create mode 100644 docs/reviews/sail-stream-experiments-2026-09-30/logging03-physical-execution/attempt03/evidence/09-wait.stdout
 create mode 100644 docs/reviews/sail-stream-experiments-2026-09-30/logging03-physical-execution/attempt03/evidence/10-inspect-final.stderr
 create mode 100644 docs/reviews/sail-stream-experiments-2026-09-30/logging03-physical-execution/attempt03/evidence/10-inspect-final.stdout
 create mode 100644 docs/reviews/sail-stream-experiments-2026-09-30/logging03-physical-execution/attempt03/evidence/11-logs.stderr
 create mode 100644 docs/reviews/sail-stream-experiments-2026-09-30/logging03-physical-execution/attempt03/evidence/11-logs.stdout
 create mode 100644 docs/reviews/sail-stream-experiments-2026-09-30/logging03-physical-execution/attempt03/evidence/12-remove-owned-checker.stderr
 create mode 100644 docs/reviews/sail-stream-experiments-2026-09-30/logging03-physical-execution/attempt03/evidence/12-remove-owned-checker.stdout
 create mode 100644 docs/reviews/sail-stream-experiments-2026-09-30/logging03-physical-execution/attempt03/evidence/exited-container.json
 create mode 100644 docs/reviews/sail-stream-experiments-2026-09-30/logging03-physical-execution/attempt03/evidence/launch.json
 create mode 100644 docs/reviews/sail-stream-experiments-2026-09-30/logging03-physical-execution/attempt03/evidence/outer-receipt.json
 create mode 100644 docs/reviews/sail-stream-experiments-2026-09-30/logging03-physical-execution/attempt03/evidence/physical-output.json
 create mode 100644 docs/reviews/sail-stream-experiments-2026-09-30/logging03-physical-execution/attempt03/evidence/reader-admission.json
 create mode 100644 docs/reviews/sail-stream-experiments-2026-09-30/logging03-physical-execution/attempt03/evidence/supervisor-claim.json
 create mode 100644 docs/reviews/sail-stream-experiments-2026-09-30/logging03-physical-execution/attempt03/evidence/supervisor.stderr
 create mode 100644 docs/reviews/sail-stream-experiments-2026-09-30/logging03-physical-execution/attempt03/evidence/supervisor.stdout
 create mode 100644 docs/reviews/sail-stream-experiments-2026-09-30/logging03-physical-execution/attempt03/intent.json
 create mode 100644 docs/reviews/sail-stream-experiments-2026-09-30/logging03-physical-execution/attempt03/launch.stderr
 create mode 100644 docs/reviews/sail-stream-experiments-2026-09-30/logging03-physical-execution/attempt03/launch.stdout
 create mode 100644 docs/reviews/sail-stream-experiments-2026-09-30/logging03-physical-execution/attempt03/poll01.json
 create mode 100644 docs/reviews/sail-stream-experiments-2026-09-30/logging03-physical-execution/attempt03/remote-new-directory.stderr
 create mode 100644 docs/reviews/sail-stream-experiments-2026-09-30/logging03-physical-execution/attempt03/remote-new-directory.stdout
 create mode 100644 docs/reviews/sail-stream-experiments-2026-09-30/logging03-physical-execution/attempt03/stage.stderr
 create mode 100644 docs/reviews/sail-stream-experiments-2026-09-30/logging03-physical-execution/attempt03/stage.stdout
 create mode 100644 docs/reviews/sail-stream-experiments-2026-09-30/logging03-physical-execution/attempt03/staging-launch.json
 create mode 100644 docs/reviews/sail-stream-experiments-2026-09-30/logging03-physical-execution/bundles/attempt01/audit_output.py
 create mode 100644 docs/reviews/sail-stream-experiments-2026-09-30/logging03-physical-execution/bundles/attempt01/closed-audit.json
 create mode 100644 docs/reviews/sail-stream-experiments-2026-09-30/logging03-physical-execution/bundles/attempt01/configuration.json
 create mode 100644 docs/reviews/sail-stream-experiments-2026-09-30/logging03-physical-execution/bundles/attempt01/container_check.py
 create mode 100644 docs/reviews/sail-stream-experiments-2026-09-30/logging03-physical-execution/bundles/attempt01/producer-receipt.json
 create mode 100644 docs/reviews/sail-stream-experiments-2026-09-30/logging03-physical-execution/bundles/attempt01/request.json
 create mode 100644 docs/reviews/sail-stream-experiments-2026-09-30/logging03-physical-execution/bundles/attempt01/supervise.py
 create mode 100644 docs/reviews/sail-stream-experiments-2026-09-30/logging03-physical-execution/bundles/attempt02/audit_output.py
 create mode 100644 docs/reviews/sail-stream-experiments-2026-09-30/logging03-physical-execution/bundles/attempt02/closed-audit.json
 create mode 100644 docs/reviews/sail-stream-experiments-2026-09-30/logging03-physical-execution/bundles/attempt02/configuration.json
 create mode 100644 docs/reviews/sail-stream-experiments-2026-09-30/logging03-physical-execution/bundles/attempt02/container_check.py
 create mode 100644 docs/reviews/sail-stream-experiments-2026-09-30/logging03-physical-execution/bundles/attempt02/producer-receipt.json
 create mode 100644 docs/reviews/sail-stream-experiments-2026-09-30/logging03-physical-execution/bundles/attempt02/request.json
 create mode 100644 docs/reviews/sail-stream-experiments-2026-09-30/logging03-physical-execution/bundles/attempt02/supervise.py
 create mode 100644 docs/reviews/sail-stream-experiments-2026-09-30/logging03-physical-execution/bundles/attempt03/audit_output.py
 create mode 100644 docs/reviews/sail-stream-experiments-2026-09-30/logging03-physical-execution/bundles/attempt03/closed-audit.json
 create mode 100644 docs/reviews/sail-stream-experiments-2026-09-30/logging03-physical-execution/bundles/attempt03/configuration.json
 create mode 100644 docs/reviews/sail-stream-experiments-2026-09-30/logging03-physical-execution/bundles/attempt03/container_check.py
 create mode 100644 docs/reviews/sail-stream-experiments-2026-09-30/logging03-physical-execution/bundles/attempt03/producer-receipt.json
 create mode 100644 docs/reviews/sail-stream-experiments-2026-09-30/logging03-physical-execution/bundles/attempt03/request.json
 create mode 100644 docs/reviews/sail-stream-experiments-2026-09-30/logging03-physical-execution/bundles/attempt03/supervise.py
 create mode 100644 docs/reviews/sail-stream-experiments-2026-09-30/logging03-physical-execution/bundles/collection.json
 create mode 100644 docs/reviews/sail-stream-experiments-2026-09-30/logging03-physical-execution/dry.stderr
 create mode 100644 docs/reviews/sail-stream-experiments-2026-09-30/logging03-physical-execution/dry.stdout
 create mode 100644 docs/reviews/sail-stream-experiments-2026-09-30/logging03-physical-execution/dry02.json
 create mode 100644 docs/reviews/sail-stream-experiments-2026-09-30/logging03-physical-execution/dry02.stderr
 create mode 100644 docs/reviews/sail-stream-experiments-2026-09-30/logging03-physical-execution/dry02.stdout
 create mode 100644 docs/reviews/sail-stream-experiments-2026-09-30/logging03-physical-execution/host-interpreter.stderr
 create mode 100644 docs/reviews/sail-stream-experiments-2026-09-30/logging03-physical-execution/host-interpreter.stdout
 create mode 100644 docs/reviews/sail-stream-experiments-2026-09-30/logging03-physical-execution/independent-final-review.json
 create mode 100644 docs/reviews/sail-stream-experiments-2026-09-30/logging03-physical-execution/intent.json
 create mode 100644 docs/reviews/sail-stream-experiments-2026-09-30/logging03-physical-execution/launch02.stderr
 create mode 100644 docs/reviews/sail-stream-experiments-2026-09-30/logging03-physical-execution/launch02.stdout
 create mode 100644 docs/reviews/sail-stream-experiments-2026-09-30/logging03-physical-execution/permission-control.json
 create mode 100644 docs/reviews/sail-stream-experiments-2026-09-30/logging03-physical-execution/poll01.json
 create mode 100644 docs/reviews/sail-stream-experiments-2026-09-30/logging03-physical-execution/remote-new-directory.stderr
 create mode 100644 docs/reviews/sail-stream-experiments-2026-09-30/logging03-physical-execution/remote-new-directory.stdout
 create mode 100644 docs/reviews/sail-stream-experiments-2026-09-30/logging03-physical-execution/resume-intent.json
 create mode 100644 docs/reviews/sail-stream-experiments-2026-09-30/logging03-physical-execution/resume-launch.json
 create mode 100644 docs/reviews/sail-stream-experiments-2026-09-30/logging03-physical-execution/stage.stderr
 create mode 100644 docs/reviews/sail-stream-experiments-2026-09-30/logging03-physical-execution/stage.stdout
 create mode 100644 docs/reviews/sail-stream-experiments-2026-09-30/logging03-physical-execution/staging-launch.json
 create mode 100644 docs/reviews/sail-stream-experiments-2026-09-30/logging03-physical-execution/target-permission-control.json
 create mode 100644 docs/reviews/sail-stream-experiments-2026-09-30/logging03-physical-execution/target-permission-control02.json
 create mode 100644 docs/reviews/sail-stream-experiments-2026-09-30/logging03-physical-execution/target-permission-control03.json
 create mode 100644 docs/reviews/sail-stream-experiments-2026-09-30/logging03-publication/README.md
 create mode 100644 docs/reviews/sail-stream-experiments-2026-09-30/logging03-publication/attempt01/manifest.json
 create mode 100644 docs/reviews/sail-stream-experiments-2026-09-30/logging03-publication/attempt01/rehydrate.py
 create mode 100644 docs/reviews/sail-stream-experiments-2026-09-30/logging03-publication/attempt01/test_rehydrate.py
 create mode 100644 docs/reviews/sail-stream-experiments-2026-09-30/logging03-publication/controls-receipt.json
 create mode 100644 docs/reviews/sail-stream-experiments-2026-09-30/logging03-publication/controls02-receipt.json
 create mode 100644 docs/reviews/sail-stream-experiments-2026-09-30/logging03-publication/determinism-receipt.json
 create mode 100644 docs/reviews/sail-stream-experiments-2026-09-30/logging03-publication/diagnostics.tar.gz
 create mode 100644 docs/reviews/sail-stream-experiments-2026-09-30/logging03-publication/frozen.json
 create mode 100644 docs/reviews/sail-stream-experiments-2026-09-30/logging03-publication/helper-refresh.json
 create mode 100644 docs/reviews/sail-stream-experiments-2026-09-30/logging03-publication/manifest.json
 create mode 100644 docs/reviews/sail-stream-experiments-2026-09-30/logging03-publication/metadata/cell/container.log
 create mode 100644 docs/reviews/sail-stream-experiments-2026-09-30/logging03-publication/metadata/cell/orchestration.json
 create mode 100644 docs/reviews/sail-stream-experiments-2026-09-30/logging03-publication/metadata/collection.json
 create mode 100644 docs/reviews/sail-stream-experiments-2026-09-30/logging03-publication/metadata/configuration.json
 create mode 100644 docs/reviews/sail-stream-experiments-2026-09-30/logging03-publication/metadata/host-before.json
 create mode 100644 docs/reviews/sail-stream-experiments-2026-09-30/logging03-publication/metadata/plan.json
 create mode 100644 docs/reviews/sail-stream-experiments-2026-09-30/logging03-publication/metadata/preflight-1790805715248072000/container.log
 create mode 100644 docs/reviews/sail-stream-experiments-2026-09-30/logging03-publication/metadata/preflight-1790805715248072000/orchestration.json
 create mode 100644 docs/reviews/sail-stream-experiments-2026-09-30/logging03-publication/metadata/result.json
 create mode 100644 docs/reviews/sail-stream-experiments-2026-09-30/logging03-publication/package.py
 create mode 100644 docs/reviews/sail-stream-experiments-2026-09-30/logging03-publication/packaging-receipt.json
 create mode 100644 docs/reviews/sail-stream-experiments-2026-09-30/logging03-publication/rehydrate.py
 create mode 100644 docs/reviews/sail-stream-experiments-2026-09-30/logging03-publication/rehydration-launch.json
 create mode 100644 docs/reviews/sail-stream-experiments-2026-09-30/logging03-publication/rehydration-receipt.json
 create mode 100644 docs/reviews/sail-stream-experiments-2026-09-30/logging03-publication/rehydration02-launch.json
 create mode 100644 docs/reviews/sail-stream-experiments-2026-09-30/logging03-publication/rehydration02-receipt.json
 create mode 100644 docs/reviews/sail-stream-experiments-2026-09-30/logging03-publication/support/closed-cell-audit/logging03-verification.json
 create mode 100644 docs/reviews/sail-stream-experiments-2026-09-30/logging03-publication/support/logging03-admission01.json
 create mode 100644 docs/reviews/sail-stream-experiments-2026-09-30/logging03-publication/support/logging03-closed-review/README.md
 create mode 100644 docs/reviews/sail-stream-experiments-2026-09-30/logging03-publication/support/logging03-closed-review/attempt01-failure.json
 create mode 100644 docs/reviews/sail-stream-experiments-2026-09-30/logging03-publication/support/logging03-closed-review/attempt02-failure.json
 create mode 100644 docs/reviews/sail-stream-experiments-2026-09-30/logging03-publication/support/logging03-closed-review/audit-attempt01.py
 create mode 100644 docs/reviews/sail-stream-experiments-2026-09-30/logging03-publication/support/logging03-closed-review/audit-attempt02.py
 create mode 100644 docs/reviews/sail-stream-experiments-2026-09-30/logging03-publication/support/logging03-closed-review/audit.py
 create mode 100644 docs/reviews/sail-stream-experiments-2026-09-30/logging03-publication/support/logging03-closed-review/receipt.json
 create mode 100644 docs/reviews/sail-stream-experiments-2026-09-30/logging03-publication/support/logging03-collection.json
 create mode 100644 docs/reviews/sail-stream-experiments-2026-09-30/logging03-publication/support/logging03-compact.json
 create mode 100644 docs/reviews/sail-stream-experiments-2026-09-30/logging03-publication/support/logging03-host-closure.json
 create mode 100644 docs/reviews/sail-stream-experiments-2026-09-30/logging03-publication/support/logging03-launch.json
 create mode 100644 docs/reviews/sail-stream-experiments-2026-09-30/logging03-publication/support/logging03-preparation.json
 create mode 100644 docs/reviews/sail-stream-experiments-2026-09-30/logging03-publication/support/logging03-recovery01.json
 create mode 100644 docs/reviews/sail-stream-experiments-2026-09-30/logging03-publication/support/logging03-recovery02.json
 create mode 100644 docs/reviews/sail-stream-experiments-2026-09-30/logging03-publication/support/logging03-wrapper-exit.json
 create mode 100644 docs/reviews/sail-stream-experiments-2026-09-30/logging03-publication/test_rehydrate.py
 create mode 100644 docs/reviews/sail-stream-experiments-2026-09-30/logging03-recovery02.json
 create mode 100644 docs/reviews/sail-stream-experiments-2026-09-30/logging03-wrapper-exit.json
 create mode 100644 docs/reviews/sail-stream-experiments-2026-09-30/physical-output-execution-preparation-v3/README.md
 create mode 100644 docs/reviews/sail-stream-experiments-2026-09-30/physical-output-execution-preparation-v3/container_check.py
 create mode 100644 docs/reviews/sail-stream-experiments-2026-09-30/physical-output-execution-preparation-v3/controls01-receipt.json
 create mode 100644 docs/reviews/sail-stream-experiments-2026-09-30/physical-output-execution-preparation-v3/controls01.stderr
 create mode 100644 docs/reviews/sail-stream-experiments-2026-09-30/physical-output-execution-preparation-v3/controls01.stdout
 create mode 100644 docs/reviews/sail-stream-experiments-2026-09-30/physical-output-execution-preparation-v3/independent-root-review.json
 create mode 100644 docs/reviews/sail-stream-experiments-2026-09-30/physical-output-execution-preparation-v3/permission-change.patch
 create mode 100644 docs/reviews/sail-stream-experiments-2026-09-30/physical-output-execution-preparation-v3/preparation.json
 create mode 100644 docs/reviews/sail-stream-experiments-2026-09-30/physical-output-execution-preparation-v3/prepare.py
 create mode 100644 docs/reviews/sail-stream-experiments-2026-09-30/physical-output-execution-preparation-v3/supervise.py
 create mode 100644 docs/reviews/sail-stream-experiments-2026-09-30/physical-output-execution-preparation-v3/test_permissions.py
 create mode 100644 docs/reviews/sail-stream-experiments-2026-09-30/physical-output-execution-preparation-v3/test_preparation.py
 create mode 100644 docs/reviews/sail-stream-experiments-2026-09-30/physical-output-execution-preparation-v4/README.md
 create mode 100644 docs/reviews/sail-stream-experiments-2026-09-30/physical-output-execution-preparation-v4/container_check.py
 create mode 100644 docs/reviews/sail-stream-experiments-2026-09-30/physical-output-execution-preparation-v4/controls01-receipt.json
 create mode 100644 docs/reviews/sail-stream-experiments-2026-09-30/physical-output-execution-preparation-v4/controls01.stderr
 create mode 100644 docs/reviews/sail-stream-experiments-2026-09-30/physical-output-execution-preparation-v4/controls01.stdout
 create mode 100644 docs/reviews/sail-stream-experiments-2026-09-30/physical-output-execution-preparation-v4/identity-change.patch
 create mode 100644 docs/reviews/sail-stream-experiments-2026-09-30/physical-output-execution-preparation-v4/independent-root-review.json
 create mode 100644 docs/reviews/sail-stream-experiments-2026-09-30/physical-output-execution-preparation-v4/preparation-attempt01-failure.json
 create mode 100644 docs/reviews/sail-stream-experiments-2026-09-30/physical-output-execution-preparation-v4/preparation.json
 create mode 100644 docs/reviews/sail-stream-experiments-2026-09-30/physical-output-execution-preparation-v4/prepare.py
 create mode 100644 docs/reviews/sail-stream-experiments-2026-09-30/physical-output-execution-preparation-v4/supervise.py
 create mode 100644 docs/reviews/sail-stream-experiments-2026-09-30/physical-output-execution-preparation-v4/test_permissions.py
 create mode 100644 docs/reviews/sail-stream-experiments-2026-09-30/physical-output-execution-preparation-v4/test_preparation.py
 create mode 100644 docs/reviews/sail-stream-experiments-2026-09-30/sssp-candidate-buffer-reuse-delivery.json
 create mode 100644 docs/reviews/sail-stream-experiments-2026-09-30/sssp-candidate-buffer-reuse/README.md
 create mode 100644 docs/reviews/sail-stream-experiments-2026-09-30/sssp-candidate-buffer-reuse/allocation-comparison.json
 create mode 100644 docs/reviews/sail-stream-experiments-2026-09-30/sssp-candidate-buffer-reuse/allocation-repeat-verification.json
 create mode 100644 docs/reviews/sail-stream-experiments-2026-09-30/sssp-candidate-buffer-reuse/analyze.py
 create mode 100644 docs/reviews/sail-stream-experiments-2026-09-30/sssp-candidate-buffer-reuse/artifact-check.json
 create mode 100644 docs/reviews/sail-stream-experiments-2026-09-30/sssp-candidate-buffer-reuse/authoring-format01.json
 create mode 100644 docs/reviews/sail-stream-experiments-2026-09-30/sssp-candidate-buffer-reuse/baseline-source-proof.json
 create mode 100644 docs/reviews/sail-stream-experiments-2026-09-30/sssp-candidate-buffer-reuse/baseline01-receipt.json
 create mode 100644 docs/reviews/sail-stream-experiments-2026-09-30/sssp-candidate-buffer-reuse/baseline01.log
 create mode 100644 docs/reviews/sail-stream-experiments-2026-09-30/sssp-candidate-buffer-reuse/baseline01.patch
 create mode 100644 docs/reviews/sail-stream-experiments-2026-09-30/sssp-candidate-buffer-reuse/baseline02/receipt.json
 create mode 100644 docs/reviews/sail-stream-experiments-2026-09-30/sssp-candidate-buffer-reuse/baseline02/source-after.json
 create mode 100644 docs/reviews/sail-stream-experiments-2026-09-30/sssp-candidate-buffer-reuse/baseline02/source-before.json
 create mode 100644 docs/reviews/sail-stream-experiments-2026-09-30/sssp-candidate-buffer-reuse/baseline02/source.patch
 create mode 100644 docs/reviews/sail-stream-experiments-2026-09-30/sssp-candidate-buffer-reuse/baseline02/tests.log
 create mode 100644 docs/reviews/sail-stream-experiments-2026-09-30/sssp-candidate-buffer-reuse/baseline03/receipt.json
 create mode 100644 docs/reviews/sail-stream-experiments-2026-09-30/sssp-candidate-buffer-reuse/baseline03/source-after.json
 create mode 100644 docs/reviews/sail-stream-experiments-2026-09-30/sssp-candidate-buffer-reuse/baseline03/source-before.json
 create mode 100644 docs/reviews/sail-stream-experiments-2026-09-30/sssp-candidate-buffer-reuse/baseline03/source.patch
 create mode 100644 docs/reviews/sail-stream-experiments-2026-09-30/sssp-candidate-buffer-reuse/baseline03/tests.log
 create mode 100644 docs/reviews/sail-stream-experiments-2026-09-30/sssp-candidate-buffer-reuse/candidate-gate/core-clippy.log
 create mode 100644 docs/reviews/sail-stream-experiments-2026-09-30/sssp-candidate-buffer-reuse/candidate-gate/core-format.log
 create mode 100644 docs/reviews/sail-stream-experiments-2026-09-30/sssp-candidate-buffer-reuse/candidate-gate/core-loaded.log
 create mode 100644 docs/reviews/sail-stream-experiments-2026-09-30/sssp-candidate-buffer-reuse/candidate-gate/core-release.log
 create mode 100644 docs/reviews/sail-stream-experiments-2026-09-30/sssp-candidate-buffer-reuse/candidate-gate/diff-check.log
 create mode 100644 docs/reviews/sail-stream-experiments-2026-09-30/sssp-candidate-buffer-reuse/candidate-gate/native-build.log
 create mode 100644 docs/reviews/sail-stream-experiments-2026-09-30/sssp-candidate-buffer-reuse/candidate-gate/native-loaded.log
 create mode 100644 docs/reviews/sail-stream-experiments-2026-09-30/sssp-candidate-buffer-reuse/candidate-gate/native-registry.json
 create mode 100644 docs/reviews/sail-stream-experiments-2026-09-30/sssp-candidate-buffer-reuse/candidate-gate/native-registry.log
 create mode 100644 docs/reviews/sail-stream-experiments-2026-09-30/sssp-candidate-buffer-reuse/candidate-gate/native-registry.stderr
 create mode 100644 docs/reviews/sail-stream-experiments-2026-09-30/sssp-candidate-buffer-reuse/candidate-gate/native-release.log
 create mode 100644 docs/reviews/sail-stream-experiments-2026-09-30/sssp-candidate-buffer-reuse/candidate-gate/receipt.json
 create mode 100644 docs/reviews/sail-stream-experiments-2026-09-30/sssp-candidate-buffer-reuse/candidate-gate/source-before.json
 create mode 100644 docs/reviews/sail-stream-experiments-2026-09-30/sssp-candidate-buffer-reuse/candidate.patch
 create mode 100644 docs/reviews/sail-stream-experiments-2026-09-30/sssp-candidate-buffer-reuse/candidate01-scope.json
 create mode 100644 docs/reviews/sail-stream-experiments-2026-09-30/sssp-candidate-buffer-reuse/candidate01.log
 create mode 100644 docs/reviews/sail-stream-experiments-2026-09-30/sssp-candidate-buffer-reuse/candidate02/receipt.json
 create mode 100644 docs/reviews/sail-stream-experiments-2026-09-30/sssp-candidate-buffer-reuse/candidate02/source-after.json
 create mode 100644 docs/reviews/sail-stream-experiments-2026-09-30/sssp-candidate-buffer-reuse/candidate02/source-before.json
 create mode 100644 docs/reviews/sail-stream-experiments-2026-09-30/sssp-candidate-buffer-reuse/candidate02/source.patch
 create mode 100644 docs/reviews/sail-stream-experiments-2026-09-30/sssp-candidate-buffer-reuse/candidate02/tests.log
 create mode 100644 docs/reviews/sail-stream-experiments-2026-09-30/sssp-candidate-buffer-reuse/candidate03/receipt.json
 create mode 100644 docs/reviews/sail-stream-experiments-2026-09-30/sssp-candidate-buffer-reuse/candidate03/source-after.json
 create mode 100644 docs/reviews/sail-stream-experiments-2026-09-30/sssp-candidate-buffer-reuse/candidate03/source-before.json
 create mode 100644 docs/reviews/sail-stream-experiments-2026-09-30/sssp-candidate-buffer-reuse/candidate03/source.patch
 create mode 100644 docs/reviews/sail-stream-experiments-2026-09-30/sssp-candidate-buffer-reuse/candidate03/tests.log
 create mode 100644 docs/reviews/sail-stream-experiments-2026-09-30/sssp-candidate-buffer-reuse/commit-and-gate.log
 create mode 100644 docs/reviews/sail-stream-experiments-2026-09-30/sssp-candidate-buffer-reuse/commit-message.txt
 create mode 100644 docs/reviews/sail-stream-experiments-2026-09-30/sssp-candidate-buffer-reuse/commit_and_gate.sh
 create mode 100644 docs/reviews/sail-stream-experiments-2026-09-30/sssp-candidate-buffer-reuse/exact-gate/core-clippy.log
 create mode 100644 docs/reviews/sail-stream-experiments-2026-09-30/sssp-candidate-buffer-reuse/exact-gate/core-format.log
 create mode 100644 docs/reviews/sail-stream-experiments-2026-09-30/sssp-candidate-buffer-reuse/exact-gate/core-loaded.log
 create mode 100644 docs/reviews/sail-stream-experiments-2026-09-30/sssp-candidate-buffer-reuse/exact-gate/core-release.log
 create mode 100644 docs/reviews/sail-stream-experiments-2026-09-30/sssp-candidate-buffer-reuse/exact-gate/diff-check.log
 create mode 100644 docs/reviews/sail-stream-experiments-2026-09-30/sssp-candidate-buffer-reuse/exact-gate/native-build.log
 create mode 100644 docs/reviews/sail-stream-experiments-2026-09-30/sssp-candidate-buffer-reuse/exact-gate/native-loaded.log
 create mode 100644 docs/reviews/sail-stream-experiments-2026-09-30/sssp-candidate-buffer-reuse/exact-gate/native-registry.json
 create mode 100644 docs/reviews/sail-stream-experiments-2026-09-30/sssp-candidate-buffer-reuse/exact-gate/native-registry.log
 create mode 100644 docs/reviews/sail-stream-experiments-2026-09-30/sssp-candidate-buffer-reuse/exact-gate/native-registry.stderr
 create mode 100644 docs/reviews/sail-stream-experiments-2026-09-30/sssp-candidate-buffer-reuse/exact-gate/native-release.log
 create mode 100644 docs/reviews/sail-stream-experiments-2026-09-30/sssp-candidate-buffer-reuse/exact-gate/receipt.json
 create mode 100644 docs/reviews/sail-stream-experiments-2026-09-30/sssp-candidate-buffer-reuse/exact-gate/source-before.json
 create mode 100644 docs/reviews/sail-stream-experiments-2026-09-30/sssp-candidate-buffer-reuse/files-manifest.json
 create mode 100644 docs/reviews/sail-stream-experiments-2026-09-30/sssp-candidate-buffer-reuse/final-receipt.json
 create mode 100644 docs/reviews/sail-stream-experiments-2026-09-30/sssp-candidate-buffer-reuse/finalize.py
 create mode 100644 docs/reviews/sail-stream-experiments-2026-09-30/sssp-candidate-buffer-reuse/format02.log
 create mode 100644 docs/reviews/sail-stream-experiments-2026-09-30/sssp-candidate-buffer-reuse/format03.log
 create mode 100644 docs/reviews/sail-stream-experiments-2026-09-30/sssp-candidate-buffer-reuse/format04.log
 create mode 100644 docs/reviews/sail-stream-experiments-2026-09-30/sssp-candidate-buffer-reuse/frozen.json
 create mode 100644 docs/reviews/sail-stream-experiments-2026-09-30/sssp-candidate-buffer-reuse/independent-review.json
 create mode 100644 docs/reviews/sail-stream-experiments-2026-09-30/sssp-candidate-buffer-reuse/precommit-verification.json
 create mode 100644 docs/reviews/sail-stream-experiments-2026-09-30/sssp-candidate-buffer-reuse/preparation.json
 create mode 100644 docs/reviews/sail-stream-experiments-2026-09-30/sssp-candidate-buffer-reuse/run_gate.py
 create mode 100644 docs/reviews/sail-stream-experiments-2026-09-30/sssp-candidate-buffer-reuse/run_probe.py
 create mode 100644 docs/reviews/sail-stream-experiments-2026-09-30/sssp-candidate-buffer-reuse/verify_precommit.py
DOCUMENTATION_SOURCE_GUARD PASSED exact-before f2b3dedaebc792103d46e5cf1336c52e7c1e79ff 095013015c48ef99e83cb73af78717b340725e3a
DOCUMENTATION_SOURCE_GUARD PASSED exact-after f2b3dedaebc792103d46e5cf1336c52e7c1e79ff 095013015c48ef99e83cb73af78717b340725e3a
