{
  "utc": "2026-10-01T01:53:46.396480+00:00",
  "study": "/Users/alexy/src/sail-extensions-gates/stream-experiments-20260930/pair16k-20260930201356",
  "launch": "/Users/alexy/src/sail-extensions-gates/stream-experiments-20260930/pair16k-20260930201356-launch-evidence",
  "plan_sha256": "d51e9f4d5a1d16fb18c36e93fcb3d641c017610a7319ee56a203676800dbe1ab",
  "records": {
    "launch.json": {
      "utc": "2026-10-01T01:50:36.649058+00:00",
      "launched": true,
      "pid": 97582,
      "launch": "/Users/alexy/src/sail-extensions-gates/stream-experiments-20260930/pair16k-20260930201356-launch-evidence",
      "study": "/Users/alexy/src/sail-extensions-gates/stream-experiments-20260930/pair16k-20260930201356",
      "plan_sha256": "d51e9f4d5a1d16fb18c36e93fcb3d641c017610a7319ee56a203676800dbe1ab",
      "scope": "PID receipt is not an execution or correctness verdict."
    },
    "runner-start.json": {
      "utc": "2026-10-01T01:50:36.746014+00:00",
      "pid": 97584,
      "supervisor_pid": 97582,
      "command": [
        "/usr/local/bin/python3",
        "-B",
        "/Users/alexy/src/sail-extensions-gates/stream-experiments-20260930/pair16k-20260930201356-runner.py",
        "/Users/alexy/src/sail-extensions-gates/stream-experiments-20260930/pair16k-20260930201356-plan.json",
        "--execute",
        "--expected-plan-sha256",
        "d51e9f4d5a1d16fb18c36e93fcb3d641c017610a7319ee56a203676800dbe1ab",
        "--through",
        "6"
      ],
      "plan_sha256": "d51e9f4d5a1d16fb18c36e93fcb3d641c017610a7319ee56a203676800dbe1ab"
    },
    "runner-exit.json": {
      "utc": "2026-10-01T01:53:24.458508+00:00",
      "pid": 97584,
      "returncode": 0,
      "reaped": true,
      "plan_sha256": "d51e9f4d5a1d16fb18c36e93fcb3d641c017610a7319ee56a203676800dbe1ab",
      "scope": "Runner exit only; per-cell outcomes remain in the original ledger."
    },
    "supervisor-exit.json": {
      "started_utc": "2026-10-01T01:50:36.736308+00:00",
      "outcome": "runner_exited",
      "runner_started": true,
      "errors": [],
      "plan_sha256": "d51e9f4d5a1d16fb18c36e93fcb3d641c017610a7319ee56a203676800dbe1ab",
      "command": [
        "/usr/local/bin/python3",
        "-B",
        "/Users/alexy/src/sail-extensions-gates/stream-experiments-20260930/pair16k-20260930201356-runner.py",
        "/Users/alexy/src/sail-extensions-gates/stream-experiments-20260930/pair16k-20260930201356-plan.json",
        "--execute",
        "--expected-plan-sha256",
        "d51e9f4d5a1d16fb18c36e93fcb3d641c017610a7319ee56a203676800dbe1ab",
        "--through",
        "6"
      ],
      "runner_pid": 97584,
      "runner_returncode": 0,
      "pinned_inputs_unchanged": true,
      "finished_utc": "2026-10-01T01:53:24.474382+00:00"
    }
  },
  "errors": [],
  "active_lock": false,
  "rows": [
    {
      "order": 1,
      "phase": "warmup",
      "host": "A",
      "outcome": "passed",
      "comparison_eligible": true,
      "seconds": 17.82172966300277,
      "started_utc": "2026-10-01T01:50:36.873044+00:00",
      "finished_utc": "2026-10-01T01:51:08.221431+00:00"
    },
    {
      "order": 2,
      "phase": "warmup",
      "host": "B",
      "outcome": "passed",
      "comparison_eligible": true,
      "seconds": 11.09278302200255,
      "started_utc": "2026-10-01T01:51:08.223471+00:00",
      "finished_utc": "2026-10-01T01:51:32.627229+00:00"
    },
    {
      "order": 3,
      "phase": "measurement",
      "host": "A",
      "outcome": "passed",
      "comparison_eligible": true,
      "seconds": 17.973570568021387,
      "started_utc": "2026-10-01T01:51:32.630562+00:00",
      "finished_utc": "2026-10-01T01:52:03.147922+00:00"
    },
    {
      "order": 4,
      "phase": "measurement",
      "host": "B",
      "outcome": "passed",
      "comparison_eligible": true,
      "seconds": 11.187822540989146,
      "started_utc": "2026-10-01T01:52:03.149857+00:00",
      "finished_utc": "2026-10-01T01:52:27.544827+00:00"
    },
    {
      "order": 5,
      "phase": "measurement",
      "host": "B",
      "outcome": "passed",
      "comparison_eligible": true,
      "seconds": 11.07895712699974,
      "started_utc": "2026-10-01T01:52:27.547177+00:00",
      "finished_utc": "2026-10-01T01:52:51.936982+00:00"
    },
    {
      "order": 6,
      "phase": "measurement",
      "host": "A",
      "outcome": "passed",
      "comparison_eligible": true,
      "seconds": 18.6612420649908,
      "started_utc": "2026-10-01T01:52:51.939553+00:00",
      "finished_utc": "2026-10-01T01:53:24.438546+00:00"
    }
  ],
  "runner.stdout_tail": "{\"output\": \"/Users/alexy/src/sail-extensions-gates/stream-experiments-20260930/pair16k-20260930201356\", \"completed_records\": 6, \"authorized_prefix\": 6}\n",
  "runner.stderr_tail": "",
  "full_six_records_after_runner_exit": true
}
