{
  "utc": "2026-10-01T01:52:49.399341+00:00",
  "study": "/Users/alexy/src/sail-extensions-gates/stream-experiments-20260930/pair16k-20260930201356",
  "launch": "/Users/alexy/src/sail-extensions-gates/stream-experiments-20260930/pair16k-20260930201356-launch-evidence",
  "plan_sha256": "d51e9f4d5a1d16fb18c36e93fcb3d641c017610a7319ee56a203676800dbe1ab",
  "records": {
    "launch.json": {
      "utc": "2026-10-01T01:50:36.649058+00:00",
      "launched": true,
      "pid": 97582,
      "launch": "/Users/alexy/src/sail-extensions-gates/stream-experiments-20260930/pair16k-20260930201356-launch-evidence",
      "study": "/Users/alexy/src/sail-extensions-gates/stream-experiments-20260930/pair16k-20260930201356",
      "plan_sha256": "d51e9f4d5a1d16fb18c36e93fcb3d641c017610a7319ee56a203676800dbe1ab",
      "scope": "PID receipt is not an execution or correctness verdict."
    },
    "runner-start.json": {
      "utc": "2026-10-01T01:50:36.746014+00:00",
      "pid": 97584,
      "supervisor_pid": 97582,
      "command": [
        "/usr/local/bin/python3",
        "-B",
        "/Users/alexy/src/sail-extensions-gates/stream-experiments-20260930/pair16k-20260930201356-runner.py",
        "/Users/alexy/src/sail-extensions-gates/stream-experiments-20260930/pair16k-20260930201356-plan.json",
        "--execute",
        "--expected-plan-sha256",
        "d51e9f4d5a1d16fb18c36e93fcb3d641c017610a7319ee56a203676800dbe1ab",
        "--through",
        "6"
      ],
      "plan_sha256": "d51e9f4d5a1d16fb18c36e93fcb3d641c017610a7319ee56a203676800dbe1ab"
    }
  },
  "errors": [],
  "active_lock": true,
  "rows": [
    {
      "order": 1,
      "phase": "warmup",
      "host": "A",
      "outcome": "passed",
      "comparison_eligible": true,
      "seconds": 17.82172966300277,
      "started_utc": "2026-10-01T01:50:36.873044+00:00",
      "finished_utc": "2026-10-01T01:51:08.221431+00:00"
    },
    {
      "order": 2,
      "phase": "warmup",
      "host": "B",
      "outcome": "passed",
      "comparison_eligible": true,
      "seconds": 11.09278302200255,
      "started_utc": "2026-10-01T01:51:08.223471+00:00",
      "finished_utc": "2026-10-01T01:51:32.627229+00:00"
    },
    {
      "order": 3,
      "phase": "measurement",
      "host": "A",
      "outcome": "passed",
      "comparison_eligible": true,
      "seconds": 17.973570568021387,
      "started_utc": "2026-10-01T01:51:32.630562+00:00",
      "finished_utc": "2026-10-01T01:52:03.147922+00:00"
    },
    {
      "order": 4,
      "phase": "measurement",
      "host": "B",
      "outcome": "passed",
      "comparison_eligible": true,
      "seconds": 11.187822540989146,
      "started_utc": "2026-10-01T01:52:03.149857+00:00",
      "finished_utc": "2026-10-01T01:52:27.544827+00:00"
    }
  ],
  "runner.stdout_tail": "",
  "runner.stderr_tail": "",
  "full_six_records_after_runner_exit": false
}
