   Compiling proc-macro2 v1.0.107
   Compiling unicode-ident v1.0.24
   Compiling quote v1.0.47
   Compiling libc v0.2.189
   Compiling pin-project-lite v0.2.17
   Compiling bytes v1.12.1
   Compiling syn v2.0.119
   Compiling futures-core v0.3.34
   Compiling syn v3.0.3
   Compiling once_cell v1.21.4
   Compiling tracing-core v0.1.36
   Compiling tokio-macros v2.7.2
   Compiling mio v1.2.2
   Compiling socket2 v0.6.5
   Compiling tokio v1.53.1
   Compiling tracing-attributes v0.1.31
   Compiling itoa v1.0.18
   Compiling http v1.5.0
   Compiling tracing v0.1.44
   Compiling slab v0.4.12
   Compiling futures-sink v0.3.34
   Compiling httparse v1.10.1
   Compiling equivalent v1.0.2
   Compiling hashbrown v0.17.1
   Compiling tokio-util v0.7.19
   Compiling indexmap v2.14.2
   Compiling http-body v1.1.0
   Compiling try-lock v0.2.5
   Compiling fnv v1.0.7
   Compiling smallvec v1.16.1
   Compiling atomic-waker v1.1.2
   Compiling h2 v0.4.15
   Compiling want v0.3.1
   Compiling futures-channel v0.3.34
   Compiling regex-syntax v0.8.11
   Compiling tower-service v0.3.3
   Compiling httpdate v1.0.3
   Compiling futures-task v0.3.34
   Compiling futures-util v0.3.34
   Compiling hyper v1.11.0
   Compiling regex-automata v0.4.18
   Compiling pin-project-internal v1.1.13
   Compiling tower-layer v0.3.3
   Compiling lazy_static v1.5.0
   Compiling sync_wrapper v1.0.2
   Compiling cfg-if v1.0.4
   Compiling log v0.4.34
   Compiling tracing-log v0.2.0
   Compiling thread_local v1.1.10
   Compiling tower v0.5.3
   Compiling matchers v0.2.0
   Compiling sharded-slab v0.1.7
   Compiling pin-project v1.1.13
   Compiling hyper-util v0.1.20
   Compiling http-body-util v0.1.4
   Compiling tokio-stream v0.1.19
   Compiling percent-encoding v2.3.2
   Compiling nu-ansi-term v0.50.3
   Compiling base64 v0.22.1
   Compiling tracing-subscriber v0.3.23
   Compiling tonic v0.14.6
   Compiling sail-tonic-keepalive-control v0.0.0 (/private/tmp/grust-tonic-stream-control/probe)
    Finished `dev` profile [unoptimized + debuginfo] target(s) in 19.67s
