   Compiling proc-macro2 v1.0.107
   Compiling quote v1.0.47
   Compiling unicode-ident v1.0.26
   Compiling serde_core v1.0.229
   Compiling serde v1.0.229
   Compiling zmij v1.0.23
   Compiling itoa v1.0.18
   Compiling equivalent v1.0.2
   Compiling thiserror v2.0.21
   Compiling syn v3.0.6
   Compiling serde_json v1.0.151
   Compiling memchr v2.8.3
   Compiling hashbrown v0.17.1
   Compiling indexmap v2.14.2
   Compiling unsafe-libyaml v0.2.11
   Compiling ryu v1.0.23
   Compiling sail-argentea-core v0.1.0 (/private/tmp/sail-argentea-csr-gate/examples/extensions/argentea)
   Compiling sail-native-resource-ffi v0.1.0 (/private/tmp/sail-argentea-csr-gate/crates/sail-native-resource-ffi)
   Compiling log v0.4.34
   Compiling serde_derive v1.0.229
   Compiling thiserror-impl v2.0.21
   Compiling async-trait v0.1.92
   Compiling readonly v0.2.14
   Compiling serde_yaml v0.9.34+deprecated
   Compiling quick-xml v0.40.1
   Compiling grust-core v0.23.0
   Compiling grust-procedures v0.23.0
    Finished `release` profile [optimized] target(s) in 20.13s
     Running unittests src/lib.rs (/private/tmp/sail-argentea-csr-commit-target/release/deps/sail_argentea_core-1194f5cc8f24a594)

running 6 tests
CSR_COUNTER p=1 dense=true n=16 m=64 weighted=false allocation_calls=7 allocated_bytes=1024 peak_requested_bytes=1024 peak_admitted_bytes=6024 work=160
CSR_COUNTER p=1 dense=true n=16 m=64 weighted=true allocation_calls=7 allocated_bytes=1544 peak_requested_bytes=1464 peak_admitted_bytes=6536 work=240
test adjacency_tests::adjacency_lookup_rejects_missing_and_foreign_sources_without_leaks ... ok
test adjacency_tests::adjacency_restores_offsets_and_preserves_arc_order_for_all_id_layouts ... ok
test delta::controls::maintained_residual_cannot_forge_a_certificate_and_failure_rebases ... ok
test delta::controls::nonfinite_and_negative_scores_or_residuals_are_rejected ... ok
test adjacency_tests::adjacency_reduced_scratch_admission_and_weighted_work_budget_are_enforced ... ok
CSR_COUNTER p=1 dense=true n=65536 m=262144 weighted=false allocation_calls=7 allocated_bytes=3145984 peak_requested_bytes=3145984 peak_admitted_bytes=7868424 work=655360
CSR_COUNTER p=1 dense=true n=65536 m=262144 weighted=true allocation_calls=7 allocated_bytes=5243144 peak_requested_bytes=5243064 peak_admitted_bytes=9965576 work=1769472
CSR_COUNTER p=1 dense=false n=16 m=64 weighted=false allocation_calls=7 allocated_bytes=1024 peak_requested_bytes=1024 peak_admitted_bytes=6024 work=160
CSR_COUNTER p=1 dense=false n=16 m=64 weighted=true allocation_calls=7 allocated_bytes=1544 peak_requested_bytes=1464 peak_admitted_bytes=6536 work=752
CSR_COUNTER p=1 dense=false n=65536 m=262144 weighted=false allocation_calls=7 allocated_bytes=3145984 peak_requested_bytes=3145984 peak_admitted_bytes=7868424 work=655360
CSR_COUNTER p=1 dense=false n=65536 m=262144 weighted=true allocation_calls=7 allocated_bytes=5243144 peak_requested_bytes=5243064 peak_admitted_bytes=9965576 work=10158080
CSR_COUNTER p=3 dense=true n=16 m=64 weighted=false allocation_calls=7 allocated_bytes=1024 peak_requested_bytes=1024 peak_admitted_bytes=6024 work=160
CSR_COUNTER p=3 dense=true n=16 m=64 weighted=true allocation_calls=7 allocated_bytes=1544 peak_requested_bytes=1464 peak_admitted_bytes=6536 work=240
CSR_COUNTER p=3 dense=true n=65536 m=262144 weighted=false allocation_calls=7 allocated_bytes=3145984 peak_requested_bytes=3145984 peak_admitted_bytes=7868424 work=655360
CSR_COUNTER p=3 dense=true n=65536 m=262144 weighted=true allocation_calls=7 allocated_bytes=5243144 peak_requested_bytes=5243064 peak_admitted_bytes=9965576 work=1769472
CSR_COUNTER p=3 dense=false n=16 m=64 weighted=false allocation_calls=7 allocated_bytes=1024 peak_requested_bytes=1024 peak_admitted_bytes=6024 work=160
CSR_COUNTER p=3 dense=false n=16 m=64 weighted=true allocation_calls=7 allocated_bytes=1544 peak_requested_bytes=1464 peak_admitted_bytes=6536 work=752
CSR_COUNTER p=3 dense=false n=65536 m=262144 weighted=false allocation_calls=7 allocated_bytes=3145984 peak_requested_bytes=3145984 peak_admitted_bytes=7868424 work=655360
CSR_COUNTER p=3 dense=false n=65536 m=262144 weighted=true allocation_calls=7 allocated_bytes=5243144 peak_requested_bytes=5243064 peak_admitted_bytes=9965576 work=10158080
CSR_COUNTER p=32 dense=true n=16 m=64 weighted=false allocation_calls=7 allocated_bytes=1024 peak_requested_bytes=1024 peak_admitted_bytes=6024 work=160
CSR_COUNTER p=32 dense=true n=16 m=64 weighted=true allocation_calls=7 allocated_bytes=1544 peak_requested_bytes=1464 peak_admitted_bytes=6536 work=240
CSR_COUNTER p=32 dense=true n=65536 m=262144 weighted=false allocation_calls=7 allocated_bytes=3145984 peak_requested_bytes=3145984 peak_admitted_bytes=7868424 work=655360
CSR_COUNTER p=32 dense=true n=65536 m=262144 weighted=true allocation_calls=7 allocated_bytes=5243144 peak_requested_bytes=5243064 peak_admitted_bytes=9965576 work=1769472
CSR_COUNTER p=32 dense=false n=16 m=64 weighted=false allocation_calls=7 allocated_bytes=1024 peak_requested_bytes=1024 peak_admitted_bytes=6024 work=160
CSR_COUNTER p=32 dense=false n=16 m=64 weighted=true allocation_calls=7 allocated_bytes=1544 peak_requested_bytes=1464 peak_admitted_bytes=6536 work=752
CSR_COUNTER p=32 dense=false n=65536 m=262144 weighted=false allocation_calls=7 allocated_bytes=3145984 peak_requested_bytes=3145984 peak_admitted_bytes=7868424 work=655360
CSR_COUNTER p=32 dense=false n=65536 m=262144 weighted=true allocation_calls=7 allocated_bytes=5243144 peak_requested_bytes=5243064 peak_admitted_bytes=9965576 work=10158080
test adjacency_tests::adjacency_build_allocation_and_work_counters ... ok

test result: ok. 6 passed; 0 failed; 0 ignored; 0 measured; 0 filtered out; finished in 0.08s

     Running tests/bfs.rs (/private/tmp/sail-argentea-csr-commit-target/release/deps/bfs-a995c462b0f56f35)

running 5 tests
test independent_certificate_rejects_plausible_but_wrong_vectors ... ok
test setup_rejects_missing_source_wrong_cardinality_and_disconnected_unknown_endpoint ... ok
test all_variants_match_independent_integer_bfs_directed_and_undirected ... ok
test cap_requires_empty_global_frontier_and_zero_owners_participate ... ok
test reference_scans_every_arc_frontier_avoids_old_arcs_and_pull_really_exits_early ... ok

test result: ok. 5 passed; 0 failed; 0 ignored; 0 measured; 0 filtered out; finished in 0.02s

     Running tests/bfs_protocol.rs (/private/tmp/sail-argentea-csr-commit-target/release/deps/bfs_protocol-cb681f1dabd4408a)

running 7 tests
test bad_options_source_owner_input_and_phase_overflow_are_rejected ... ok
test statistics_reject_replay_foreign_scope_missing_eof_options_and_origin_drift ... ok
test typed_bfs_cap_requires_completed_topology_and_complete_global_frontier ... ok
test borrowed_rows_and_scalar_completions_preserve_exact_barriers_without_row_allocations ... ok
test topology_stream_rejects_sequence_mode_owner_origin_and_unknown_target ... ok
test membership_requires_complete_ordered_unique_frontier_before_real_pull ... ok
test missing_late_or_false_completion_never_commits_labels_or_incoming_csr ... ok

test result: ok. 7 passed; 0 failed; 0 ignored; 0 measured; 0 filtered out; finished in 0.00s

     Running tests/bfs_resources.rs (/private/tmp/sail-argentea-csr-commit-target/release/deps/bfs_resources-3c416fe67ccb73c5)

running 6 tests
test poisoned_emission_cannot_resume_after_message_admission_failure ... ok
test shared_quota_and_incremental_incoming_admission_are_real ... ok
test retained_message_statistics_and_result_snapshot_keep_shared_pool_lease ... ok
test quota_failures_preserve_committed_labels_and_all_leases_release ... ok
test cancellation_and_work_exhaustion_block_before_publication_and_done_is_idle ... ok
test bounded_one_message_channel_completes_topology_and_pull_without_owner_lock ... ok

test result: ok. 6 passed; 0 failed; 0 ignored; 0 measured; 0 filtered out; finished in 0.00s

     Running tests/delta.rs (/private/tmp/sail-argentea-csr-commit-target/release/deps/delta-6a843c1f2629f22a)

running 4 tests
test cap_forces_a_fresh_certificate_and_never_publishes_uncertified_rows ... ok
test stationary_zero_push_and_done_relays_keep_certified_state_and_counters ... ok
test signed_residual_and_dangling_pushes_match_dense_transitions_at_every_phase ... ok
test banda_reactivation_fixture_and_settling_components_avoid_inactive_edges ... ok

test result: ok. 4 passed; 0 failed; 0 ignored; 0 measured; 0 filtered out; finished in 0.13s

     Running tests/delta_protocol.rs (/private/tmp/sail-argentea-csr-commit-target/release/deps/delta_protocol-7844bd6eb61de90f)

running 9 tests
test dropping_output_cancels_pending_work_and_live_updates_retain_admission ... ok
test borrowed_statistics_and_phase_readiness_use_the_same_state_machine ... ok
test incremental_admission_failure_preserves_old_state_and_releases_every_buffer ... ok
test invalid_or_truncated_updates_do_not_publish_candidate_scores ... ok
test options_phase_budget_and_shared_work_limit_are_enforced ... ok
test partitions_share_one_budget_and_statistics_keep_the_host_lease ... ok
test statistics_barrier_rejects_replay_drift_missing_and_wrong_cardinality ... ok
test typed_cap_evidence_requires_a_fresh_complete_failed_certificate ... ok
test owned_emission_can_cross_backpressure_without_an_owner_lock ... ok

test result: ok. 9 passed; 0 failed; 0 ignored; 0 measured; 0 filtered out; finished in 0.01s

     Running tests/pagerank.rs (/private/tmp/sail-argentea-csr-commit-target/release/deps/pagerank-6ee84294e53f3261)

running 8 tests
test abandoning_an_owned_emission_cancels_and_releases_its_snapshot ... ok
test cancellation_during_emission_and_stale_rounds_leave_previous_rank_state ... ok
test output_lease_survives_partition_drop_and_releases_only_at_final_owner ... ok
test incomplete_or_replayed_messages_never_publish_new_ranks ... ok
test queued_updates_keep_the_memory_lease_after_emission_and_partition_drop ... ok
test quota_failure_cancellation_and_broken_output_do_not_commit_a_round ... ok
test owned_emission_drains_a_one_message_channel_without_holding_the_partition_lock ... ok
test twenty_rounds_retain_adjacency_and_match_an_independent_dense_reference ... ok

test result: ok. 8 passed; 0 failed; 0 ignored; 0 measured; 0 filtered out; finished in 0.00s

     Running tests/scheduler_probe.rs (/private/tmp/sail-argentea-csr-commit-target/release/deps/scheduler_probe-5c3ec936bf279900)

running 13 tests
test original_task_assigner::core::tests::assignments_prefer_workers_with_more_free_slots ... ok
test original_task_assigner::core::tests::capacity_check_allows_unlimited_workers_and_large_limits ... ok
test original_task_assigner::core::tests::capacity_check_counts_worker_sets_only ... ok
test original_task_assigner::core::tests::assignments_spread_across_workers_with_excess_capacity ... ok
test original_task_assigner::core::tests::initial_workers_respect_the_worker_limit ... ok
test original_task_assigner::core::tests::impossible_regions_are_rejected_even_behind_waiting_regions ... okSCALAR_STAGE_COUNTEREXAMPLE partition=0 before=0 after=1

test original_task_assigner::core::tests::regions_wait_for_capacity_without_partial_assignment ... ok
test original_task_assigner::core::tests::worker_demand_accounts_for_vacant_slots ... ok
test original_task_assigner::core::tests::worker_demand_respects_active_worker_limit ... ok
test retained_native_adjacency_has_no_existing_idle_worker_pin ... ok
AFFINITY_COUNTEREXAMPLE initial=2 next=1
test stage_group::equal_width_stages_share_partition_owners_within_one_region ... ok
test stage_group::scalar_stage_can_shift_ownership_even_inside_one_region ... ok
test subsequent_query_can_move_the_same_partition_to_another_worker ... ok

test result: ok. 13 passed; 0 failed; 0 ignored; 0 measured; 0 filtered out; finished in 0.00s

     Running tests/sssp.rs (/private/tmp/sail-argentea-csr-commit-target/release/deps/sssp-32af67b2d710a8b9)

running 11 tests
test delta_star_reactivates_an_already_expanded_vertex_inside_one_bucket ... ok
test dropping_incomplete_cursor_cancels_shared_domain_and_releases_snapshots ... ok
test protocol::incomplete_and_replayed_statistics_poison_the_partition ... ok
test protocol::contribution_sequence_origin_mode_bucket_and_eof_are_enforced ... ok
test cap_has_complete_topology_and_no_partial_result ... ok
test protocol::overflow_and_successor_admission_fail_without_partial_publication ... ok
test protocol::truncated_producer_and_late_message_cannot_publish_state ... ok
test retained_certified_rows_hold_storage_and_host_lease_until_final_drop ... ok
test unknown_unreachable_destination_and_missing_source_fail_topology_or_statistics ... ok
test both_methods_match_independent_dijkstra_across_owners_and_bucket_widths ... ok
test varied_weighted_graphs_match_oracle_with_skew_and_empty_owners ... ok

test result: ok. 11 passed; 0 failed; 0 ignored; 0 measured; 0 filtered out; finished in 0.53s

     Running tests/sssp_primitives.rs (/private/tmp/sail-argentea-csr-commit-target/release/deps/sssp_primitives-aea629628a7384f9)

running 5 tests
test candidate_and_bucket_overflow_are_errors_without_saturation ... ok
test path_order_prioritizes_distance_hops_then_signed_parent ... ok
test rejected_weights_sources_and_owners_release_all_build_admission ... ok
test weighted_build_respects_quota_and_preexisting_cancellation ... ok
test weighted_csr_retains_exact_arc_weight_pairs_duplicates_and_signed_ids ... ok

test result: ok. 5 passed; 0 failed; 0 ignored; 0 measured; 0 filtered out; finished in 0.00s

     Running tests/wcc.rs (/private/tmp/sail-argentea-csr-commit-target/release/deps/wcc-a6581dc902ea7f43)

running 8 tests
test zero_reference_cap_reports_unattempted_certificate_without_fabricated_count ... ok
test reference_cap_needs_zero_change_round ... ok
test phase_bounds_and_zero_edge_certification ... ok
test representative_is_not_the_final_minimum_label ... ok
test no_hook_round_is_counted_and_does_not_claim_convergence ... ok
test fixed_coin_bits_and_star_snapshots_ignore_partition_and_input_order ... ok
test chains_stars_cycles_and_disconnected_components_match_union_find ... ok
test exact_signed_labels_across_owner_counts_seeds_duplicates_loops_and_isolates ... ok

test result: ok. 8 passed; 0 failed; 0 ignored; 0 measured; 0 filtered out; finished in 0.02s

     Running tests/wcc_protocol.rs (/private/tmp/sail-argentea-csr-commit-target/release/deps/wcc_protocol-42f5db668df47b78)

running 8 tests
test duplicate_missing_foreign_option_and_late_statistics_poison_state ... ok
test duplicate_or_misowned_vertices_and_global_cardinality_are_rejected ... ok
test duplicated_member_assignment_and_missing_member_block_commit ... ok
test early_result_incomplete_or_forged_completion_cannot_certify ... ok
test false_global_zero_change_claim_does_not_override_full_edge_certificate ... ok
test origin_and_dimensions_must_remain_pinned ... ok
test replay_misroute_wrong_mode_and_late_messages_are_rejected ... ok
test unknown_destination_in_disconnected_component_fails_topology ... ok

test result: ok. 8 passed; 0 failed; 0 ignored; 0 measured; 0 filtered out; finished in 0.00s

     Running tests/wcc_resources.rs (/private/tmp/sail-argentea-csr-commit-target/release/deps/wcc_resources-cd7be8380506d374)

running 6 tests
test message_admission_failure_cannot_resume_cursor_and_skip_an_edge ... ok
test quota_failure_during_start_receive_and_publish_preserves_committed_roots ... ok
test done_relays_have_no_graph_work_and_cancellation_blocks_publication ... ok
test retained_statistics_result_and_message_keep_lease_until_last_owner ... ok
test bounded_one_message_channel_all_star_phases_release_owner_lock ... ok
test skewed_component_member_growth_is_admitted_before_replacement ... ok

test result: ok. 6 passed; 0 failed; 0 ignored; 0 measured; 0 filtered out; finished in 0.00s

   Doc-tests sail_argentea_core

running 0 tests

test result: ok. 0 passed; 0 failed; 0 ignored; 0 measured; 0 filtered out; finished in 0.00s

