[2026-09-30T17:01:09Z INFO sail_cli::spark::server] Starting the Spark Connect server on 127.0.0.1:55671...
[2026-09-30T17:01:09Z INFO sail_session::session_manager::actor::core] driver server is ready on port 46739
[2026-09-30T17:01:09Z INFO sail_session::session_manager::actor::handler] creating session b66f9871-6019-4b2b-ba6a-e2e00d614714
OpenBLAS WARNING - could not determine the L2 cache size on this system, assuming 256k
OpenBLAS WARNING - could not determine the L2 cache size on this system, assuming 256k
[2026-09-30T17:01:11Z INFO sail_session::extensions] bound native extension nutmeg@0.1.0:e5f0332e07d6164d20eec48da4e1d859913eb006481d8b98b1d409afeb3bb50f to session incarnation 7a7301be-1e9c-4faf-a1bc-32eea418352a
[2026-09-30T17:01:11Z INFO sail_session::extensions] bound native extension sedona@0.1.0:e8dc2c51c6e45ef94fb13370b76f0fd40936b3d79d368fc052afbb778d39c137 to session incarnation 7a7301be-1e9c-4faf-a1bc-32eea418352a
[2026-09-30T17:01:11Z INFO sail_execution::driver::actor::handler] activating driver 1
[2026-09-30T17:01:11Z INFO sail_execution::driver::worker_pool::core] starting worker 1
[2026-09-30T17:01:11Z INFO sail_execution::driver::worker_pool::core] starting worker 2
[2026-09-30T17:01:12Z INFO sail_execution::worker_manager::process] extension process worker 2: pid=Some(62), driver_pid=26, session=b66f9871-6019-4b2b-ba6a-e2e00d614714
[2026-09-30T17:01:12Z INFO sail_execution::worker_manager::process] extension process worker 1: pid=Some(66), driver_pid=26, session=b66f9871-6019-4b2b-ba6a-e2e00d614714
[2026-09-30T17:01:12Z INFO sail_session::extensions] worker loaded native extension sedona@0.1.0:e8dc2c51c6e45ef94fb13370b76f0fd40936b3d79d368fc052afbb778d39c137, pid=62
[2026-09-30T17:01:12Z INFO sail_session::extensions] worker loaded native extension sedona@0.1.0:e8dc2c51c6e45ef94fb13370b76f0fd40936b3d79d368fc052afbb778d39c137, pid=66
[2026-09-30T17:01:12Z INFO sail_execution::worker::actor::handler] worker 1 server is ready on port 35111
[2026-09-30T17:01:12Z INFO sail_execution::worker::actor::handler] worker 2 server is ready on port 38295
[2026-09-30T17:01:12Z INFO sail_execution::driver::actor::handler] worker 1 is available at 127.0.0.1:35111
[2026-09-30T17:01:12Z WARN sail_execution::driver::task_assigner::core] worker 1 was not pending
[2026-09-30T17:01:12Z INFO sail_execution::driver::actor::handler] worker 2 is available at 127.0.0.1:38295
[2026-09-30T17:01:12Z WARN sail_execution::driver::task_assigner::core] worker 2 was not pending
[2026-09-30T17:01:13Z WARN sail_execution::driver::actor::handler] job 8 stage 1 partition 3 attempt 0 sequence 61 is stale
[2026-09-30T17:01:13Z WARN sail_execution::driver::actor::handler] job 15 stage 0 partition 3 attempt 0 sequence 136 is stale
[2026-09-30T17:01:14Z WARN sail_execution::driver::actor::handler] job 23 stage 1 partition 2 attempt 0 sequence 174 is stale
[2026-09-30T17:01:15Z WARN sail_execution::driver::actor::handler] job 38 stage 0 partition 1 attempt 0 sequence 240 is stale
[2026-09-30T17:01:21Z WARN sail_execution::driver::actor::handler] job 78 stage 1 partition 2 attempt 0 sequence 577 is stale
[2026-09-30T17:01:21Z WARN sail_execution::driver::actor::handler] job 78 stage 1 partition 0 attempt 0 sequence 578 is stale
[2026-09-30T17:01:21Z WARN sail_execution::driver::actor::handler] job 80 stage 1 partition 0 attempt 0 sequence 593 is stale
[2026-09-30T17:01:21Z WARN sail_execution::driver::actor::handler] job 80 stage 2 partition 1 attempt 0 sequence 465 is stale
[2026-09-30T17:01:22Z WARN sail_execution::driver::actor::handler] job 86 stage 0 partition 1 attempt 0 sequence 494 is stale
[2026-09-30T17:01:22Z WARN sail_execution::driver::actor::handler] job 88 stage 1 partition 0 attempt 0 sequence 652 is stale
[2026-09-30T17:01:25Z WARN sail_execution::driver::actor::handler] job 110 stage 1 partition 0 attempt 0 sequence 802 is stale
[2026-09-30T17:01:25Z WARN sail_execution::driver::actor::handler] job 110 stage 3 partition 1 attempt 0 sequence 804 is stale
[2026-09-30T17:01:28Z WARN sail_execution::driver::actor::handler] job 134 stage 0 partition 0 attempt 0 sequence 966 is stale
[2026-09-30T17:01:28Z WARN sail_execution::driver::actor::handler] job 144 stage 0 partition 0 attempt 0 sequence 1039 is stale
[2026-09-30T17:01:29Z WARN sail_execution::driver::actor::handler] job 152 stage 0 partition 1 attempt 0 sequence 843 is stale
[2026-09-30T17:01:31Z WARN sail_execution::driver::actor::handler] job 174 stage 0 partition 0 attempt 0 sequence 1246 is stale
[2026-09-30T17:01:31Z WARN sail_execution::driver::actor::handler] job 182 stage 0 partition 0 attempt 0 sequence 1306 is stale
[2026-09-30T17:01:32Z WARN sail_execution::driver::actor::handler] job 190 stage 0 partition 0 attempt 0 sequence 1359 is stale
[2026-09-30T17:01:34Z WARN sail_execution::driver::actor::handler] job 224 stage 2 partition 0 attempt 0 sequence 1195 is stale
[2026-09-30T17:01:34Z INFO sail_session::session_manager::actor::handler] removing session b66f9871-6019-4b2b-ba6a-e2e00d614714
[2026-09-30T17:01:34Z INFO sail_execution::driver::worker_pool::core] stopping worker 1
[2026-09-30T17:01:34Z INFO sail_execution::driver::worker_pool::core] stopping worker 2
[2026-09-30T17:01:34Z WARN sail_common::actor] aborting 237 task(s) for TaskRunnerActor
[2026-09-30T17:01:34Z WARN sail_common::actor] aborting 243 task(s) for TaskRunnerActor
[2026-09-30T17:01:34Z INFO sail_execution::worker::actor::core] worker 2 server has stopped
[2026-09-30T17:01:34Z INFO sail_execution::worker::actor::core] worker 1 server has stopped
[2026-09-30T17:01:34Z WARN sail_common::actor] aborting 1 task(s) for WorkerActor
[2026-09-30T17:01:34Z WARN sail_common::actor] aborting 1 task(s) for WorkerActor
[2026-09-30T17:01:34Z INFO sail_cli::spark::server] Shutting down the Spark Connect server...
[2026-09-30T17:01:34Z INFO sail_execution::driver::actor::core] driver 1 has stopped
[2026-09-30T17:01:34Z WARN sail_common::actor] aborting 3849 task(s) for DriverActor
[2026-09-30T17:01:34Z INFO sail_session::session_manager::actor::core] driver server has stopped
[2026-09-30T17:01:34Z WARN sail_common::actor] aborting 946 task(s) for SessionManagerActor
[2026-09-30T17:01:34Z INFO sail_cli::spark::server] The Spark Connect server has stopped.
