time="2026-10-02T08:18:08-07:00" level=info msg="starting colima [profile=grust-linux-f1-024]"
time="2026-10-02T08:18:08-07:00" level=info msg="runtime: docker"
time="2026-10-02T08:18:08-07:00" level=info msg="creating and starting ..." context=vm
time="2026-10-02T08:18:08-07:00" level=info msg="downloading disk image ..." context=vm
time="2026-10-02T08:18:09-07:00" level=info msg="Terminal is not available, proceeding without opening an editor"
time="2026-10-02T08:18:09-07:00" level=info msg="Starting the instance `colima-grust-linux-f1-024` with internal VM driver `vz`"
time="2026-10-02T08:18:09-07:00" level=info msg="Attempting to download the image" arch=x86_64 digest= location=/Users/alexy/Library/Caches/colima/caches/5bfdf1067a8e288910a570fb8c6edbb2340ab7bbc09d2133d64ced3c888a78ed
time="2026-10-02T08:18:09-07:00" level=info msg="Decompressing the image (5bfdf1067a8e288910a570fb8c6edbb2340ab7bbc09d2133d64ced3c888a78ed)"
time="2026-10-02T08:18:09-07:00" level=info msg="decompressing  with external \"gzip\""
time="2026-10-02T08:18:13-07:00" level=info msg="Downloaded the image from `/Users/alexy/Library/Caches/colima/caches/5bfdf1067a8e288910a570fb8c6edbb2340ab7bbc09d2133d64ced3c888a78ed`"
time="2026-10-02T08:18:13-07:00" level=info msg="Resize instance colima-grust-linux-f1-024's disk from 3.5GiB to 20GiB"
time="2026-10-02T08:18:14-07:00" level=info msg="[hostagent] hostagent socket created at /Users/alexy/.colima/_lima/colima-grust-linux-f1-024/ha.sock"
time="2026-10-02T08:18:14-07:00" level=info msg="[hostagent] Starting VZ (hint: to watch the boot progress, see `/Users/alexy/.colima/_lima/colima-grust-linux-f1-024/serial*.log`)"
time="2026-10-02T08:18:14-07:00" level=info msg="[hostagent] Mounting disk `colima-grust-linux-f1-024` on `/mnt/lima-colima-grust-linux-f1-024`"
time="2026-10-02T08:18:14-07:00" level=info msg="[hostagent] [VZ] - vm state change: running"
time="2026-10-02T08:18:24-07:00" level=info msg="[hostagent] SSH server does not seem to be running on vsock port, using usernet forwarder"
time="2026-10-02T08:18:25-07:00" level=info msg="SSH Local Port: 51366"
time="2026-10-02T08:18:25-07:00" level=info msg="[hostagent] Waiting for the essential requirement 1 of 3: `ssh`"
time="2026-10-02T08:18:25-07:00" level=info msg="[hostagent] The essential requirement 1 of 3 is satisfied"
time="2026-10-02T08:18:25-07:00" level=info msg="[hostagent] Waiting for the essential requirement 2 of 3: `user session is ready for ssh`"
time="2026-10-02T08:18:29-07:00" level=info msg="[hostagent] The essential requirement 2 of 3 is satisfied"
time="2026-10-02T08:18:29-07:00" level=info msg="[hostagent] Waiting for the essential requirement 3 of 3: `Explicitly start ssh ControlMaster`"
time="2026-10-02T08:18:29-07:00" level=info msg="[hostagent] The essential requirement 3 of 3 is satisfied"
time="2026-10-02T08:18:29-07:00" level=info msg="[hostagent] Waiting for the guest agent to be running"
time="2026-10-02T08:18:29-07:00" level=info msg="[hostagent] Forwarding `/var/run/docker.sock` (guest) to `/Users/alexy/.colima/grust-linux-f1-024/docker.sock` (host)"
time="2026-10-02T08:18:29-07:00" level=info msg="[hostagent] Forwarding `/var/run/containerd/containerd.sock` (guest) to `/Users/alexy/.colima/grust-linux-f1-024/containerd.sock` (host)"
time="2026-10-02T08:18:29-07:00" level=info msg="[hostagent] Guest agent is running"
time="2026-10-02T08:18:30-07:00" level=info msg="[hostagent] Time sync: guest agent is alive, starting time synchronization"
time="2026-10-02T08:18:30-07:00" level=info msg="[hostagent] Waiting for the final requirement 1 of 1: `boot scripts must have finished`"
time="2026-10-02T08:18:30-07:00" level=info msg="[hostagent] Not forwarding TCP 0.0.0.0:22"
time="2026-10-02T08:18:30-07:00" level=info msg="[hostagent] Not forwarding TCP [::]:22"
time="2026-10-02T08:18:35-07:00" level=info msg="[hostagent] Time sync: guest clock adjusted (was -100ms off)"
time="2026-10-02T08:18:36-07:00" level=info msg="[hostagent] The final requirement 1 of 1 is satisfied"
time="2026-10-02T08:18:36-07:00" level=info msg="READY. Run `limactl shell colima-grust-linux-f1-024` to open the shell."
installing: 386 OK
installing: arm64 OK
{
  "supported": [
    "linux/amd64",
    "linux/arm64",
    "linux/386"
  ],
  "emulators": [
    "python3.12",
    "qemu-aarch64",
    "qemu-i386"
  ]
}
time="2026-10-02T08:18:37-07:00" level=info msg="provisioning ..." context=docker
colima-grust-linux-f1-024
Successfully created context "colima-grust-linux-f1-024"
time="2026-10-02T08:18:40-07:00" level=info msg="starting ..." context=docker
time="2026-10-02T08:18:42-07:00" level=info msg=done
