1-trixie: Pulling from library/rust
a8abf5be0494: Pulling fs layer
42f0cc32f2e3: Pulling fs layer
6eefb2f5d3e9: Pulling fs layer
38985a14f2b1: Pulling fs layer
e7272a918094: Pulling fs layer
2eaeb0f2b1bd: Download complete
ccdd165ba515: Download complete
a8abf5be0494: Download complete
42f0cc32f2e3: Download complete
e7272a918094: Download complete
6eefb2f5d3e9: Download complete
38985a14f2b1: Download complete
6eefb2f5d3e9: Pull complete
42f0cc32f2e3: Pull complete
38985a14f2b1: Pull complete
e7272a918094: Pull complete
a8abf5be0494: Pull complete
Digest: sha256:5d05167b28cef0fa3a6c781cd77949386848191f3382e82cf53bd1277a47a98f
Status: Downloaded newer image for rust:1-trixie
docker.io/library/rust:1-trixie
