Note: switching to 'd2668ec7c7dbd7dd728e3976bcfaba3ae51d14ad'.

You are in 'detached HEAD' state. You can look around, make experimental
changes and commit them, and you can discard any commits you make in this
state without impacting any branches by switching back to a branch.

If you want to create a new branch to retain commits you create, you may
do so (now or later) by using -c with the switch command. Example:

  git switch -c <new-branch-name>

Or undo this operation with:

  git switch -

Turn off this advice by setting config variable advice.detachedHead to false

gate-linux-container.sh: d2668ec7c7dbd7dd728e3976bcfaba3ae51d14ad at d2668ec, image sha256:7858ead3e751180cb84fc2dbd5855ca33b9573de443a41d551b521923c0c3ed1, 8 cpus, 32g, started 15:20Z

==> Formatting

==> Graph benchmark formatting

==> Workspace build
[1m[92m    Updating[0m crates.io index
[1m[92m    Updating[0m git repository `https://github.com/querygraph/typesec.git`
[1m[92m Downloading[0m crates ...
[1m[92m  Downloaded[0m datafusion-functions-window-common v55.1.0
[1m[92m  Downloaded[0m datafusion-macros v53.1.0
[1m[92m  Downloaded[0m deepsize_derive v0.1.2
[1m[92m  Downloaded[0m derive_builder_core v0.20.2
[1m[92m  Downloaded[0m errno v0.3.14
[1m[92m  Downloaded[0m form_urlencoded v1.2.2
[1m[92m  Downloaded[0m datafusion-macros v55.1.0
[1m[92m  Downloaded[0m datafusion-session v53.1.0
[1m[92m  Downloaded[0m dmp v0.2.3
[1m[92m  Downloaded[0m ed25519 v2.2.3
[1m[92m  Downloaded[0m adbc_core v0.24.0
[1m[92m  Downloaded[0m datafusion-physical-expr-adapter v53.1.0
[1m[92m  Downloaded[0m digest v0.11.3
[1m[92m  Downloaded[0m dtoa v1.0.11
[1m[92m  Downloaded[0m base16ct v0.2.0
[1m[92m  Downloaded[0m derive_builder v0.20.2
[1m[92m  Downloaded[0m atoi v2.0.0
[1m[92m  Downloaded[0m futures-sink v0.3.32
[1m[92m  Downloaded[0m derive_builder_macro v0.20.2
[1m[92m  Downloaded[0m dyn-clone v1.0.20
[1m[92m  Downloaded[0m futures-core v0.3.32
[1m[92m  Downloaded[0m env_filter v1.0.1
[1m[92m  Downloaded[0m funty v2.0.0
[1m[92m  Downloaded[0m block-buffer v0.12.0
[1m[92m  Downloaded[0m async_cell v0.2.3
[1m[92m  Downloaded[0m float_next_after v1.0.0
[1m[92m  Downloaded[0m either v1.16.0
[1m[92m  Downloaded[0m env_logger v0.11.10
[1m[92m  Downloaded[0m fast-float2 v0.2.3
[1m[92m  Downloaded[0m generic-array v0.14.7
[1m[92m  Downloaded[0m deepsize v0.2.0
[1m[92m  Downloaded[0m futures-macro v0.3.32
[1m[92m  Downloaded[0m dirs v6.0.0
[1m[92m  Downloaded[0m fnv v1.0.7
[1m[92m  Downloaded[0m futures-task v0.3.32
[1m[92m  Downloaded[0m dunce v1.0.5
[1m[92m  Downloaded[0m futf v0.1.5
[1m[92m  Downloaded[0m bytecheck v0.6.12
[1m[92m  Downloaded[0m bytecheck_derive v0.8.2
[1m[92m  Downloaded[0m cfg-if v1.0.4
[1m[92m  Downloaded[0m cfg_block v0.1.1
[1m[92m  Downloaded[0m dtoa-short v0.3.5
[1m[92m  Downloaded[0m equivalent v1.0.2
[1m[92m  Downloaded[0m event-listener v5.4.1
[1m[92m  Downloaded[0m event-listener-strategy v0.5.4
[1m[92m  Downloaded[0m genawaiter-macro v0.99.1
[1m[92m  Downloaded[0m num_cpus v1.17.0
[1m[92m  Downloaded[0m atomic-waker v1.1.2
[1m[92m  Downloaded[0m bcrypt v0.18.0
[1m[92m  Downloaded[0m deranged v0.5.8
[1m[92m  Downloaded[0m dirs-sys v0.5.0
[1m[92m  Downloaded[0m find-msvc-tools v0.1.9
[1m[92m  Downloaded[0m fs_extra v1.3.0
[1m[92m  Downloaded[0m branches v0.4.4
[1m[92m  Downloaded[0m ciborium-io v0.2.2
[1m[92m  Downloaded[0m compression-core v0.4.32
[1m[92m  Downloaded[0m digest v0.10.7
[1m[92m  Downloaded[0m diskann-vector v0.54.0
[1m[92m  Downloaded[0m fallible-iterator v0.2.0
[1m[92m  Downloaded[0m fallible-iterator v0.3.0
[1m[92m  Downloaded[0m fastrand v2.4.1
[1m[92m  Downloaded[0m ff v0.13.1
[1m[92m  Downloaded[0m flatbuffers v25.12.19
[1m[92m  Downloaded[0m fuzzy-matcher v0.3.7
[1m[92m  Downloaded[0m ciborium-ll v0.2.2
[1m[92m  Downloaded[0m const-random-macro v0.1.16
[1m[92m  Downloaded[0m crc32c v0.6.8
[1m[92m  Downloaded[0m crunchy v0.2.4
[1m[92m  Downloaded[0m crypto-common v0.2.2
[1m[92m  Downloaded[0m cxxbridge-flags v1.0.138
[1m[92m  Downloaded[0m datafusion-pruning v55.1.0
[1m[92m  Downloaded[0m futures-io v0.3.32
[1m[92m  Downloaded[0m bytecheck_derive v0.6.12
[1m[92m  Downloaded[0m datafusion-physical-expr-adapter v55.1.0
[1m[92m  Downloaded[0m fastbloom v0.14.1
[1m[92m  Downloaded[0m foldhash v0.1.5
[1m[92m  Downloaded[0m futures-executor v0.3.32
[1m[92m  Downloaded[0m genawaiter v0.99.1
[1m[92m  Downloaded[0m axum-core v0.5.6
[1m[92m  Downloaded[0m base64ct v1.8.3
[1m[92m  Downloaded[0m block-buffer v0.10.4
[1m[92m  Downloaded[0m bytecheck v0.8.2
[1m[92m  Downloaded[0m castaway v0.2.4
[1m[92m  Downloaded[0m cedarwood v0.4.6
[1m[92m  Downloaded[0m cfg_aliases v0.2.1
[1m[92m  Downloaded[0m const-random v0.1.18
[1m[92m  Downloaded[0m cpufeatures v0.3.0
[1m[92m  Downloaded[0m cssparser-macros v0.6.1
[1m[92m  Downloaded[0m autocfg v1.5.1
[1m[92m  Downloaded[0m crossbeam-queue v0.3.12
[1m[92m  Downloaded[0m rustc-hash v2.1.2
[1m[92m  Downloaded[0m datafusion-physical-expr-common v53.1.0
[1m[92m  Downloaded[0m datafusion-pruning v53.1.0
[1m[92m  Downloaded[0m encoding_rs_io v0.1.7
[1m[92m  Downloaded[0m boxcar v0.2.14
[1m[92m  Downloaded[0m datafusion-session v55.1.0
[1m[92m  Downloaded[0m diskann-utils v0.54.0
[1m[92m  Downloaded[0m bitflags v1.3.2
[1m[92m  Downloaded[0m cexpr v0.6.0
[1m[92m  Downloaded[0m cipher v0.4.4
[1m[92m  Downloaded[0m cmov v0.5.4
[1m[92m  Downloaded[0m futures-channel v0.3.32
[1m[92m  Downloaded[0m geo-types v0.7.19
[1m[92m  Downloaded[0m bs58 v0.5.1
[1m[92m  Downloaded[0m byteorder v1.5.0
[1m[92m  Downloaded[0m compression-codecs v0.4.38
[1m[92m  Downloaded[0m concurrent-queue v2.5.0
[1m[92m  Downloaded[0m constant_time_eq v0.4.2
[1m[92m  Downloaded[0m ref-cast-impl v1.0.25
[1m[92m  Downloaded[0m displaydoc v0.2.6
[1m[92m  Downloaded[0m generic-array v0.12.4
[1m[92m  Downloaded[0m generic-array v0.13.3
[1m[92m  Downloaded[0m cmake v0.1.58
[1m[92m  Downloaded[0m cpufeatures v0.2.17
[1m[92m  Downloaded[0m csv-core v0.1.13
[1m[92m  Downloaded[0m ctr v0.9.2
[1m[92m  Downloaded[0m curve25519-dalek-derive v0.1.1
[1m[92m  Downloaded[0m garde_derive v0.23.0
[1m[92m  Downloaded[0m ethnum v1.5.3
[1m[92m  Downloaded[0m bitflags v2.11.1
[1m[92m  Downloaded[0m bitpacking v0.9.3
[1m[92m  Downloaded[0m blowfish v0.9.1
[1m[92m  Downloaded[0m borsh-derive v1.6.1
[1m[92m  Downloaded[0m bytemuck_derive v1.10.2
[1m[92m  Downloaded[0m chacha20 v0.10.2
[1m[92m  Downloaded[0m ciborium v0.2.2
[1m[92m  Downloaded[0m clang-sys v1.8.1
[1m[92m  Downloaded[0m codespan-reporting v0.11.1
[1m[92m  Downloaded[0m const-oid v0.9.6
[1m[92m  Downloaded[0m crc32fast v1.5.0
[1m[92m  Downloaded[0m crossbeam-deque v0.8.6
[1m[92m  Downloaded[0m crossbeam-skiplist v0.1.3
[1m[92m  Downloaded[0m crossbeam-utils v0.8.21
[1m[92m  Downloaded[0m crypto-common v0.1.7
[1m[92m  Downloaded[0m ctutils v0.4.2
[1m[92m  Downloaded[0m cxxbridge-macro v1.0.138
[1m[92m  Downloaded[0m darling v0.20.11
[1m[92m  Downloaded[0m darling v0.23.0
[1m[92m  Downloaded[0m sha2 v0.10.9
[1m[92m  Downloaded[0m std_prelude v0.2.12
[1m[92m  Downloaded[0m symlink v0.1.0
[1m[92m  Downloaded[0m tinystr v0.8.4
[1m[92m  Downloaded[0m try-lock v0.2.5
[1m[92m  Downloaded[0m ecdsa v0.16.9
[1m[92m  Downloaded[0m fixedbitset v0.5.7
[1m[92m  Downloaded[0m futures v0.3.32
[1m[92m  Downloaded[0m geographiclib-rs v0.2.7
[1m[92m  Downloaded[0m blake2 v0.10.6
[1m[92m  Downloaded[0m bytemuck v1.25.0
[1m[92m  Downloaded[0m cssparser v0.35.0
[1m[92m  Downloaded[0m rancor v0.1.1
[1m[92m  Downloaded[0m rustc-hash v1.1.0
[1m[92m  Downloaded[0m utf8_iter v1.0.4
[1m[92m  Downloaded[0m version_check v0.9.5
[1m[92m  Downloaded[0m datafusion-optimizer v53.1.0
[1m[92m  Downloaded[0m elliptic-curve v0.13.8
[1m[92m  Downloaded[0m fsst v7.0.0
[1m[92m  Downloaded[0m base64 v0.22.1
[1m[92m  Downloaded[0m const-oid v0.10.2
[1m[92m  Downloaded[0m crossbeam-epoch v0.9.18
[1m[92m  Downloaded[0m rkyv_derive v0.7.46
[1m[92m  Downloaded[0m rkyv_derive v0.8.16
[1m[92m  Downloaded[0m scrypt v0.11.0
[1m[92m  Downloaded[0m siphasher v1.0.3
[1m[92m  Downloaded[0m sonic-simd v0.1.4
[1m[92m  Downloaded[0m thread-tree v0.3.3
[1m[92m  Downloaded[0m untrusted v0.7.1
[1m[92m  Downloaded[0m walkdir v2.5.0
[1m[92m  Downloaded[0m datafusion-physical-expr-common v55.1.0
[1m[92m  Downloaded[0m datafusion-physical-optimizer v53.1.0
[1m[92m  Downloaded[0m ed25519-dalek v2.2.0
[1m[92m  Downloaded[0m foldhash v0.2.0
[1m[92m  Downloaded[0m garde v0.23.0
[1m[92m  Downloaded[0m i_shape v1.14.0
[1m[92m  Downloaded[0m i_tree v0.16.0
[1m[92m  Downloaded[0m mac v0.1.1
[1m[92m  Downloaded[0m munge_macro v0.4.7
[1m[92m  Downloaded[0m path-clean v1.0.1
[1m[92m  Downloaded[0m cc v1.2.63
[1m[92m  Downloaded[0m compact_str v0.9.1
[1m[92m  Downloaded[0m daachorse v2.1.1
[1m[92m  Downloaded[0m new_debug_unreachable v1.0.6
[1m[92m  Downloaded[0m slab v0.4.12
[1m[92m  Downloaded[0m helix-graph-algorithms v0.1.0
[1m[92m  Downloaded[0m tinyvec v1.11.0
[1m[92m  Downloaded[0m libloading v0.8.9
[1m[92m  Downloaded[0m bytes v1.11.1
[1m[92m  Downloaded[0m pastey v0.2.3
[1m[92m  Downloaded[0m borsh v1.6.1
[1m[92m  Downloaded[0m comfy-table v7.2.2
[1m[92m  Downloaded[0m crossbeam-channel v0.5.15
[1m[92m  Downloaded[0m crypto-bigint v0.5.5
[1m[92m  Downloaded[0m cxx-build v1.0.138
[1m[92m  Downloaded[0m simple_asn1 v0.6.4
[1m[92m  Downloaded[0m utf16_iter v1.0.5
[1m[92m  Downloaded[0m utf8-ranges v1.0.5
[1m[92m  Downloaded[0m uuid v1.23.2
[1m[92m  Downloaded[0m iana-time-zone v0.1.65
[1m[92m  Downloaded[0m icu_locale v2.3.1
[1m[92m  Downloaded[0m lance-namespace v7.0.0
[1m[92m  Downloaded[0m lexicmp v0.2.0
[1m[92m  Downloaded[0m lz4_flex v0.13.1
[1m[92m  Downloaded[0m password-hash v0.5.0
[1m[92m  Downloaded[0m paste v1.0.15
[1m[92m  Downloaded[0m base64 v0.23.1
[1m[92m  Downloaded[0m bnum v0.12.1
[1m[92m  Downloaded[0m trice v0.4.0
[1m[92m  Downloaded[0m lz4 v1.28.1
[1m[92m  Downloaded[0m time-core v0.1.8
[1m[92m  Downloaded[0m urlencoding v2.1.3
[1m[92m  Downloaded[0m utf-8 v0.7.6
[1m[92m  Downloaded[0m http-body v1.0.1
[1m[92m  Downloaded[0m lru-slab v0.1.2
[1m[92m  Downloaded[0m bumpalo v3.20.3
[1m[92m  Downloaded[0m tungstenite v0.28.0
[1m[92m  Downloaded[0m rapidhash v4.4.1
[1m[92m  Downloaded[0m thread_local v1.1.9
[1m[92m  Downloaded[0m tiny-keccak v2.0.2
[1m[92m  Downloaded[0m lz4_flex v0.14.0
[1m[92m  Downloaded[0m axum v0.8.9
[1m[92m  Downloaded[0m rustversion v1.0.22
[1m[92m  Downloaded[0m combine v4.6.7
[1m[92m  Downloaded[0m rangemap v1.7.1
[1m[92m  Downloaded[0m storekey v0.11.0
[1m[92m  Downloaded[0m der v0.7.10
[1m[92m  Downloaded[0m icu_locale_core v2.3.0
[1m[92m  Downloaded[0m lance-linalg v7.0.0
[1m[92m  Downloaded[0m arrayref v0.3.9
[1m[92m  Downloaded[0m bigdecimal v0.4.10
[1m[92m  Downloaded[0m seahash v4.1.0
[1m[92m  Downloaded[0m turso v0.7.2
[1m[92m  Downloaded[0m flate2 v1.1.9
[1m[92m  Downloaded[0m munge v0.4.7
[1m[92m  Downloaded[0m ndarray-stats v0.7.0
[1m[92m  Downloaded[0m potential_utf v0.1.5
[1m[92m  Downloaded[0m tracing-log v0.2.0
[1m[92m  Downloaded[0m untrusted v0.9.0
[1m[92m  Downloaded[0m http-body-util v0.1.3
[1m[92m  Downloaded[0m multimap v0.10.1
[1m[92m  Downloaded[0m arrow-csv v55.2.0
[1m[92m  Downloaded[0m arrow-csv v58.3.0
[1m[92m  Downloaded[0m icu_collections v2.3.0
[1m[92m  Downloaded[0m powerfmt v0.2.0
[1m[92m  Downloaded[0m stfu8 v0.2.7
[1m[92m  Downloaded[0m darling_macro v0.20.11
[1m[92m  Downloaded[0m rfc6979 v0.4.0
[1m[92m  Downloaded[0m addr v0.15.6
[1m[92m  Downloaded[0m serde_derive v1.0.228
[1m[92m  Downloaded[0m ppv-lite86 v0.2.21
[1m[92m  Downloaded[0m ref-cast v1.0.25
[1m[92m  Downloaded[0m synstructure v0.13.2
[1m[92m  Downloaded[0m tonic-prost v0.14.6
[1m[92m  Downloaded[0m arrow-arith v59.3.0
[1m[92m  Downloaded[0m arrow-data v55.2.0
[1m[92m  Downloaded[0m arrow-ord v55.2.0
[1m[92m  Downloaded[0m rawpointer v0.2.1
[1m[92m  Downloaded[0m recursive v0.1.1
[1m[92m  Downloaded[0m recursive-proc-macro-impl v0.1.1
[1m[92m  Downloaded[0m rend v0.4.2
[1m[92m  Downloaded[0m termcolor v1.4.1
[1m[92m  Downloaded[0m unicode-blocks v0.1.9
[1m[92m  Downloaded[0m universal-hash v0.5.1
[1m[92m  Downloaded[0m want v0.3.1
[1m[92m  Downloaded[0m datafusion-physical-optimizer v55.1.0
[1m[92m  Downloaded[0m i_key_sort v0.6.0
[1m[92m  Downloaded[0m num-traits v0.2.19
[1m[92m  Downloaded[0m arrow-csv v59.3.0
[1m[92m  Downloaded[0m postgres-protocol v0.6.12
[1m[92m  Downloaded[0m rend v0.5.3
[1m[92m  Downloaded[0m postgres-types v0.2.14
[1m[92m  Downloaded[0m arrow-data v58.3.0
[1m[92m  Downloaded[0m arrow-json v55.2.0
[1m[92m  Downloaded[0m schemars v0.9.0
[1m[92m  Downloaded[0m serde_json v1.0.150
[1m[92m  Downloaded[0m signal-hook-registry v1.4.8
[1m[92m  Downloaded[0m rstar v0.8.4
[1m[92m  Downloaded[0m surrealdb-collections v3.2.4
[1m[92m  Downloaded[0m time-macros v0.2.27
[1m[92m  Downloaded[0m httparse v1.10.1
[1m[92m  Downloaded[0m icu_locale_fallback v2.3.0
[1m[92m  Downloaded[0m uncased v0.9.10
[1m[92m  Downloaded[0m heck v0.4.1
[1m[92m  Downloaded[0m heck v0.5.0
[1m[92m  Downloaded[0m arrow-data v59.3.0
[1m[92m  Downloaded[0m arrow-ord v58.3.0
[1m[92m  Downloaded[0m revision-derive v0.30.0
[1m[92m  Downloaded[0m httpdate v1.0.3
[1m[92m  Downloaded[0m inout v0.1.4
[1m[92m  Downloaded[0m lance-testing v7.0.0
[1m[92m  Downloaded[0m maplit v1.0.2
[1m[92m  Downloaded[0m num-conv v0.2.2
[1m[92m  Downloaded[0m pkcs8 v0.10.2
[1m[92m  Downloaded[0m pkg-config v0.3.33
[1m[92m  Downloaded[0m tokio-stream v0.1.18
[1m[92m  Downloaded[0m unicode-properties v0.1.4
[1m[92m  Downloaded[0m lance-bitpacking v7.0.0
[1m[92m  Downloaded[0m blake3 v1.8.5
[1m[92m  Downloaded[0m brotli-decompressor v5.0.3
[1m[92m  Downloaded[0m darling_core v0.23.0
[1m[92m  Downloaded[0m toml_parser v1.1.2+spec-1.1.0
[1m[92m  Downloaded[0m arrow-buffer v55.2.0
[1m[92m  Downloaded[0m arrow-buffer v58.3.0
[1m[92m  Downloaded[0m arrow-json v59.3.0
[1m[92m  Downloaded[0m polyval v0.6.2
[1m[92m  Downloaded[0m unicode-ident v1.0.24
[1m[92m  Downloaded[0m lance-tokenizer v7.0.0
[1m[92m  Downloaded[0m async-recursion v1.1.1
[1m[92m  Downloaded[0m async-stream-impl v0.3.6
[1m[92m  Downloaded[0m bindgen v0.69.5
[1m[92m  Downloaded[0m cxx v1.0.138
[1m[92m  Downloaded[0m darling_core v0.20.11
[1m[92m  Downloaded[0m darling_macro v0.23.0
[1m[92m  Downloaded[0m surrealdb-protocol v0.10.2
[1m[92m  Downloaded[0m parking_lot_core v0.9.12
[1m[92m  Downloaded[0m arrow-arith v55.2.0
[1m[92m  Downloaded[0m arrow-cast v55.2.0
[1m[92m  Downloaded[0m arrow-ipc v55.2.0
[1m[92m  Downloaded[0m arrow-json v58.3.0
[1m[92m  Downloaded[0m precomputed-hash v0.1.1
[1m[92m  Downloaded[0m toml_datetime v1.1.1+spec-1.1.0
[1m[92m  Downloaded[0m toml_edit v0.25.12+spec-1.1.0
[1m[92m  Downloaded[0m ulid v1.2.1
[1m[92m  Downloaded[0m unicase v2.9.0
[1m[92m  Downloaded[0m getrandom v0.2.17
[1m[92m  Downloaded[0m helix-ast v0.1.0
[1m[92m  Downloaded[0m i_float v1.15.0
[1m[92m  Downloaded[0m lance-io v7.0.0
[1m[92m  Downloaded[0m arrow-ipc v58.3.0
[1m[92m  Downloaded[0m arrow-row v55.2.0
[1m[92m  Downloaded[0m async-stream v0.3.6
[1m[92m  Downloaded[0m async-trait v0.1.92
[1m[92m  Downloaded[0m aws-lc-rs v1.17.0
[1m[92m  Downloaded[0m bitvec v1.0.1
[1m[92m  Downloaded[0m dashmap v6.2.1
[1m[92m  Downloaded[0m tracing-core v0.1.36
[1m[92m  Downloaded[0m log v0.4.30
[1m[92m  Downloaded[0m reblessive v0.4.3
[1m[92m  Downloaded[0m arrow-cast v59.3.0
[1m[92m  Downloaded[0m rand v0.9.4
[1m[92m  Downloaded[0m rsa v0.9.10
[1m[92m  Downloaded[0m rustc_version v0.4.1
[1m[92m  Downloaded[0m serde_urlencoded v0.7.1
[1m[92m  Downloaded[0m tonic v0.14.6
[1m[92m  Downloaded[0m getrandom v0.3.4
[1m[92m  Downloaded[0m i_overlay v4.0.7
[1m[92m  Downloaded[0m jiff-static v0.2.28
[1m[92m  Downloaded[0m arrow-buffer v59.3.0
[1m[92m  Downloaded[0m arrow-cast v58.3.0
[1m[92m  Downloaded[0m datafusion-doc v55.1.0
[1m[92m  Downloaded[0m rand v0.8.6
[1m[92m  Downloaded[0m rand_core v0.9.5
[1m[92m  Downloaded[0m lock_api v0.4.14
[1m[92m  Downloaded[0m sync_wrapper v1.0.2
[1m[92m  Downloaded[0m tagptr v0.2.0
[1m[92m  Downloaded[0m tap v1.0.1
[1m[92m  Downloaded[0m tower-layer v0.3.3
[1m[92m  Downloaded[0m webpki-roots v0.26.11
[1m[92m  Downloaded[0m noisy_float v0.2.1
[1m[92m  Downloaded[0m chrono v0.4.45
[1m[92m  Downloaded[0m datafusion-doc v53.1.0
[1m[92m  Downloaded[0m prost v0.14.3
[1m[92m  Downloaded[0m zerofrom v0.1.8
[1m[92m  Downloaded[0m num-complex v0.4.6
[1m[92m  Downloaded[0m allocator-api2 v0.4.0
[1m[92m  Downloaded[0m arc-swap v1.9.1
[1m[92m  Downloaded[0m arrow-ord v59.3.0
[1m[92m  Downloaded[0m arrow-row v58.3.0
[1m[92m  Downloaded[0m unicode-segmentation v1.13.3
[1m[92m  Downloaded[0m syn v1.0.109
[1m[92m  Downloaded[0m web_atoms v0.1.3
[1m[92m  Downloaded[0m arrow-ipc v59.3.0
[1m[92m  Downloaded[0m quick_cache v0.6.22
[1m[92m  Downloaded[0m rkyv v0.7.46
[1m[92m  Downloaded[0m rustls-platform-verifier v0.7.0
[1m[92m  Downloaded[0m seq-macro v0.3.6
[1m[92m  Downloaded[0m serde_with_macros v3.20.0
[1m[92m  Downloaded[0m sonic-number v0.1.2
[1m[92m  Downloaded[0m spin v0.9.9
[1m[92m  Downloaded[0m tempfile v3.27.0
[1m[92m  Downloaded[0m tower v0.5.3
[1m[92m  Downloaded[0m unicode-normalization v0.1.25
[1m[92m  Downloaded[0m unsafe-libyaml v0.2.11
[1m[92m  Downloaded[0m web-time v1.1.0
[1m[92m  Downloaded[0m ghash v0.5.1
[1m[92m  Downloaded[0m hash32 v0.1.1
[1m[92m  Downloaded[0m hash32 v0.2.1
[1m[92m  Downloaded[0m ident_case v1.0.1
[1m[92m  Downloaded[0m idna_adapter v1.2.2
[1m[92m  Downloaded[0m mimalloc v0.1.52
[1m[92m  Downloaded[0m lazy_static v1.5.0
[1m[92m  Downloaded[0m memoffset v0.9.1
[1m[92m  Downloaded[0m serde_core v1.0.228
[1m[92m  Downloaded[0m vcpkg v0.2.15
[1m[92m  Downloaded[0m zstd v0.13.3
[1m[92m  Downloaded[0m nom v7.1.3
[1m[92m  Downloaded[0m polling v3.11.0
[1m[92m  Downloaded[0m glob v0.3.3
[1m[92m  Downloaded[0m md-5 v0.11.0
[1m[92m  Downloaded[0m datafusion-expr-common v53.1.0
[1m[92m  Downloaded[0m quinn v0.11.9
[1m[92m  Downloaded[0m reqwest v0.12.28
[1m[92m  Downloaded[0m rkyv v0.8.16
[1m[92m  Downloaded[0m litemap v0.8.2
[1m[92m  Downloaded[0m curve25519-dalek v4.1.3
[1m[92m  Downloaded[0m parking_lot v0.12.5
[1m[92m  Downloaded[0m datafusion-functions-window-common v53.1.0
[1m[92m  Downloaded[0m rand_core v0.6.4
[1m[92m  Downloaded[0m tower-http v0.6.11
[1m[92m  Downloaded[0m url v2.5.8
[1m[92m  Downloaded[0m alloc-no-stdlib v2.0.4
[1m[92m  Downloaded[0m unicode-bidi v0.3.18
[1m[92m  Downloaded[0m group v0.13.0
[1m[92m  Downloaded[0m miette-derive v7.6.0
[1m[92m  Downloaded[0m icu_locale_fallback_data v2.3.0
[1m[92m  Downloaded[0m phf_shared v0.13.1
[1m[92m  Downloaded[0m rustls-native-certs v0.8.3
[1m[92m  Downloaded[0m phf_shared v0.11.3
[1m[92m  Downloaded[0m rayon-core v1.13.0
[1m[92m  Downloaded[0m reqwest v0.13.4
[1m[92m  Downloaded[0m icu_provider v2.3.1
[1m[92m  Downloaded[0m rand v0.10.1
[1m[92m  Downloaded[0m syn v3.0.4
[1m[92m  Downloaded[0m aes-gcm v0.10.3
[1m[92m  Downloaded[0m phf_shared v0.12.1
[1m[92m  Downloaded[0m snafu-derive v0.8.9
[1m[92m  Downloaded[0m indexmap v1.9.3
[1m[92m  Downloaded[0m aes v0.8.4
[1m[92m  Downloaded[0m datafusion-expr-common v55.1.0
[1m[92m  Downloaded[0m datafusion-functions-aggregate v53.1.0
[1m[92m  Downloaded[0m arrayvec v0.7.6
[1m[92m  Downloaded[0m arrow-arith v58.3.0
[1m[92m  Downloaded[0m pin-project-lite v0.2.17
[1m[92m  Downloaded[0m half v2.7.1
[1m[92m  Downloaded[0m datafusion-datasource-json v55.1.0
[1m[92m  Downloaded[0m strsim v0.11.1
[1m[92m  Downloaded[0m arrow-string v58.3.0
[1m[92m  Downloaded[0m strum v0.26.3
[1m[92m  Downloaded[0m surrealdb-types-derive v3.2.4
[1m[92m  Downloaded[0m syn v2.0.117
[1m[92m  Downloaded[0m pin-project-internal v1.1.13
[1m[92m  Downloaded[0m simd-adler32 v0.3.9
[1m[92m  Downloaded[0m tower-service v0.3.3
[1m[92m  Downloaded[0m ndarray v0.17.2
[1m[92m  Downloaded[0m rstar v0.10.0
[1m[92m  Downloaded[0m strum v0.28.0
[1m[92m  Downloaded[0m which v4.4.2
[1m[92m  Downloaded[0m memmap2 v0.9.10
[1m[92m  Downloaded[0m phf_codegen v0.13.1
[1m[92m  Downloaded[0m spki v0.7.3
[1m[92m  Downloaded[0m string_cache v0.8.9
[1m[92m  Downloaded[0m string_cache_codegen v0.5.4
[1m[92m  Downloaded[0m strum_macros v0.26.4
[1m[92m  Downloaded[0m arrow-row v59.3.0
[1m[92m  Downloaded[0m rstar v0.12.2
[1m[92m  Downloaded[0m whoami v2.1.2
[1m[92m  Downloaded[0m opaque-debug v0.3.1
[1m[92m  Downloaded[0m lazycell v1.3.0
[1m[92m  Downloaded[0m link-cplusplus v1.0.12
[1m[92m  Downloaded[0m arrow-schema v55.2.0
[1m[92m  Downloaded[0m rstar v0.11.0
[1m[92m  Downloaded[0m stringprep v0.1.5
[1m[92m  Downloaded[0m match_token v0.35.0
[1m[92m  Downloaded[0m pack1 v1.1.0
[1m[92m  Downloaded[0m prost-build v0.14.3
[1m[92m  Downloaded[0m html5ever v0.35.0
[1m[92m  Downloaded[0m ndarray v0.16.1
[1m[92m  Downloaded[0m hyper-timeout v0.5.2
[1m[92m  Downloaded[0m mio v1.2.1
[1m[92m  Downloaded[0m alloc-stdlib v0.2.4
[1m[92m  Downloaded[0m as-slice v0.1.5
[1m[92m  Downloaded[0m pin-project v1.1.13
[1m[92m  Downloaded[0m tendril v0.4.3
[1m[92m  Downloaded[0m turso_sync_sdk_kit v0.7.2
[1m[92m  Downloaded[0m miette v7.6.0
[1m[92m  Downloaded[0m rustls-pki-types v1.14.1
[1m[92m  Downloaded[0m serde_repr v0.1.20
[1m[92m  Downloaded[0m arrow v55.2.0
[1m[92m  Downloaded[0m arrow-select v55.2.0
[1m[92m  Downloaded[0m twox-hash v2.1.2
[1m[92m  Downloaded[0m memchr v2.8.1
[1m[92m  Downloaded[0m arrow-array v55.2.0
[1m[92m  Downloaded[0m percent-encoding v2.3.2
[1m[92m  Downloaded[0m markup5ever v0.35.0
[1m[92m  Downloaded[0m arrow-schema v58.3.0
[1m[92m  Downloaded[0m async-lock v3.4.2
[1m[92m  Downloaded[0m storekey-derive v0.11.0
[1m[92m  Downloaded[0m turso_sdk_kit_macros v0.7.2
[1m[92m  Downloaded[0m hyper-rustls v0.27.9
[1m[92m  Downloaded[0m signature v2.2.0
[1m[92m  Downloaded[0m stable_deref_trait v1.2.1
[1m[92m  Downloaded[0m http v1.4.1
[1m[92m  Downloaded[0m arrow-array v59.3.0
[1m[92m  Downloaded[0m roaring v0.11.4
[1m[92m  Downloaded[0m arrow-schema v59.3.0
[1m[92m  Downloaded[0m intrusive-collections v0.9.7
[1m[92m  Downloaded[0m aristo v0.4.1
[1m[92m  Downloaded[0m datafusion-catalog-listing v53.1.0
[1m[92m  Downloaded[0m pem-rfc7468 v0.7.0
[1m[92m  Downloaded[0m phf_macros v0.11.3
[1m[92m  Downloaded[0m snafu-derive v0.9.1
[1m[92m  Downloaded[0m sonic-rs v0.5.8
[1m[92m  Downloaded[0m zerofrom-derive v0.1.7
[1m[92m  Downloaded[0m arrow-array v58.3.0
[1m[92m  Downloaded[0m permutation v0.4.1
[1m[92m  Downloaded[0m rand_core v0.10.1
[1m[92m  Downloaded[0m rand_xoshiro v0.7.0
[1m[92m  Downloaded[0m snafu v0.9.1
[1m[92m  Downloaded[0m tokio-tungstenite v0.28.0
[1m[92m  Downloaded[0m arrow v59.3.0
[1m[92m  Downloaded[0m arrow-select v58.3.0
[1m[92m  Downloaded[0m phf_macros v0.13.1
[1m[92m  Downloaded[0m zeroize v1.8.2
[1m[92m  Downloaded[0m hash32 v0.3.1
[1m[92m  Downloaded[0m heapless v0.8.0
[1m[92m  Downloaded[0m itoa v1.0.18
[1m[92m  Downloaded[0m matchers v0.2.0
[1m[92m  Downloaded[0m num v0.4.3
[1m[92m  Downloaded[0m parking v2.2.1
[1m[92m  Downloaded[0m datafusion-common-runtime v53.1.0
[1m[92m  Downloaded[0m arrow v58.3.0
[1m[92m  Downloaded[0m arrow-select v59.3.0
[1m[92m  Downloaded[0m strum_macros v0.28.0
[1m[92m  Downloaded[0m adler2 v2.0.1
[1m[92m  Downloaded[0m socket2 v0.6.4
[1m[92m  Downloaded[0m tokio-rustls v0.26.4
[1m[92m  Downloaded[0m quinn-udp v0.5.14
[1m[92m  Downloaded[0m datafusion-catalog v55.1.0
[1m[92m  Downloaded[0m pdqselect v0.1.0
[1m[92m  Downloaded[0m psl-types v2.0.11
[1m[92m  Downloaded[0m ptr_meta v0.1.4
[1m[92m  Downloaded[0m simsimd v6.5.16
[1m[92m  Downloaded[0m pbkdf2 v0.12.2
[1m[92m  Downloaded[0m prost-types v0.14.3
[1m[92m  Downloaded[0m serde_with v3.20.0
[1m[92m  Downloaded[0m serde_yaml_ng v0.10.0
[1m[92m  Downloaded[0m unicode-width v0.1.14
[1m[92m  Downloaded[0m lindera v3.0.7
[1m[92m  Downloaded[0m num-integer v0.1.46
[1m[92m  Downloaded[0m sqlparser_derive v0.5.0
[1m[92m  Downloaded[0m sif-itree v0.4.1
[1m[92m  Downloaded[0m subtle v2.6.1
[1m[92m  Downloaded[0m typenum v1.20.1
[1m[92m  Downloaded[0m idna v1.1.0
[1m[92m  Downloaded[0m lindera-dictionary v3.0.7
[1m[92m  Downloaded[0m softaes v0.1.5
[1m[92m  Downloaded[0m unicode-width v0.2.2
[1m[92m  Downloaded[0m deunicode v1.6.2
[1m[92m  Downloaded[0m h2 v0.4.14
[1m[92m  Downloaded[0m io-uring v0.7.12
[1m[92m  Downloaded[0m aristo-macros v0.4.1
[1m[92m  Downloaded[0m datafusion-execution v53.1.0
[1m[92m  Downloaded[0m tokio-macros v2.7.0
[1m[92m  Downloaded[0m pkcs1 v0.7.5
[1m[92m  Downloaded[0m proc-macro2 v1.0.106
[1m[92m  Downloaded[0m seize v0.5.1
[1m[92m  Downloaded[0m thiserror v2.0.18
[1m[92m  Downloaded[0m num-iter v0.1.45
[1m[92m  Downloaded[0m sec1 v0.7.3
[1m[92m  Downloaded[0m zod-rs-util v1.0.1
[1m[92m  Downloaded[0m datafusion-functions-window v55.1.0
[1m[92m  Downloaded[0m rand_distr v0.5.1
[1m[92m  Downloaded[0m scratch v1.0.9
[1m[92m  Downloaded[0m getrandom v0.4.2
[1m[92m  Downloaded[0m hmac v0.13.0
[1m[92m  Downloaded[0m indexmap v2.14.0
[1m[92m  Downloaded[0m lz4-sys v1.11.1+lz4-1.10.0
[1m[92m  Downloaded[0m ar_archive_writer v0.5.3
[1m[92m  Downloaded[0m sysinfo v0.37.2
[1m[92m  Downloaded[0m turso_sync_engine v0.7.2
[1m[92m  Downloaded[0m psm v0.1.32
[1m[92m  Downloaded[0m nu-ansi-term v0.50.3
[1m[92m  Downloaded[0m writeable v0.6.4
[1m[92m  Downloaded[0m zstd-safe v7.2.4
[1m[92m  Downloaded[0m lance-datagen v7.0.0
[1m[92m  Downloaded[0m datafusion-functions-table v53.1.0
[1m[92m  Downloaded[0m pem v3.0.6
[1m[92m  Downloaded[0m rand_chacha v0.9.0
[1m[92m  Downloaded[0m rust_decimal v1.42.0
[1m[92m  Downloaded[0m zeroize_derive v1.4.3
[1m[92m  Downloaded[0m diskann v0.54.0
[1m[92m  Downloaded[0m home v0.5.12
[1m[92m  Downloaded[0m mime v0.3.17
[1m[92m  Downloaded[0m p256 v0.13.2
[1m[92m  Downloaded[0m papaya v0.2.4
[1m[92m  Downloaded[0m datafusion-datasource-json v53.1.0
[1m[92m  Downloaded[0m write16 v1.0.0
[1m[92m  Downloaded[0m arrow-string v55.2.0
[1m[92m  Downloaded[0m lexical-parse-integer v1.0.6
[1m[92m  Downloaded[0m openssl-probe v0.2.1
[1m[92m  Downloaded[0m datafusion-common-runtime v55.1.0
[1m[92m  Downloaded[0m datafusion-datasource-csv v55.1.0
[1m[92m  Downloaded[0m shlex v1.3.0
[1m[92m  Downloaded[0m shlex v2.0.1
[1m[92m  Downloaded[0m hyperloglogplus v0.4.1
[1m[92m  Downloaded[0m simdutf8 v0.1.5
[1m[92m  Downloaded[0m robust v1.2.0
[1m[92m  Downloaded[0m rstar v0.9.3
[1m[92m  Downloaded[0m anyhow v1.0.102
[1m[92m  Downloaded[0m smallvec v1.15.1
[1m[92m  Downloaded[0m jsonwebtoken v10.4.0
[1m[92m  Downloaded[0m datafusion-datasource-arrow v55.1.0
[1m[92m  Downloaded[0m datafusion-functions-aggregate-common v53.1.0
[1m[92m  Downloaded[0m scheduled-thread-pool v0.2.7
[1m[92m  Downloaded[0m yoke-derive v0.8.2
[1m[92m  Downloaded[0m hashbrown v0.12.3
[1m[92m  Downloaded[0m icu_normalizer_data v2.3.0
[1m[92m  Downloaded[0m num-bigint v0.4.6
[1m[92m  Downloaded[0m path_abs v0.5.1
[1m[92m  Downloaded[0m futures-util v0.3.32
[1m[92m  Downloaded[0m rand_chacha v0.3.1
[1m[92m  Downloaded[0m datafusion-execution v55.1.0
[1m[92m  Downloaded[0m serde v1.0.228
[1m[92m  Downloaded[0m surrealdb-strand v3.2.4
[1m[92m  Downloaded[0m ipnet v2.12.0
[1m[92m  Downloaded[0m wyz v0.5.1
[1m[92m  Downloaded[0m lance-file v7.0.0
[1m[92m  Downloaded[0m datafusion-expr v55.1.0
[1m[92m  Downloaded[0m once_cell v1.21.4
[1m[92m  Downloaded[0m datafusion-functions-aggregate-common v55.1.0
[1m[92m  Downloaded[0m salsa20 v0.10.2
[1m[92m  Downloaded[0m serde_yaml v0.9.34+deprecated
[1m[92m  Downloaded[0m hyper v1.10.1
[1m[92m  Downloaded[0m mime_guess v2.0.5
[1m[92m  Downloaded[0m datafusion-functions v53.1.0
[1m[92m  Downloaded[0m phf v0.11.3
[1m[92m  Downloaded[0m prost-derive v0.14.3
[1m[92m  Downloaded[0m turso_macros v0.7.2
[1m[92m  Downloaded[0m humantime v2.3.0
[1m[92m  Downloaded[0m approx v0.5.1
[1m[92m  Downloaded[0m ptr_meta v0.3.1
[1m[92m  Downloaded[0m datafusion-datasource-arrow v53.1.0
[1m[92m  Downloaded[0m phf_generator v0.13.1
[1m[92m  Downloaded[0m proc-macro-crate v3.5.0
[1m[92m  Downloaded[0m tracing-attributes v0.1.31
[1m[92m  Downloaded[0m datafusion-functions-table v55.1.0
[1m[92m  Downloaded[0m tracing-appender v0.2.5
[1m[92m  Downloaded[0m datafusion-functions-nested v55.1.0
[1m[92m  Downloaded[0m lexical-write-integer v1.0.6
[1m[92m  Downloaded[0m miniz_oxide v0.8.9
[1m[92m  Downloaded[0m regex v1.12.3
[1m[92m  Downloaded[0m data-encoding v2.11.0
[1m[92m  Downloaded[0m hybrid-array v0.4.12
[1m[92m  Downloaded[0m arrow-string v59.3.0
[1m[92m  Downloaded[0m datafusion-catalog v53.1.0
[1m[92m  Downloaded[0m num-bigint v0.5.1
[1m[92m  Downloaded[0m radium v0.7.0
[1m[92m  Downloaded[0m snafu v0.8.9
[1m[92m  Downloaded[0m ordered-float v5.3.0
[1m[92m  Downloaded[0m aead v0.5.2
[1m[92m  Downloaded[0m zod-rs v1.0.1
[1m[92m  Downloaded[0m revision v0.30.0
[1m[92m  Downloaded[0m icu_collator_data v2.3.0
[1m[92m  Downloaded[0m datafusion-functions-window v53.1.0
[1m[92m  Downloaded[0m zerocopy-derive v0.8.50
[1m[92m  Downloaded[0m lexical-util v1.0.7
[1m[92m  Downloaded[0m itertools v0.13.0
[1m[92m  Downloaded[0m datafusion-catalog-listing v55.1.0
[1m[92m  Downloaded[0m jobserver v0.1.34
[1m[92m  Downloaded[0m option-ext v0.2.0
[1m[92m  Downloaded[0m phf v0.12.1
[1m[92m  Downloaded[0m phf_generator v0.11.3
[1m[92m  Downloaded[0m quote v1.0.45
[1m[92m  Downloaded[0m r2d2 v0.8.10
[1m[92m  Downloaded[0m sha1_smol v1.0.1
[1m[92m  Downloaded[0m static_assertions v1.1.0
[1m[92m  Downloaded[0m hashbrown v0.14.5
[1m[92m  Downloaded[0m hex v0.4.3
[1m[92m  Downloaded[0m lancedb v0.30.0
[1m[92m  Downloaded[0m helix-dsl-macros v0.3.0
[1m[92m  Downloaded[0m tinyvec_macros v0.1.1
[1m[92m  Downloaded[0m datafusion-datasource-csv v53.1.0
[1m[92m  Downloaded[0m ryu v1.0.23
[1m[92m  Downloaded[0m heapless v0.6.1
[1m[92m  Downloaded[0m stacker v0.1.25
[1m[92m  Downloaded[0m zerotrie v0.2.5
[1m[92m  Downloaded[0m sha1 v0.10.6
[1m[92m  Downloaded[0m phf v0.13.1
[1m[92m  Downloaded[0m ptr_meta_derive v0.3.1
[1m[92m  Downloaded[0m itertools v0.14.0
[1m[92m  Downloaded[0m ahash v0.7.8
[1m[92m  Downloaded[0m hmac v0.12.1
[1m[92m  Downloaded[0m lance-namespace-reqwest-client v0.7.7
[1m[92m  Downloaded[0m scopeguard v1.2.0
[1m[92m  Downloaded[0m headers-core v0.3.0
[1m[92m  Downloaded[0m argon2 v0.5.3
[1m[92m  Downloaded[0m async-channel v2.5.0
[1m[92m  Downloaded[0m num-bigint-dig v0.8.6
[1m[92m  Downloaded[0m datafusion-functions v55.1.0
[1m[92m  Downloaded[0m heapless v0.7.17
[1m[92m  Downloaded[0m yoke v0.8.3
[1m[92m  Downloaded[0m lance-arrow v7.0.0
[1m[92m  Downloaded[0m libm v0.2.16
[1m[92m  Downloaded[0m zmij v1.0.21
[1m[92m  Downloaded[0m webpki-roots v1.0.7
[1m[92m  Downloaded[0m xxhash-rust v0.8.15
[1m[92m  Downloaded[0m phf_codegen v0.11.3
[1m[92m  Downloaded[0m nom v8.0.0
[1m[92m  Downloaded[0m lexical-core v1.0.6
[1m[92m  Downloaded[0m ptr_meta_derive v0.1.4
[1m[92m  Downloaded[0m same-file v1.0.6
[1m[92m  Downloaded[0m winnow v1.0.3
[1m[92m  Downloaded[0m num-rational v0.4.2
[1m[92m  Downloaded[0m datafusion-sql v53.1.0
[1m[92m  Downloaded[0m jieba-macros v0.9.0
[1m[92m  Downloaded[0m prettyplease v0.2.37
[1m[92m  Downloaded[0m datafusion-datasource v53.1.0
[1m[92m  Downloaded[0m turso_sdk_kit v0.7.2
[1m[92m  Downloaded[0m quinn-proto v0.11.14
[1m[92m  Downloaded[0m matchit v0.8.4
[1m[92m  Downloaded[0m hyper-util v0.1.20
[1m[92m  Downloaded[0m matrixmultiply v0.3.10
[1m[92m  Downloaded[0m zerovec-derive v0.11.6
[1m[92m  Downloaded[0m primeorder v0.13.6
[1m[92m  Downloaded[0m hashbrown v0.16.1
[1m[92m  Downloaded[0m semver v1.0.28
[1m[92m  Downloaded[0m sharded-slab v0.1.7
[1m[92m  Downloaded[0m md-5 v0.10.6
[1m[92m  Downloaded[0m thiserror-impl v2.0.18
[1m[92m  Downloaded[0m turso_ext v0.7.2
[1m[92m  Downloaded[0m surrealdb-types v3.2.4
[1m[92m  Downloaded[0m hashbrown v0.17.1
[1m[92m  Downloaded[0m lance-core v7.0.0
[1m[92m  Downloaded[0m zerovec v0.11.8
[1m[92m  Downloaded[0m datafusion-datasource v55.1.0
[1m[92m  Downloaded[0m zerocopy v0.8.50
[1m[92m  Downloaded[0m lance-datafusion v7.0.0
[1m[92m  Downloaded[0m sha2 v0.11.0
[1m[92m  Downloaded[0m rustix v0.38.44
[1m[92m  Downloaded[0m hkdf v0.12.4
[1m[92m  Downloaded[0m arcstr v1.2.0
[1m[92m  Downloaded[0m kanaria v0.2.0
[1m[92m  Downloaded[0m rustls-webpki v0.103.13
[1m[92m  Downloaded[0m portable-atomic v1.13.1
[1m[92m  Downloaded[0m rayon v1.12.0
[1m[92m  Downloaded[0m datafusion-physical-expr v53.1.0
[1m[92m  Downloaded[0m object_store v0.13.2
[1m[92m  Downloaded[0m datafusion-functions-nested v53.1.0
[1m[92m  Downloaded[0m datafusion-physical-expr v55.1.0
[1m[92m  Downloaded[0m minimal-lexical v0.2.1
[1m[92m  Downloaded[0m datafusion v53.1.0
[1m[92m  Downloaded[0m lance-table v7.0.0
[1m[92m  Downloaded[0m datafusion-common v55.1.0
[1m[92m  Downloaded[0m datafusion-sql v55.1.0
[1m[92m  Downloaded[0m chrono-tz v0.10.4
[1m[92m  Downloaded[0m surrealdb v3.2.4
[1m[92m  Downloaded[0m ahash v0.8.12
[1m[92m  Downloaded[0m allocator-api2 v0.2.21
[1m[92m  Downloaded[0m icu_properties v2.3.0
[1m[92m  Downloaded[0m ammonia v4.1.2
[1m[92m  Downloaded[0m tokio-postgres v0.7.18
[1m[92m  Downloaded[0m schemars v1.2.1
[1m[92m  Downloaded[0m brotli v8.0.4
[1m[92m  Downloaded[0m datafusion v55.1.0
[1m[92m  Downloaded[0m object v0.39.1
[1m[92m  Downloaded[0m time v0.3.47
[1m[92m  Downloaded[0m tracing-subscriber v0.3.23
[1m[92m  Downloaded[0m itertools v0.15.0
[1m[92m  Downloaded[0m datafusion-optimizer v55.1.0
[1m[92m  Downloaded[0m turso_parser v0.7.2
[1m[92m  Downloaded[0m vart v0.9.3
[1m[92m  Downloaded[0m lexical-write-float v1.0.6
[1m[92m  Downloaded[0m headers v0.4.1
[1m[92m  Downloaded[0m helix-db v3.0.0
[1m[92m  Downloaded[0m lance-namespace-impls v7.0.0
[1m[92m  Downloaded[0m rustix v1.1.4
[1m[92m  Downloaded[0m sqlparser v0.61.0
[1m[92m  Downloaded[0m libmimalloc-sys v0.1.49
[1m[92m  Downloaded[0m jiff v0.2.28
[1m[92m  Downloaded[0m csv v1.4.0
[1m[92m  Downloaded[0m tracing v0.1.44
[1m[92m  Downloaded[0m sqlparser v0.62.0
[1m[92m  Downloaded[0m fastnum v0.7.4
[1m[92m  Downloaded[0m itertools v0.11.0
[1m[92m  Downloaded[0m async-compression v0.4.42
[1m[92m  Downloaded[0m icu_properties_data v2.3.0
[1m[92m  Downloaded[0m moka v0.12.15
[1m[92m  Downloaded[0m datafusion-functions-aggregate v55.1.0
[1m[92m  Downloaded[0m aho-corasick v1.1.4
[1m[92m  Downloaded[0m tokio v1.52.3
[1m[92m  Downloaded[0m aegis v0.9.12
[1m[92m  Downloaded[0m hashbrown v0.15.5
[1m[92m  Downloaded[0m tokio-util v0.7.18
[1m[92m  Downloaded[0m p384 v0.13.1
[1m[92m  Downloaded[0m datafusion-expr v53.1.0
[1m[92m  Downloaded[0m faststr v0.2.34
[1m[92m  Downloaded[0m zstd-sys v2.0.16+zstd.1.5.7
[1m[92m  Downloaded[0m geo v0.32.0
[1m[92m  Downloaded[0m petgraph v0.8.3
[1m[92m  Downloaded[0m lexical-parse-float v1.0.6
[1m[92m  Downloaded[0m icu_collator v2.3.1
[1m[92m  Downloaded[0m datafusion-common v53.1.0
[1m[92m  Downloaded[0m quick-xml v0.40.1
[1m[92m  Downloaded[0m regex-syntax v0.8.10
[1m[92m  Downloaded[0m lance-encoding v7.0.0
[1m[92m  Downloaded[0m ring v0.17.14
[1m[92m  Downloaded[0m rustls v0.23.40
[1m[92m  Downloaded[0m diskann-wide v0.54.0
[1m[92m  Downloaded[0m lance v7.0.0
[1m[92m  Downloaded[0m icu_locale_data v2.3.0
[1m[92m  Downloaded[0m redis v1.6.0
[1m[92m  Downloaded[0m spade v2.15.1
[1m[92m  Downloaded[0m lance-index v7.0.0
[1m[92m  Downloaded[0m datafusion-physical-plan v53.1.0
[1m[92m  Downloaded[0m earcutr v0.4.3
[1m[92m  Downloaded[0m icu_normalizer v2.3.0
[1m[92m  Downloaded[0m linux-raw-sys v0.4.15
[1m[92m  Downloaded[0m regex-automata v0.4.14
[1m[92m  Downloaded[0m rust-stemmers v1.2.0
[1m[92m  Downloaded[0m turso_core v0.7.2
[1m[92m  Downloaded[0m libc v0.2.186
[1m[92m  Downloaded[0m datafusion-physical-plan v55.1.0
[1m[92m  Downloaded[0m jsonb v0.5.6
[1m[92m  Downloaded[0m encoding_rs v0.8.35
[1m[92m  Downloaded[0m fst v0.4.7
[1m[92m  Downloaded[0m jieba-rs v0.9.0
[1m[92m  Downloaded[0m surrealdb-core v3.2.4
[1m[92m  Downloaded[0m linux-raw-sys v0.12.1
[1m[92m  Downloaded[0m aws-lc-sys v0.41.0
[1m[92m  Downloaded[0m random_word v0.5.2
[1m[92m  Downloaded[0m lbug v0.20.4
[1m[92m   Compiling[0m proc-macro2 v1.0.106
[1m[92m   Compiling[0m quote v1.0.45
[1m[92m   Compiling[0m unicode-ident v1.0.24
[1m[92m   Compiling[0m libc v0.2.186
[1m[92m   Compiling[0m syn v2.0.117
[1m[92m   Compiling[0m cfg-if v1.0.4
[1m[92m   Compiling[0m serde_core v1.0.228
[1m[92m   Compiling[0m serde v1.0.228
[1m[92m   Compiling[0m equivalent v1.0.2
[1m[92m   Compiling[0m memchr v2.8.1
[1m[92m   Compiling[0m autocfg v1.5.1
[1m[92m   Compiling[0m libm v0.2.16
[1m[92m   Compiling[0m serde_derive v1.0.228
[1m[92m   Compiling[0m allocator-api2 v0.2.21
[1m[92m   Compiling[0m itoa v1.0.18
[1m[92m   Compiling[0m num-traits v0.2.19
[1m[92m   Compiling[0m foldhash v0.2.0
[1m[92m   Compiling[0m once_cell v1.21.4
[1m[92m   Compiling[0m zerocopy v0.8.50
[1m[92m   Compiling[0m version_check v0.9.5
[1m[92m   Compiling[0m hashbrown v0.17.1
[1m[92m   Compiling[0m bytes v1.11.1
[1m[92m   Compiling[0m zerocopy-derive v0.8.50
[1m[92m   Compiling[0m bitflags v2.11.1
[1m[92m   Compiling[0m indexmap v2.14.0
[1m[92m   Compiling[0m getrandom v0.3.4
[1m[92m   Compiling[0m smallvec v1.15.1
[1m[92m   Compiling[0m jobserver v0.1.34
[1m[92m   Compiling[0m find-msvc-tools v0.1.9
[1m[92m   Compiling[0m shlex v2.0.1
[1m[92m   Compiling[0m cc v1.2.63
[1m[92m   Compiling[0m zmij v1.0.21
[1m[92m   Compiling[0m rand_core v0.9.5
[1m[92m   Compiling[0m serde_json v1.0.150
[1m[92m   Compiling[0m ppv-lite86 v0.2.21
[1m[92m   Compiling[0m rand_chacha v0.9.0
[1m[92m   Compiling[0m rand v0.9.4
[1m[92m   Compiling[0m num-integer v0.1.46
[1m[92m   Compiling[0m siphasher v1.0.3
[1m[92m   Compiling[0m bytemuck_derive v1.10.2
[1m[92m   Compiling[0m iana-time-zone v0.1.65
[1m[92m   Compiling[0m chrono v0.4.45
[1m[92m   Compiling[0m bytemuck v1.25.0
[1m[92m   Compiling[0m syn v3.0.4
[1m[92m   Compiling[0m pin-project-lite v0.2.17
[1m[92m   Compiling[0m rand_distr v0.5.1
[1m[92m   Compiling[0m half v2.7.1
[1m[92m   Compiling[0m parking_lot_core v0.9.12
[1m[92m   Compiling[0m ahash v0.8.12
[1m[92m   Compiling[0m scopeguard v1.2.0
[1m[92m   Compiling[0m lock_api v0.4.14
[1m[92m   Compiling[0m either v1.16.0
[1m[92m   Compiling[0m num-complex v0.4.6
[1m[92m   Compiling[0m aho-corasick v1.1.4
[1m[92m   Compiling[0m regex-syntax v0.8.10
[1m[92m   Compiling[0m parking_lot v0.12.5
[1m[92m   Compiling[0m ryu v1.0.23
[1m[92m   Compiling[0m log v0.4.30
[1m[92m   Compiling[0m futures-core v0.3.32
[1m[92m   Compiling[0m thiserror v2.0.18
[1m[92m   Compiling[0m regex-automata v0.4.14
[1m[92m   Compiling[0m stable_deref_trait v1.2.1
[1m[92m   Compiling[0m thiserror-impl v2.0.18
[1m[92m   Compiling[0m synstructure v0.13.2
[1m[92m   Compiling[0m regex v1.12.3
[1m[92m   Compiling[0m futures-sink v0.3.32
[1m[92m   Compiling[0m futures-io v0.3.32
[1m[92m   Compiling[0m zerofrom-derive v0.1.7
[1m[92m   Compiling[0m zerofrom v0.1.8
[1m[92m   Compiling[0m yoke-derive v0.8.2
[1m[92m   Compiling[0m socket2 v0.6.4
[1m[92m   Compiling[0m slab v0.4.12
[1m[92m   Compiling[0m futures-channel v0.3.32
[1m[92m   Compiling[0m errno v0.3.14
[1m[92m   Compiling[0m signal-hook-registry v1.4.8
[1m[92m   Compiling[0m yoke v0.8.3
[1m[92m   Compiling[0m zerovec-derive v0.11.6
[1m[92m   Compiling[0m tokio-macros v2.7.0
[1m[92m   Compiling[0m futures-macro v0.3.32
[1m[92m   Compiling[0m mio v1.2.1
[1m[92m   Compiling[0m futures-task v0.3.32
[1m[92m   Compiling[0m futures-util v0.3.32
[1m[92m   Compiling[0m tokio v1.52.3
[1m[92m   Compiling[0m zerovec v0.11.8
[1m[92m   Compiling[0m displaydoc v0.2.6
[1m[92m   Compiling[0m writeable v0.6.4
[1m[92m   Compiling[0m percent-encoding v2.3.2
[1m[92m   Compiling[0m semver v1.0.28
[1m[92m   Compiling[0m rustc_version v0.4.1
[1m[92m   Compiling[0m tinystr v0.8.4
[1m[92m   Compiling[0m phf_shared v0.12.1
[1m[92m   Compiling[0m tracing-core v0.1.36
[1m[92m   Compiling[0m chrono-tz v0.10.4
[1m[92m   Compiling[0m litemap v0.8.2
[1m[92m   Compiling[0m icu_locale_core v2.3.0
[1m[92m   Compiling[0m phf v0.12.1
[1m[92m   Compiling[0m potential_utf v0.1.5
[1m[92m   Compiling[0m zerotrie v0.2.5
[1m[92m   Compiling[0m tracing-attributes v0.1.31
[1m[92m   Compiling[0m icu_provider v2.3.1
[1m[92m   Compiling[0m tracing v0.1.44
[1m[92m   Compiling[0m http v1.4.1
[1m[92m   Compiling[0m utf8_iter v1.0.4
[1m[92m   Compiling[0m icu_collections v2.3.0
[1m[92m   Compiling[0m icu_properties_data v2.3.0
[1m[92m   Compiling[0m icu_normalizer_data v2.3.0
[1m[92m   Compiling[0m itertools v0.14.0
[1m[92m   Compiling[0m async-trait v0.1.92
[1m[92m   Compiling[0m write16 v1.0.0
[1m[92m   Compiling[0m utf16_iter v1.0.5
[1m[92m   Compiling[0m icu_normalizer v2.3.0
[1m[92m   Compiling[0m icu_properties v2.3.0
[1m[92m   Compiling[0m getrandom v0.4.2
[1m[92m   Compiling[0m rand_core v0.10.1
[1m[92m   Compiling[0m num-bigint v0.4.6
[1m[92m   Compiling[0m crossbeam-utils v0.8.21
[1m[92m   Compiling[0m flatbuffers v25.12.19
[1m[92m   Compiling[0m lexical-util v1.0.7
[1m[92m   Compiling[0m simdutf8 v0.1.5
[1m[92m   Compiling[0m twox-hash v2.1.2
[1m[92m   Compiling[0m sha1_smol v1.0.1
[1m[92m   Compiling[0m idna_adapter v1.2.2
[1m[92m   Compiling[0m form_urlencoded v1.2.2
[1m[92m   Compiling[0m fastrand v2.4.1
[1m[92m   Compiling[0m idna v1.1.0
[1m[92m   Compiling[0m lexical-parse-integer v1.0.6
[1m[92m   Compiling[0m lexical-write-integer v1.0.6
[1m[92m   Compiling[0m pkg-config v0.3.33
[1m[92m   Compiling[0m lexical-write-float v1.0.6
[1m[92m   Compiling[0m lexical-parse-float v1.0.6
[1m[92m   Compiling[0m zstd-sys v2.0.16+zstd.1.5.7
[1m[92m   Compiling[0m url v2.5.8
[1m[92m   Compiling[0m uuid v1.23.2
[1m[92m   Compiling[0m getrandom v0.2.17
[1m[92m   Compiling[0m lexical-core v1.0.6
[1m[92m   Compiling[0m atoi v2.0.0
[1m[92m   Compiling[0m zstd-safe v7.2.4
[1m[92m   Compiling[0m csv-core v0.1.13
[1m[92m   Compiling[0m base64 v0.22.1
[1m[92m   Compiling[0m csv v1.4.0
[1m[92m   Compiling[0m unicode-segmentation v1.13.3
[1m[92m   Compiling[0m typenum v1.20.1
[1m[92m   Compiling[0m unicode-width v0.2.2
[1m[92m   Compiling[0m comfy-table v7.2.2
[1m[92m   Compiling[0m rand_core v0.6.4
[1m[92m   Compiling[0m foldhash v0.1.5
[1m[92m   Compiling[0m same-file v1.0.6
[1m[92m   Compiling[0m walkdir v2.5.0
[1m[92m   Compiling[0m hashbrown v0.15.5
[1m[92m   Compiling[0m humantime v2.3.0
[1m[92m   Compiling[0m object_store v0.13.2
[1m[92m   Compiling[0m sqlparser_derive v0.5.0
[1m[92m   Compiling[0m generic-array v0.14.7
[1m[92m   Compiling[0m subtle v2.6.1
[1m[92m   Compiling[0m fixedbitset v0.5.7
[1m[92m   Compiling[0m tokio-util v0.7.18
[1m[92m   Compiling[0m crypto-common v0.1.7
[1m[92m   Compiling[0m arrow-buffer v58.3.0
[1m[92m   Compiling[0m arrow-schema v58.3.0
[1m[92m   Compiling[0m arrow-data v58.3.0
[1m[92m   Compiling[0m rustix v1.1.4
[1m[92m   Compiling[0m arrow-array v58.3.0
[1m[92m   Compiling[0m zstd v0.13.3
[1m[92m   Compiling[0m futures-executor v0.3.32
[1m[92m   Compiling[0m linux-raw-sys v0.12.1
[1m[92m   Compiling[0m futures v0.3.32
[1m[92m   Compiling[0m hex v0.4.3
[1m[92m   Compiling[0m arrow-select v58.3.0
[1m[92m   Compiling[0m tempfile v3.27.0
[1m[92m   Compiling[0m rustversion v1.0.22
[1m[92m   Compiling[0m hashbrown v0.14.5
[1m[92m   Compiling[0m dashmap v6.2.1
[1m[92m   Compiling[0m petgraph v0.8.3
[1m[92m   Compiling[0m lz4_flex v0.13.1
[1m[92m   Compiling[0m hashbrown v0.16.1
[1m[92m   Compiling[0m cpufeatures v0.2.17
[1m[92m   Compiling[0m arrow-ipc v58.3.0
[1m[92m   Compiling[0m num-bigint v0.5.1
[1m[92m   Compiling[0m arrow-ord v58.3.0
[1m[92m   Compiling[0m pin-project-internal v1.1.13
[1m[92m   Compiling[0m byteorder v1.5.0
[1m[92m   Compiling[0m anyhow v1.0.102
[1m[92m   Compiling[0m pin-project v1.1.13
[1m[92m   Compiling[0m arrow-buffer v59.3.0
[1m[92m   Compiling[0m arrow-schema v59.3.0
[1m[92m   Compiling[0m arrow-data v59.3.0
[1m[92m   Compiling[0m arrow-array v59.3.0
[1m[92m   Compiling[0m arrow-cast v58.3.0
[1m[92m   Compiling[0m block-buffer v0.10.4
[1m[92m   Compiling[0m digest v0.10.7
[1m[92m   Compiling[0m paste v1.0.15
[1m[92m   Compiling[0m heck v0.5.0
[1m[92m   Compiling[0m arrow-json v58.3.0
[1m[92m   Compiling[0m arrow-csv v58.3.0
[1m[92m   Compiling[0m arrow-string v58.3.0
[1m[92m   Compiling[0m arrow-row v58.3.0
[1m[92m   Compiling[0m arrow-arith v58.3.0
[1m[92m   Compiling[0m glob v0.3.3
[1m[92m   Compiling[0m cpufeatures v0.3.0
[1m[92m   Compiling[0m arrow-select v59.3.0
[1m[92m   Compiling[0m arrow v58.3.0
[1m[92m   Compiling[0m prost-derive v0.14.3
[1m[92m   Compiling[0m arrayvec v0.7.6
[1m[92m   Compiling[0m sqlparser v0.61.0
[1m[92m   Compiling[0m crossbeam-epoch v0.9.18
[1m[92m   Compiling[0m fnv v1.0.7
[1m[92m   Compiling[0m cmake v0.1.58
[1m[92m   Compiling[0m lz4_flex v0.14.0
[1m[92m   Compiling[0m zeroize_derive v1.4.3
[1m[92m   Compiling[0m object v0.39.1
[1m[92m   Compiling[0m zeroize v1.8.2
[1m[92m   Compiling[0m arrow-ipc v59.3.0
[1m[92m   Compiling[0m sha2 v0.10.9
[1m[92m   Compiling[0m datafusion-doc v53.1.0
[1m[92m   Compiling[0m ar_archive_writer v0.5.3
[1m[92m   Compiling[0m blake3 v1.8.5
[1m[92m   Compiling[0m dunce v1.0.5
[1m[92m   Compiling[0m fs_extra v1.3.0
[1m[92m   Compiling[0m datafusion-common v53.1.0
[1m[92m   Compiling[0m datafusion-expr-common v53.1.0
[1m[92m   Compiling[0m datafusion-physical-expr-common v53.1.0
[1m[92m   Compiling[0m datafusion-functions-window-common v53.1.0
[1m[92m   Compiling[0m datafusion-functions-aggregate-common v53.1.0
[1m[92m   Compiling[0m arrayref v0.3.9
[1m[92m   Compiling[0m aws-lc-sys v0.41.0
[1m[92m   Compiling[0m datafusion-expr v53.1.0
[1m[92m   Compiling[0m psm v0.1.32
[1m[92m   Compiling[0m blake2 v0.10.6
[1m[92m   Compiling[0m http-body v1.0.1
[1m[92m   Compiling[0m prettyplease v0.2.37
[1m[92m   Compiling[0m httparse v1.10.1
[1m[92m   Compiling[0m constant_time_eq v0.4.2
[1m[92m   Compiling[0m arrow-ord v59.3.0
[1m[92m   Compiling[0m md-5 v0.10.6
[1m[92m   Compiling[0m stacker v0.1.25
[1m[92m   Compiling[0m base64 v0.23.1
[1m[92m   Compiling[0m tower-service v0.3.3
[1m[92m   Compiling[0m unsafe-libyaml v0.2.11
[1m[92m   Compiling[0m arrow-cast v59.3.0
[1m[92m   Compiling[0m datafusion-physical-expr v53.1.0
[1m[92m   Compiling[0m datafusion-macros v53.1.0
[1m[92m   Compiling[0m unicase v2.9.0
[1m[92m   Compiling[0m aws-lc-rs v1.17.0
[1m[92m   Compiling[0m datafusion-execution v53.1.0
[1m[92m   Compiling[0m recursive-proc-macro-impl v0.1.1
[1m[92m   Compiling[0m try-lock v0.2.5
[1m[92m   Compiling[0m atomic-waker v1.1.2
[1m[92m   Compiling[0m httpdate v1.0.3
[1m[92m   Compiling[0m h2 v0.4.14
[1m[92m   Compiling[0m want v0.3.1
[1m[92m   Compiling[0m recursive v0.1.1
[1m[92m   Compiling[0m arrow-csv v59.3.0
[1m[92m   Compiling[0m arrow-json v59.3.0
[1m[92m   Compiling[0m rustls-pki-types v1.14.1
[1m[92m   Compiling[0m arrow-string v59.3.0
[1m[92m   Compiling[0m arrow-row v59.3.0
[1m[92m   Compiling[0m arrow-arith v59.3.0
[1m[92m   Compiling[0m castaway v0.2.4
[1m[92m   Compiling[0m ring v0.17.14
[1m[92m   Compiling[0m untrusted v0.7.1
[1m[92m   Compiling[0m arrow v59.3.0
[1m[92m   Compiling[0m sqlparser v0.62.0
[1m[92m   Compiling[0m hyper v1.10.1
[1m[92m   Compiling[0m datafusion-functions v53.1.0
[1m[92m   Compiling[0m http-body-util v0.1.3
[1m[92m   Compiling[0m crossbeam-channel v0.5.15
[1m[92m   Compiling[0m itertools v0.15.0
[1m[92m   Compiling[0m ipnet v2.12.0
[1m[92m   Compiling[0m hyper-util v0.1.20
[1m[92m   Compiling[0m datafusion-common v55.1.0
[1m[92m   Compiling[0m tokio-stream v0.1.18
[1m[92m   Compiling[0m sync_wrapper v1.0.2
[1m[92m   Compiling[0m bigdecimal v0.4.10
[1m[92m   Compiling[0m untrusted v0.9.0
[1m[92m   Compiling[0m strsim v0.11.1
[1m[92m   Compiling[0m tower-layer v0.3.3
[1m[92m   Compiling[0m mime v0.3.17
[1m[92m   Compiling[0m prost v0.14.3
[1m[92m   Compiling[0m roaring v0.11.4
[1m[92m   Compiling[0m datafusion-expr-common v55.1.0
[1m[92m   Compiling[0m static_assertions v1.1.0
[1m[92m   Compiling[0m rustls v0.23.40
[1m[92m   Compiling[0m compact_str v0.9.1
[1m[92m   Compiling[0m datafusion-physical-expr-common v55.1.0
[1m[92m   Compiling[0m rustls-webpki v0.103.13
[1m[92m   Compiling[0m tower v0.5.3
[1m[92m   Compiling[0m zod-rs-util v1.0.1
[1m[92m   Compiling[0m garde_derive v0.23.0
[1m[92m   Compiling[0m zod-rs v1.0.1
[1m[92m   Compiling[0m garde v0.23.0
[1m[92m   Compiling[0m serde_yaml v0.9.34+deprecated
[1m[92m   Compiling[0m quick-xml v0.40.1
[1m[92m   Compiling[0m ident_case v1.0.1
[1m[92m   Compiling[0m datafusion-doc v55.1.0
[1m[92m   Compiling[0m grust-core v0.24.0 (/repo/crates/grust-core)
[1m[92m   Compiling[0m datafusion-functions-window-common v55.1.0
[1m[92m   Compiling[0m datafusion-functions-aggregate-common v55.1.0
[1m[92m   Compiling[0m num-rational v0.4.2
[1m[92m   Compiling[0m num-iter v0.1.45
[1m[92m   Compiling[0m num_cpus v1.17.0
[1m[92m   Compiling[0m rayon-core v1.13.0
[1m[92m   Compiling[0m num v0.4.3
[1m[92m   Compiling[0m datafusion-expr v55.1.0
[1m[92m   Compiling[0m prost-types v0.14.3
[1m[92m   Compiling[0m crossbeam-deque v0.8.6
[1m[92m   Compiling[0m concurrent-queue v2.5.0
[1m[92m   Compiling[0m multimap v0.10.1
[1m[92m   Compiling[0m parking v2.2.1
[1m[92m   Compiling[0m event-listener v5.4.1
[1m[92m   Compiling[0m prost-build v0.14.3
[1m[92m   Compiling[0m arrow-buffer v55.2.0
[1m[92m   Compiling[0m tokio-rustls v0.26.4
[1m[92m   Compiling[0m arrow-schema v55.2.0
[1m[92m   Compiling[0m openssl-probe v0.2.1
[1m[92m   Compiling[0m crc32fast v1.5.0
[1m[92m   Compiling[0m rustls-native-certs v0.8.3
[1m[92m   Compiling[0m arrow-data v55.2.0
[1m[92m   Compiling[0m rayon v1.12.0
[1m[92m   Compiling[0m event-listener-strategy v0.5.4
[1m[92m   Compiling[0m phf_shared v0.13.1
[1m[92m   Compiling[0m adler2 v2.0.1
[1m[92m   Compiling[0m simd-adler32 v0.3.9
[1m[92m   Compiling[0m miniz_oxide v0.8.9
[1m[92m   Compiling[0m phf_generator v0.13.1
[1m[92m   Compiling[0m arrow-array v55.2.0
[1m[92m   Compiling[0m datafusion-physical-expr v55.1.0
[1m[92m   Compiling[0m datafusion-macros v55.1.0
[1m[92m   Compiling[0m encoding_rs v0.8.35
[1m[92m   Compiling[0m flate2 v1.1.9
[1m[92m   Compiling[0m hyper-rustls v0.27.9
[1m[92m   Compiling[0m datafusion-execution v55.1.0
[1m[92m   Compiling[0m datafusion-common-runtime v53.1.0
[1m[92m   Compiling[0m inout v0.1.4
[1m[92m   Compiling[0m compression-core v0.4.32
[1m[92m   Compiling[0m compression-codecs v0.4.38
[1m[92m   Compiling[0m cipher v0.4.4
[1m[92m   Compiling[0m datafusion-physical-plan v53.1.0
[1m[92m   Compiling[0m strum_macros v0.26.4
[1m[92m   Compiling[0m itertools v0.13.0
[1m[92m   Compiling[0m io-uring v0.7.12
[1m[92m   Compiling[0m tinyvec_macros v0.1.1
[1m[92m   Compiling[0m syn v1.0.109
[1m[92m   Compiling[0m tinyvec v1.11.0
[1m[92m   Compiling[0m strum v0.26.3
[1m[92m   Compiling[0m async-compression v0.4.42
[1m[92m   Compiling[0m datafusion-functions v55.1.0
[1m[92m   Compiling[0m datafusion-session v53.1.0
[1m[92m   Compiling[0m phf_macros v0.13.1
[1m[92m   Compiling[0m datafusion-physical-expr-adapter v53.1.0
[1m[92m   Compiling[0m datafusion-functions-aggregate v53.1.0
[1m[92m   Compiling[0m phf_shared v0.11.3
[1m[92m   Compiling[0m ordered-float v5.3.0
[1m[92m   Compiling[0m nom v8.0.0
[1m[92m   Compiling[0m ethnum v1.5.3
[1m[92m   Compiling[0m portable-atomic v1.13.1
[1m[92m   Compiling[0m jiff v0.2.28
[1m[92m   Compiling[0m fast-float2 v0.2.3
[1m[92m   Compiling[0m jsonb v0.5.6
[1m[92m   Compiling[0m datafusion-functions-nested v53.1.0
[1m[92m   Compiling[0m rand v0.8.6
[1m[92m   Compiling[0m phf v0.13.1
[1m[92m   Compiling[0m datafusion-datasource v53.1.0
[1m[92m   Compiling[0m tower-http v0.6.11
[1m[92m   Compiling[0m unicode-normalization v0.1.25
[1m[92m   Compiling[0m unicode-width v0.1.14
[1m[92m   Compiling[0m lazy_static v1.5.0
[1m[92m   Compiling[0m time-core v0.1.8
[1m[92m   Compiling[0m num-conv v0.2.2
[1m[92m   Compiling[0m powerfmt v0.2.0
[1m[92m   Compiling[0m deranged v0.5.8
[1m[92m   Compiling[0m deepsize_derive v0.1.2
[1m[92m   Compiling[0m time-macros v0.2.27
[1m[92m   Compiling[0m phf_generator v0.11.3
[1m[92m   Compiling[0m datafusion-sql v53.1.0
[1m[92m   Compiling[0m lance-arrow v7.0.0
[1m[92m   Compiling[0m async-lock v3.4.2
[1m[92m   Compiling[0m darling_core v0.23.0
[1m[92m   Compiling[0m snafu-derive v0.9.1
[1m[92m   Compiling[0m tagptr v0.2.0
[1m[92m   Compiling[0m rustc-hash v2.1.2
[1m[92m   Compiling[0m moka v0.12.15
[1m[92m   Compiling[0m snafu v0.9.1
[1m[92m   Compiling[0m darling_macro v0.23.0
[1m[92m   Compiling[0m time v0.3.47
[1m[92m   Compiling[0m deepsize v0.2.0
[1m[92m   Compiling[0m grust-procedures v0.24.0 (/repo/crates/grust-procedures)
[1m[92m   Compiling[0m darling_core v0.20.11
[1m[92m   Compiling[0m mime_guess v2.0.5
[1m[92m   Compiling[0m datafusion-common-runtime v55.1.0
[1m[92m   Compiling[0m hybrid-array v0.4.12
[1m[92m   Compiling[0m ptr_meta_derive v0.3.1
[1m[92m   Compiling[0m matrixmultiply v0.3.10
[1m[92m   Compiling[0m thread_local v1.1.9
[1m[92m   Compiling[0m heapless v0.8.0
[1m[92m   Compiling[0m ptr_meta v0.3.1
[1m[92m   Compiling[0m darling_macro v0.20.11
[1m[92m   Compiling[0m datafusion-physical-plan v55.1.0
[1m[92m   Compiling[0m lance-core v7.0.0
[1m[92m   Compiling[0m darling v0.23.0
[1m[92m   Compiling[0m thread-tree v0.3.3
[1m[92m   Compiling[0m hash32 v0.3.1
[1m[92m   Compiling[0m arc-swap v1.9.1
[1m[92m   Compiling[0m rust_decimal v1.42.0
[1m[92m   Compiling[0m rawpointer v0.2.1
[1m[92m   Compiling[0m icu_locale_fallback_data v2.3.0
[1m[92m   Compiling[0m cmov v0.5.4
[1m[92m   Compiling[0m ctutils v0.4.2
[1m[92m   Compiling[0m serde_with_macros v3.20.0
[1m[92m   Compiling[0m darling v0.20.11
[1m[92m   Compiling[0m rancor v0.1.1
[1m[92m   Compiling[0m crypto-common v0.2.2
[1m[92m   Compiling[0m datafusion-session v55.1.0
[1m[92m   Compiling[0m block-buffer v0.12.0
[1m[92m   Compiling[0m datafusion-physical-expr-adapter v55.1.0
[1m[92m   Compiling[0m clang-sys v1.8.1
[1m[92m   Compiling[0m rand_chacha v0.3.1
[1m[92m   Compiling[0m serde_urlencoded v0.7.1
[1m[92m   Compiling[0m lz4-sys v1.11.1+lz4-1.10.0
[1m[92m   Compiling[0m i_float v1.15.0
[1m[92m   Compiling[0m bytecheck_derive v0.8.2
[1m[92m   Compiling[0m libloading v0.8.9
[1m[92m   Compiling[0m bumpalo v3.20.3
[1m[92m   Compiling[0m rustix v0.38.44
[1m[92m   Compiling[0m alloc-no-stdlib v2.0.4
[1m[92m   Compiling[0m const-oid v0.10.2
[1m[92m   Compiling[0m alloc-stdlib v0.2.4
[1m[92m   Compiling[0m digest v0.11.3
[1m[92m   Compiling[0m bytecheck v0.8.2
[1m[92m   Compiling[0m i_shape v1.14.0
[1m[92m   Compiling[0m reqwest v0.12.28
[1m[92m   Compiling[0m datafusion-datasource v55.1.0
[1m[92m   Compiling[0m derive_builder_core v0.20.2
[1m[92m   Compiling[0m serde_with v3.20.0
[1m[92m   Compiling[0m rstar v0.12.2
[1m[92m   Compiling[0m grust-cypher v0.24.0 (/repo/crates/grust-cypher)
[1m[92m   Compiling[0m arrow-ipc v55.2.0
[1m[92m   Compiling[0m axum-core v0.5.6
[1m[92m   Compiling[0m universal-hash v0.5.1
[1m[92m   Compiling[0m itertools v0.11.0
[1m[92m   Compiling[0m approx v0.5.1
[1m[92m   Compiling[0m munge_macro v0.4.7
[1m[92m   Compiling[0m serde_repr v0.1.20
[1m[92m   Compiling[0m memoffset v0.9.1
[1m[92m   Compiling[0m icu_locale_data v2.3.0
[1m[92m   Compiling[0m i_tree v0.16.0
[1m[92m   Compiling[0m icu_collator_data v2.3.0
[1m[92m   Compiling[0m robust v1.2.0
[1m[92m   Compiling[0m matchit v0.8.4
[1m[92m   Compiling[0m i_key_sort v0.6.0
[1m[92m   Compiling[0m minimal-lexical v0.2.1
[1m[92m   Compiling[0m fst v0.4.7
[1m[92m   Compiling[0m opaque-debug v0.3.1
[1m[92m   Compiling[0m xxhash-rust v0.8.15
[1m[92m   Compiling[0m new_debug_unreachable v1.0.6
[1m[92m   Compiling[0m linux-raw-sys v0.4.15
[1m[92m   Compiling[0m polyval v0.6.2
[1m[92m   Compiling[0m nom v7.1.3
[1m[92m   Compiling[0m i_overlay v4.0.7
[1m[92m   Compiling[0m axum v0.8.9
[1m[92m   Compiling[0m spade v2.15.1
[1m[92m   Compiling[0m lance-namespace-reqwest-client v0.7.7
[1m[92m   Compiling[0m munge v0.4.7
[1m[92m   Compiling[0m geo-types v0.7.19
[1m[92m   Compiling[0m earcutr v0.4.3
[1m[92m   Compiling[0m icu_locale_fallback v2.3.0
[1m[92m   Compiling[0m derive_builder_macro v0.20.2
[1m[92m   Compiling[0m rend v0.5.3
[1m[92m   Compiling[0m brotli-decompressor v5.0.3
[1m[92m   Compiling[0m phf_macros v0.11.3
[1m[92m   Compiling[0m phf_codegen v0.11.3
[1m[92m   Compiling[0m string_cache_codegen v0.5.4
[1m[92m   Compiling[0m sharded-slab v0.1.7
[1m[92m   Compiling[0m datafusion-catalog v53.1.0
[1m[92m   Compiling[0m async-channel v2.5.0
[1m[92m   Compiling[0m lance-encoding v7.0.0
[1m[92m   Compiling[0m hyper-timeout v0.5.2
[1m[92m   Compiling[0m strum_macros v0.28.0
[1m[92m   Compiling[0m tracing-log v0.2.0
[1m[92m   Compiling[0m branches v0.4.4
[1m[92m   Compiling[0m crc32c v0.6.8
[1m[92m   Compiling[0m matchers v0.2.0
[1m[92m   Compiling[0m simsimd v6.5.16
[1m[92m   Compiling[0m aegis v0.9.12
[1m[92m   Compiling[0m rust-stemmers v1.2.0
[1m[92m   Compiling[0m uncased v0.9.10
[1m[92m   Compiling[0m geographiclib-rs v0.2.7
[1m[92m   Compiling[0m rkyv_derive v0.8.16
[1m[92m   Compiling[0m turso_macros v0.7.2
[1m[92m   Compiling[0m miette-derive v7.6.0
[1m[92m   Compiling[0m nu-ansi-term v0.50.3
[1m[92m   Compiling[0m home v0.5.12
[1m[92m   Compiling[0m seq-macro v0.3.6
[1m[92m   Compiling[0m turso_ext v0.7.2
[1m[92m   Compiling[0m float_next_after v1.0.0
[1m[92m   Compiling[0m std_prelude v0.2.12
[1m[92m   Compiling[0m utf-8 v0.7.6
[1m[92m   Compiling[0m utf8-ranges v1.0.5
[1m[92m   Compiling[0m cfg_aliases v0.2.1
[1m[92m   Compiling[0m bindgen v0.69.5
[1m[92m   Compiling[0m sif-itree v0.4.1
[1m[92m   Compiling[0m stfu8 v0.2.7
[1m[92m   Compiling[0m path_abs v0.5.1
[1m[92m   Compiling[0m geo v0.32.0
[1m[92m   Compiling[0m turso_core v0.7.2
[1m[92m   Compiling[0m lance-bitpacking v7.0.0
[1m[92m   Compiling[0m which v4.4.2
[1m[92m   Compiling[0m tracing-subscriber v0.3.23
[1m[92m   Compiling[0m miette v7.6.0
[1m[92m   Compiling[0m rkyv v0.8.16
[1m[92m   Compiling[0m strum v0.28.0
[1m[92m   Compiling[0m tonic v0.14.6
[1m[91merror[0m: failed to run custom build command for `lance-encoding v7.0.0`

Caused by:
  process didn't exit successfully: `/target/debug/build/lance-encoding-4b46f379d163a66e/build-script-build` (exit status: 1)
  --- stdout
  cargo:rerun-if-changed=protos

  --- stderr
  Error: Custom { kind: Other, error: "protoc failed: google/protobuf/empty.proto: File not found.\nencodings_v2_0.proto:8:1: Import \"google/protobuf/empty.proto\" was not found or had errors.\nencodings_v2_0.proto:343:5: \"google.protobuf.Empty\" is not defined.\n" }
[1m[33mwarning[0m: build failed, waiting for other jobs to finish...
