   Compiling proc-macro2 v1.0.106
   Compiling unicode-ident v1.0.24
   Compiling quote v1.0.45
   Compiling serde_core v1.0.228
   Compiling serde v1.0.228
   Compiling zmij v1.0.21
   Compiling memchr v2.8.1
   Compiling itoa v1.0.18
   Compiling serde_json v1.0.150
   Compiling syn v2.0.117
   Compiling cfg-if v1.0.4
   Compiling libc v0.2.186
   Compiling equivalent v1.0.2
   Compiling crossbeam-utils v0.8.21
   Compiling zerocopy v0.8.50
   Compiling hashbrown v0.17.1
   Compiling thiserror v2.0.18
   Compiling indexmap v2.14.0
   Compiling syn v3.0.4
   Compiling unsafe-libyaml v0.2.11
   Compiling ryu v1.0.23
   Compiling autocfg v1.5.1
   Compiling num-traits v0.2.19
   Compiling crossbeam-epoch v0.9.18
   Compiling serde_derive v1.0.228
   Compiling thiserror-impl v2.0.18
   Compiling zerocopy-derive v0.8.50
   Compiling either v1.16.0
   Compiling rayon-core v1.13.0
   Compiling getrandom v0.4.2
   Compiling crossbeam-deque v0.8.6
   Compiling async-trait v0.1.92
   Compiling anstyle v1.0.14
   Compiling plotters-backend v0.3.7
   Compiling clap_lex v1.1.0
   Compiling regex-syntax v0.8.10
   Compiling ciborium-io v0.2.2
   Compiling quick-xml v0.40.1
   Compiling serde_yaml v0.9.34+deprecated
   Compiling half v2.7.1
   Compiling grust-core v0.24.0 (/Volumes/Apo/graph-tests/workspaces/grust-v2-integration-20261008/main-baseline/crates/grust-core)
   Compiling regex-automata v0.4.14
   Compiling ciborium-ll v0.2.2
   Compiling clap_builder v4.6.0
   Compiling plotters-svg v0.3.7
   Compiling itertools v0.10.5
   Compiling slab v0.4.12
   Compiling allocator-api2 v0.2.21
   Compiling foldhash v0.1.5
   Compiling same-file v1.0.6
   Compiling futures-core v0.3.32
   Compiling cast v0.3.0
   Compiling futures-task v0.3.32
   Compiling pin-project-lite v0.2.17
   Compiling criterion-plot v0.5.0
   Compiling walkdir v2.5.0
   Compiling futures-util v0.3.32
   Compiling hashbrown v0.15.5
   Compiling grust-procedures v0.24.0 (/Volumes/Apo/graph-tests/workspaces/grust-v2-integration-20261008/main-baseline/crates/grust-procedures)
   Compiling uuid v1.23.2
   Compiling clap v4.6.1
   Compiling rayon v1.12.0
   Compiling regex v1.12.3
   Compiling plotters v0.3.7
   Compiling ciborium v0.2.2
   Compiling tinytemplate v1.2.1
   Compiling is-terminal v0.4.17
   Compiling once_cell v1.21.4
   Compiling anes v0.1.6
   Compiling oorandom v11.1.5
   Compiling criterion v0.5.1
   Compiling futures-executor v0.3.32
   Compiling grust-cypher v0.24.0 (/Volumes/Apo/graph-tests/workspaces/grust-v2-integration-20261008/main-baseline/crates/grust-cypher)
   Compiling grust-memory v0.24.0 (/Volumes/Apo/graph-tests/workspaces/grust-v2-integration-20261008/main-baseline/crates/grust-memory)
    Finished `test` profile [unoptimized + debuginfo] target(s) in 31.92s
     Running benches/cypher_pipeline.rs (/Volumes/Apo/graph-tests/workspaces/grust-v2-integration-20261008/baseline-target/debug/deps/cypher_pipeline-9bf4a83c0713297e)
Gnuplot not found, using plotters backend
Testing cypher_read_planning/two_segment_filter_and_spark_sql

thread 'main' (31142980) panicked at crates/grust-cypher/benches/cypher_pipeline.rs:144:18:
pushable query
note: run with `RUST_BACKTRACE=1` environment variable to display a backtrace

error: test failed, to rerun pass `-p grust-cypher --bench cypher_pipeline`
