   Compiling sail-argentea-core v0.1.0 (/private/tmp/sail-sssp-candidate-buffer-baseline/examples/extensions/argentea)
   Compiling sail-native-resource-ffi v0.1.0 (/private/tmp/sail-sssp-candidate-buffer-baseline/crates/sail-native-resource-ffi)
    Finished `release` profile [optimized] target(s) in 3.06s
     Running unittests src/lib.rs (/private/tmp/sail-sssp-candidate-target/core/release/deps/sail_argentea_core-2864ffcf3f940010)

running 1 test
SSSP_REUSE algorithm=Reference local_vertices=1 partitions=3 mode=topology calls=9 bytes=654 requested_peak=600 matched_allocations=5 matched_peak=6 transferred=0 admitted_before=67108864 admitted_after=67108696 admitted_peak=832 work=2
SSSP_REUSE algorithm=Reference local_vertices=1 partitions=3 mode=active calls=10 bytes=675 requested_peak=600 matched_allocations=5 matched_peak=6 transferred=0 admitted_before=67108864 admitted_after=67108696 admitted_peak=832 work=2
SSSP_REUSE algorithm=Reference local_vertices=1 partitions=3 mode=done calls=3 bytes=461 requested_peak=461 matched_allocations=2 matched_peak=3 transferred=1 admitted_before=67108864 admitted_after=67108432 admitted_peak=536 work=0
SSSP_REUSE algorithm=Reference local_vertices=1024 partitions=3 mode=topology calls=9 bytes=42597 requested_peak=42048 matched_allocations=1 matched_peak=3 transferred=0 admitted_before=67108864 admitted_after=67116880 admitted_peak=42368 work=1025
SSSP_REUSE algorithm=Reference local_vertices=1024 partitions=3 mode=active calls=14 bytes=42702 requested_peak=42069 matched_allocations=1 matched_peak=3 transferred=0 admitted_before=67108864 admitted_after=67116880 admitted_peak=42368 work=1025
SSSP_REUSE algorithm=Reference local_vertices=1024 partitions=3 mode=done calls=3 bytes=461 requested_peak=461 matched_allocations=0 matched_peak=1 transferred=1 admitted_before=67108864 admitted_after=67108432 admitted_peak=536 work=0
SSSP_REUSE algorithm=Reference local_vertices=65536 partitions=3 mode=topology calls=9 bytes=2687589 requested_peak=2687040 matched_allocations=1 matched_peak=3 transferred=0 admitted_before=67108864 admitted_after=67632976 admitted_peak=2687360 work=65537
SSSP_REUSE algorithm=Reference local_vertices=65536 partitions=3 mode=active calls=14 bytes=2687694 requested_peak=2687061 matched_allocations=1 matched_peak=3 transferred=0 admitted_before=67108864 admitted_after=67632976 admitted_peak=2687360 work=65537
SSSP_REUSE algorithm=Reference local_vertices=65536 partitions=3 mode=done calls=3 bytes=461 requested_peak=461 matched_allocations=0 matched_peak=1 transferred=1 admitted_before=67108864 admitted_after=67108432 admitted_peak=536 work=0
SSSP_REUSE algorithm=DeltaStar local_vertices=1 partitions=3 mode=topology calls=9 bytes=654 requested_peak=600 matched_allocations=5 matched_peak=6 transferred=0 admitted_before=67108864 admitted_after=67108696 admitted_peak=832 work=2
SSSP_REUSE algorithm=DeltaStar local_vertices=1 partitions=3 mode=active calls=10 bytes=675 requested_peak=600 matched_allocations=5 matched_peak=6 transferred=0 admitted_before=67108864 admitted_after=67108696 admitted_peak=832 work=2
SSSP_REUSE algorithm=DeltaStar local_vertices=1 partitions=3 mode=done calls=3 bytes=461 requested_peak=461 matched_allocations=2 matched_peak=3 transferred=1 admitted_before=67108864 admitted_after=67108432 admitted_peak=536 work=0
SSSP_REUSE algorithm=DeltaStar local_vertices=1024 partitions=3 mode=topology calls=9 bytes=42597 requested_peak=42048 matched_allocations=1 matched_peak=3 transferred=0 admitted_before=67108864 admitted_after=67116880 admitted_peak=42368 work=1025
SSSP_REUSE algorithm=DeltaStar local_vertices=1024 partitions=3 mode=active calls=14 bytes=42702 requested_peak=42069 matched_allocations=1 matched_peak=3 transferred=0 admitted_before=67108864 admitted_after=67116880 admitted_peak=42368 work=1025
SSSP_REUSE algorithm=DeltaStar local_vertices=1024 partitions=3 mode=done calls=3 bytes=461 requested_peak=461 matched_allocations=0 matched_peak=1 transferred=1 admitted_before=67108864 admitted_after=67108432 admitted_peak=536 work=0
SSSP_REUSE algorithm=DeltaStar local_vertices=65536 partitions=3 mode=topology calls=9 bytes=2687589 requested_peak=2687040 matched_allocations=1 matched_peak=3 transferred=0 admitted_before=67108864 admitted_after=67632976 admitted_peak=2687360 work=65537
SSSP_REUSE algorithm=DeltaStar local_vertices=65536 partitions=3 mode=active calls=14 bytes=2687694 requested_peak=2687061 matched_allocations=1 matched_peak=3 transferred=0 admitted_before=67108864 admitted_after=67632976 admitted_peak=2687360 work=65537
SSSP_REUSE algorithm=DeltaStar local_vertices=65536 partitions=3 mode=done calls=3 bytes=461 requested_peak=461 matched_allocations=0 matched_peak=1 transferred=1 admitted_before=67108864 admitted_after=67108432 admitted_peak=536 work=0

thread 'sssp::partition::protocol::reuse_tests::finish_allocation_inventory_and_transferred_pointer' (56367483) panicked at src/sssp/partition/reuse_tests/mod.rs:221:5:
finish allocated/copied labels: [(Reference, 1, "topology"), (Reference, 1, "active"), (Reference, 1024, "topology"), (Reference, 1024, "active"), (Reference, 65536, "topology"), (Reference, 65536, "active"), (DeltaStar, 1, "topology"), (DeltaStar, 1, "active"), (DeltaStar, 1024, "topology"), (DeltaStar, 1024, "active"), (DeltaStar, 65536, "topology"), (DeltaStar, 65536, "active")]
note: run with `RUST_BACKTRACE=1` environment variable to display a backtrace
test sssp::partition::protocol::reuse_tests::finish_allocation_inventory_and_transferred_pointer ... FAILED

failures:

failures:
    sssp::partition::protocol::reuse_tests::finish_allocation_inventory_and_transferred_pointer

test result: FAILED. 0 passed; 1 failed; 0 ignored; 0 measured; 6 filtered out; finished in 0.05s

error: test failed, to rerun pass `--lib`
