   Compiling sail-native-resource-ffi v0.1.0 (/private/tmp/sail-sssp-candidate-buffer-reuse/crates/sail-native-resource-ffi)
   Compiling sail-argentea-core v0.1.0 (/private/tmp/sail-sssp-candidate-buffer-reuse/examples/extensions/argentea)
    Finished `release` profile [optimized] target(s) in 1.62s
     Running unittests src/lib.rs (/private/tmp/sail-sssp-candidate-target/core/release/deps/sail_argentea_core-bd533c67c0da13c4)

running 1 test
SSSP_REUSE algorithm=Reference local_vertices=1 partitions=3 mode=topology calls=8 bytes=630 requested_peak=501 matched_allocations=4 matched_peak=5 transferred=1 admitted_before=67108864 admitted_after=67108696 admitted_peak=800 work=2
SSSP_REUSE algorithm=Reference local_vertices=1 partitions=3 mode=active calls=9 bytes=651 requested_peak=501 matched_allocations=4 matched_peak=5 transferred=1 admitted_before=67108864 admitted_after=67108696 admitted_peak=800 work=2
SSSP_REUSE algorithm=Reference local_vertices=1 partitions=3 mode=done calls=3 bytes=461 requested_peak=461 matched_allocations=2 matched_peak=3 transferred=1 admitted_before=67108864 admitted_after=67108432 admitted_peak=536 work=0
SSSP_REUSE algorithm=Reference local_vertices=1024 partitions=3 mode=topology calls=8 bytes=9837 requested_peak=9280 matched_allocations=0 matched_peak=2 transferred=1 admitted_before=67108864 admitted_after=67116880 admitted_peak=9600 work=1025
SSSP_REUSE algorithm=Reference local_vertices=1024 partitions=3 mode=active calls=13 bytes=9942 requested_peak=9301 matched_allocations=0 matched_peak=2 transferred=1 admitted_before=67108864 admitted_after=67116880 admitted_peak=9600 work=1025
SSSP_REUSE algorithm=Reference local_vertices=1024 partitions=3 mode=done calls=3 bytes=461 requested_peak=461 matched_allocations=0 matched_peak=1 transferred=1 admitted_before=67108864 admitted_after=67108432 admitted_peak=536 work=0
SSSP_REUSE algorithm=Reference local_vertices=65536 partitions=3 mode=topology calls=8 bytes=590445 requested_peak=589888 matched_allocations=0 matched_peak=2 transferred=1 admitted_before=67108864 admitted_after=67632976 admitted_peak=590208 work=65537
SSSP_REUSE algorithm=Reference local_vertices=65536 partitions=3 mode=active calls=13 bytes=590550 requested_peak=589909 matched_allocations=0 matched_peak=2 transferred=1 admitted_before=67108864 admitted_after=67632976 admitted_peak=590208 work=65537
SSSP_REUSE algorithm=Reference local_vertices=65536 partitions=3 mode=done calls=3 bytes=461 requested_peak=461 matched_allocations=0 matched_peak=1 transferred=1 admitted_before=67108864 admitted_after=67108432 admitted_peak=536 work=0
SSSP_REUSE algorithm=DeltaStar local_vertices=1 partitions=3 mode=topology calls=8 bytes=630 requested_peak=501 matched_allocations=4 matched_peak=5 transferred=1 admitted_before=67108864 admitted_after=67108696 admitted_peak=800 work=2
SSSP_REUSE algorithm=DeltaStar local_vertices=1 partitions=3 mode=active calls=9 bytes=651 requested_peak=501 matched_allocations=4 matched_peak=5 transferred=1 admitted_before=67108864 admitted_after=67108696 admitted_peak=800 work=2
SSSP_REUSE algorithm=DeltaStar local_vertices=1 partitions=3 mode=done calls=3 bytes=461 requested_peak=461 matched_allocations=2 matched_peak=3 transferred=1 admitted_before=67108864 admitted_after=67108432 admitted_peak=536 work=0
SSSP_REUSE algorithm=DeltaStar local_vertices=1024 partitions=3 mode=topology calls=8 bytes=9837 requested_peak=9280 matched_allocations=0 matched_peak=2 transferred=1 admitted_before=67108864 admitted_after=67116880 admitted_peak=9600 work=1025
SSSP_REUSE algorithm=DeltaStar local_vertices=1024 partitions=3 mode=active calls=13 bytes=9942 requested_peak=9301 matched_allocations=0 matched_peak=2 transferred=1 admitted_before=67108864 admitted_after=67116880 admitted_peak=9600 work=1025
SSSP_REUSE algorithm=DeltaStar local_vertices=1024 partitions=3 mode=done calls=3 bytes=461 requested_peak=461 matched_allocations=0 matched_peak=1 transferred=1 admitted_before=67108864 admitted_after=67108432 admitted_peak=536 work=0
SSSP_REUSE algorithm=DeltaStar local_vertices=65536 partitions=3 mode=topology calls=8 bytes=590445 requested_peak=589888 matched_allocations=0 matched_peak=2 transferred=1 admitted_before=67108864 admitted_after=67632976 admitted_peak=590208 work=65537
SSSP_REUSE algorithm=DeltaStar local_vertices=65536 partitions=3 mode=active calls=13 bytes=590550 requested_peak=589909 matched_allocations=0 matched_peak=2 transferred=1 admitted_before=67108864 admitted_after=67632976 admitted_peak=590208 work=65537
SSSP_REUSE algorithm=DeltaStar local_vertices=65536 partitions=3 mode=done calls=3 bytes=461 requested_peak=461 matched_allocations=0 matched_peak=1 transferred=1 admitted_before=67108864 admitted_after=67108432 admitted_peak=536 work=0
test sssp::partition::protocol::reuse_tests::finish_allocation_inventory_and_transferred_pointer ... ok

test result: ok. 1 passed; 0 failed; 0 ignored; 0 measured; 6 filtered out; finished in 0.04s

