diff-check PASS
core-format PASS
core-clippy PASS
core-release PASS
native-build PASS
native-registry PASS
native-release PASS
core-loaded PASS
native-loaded PASS
SSSP_CANDIDATE_REUSE_GATE PASS 33adfce1d2ab77c3e108aa542f7eda80dd5f5cf9 staged tree 5abc3e30eadb878402b3a90bcbeb0a48ac8c4b25
SSSP_REUSE_PRECOMMIT_GUARD PASSED 5abc3e30eadb878402b3a90bcbeb0a48ac8c4b25
[work/sssp-candidate-buffer-reuse fc094a0c] Reuse Argentea SSSP candidate storage when publishing labels
 7 files changed, 612 insertions(+), 19 deletions(-)
 create mode 100644 examples/extensions/argentea/src/adjacency_tests/allocations/watch.rs
 create mode 100644 examples/extensions/argentea/src/sssp/partition/reuse_tests/controls.rs
 create mode 100644 examples/extensions/argentea/src/sssp/partition/reuse_tests/mod.rs
Previous HEAD position was 33adfce1d Retain Argentea leases through storage teardown and stage residual state later
HEAD is now at fc094a0c2 Reuse Argentea SSSP candidate storage when publishing labels
diff-check PASS
core-format PASS
core-clippy PASS
core-release PASS
native-build PASS
native-registry PASS
native-release PASS
core-loaded PASS
native-loaded PASS
SSSP_CANDIDATE_REUSE_GATE PASS fc094a0c25a49edeac2f9f0195aa973421a21a43 exact commit
