[2026-09-30T10:52:50Z INFO sail_cli::spark::server] Starting the Spark Connect server on 127.0.0.1:44333...
[2026-09-30T10:52:50Z INFO sail_session::session_manager::actor::core] driver server is ready on port 36879
[2026-09-30T10:52:50Z INFO sail_session::session_manager::actor::handler] creating session 7f975ed2-c6d5-4e34-9ae6-3a6966f8fee2
OpenBLAS WARNING - could not determine the L2 cache size on this system, assuming 256k
OpenBLAS WARNING - could not determine the L2 cache size on this system, assuming 256k
[2026-09-30T10:52:53Z INFO sail_session::extensions] bound native extension nutmeg@0.1.0:ccef40a2d139683fe99e5f618a20bf450fbdc217c82bda9fc958d5169636b972 to session incarnation 873d72af-e6aa-4888-9325-7c6bd879247e
[2026-09-30T10:52:57Z INFO sail_session::extensions] bound native extension sedona@0.1.0:e8dc2c51c6e45ef94fb13370b76f0fd40936b3d79d368fc052afbb778d39c137 to session incarnation 873d72af-e6aa-4888-9325-7c6bd879247e
[2026-09-30T10:52:57Z INFO sail_execution::driver::actor::handler] activating driver 1
[2026-09-30T10:52:57Z INFO sail_execution::driver::worker_pool::core] starting worker 1
[2026-09-30T10:52:57Z INFO sail_execution::driver::worker_pool::core] starting worker 2
[2026-09-30T10:52:57Z INFO sail_execution::worker_manager::process] extension process worker 1: pid=Some(166), driver_pid=50, session=7f975ed2-c6d5-4e34-9ae6-3a6966f8fee2
[2026-09-30T10:52:57Z INFO sail_execution::worker_manager::process] extension process worker 2: pid=Some(167), driver_pid=50, session=7f975ed2-c6d5-4e34-9ae6-3a6966f8fee2
[2026-09-30T10:52:59Z INFO sail_session::extensions] worker loaded native extension sedona@0.1.0:e8dc2c51c6e45ef94fb13370b76f0fd40936b3d79d368fc052afbb778d39c137, pid=166
[2026-09-30T10:52:59Z INFO sail_session::extensions] worker loaded native extension sedona@0.1.0:e8dc2c51c6e45ef94fb13370b76f0fd40936b3d79d368fc052afbb778d39c137, pid=167
[2026-09-30T10:52:59Z INFO sail_execution::worker::actor::handler] worker 2 server is ready on port 33341
[2026-09-30T10:52:59Z INFO sail_execution::worker::actor::handler] worker 1 server is ready on port 38931
[2026-09-30T10:52:59Z INFO sail_execution::driver::actor::handler] worker 1 is available at 127.0.0.1:38931
[2026-09-30T10:52:59Z WARN sail_execution::driver::task_assigner::core] worker 1 was not pending
[2026-09-30T10:52:59Z INFO sail_execution::driver::actor::handler] worker 2 is available at 127.0.0.1:33341
[2026-09-30T10:52:59Z WARN sail_execution::driver::task_assigner::core] worker 2 was not pending
[2026-09-30T11:30:54Z INFO sail_session::session_manager::actor::handler] removing session 7f975ed2-c6d5-4e34-9ae6-3a6966f8fee2
[2026-09-30T11:30:54Z WARN sail_common::utils::retry] retryable operation failed: error in Tonic status: code: 'Internal error', message: "invalid argument: driver 1 not found"
[2026-09-30T11:30:54Z WARN sail_common::utils::retry] retryable operation failed: error in Tonic status: code: 'Internal error', message: "invalid argument: driver 1 not found"
[2026-09-30T11:30:54Z WARN sail_common::utils::retry] retryable operation failed: error in Tonic status: code: 'Internal error', message: "invalid argument: driver 1 not found"
[2026-09-30T11:30:54Z WARN sail_common::utils::retry] retryable operation failed: error in Tonic status: code: 'Internal error', message: "invalid argument: driver 1 not found"
[2026-09-30T11:30:54Z WARN sail_common::utils::retry] retryable operation failed: error in Tonic status: code: 'Internal error', message: "invalid argument: driver 1 not found"
[2026-09-30T11:30:54Z WARN sail_common::utils::retry] retryable operation failed: error in Tonic status: code: 'Internal error', message: "invalid argument: driver 1 not found"
[2026-09-30T11:30:54Z WARN sail_common::utils::retry] retryable operation failed: error in Tonic status: code: 'Internal error', message: "invalid argument: driver 1 not found"
[2026-09-30T11:30:54Z WARN sail_common::utils::retry] retryable operation failed: error in Tonic status: code: 'Internal error', message: "invalid argument: driver 1 not found"
[2026-09-30T11:30:54Z INFO sail_execution::driver::worker_pool::core] stopping worker 1
[2026-09-30T11:30:55Z INFO sail_execution::driver::worker_pool::core] stopping worker 2
[2026-09-30T11:30:55Z WARN sail_common::actor] aborting 254 task(s) for TaskRunnerActor
[2026-09-30T11:30:55Z INFO sail_cli::spark::server] Shutting down the Spark Connect server...
[2026-09-30T11:30:57Z ERROR sail_execution::driver::worker_pool::core] stop task job 28 stage 1 partition 28 attempt 0: failed in worker 2: error in Tonic status: code: 'Unknown error', message: "transport error", source: tonic::transport::Error(Transport, hyper::Error(Io, Kind(ConnectionReset)))
[2026-09-30T11:30:57Z ERROR sail_execution::driver::worker_pool::core] stop task job 28 stage 3 partition 16 attempt 0: failed in worker 2: error in Tonic status: code: 'Unknown error', message: "transport error", source: tonic::transport::Error(Transport, hyper::Error(Io, Kind(ConnectionReset)))
[2026-09-30T11:30:57Z ERROR sail_execution::driver::worker_pool::core] stop task job 28 stage 1 partition 24 attempt 0: failed in worker 2: error in Tonic status: code: 'Unknown error', message: "transport error", source: tonic::transport::Error(Transport, hyper::Error(Io, Kind(ConnectionReset)))
[2026-09-30T11:30:57Z ERROR sail_execution::driver::worker_pool::core] stop task job 28 stage 4 partition 6 attempt 0: failed in worker 2: error in Tonic status: code: 'Unknown error', message: "transport error", source: tonic::transport::Error(Transport, hyper::Error(Io, Kind(ConnectionReset)))
[2026-09-30T11:30:57Z ERROR sail_execution::driver::worker_pool::core] stop task job 28 stage 4 partition 0 attempt 0: failed in worker 2: error in Tonic status: code: 'Unknown error', message: "transport error", source: tonic::transport::Error(Transport, hyper::Error(Io, Kind(ConnectionReset)))
[2026-09-30T11:30:57Z ERROR sail_execution::driver::worker_pool::core] stop task job 28 stage 3 partition 18 attempt 0: failed in worker 2: error in Tonic status: code: 'Unknown error', message: "transport error", source: tonic::transport::Error(Transport, hyper::Error(Io, Kind(ConnectionReset)))
[2026-09-30T11:30:57Z ERROR sail_execution::driver::worker_pool::core] stop task job 28 stage 4 partition 10 attempt 0: failed in worker 2: error in Tonic status: code: 'Unknown error', message: "transport error", source: tonic::transport::Error(Transport, hyper::Error(Io, Kind(ConnectionReset)))
[2026-09-30T11:30:57Z ERROR sail_execution::driver::worker_pool::core] stop task job 28 stage 4 partition 24 attempt 0: failed in worker 2: error in Tonic status: code: 'Unknown error', message: "transport error", source: tonic::transport::Error(Transport, hyper::Error(Io, Kind(ConnectionReset)))
[2026-09-30T11:30:57Z ERROR sail_execution::driver::worker_pool::core] stop task job 28 stage 4 partition 18 attempt 0: failed in worker 2: error in Tonic status: code: 'Unknown error', message: "transport error", source: tonic::transport::Error(Transport, hyper::Error(Io, Kind(ConnectionReset)))
[2026-09-30T11:30:57Z ERROR sail_execution::driver::worker_pool::core] stop task job 28 stage 4 partition 30 attempt 0: failed in worker 2: error in Tonic status: code: 'Unknown error', message: "transport error", source: tonic::transport::Error(Transport, hyper::Error(Io, Kind(ConnectionReset)))
[2026-09-30T11:30:57Z ERROR sail_execution::driver::worker_pool::core] stop task job 28 stage 4 partition 4 attempt 0: failed in worker 2: error in Tonic status: code: 'Unknown error', message: "transport error", source: tonic::transport::Error(Transport, hyper::Error(Io, Kind(ConnectionReset)))
[2026-09-30T11:30:57Z ERROR sail_execution::driver::worker_pool::core] stop task job 28 stage 4 partition 20 attempt 0: failed in worker 2: error in Tonic status: code: 'Unknown error', message: "transport error", source: tonic::transport::Error(Transport, hyper::Error(Io, Kind(ConnectionReset)))
[2026-09-30T11:30:57Z ERROR sail_execution::driver::worker_pool::core] stop task job 28 stage 4 partition 2 attempt 0: failed in worker 2: error in Tonic status: code: 'Unknown error', message: "transport error", source: tonic::transport::Error(Transport, hyper::Error(Io, Kind(ConnectionReset)))
[2026-09-30T11:30:57Z ERROR sail_execution::driver::worker_pool::core] stop task job 28 stage 4 partition 28 attempt 0: failed in worker 2: error in Tonic status: code: 'Unknown error', message: "transport error", source: tonic::transport::Error(Transport, hyper::Error(Io, Kind(ConnectionReset)))
[2026-09-30T11:30:57Z ERROR sail_execution::driver::worker_pool::core] stop task job 28 stage 2 partition 46 attempt 0: failed in worker 2: error in Tonic status: code: 'Unknown error', message: "transport error", source: tonic::transport::Error(Transport, hyper::Error(Io, Kind(ConnectionReset)))
[2026-09-30T11:30:57Z ERROR sail_execution::driver::worker_pool::core] stop task job 28 stage 4 partition 22 attempt 0: failed in worker 2: error in Tonic status: code: 'Unknown error', message: "transport error", source: tonic::transport::Error(Transport, hyper::Error(Io, Kind(ConnectionReset)))
[2026-09-30T11:30:57Z ERROR sail_execution::driver::worker_pool::core] stop task job 28 stage 3 partition 10 attempt 0: failed in worker 2: error in Tonic status: code: 'Unknown error', message: "transport error", source: tonic::transport::Error(Transport, hyper::Error(Io, Kind(ConnectionReset)))
[2026-09-30T11:30:57Z ERROR sail_execution::driver::worker_pool::core] stop task job 28 stage 2 partition 52 attempt 0: failed in worker 2: error in Tonic status: code: 'Unknown error', message: "transport error", source: tonic::transport::Error(Transport, hyper::Error(Io, Kind(ConnectionReset)))
[2026-09-30T11:30:57Z ERROR sail_execution::driver::worker_pool::core] stop task job 28 stage 2 partition 54 attempt 0: failed in worker 2: error in Tonic status: code: 'Unknown error', message: "transport error", source: tonic::transport::Error(Transport, hyper::Error(Io, Kind(ConnectionReset)))
[2026-09-30T11:30:57Z ERROR sail_execution::driver::worker_pool::core] stop task job 28 stage 1 partition 2 attempt 0: failed in worker 2: error in Tonic status: code: 'Unknown error', message: "transport error", source: tonic::transport::Error(Transport, hyper::Error(Io, Kind(ConnectionReset)))
[2026-09-30T11:30:57Z ERROR sail_execution::driver::worker_pool::core] stop task job 28 stage 2 partition 42 attempt 0: failed in worker 2: error in Tonic status: code: 'Unknown error', message: "transport error", source: tonic::transport::Error(Transport, hyper::Error(Io, Kind(ConnectionReset)))
[2026-09-30T11:30:57Z ERROR sail_execution::driver::worker_pool::core] stop task job 28 stage 1 partition 26 attempt 0: failed in worker 2: error in Tonic status: code: 'Unknown error', message: "transport error", source: tonic::transport::Error(Transport, hyper::Error(Io, Kind(ConnectionReset)))
[2026-09-30T11:30:57Z ERROR sail_execution::driver::worker_pool::core] stop task job 28 stage 1 partition 16 attempt 0: failed in worker 2: error in Tonic status: code: 'Unknown error', message: "transport error", source: tonic::transport::Error(Transport, hyper::Error(Io, Kind(ConnectionReset)))
[2026-09-30T11:30:57Z ERROR sail_execution::driver::worker_pool::core] stop worker: failed in worker 2: error in Tonic status: code: 'Unknown error', message: "transport error", source: tonic::transport::Error(Transport, hyper::Error(Io, Kind(ConnectionReset)))
[2026-09-30T11:30:57Z ERROR sail_execution::driver::worker_pool::core] stop task job 28 stage 4 partition 8 attempt 0: failed in worker 2: error in Tonic status: code: 'Unknown error', message: "transport error", source: tonic::transport::Error(Transport, hyper::Error(Io, Kind(ConnectionReset)))
[2026-09-30T11:30:57Z ERROR sail_execution::driver::worker_pool::core] stop task job 28 stage 5 partition 0 attempt 0: failed in worker 2: error in Tonic status: code: 'Unknown error', message: "transport error", source: tonic::transport::Error(Transport, hyper::Error(Io, Kind(ConnectionReset)))
[2026-09-30T11:30:57Z ERROR sail_execution::driver::worker_pool::core] stop task job 28 stage 3 partition 22 attempt 0: failed in worker 2: error in Tonic status: code: 'Unknown error', message: "transport error", source: tonic::transport::Error(Transport, hyper::Error(Io, Kind(ConnectionReset)))
[2026-09-30T11:30:57Z ERROR sail_execution::driver::worker_pool::core] stop task job 28 stage 2 partition 50 attempt 0: failed in worker 2: error in Tonic status: code: 'Unknown error', message: "transport error", source: tonic::transport::Error(Transport, hyper::Error(Io, Kind(ConnectionReset)))
[2026-09-30T11:30:57Z ERROR sail_execution::driver::worker_pool::core] stop task job 28 stage 3 partition 14 attempt 0: failed in worker 2: error in Tonic status: code: 'Unknown error', message: "transport error", source: tonic::transport::Error(Transport, hyper::Error(Io, Kind(ConnectionReset)))
[2026-09-30T11:30:57Z ERROR sail_execution::driver::worker_pool::core] stop task job 28 stage 1 partition 8 attempt 0: failed in worker 2: error in Tonic status: code: 'Unknown error', message: "transport error", source: tonic::transport::Error(Transport, hyper::Error(Io, Kind(ConnectionReset)))
[2026-09-30T11:30:57Z ERROR sail_execution::driver::worker_pool::core] stop task job 28 stage 1 partition 0 attempt 0: failed in worker 2: error in Tonic status: code: 'Unknown error', message: "transport error", source: tonic::transport::Error(Transport, hyper::Error(Io, Kind(ConnectionReset)))
[2026-09-30T11:30:57Z ERROR sail_execution::driver::worker_pool::core] stop task job 28 stage 1 partition 30 attempt 0: failed in worker 2: error in Tonic status: code: 'Unknown error', message: "transport error", source: tonic::transport::Error(Transport, hyper::Error(Io, Kind(ConnectionReset)))
[2026-09-30T11:30:57Z ERROR sail_execution::driver::worker_pool::core] stop task job 28 stage 1 partition 20 attempt 0: failed in worker 2: error in Tonic status: code: 'Unknown error', message: "transport error", source: tonic::transport::Error(Transport, hyper::Error(Io, Kind(ConnectionReset)))
[2026-09-30T11:30:57Z ERROR sail_execution::driver::worker_pool::core] stop task job 28 stage 3 partition 4 attempt 0: failed in worker 2: error in Tonic status: code: 'Unknown error', message: "transport error", source: tonic::transport::Error(Transport, hyper::Error(Io, Kind(ConnectionReset)))
[2026-09-30T11:30:57Z ERROR sail_execution::driver::worker_pool::core] stop task job 28 stage 3 partition 20 attempt 0: failed in worker 2: error in Tonic status: code: 'Unknown error', message: "transport error", source: tonic::transport::Error(Transport, hyper::Error(Io, Kind(ConnectionReset)))
[2026-09-30T11:30:57Z ERROR sail_execution::driver::worker_pool::core] stop task job 28 stage 2 partition 48 attempt 0: failed in worker 2: error in Tonic status: code: 'Unknown error', message: "transport error", source: tonic::transport::Error(Transport, hyper::Error(Io, Kind(ConnectionReset)))
[2026-09-30T11:30:57Z ERROR sail_execution::driver::worker_pool::core] stop task job 28 stage 3 partition 12 attempt 0: failed in worker 2: error in Tonic status: code: 'Unknown error', message: "transport error", source: tonic::transport::Error(Transport, hyper::Error(Io, Kind(ConnectionReset)))
[2026-09-30T11:30:57Z ERROR sail_execution::driver::worker_pool::core] stop task job 28 stage 3 partition 30 attempt 0: failed in worker 2: error in Tonic status: code: 'Unknown error', message: "transport error", source: tonic::transport::Error(Transport, hyper::Error(Io, Kind(ConnectionReset)))
[2026-09-30T11:30:57Z ERROR sail_execution::driver::worker_pool::core] stop task job 28 stage 3 partition 28 attempt 0: failed in worker 2: error in Tonic status: code: 'Unknown error', message: "transport error", source: tonic::transport::Error(Transport, hyper::Error(Io, Kind(ConnectionReset)))
[2026-09-30T11:30:57Z ERROR sail_execution::driver::worker_pool::core] stop task job 28 stage 2 partition 38 attempt 0: failed in worker 2: error in Tonic status: code: 'Unknown error', message: "transport error", source: tonic::transport::Error(Transport, hyper::Error(Io, Kind(ConnectionReset)))
[2026-09-30T11:30:57Z ERROR sail_execution::driver::worker_pool::core] stop task job 28 stage 1 partition 22 attempt 0: failed in worker 2: error in Tonic status: code: 'Unknown error', message: "transport error", source: tonic::transport::Error(Transport, hyper::Error(Io, Kind(ConnectionReset)))
[2026-09-30T11:30:57Z ERROR sail_execution::driver::worker_pool::core] stop task job 28 stage 2 partition 44 attempt 0: failed in worker 2: error in Tonic status: code: 'Unknown error', message: "transport error", source: tonic::transport::Error(Transport, hyper::Error(Io, Kind(ConnectionReset)))
[2026-09-30T11:30:57Z ERROR sail_execution::driver::worker_pool::core] stop task job 28 stage 3 partition 2 attempt 0: failed in worker 2: error in Tonic status: code: 'Unknown error', message: "transport error", source: tonic::transport::Error(Transport, hyper::Error(Io, Kind(ConnectionReset)))
[2026-09-30T11:30:57Z ERROR sail_execution::driver::worker_pool::core] stop task job 28 stage 3 partition 8 attempt 0: failed in worker 2: error in Tonic status: code: 'Unknown error', message: "transport error", source: tonic::transport::Error(Transport, hyper::Error(Io, Kind(ConnectionReset)))
[2026-09-30T11:30:57Z ERROR sail_execution::driver::worker_pool::core] stop task job 28 stage 3 partition 6 attempt 0: failed in worker 2: error in Tonic status: code: 'Unknown error', message: "transport error", source: tonic::transport::Error(Transport, hyper::Error(Io, Kind(ConnectionReset)))
[2026-09-30T11:30:58Z INFO sail_execution::driver::actor::core] driver 1 has stopped
[2026-09-30T11:30:58Z WARN sail_common::actor] aborting 425 task(s) for DriverActor
[2026-09-30T11:31:09Z INFO sail_session::session_manager::actor::core] driver server has stopped
