[2026-09-30T17:00:28Z INFO sail_cli::spark::server] Starting the Spark Connect server on 127.0.0.1:43671...
[2026-09-30T17:00:28Z INFO sail_session::session_manager::actor::core] driver server is ready on port 40629
[2026-09-30T17:00:28Z INFO sail_session::session_manager::actor::handler] creating session 4258e228-c853-4a32-9a1e-deb7da08483a
OpenBLAS WARNING - could not determine the L2 cache size on this system, assuming 256k
OpenBLAS WARNING - could not determine the L2 cache size on this system, assuming 256k
[2026-09-30T17:00:29Z INFO sail_session::extensions] bound native extension nutmeg@0.1.0:e5f0332e07d6164d20eec48da4e1d859913eb006481d8b98b1d409afeb3bb50f to session incarnation 23e0119c-e776-47c3-aae5-ec6e79976863
[2026-09-30T17:00:29Z INFO sail_session::extensions] bound native extension sedona@0.1.0:e8dc2c51c6e45ef94fb13370b76f0fd40936b3d79d368fc052afbb778d39c137 to session incarnation 23e0119c-e776-47c3-aae5-ec6e79976863
[2026-09-30T17:00:29Z INFO sail_execution::driver::actor::handler] activating driver 1
[2026-09-30T17:00:29Z INFO sail_execution::driver::worker_pool::core] starting worker 1
[2026-09-30T17:00:29Z INFO sail_execution::driver::worker_pool::core] starting worker 2
[2026-09-30T17:00:29Z INFO sail_execution::worker_manager::process] extension process worker 2: pid=Some(63), driver_pid=26, session=4258e228-c853-4a32-9a1e-deb7da08483a
[2026-09-30T17:00:29Z INFO sail_execution::worker_manager::process] extension process worker 1: pid=Some(62), driver_pid=26, session=4258e228-c853-4a32-9a1e-deb7da08483a
[2026-09-30T17:00:30Z INFO sail_session::extensions] worker loaded native extension sedona@0.1.0:e8dc2c51c6e45ef94fb13370b76f0fd40936b3d79d368fc052afbb778d39c137, pid=62
[2026-09-30T17:00:30Z INFO sail_session::extensions] worker loaded native extension sedona@0.1.0:e8dc2c51c6e45ef94fb13370b76f0fd40936b3d79d368fc052afbb778d39c137, pid=63
[2026-09-30T17:00:30Z INFO sail_execution::worker::actor::handler] worker 1 server is ready on port 45193
[2026-09-30T17:00:30Z INFO sail_execution::worker::actor::handler] worker 2 server is ready on port 38165
[2026-09-30T17:00:30Z INFO sail_execution::driver::actor::handler] worker 1 is available at 127.0.0.1:45193
[2026-09-30T17:00:30Z WARN sail_execution::driver::task_assigner::core] worker 1 was not pending
[2026-09-30T17:00:30Z INFO sail_execution::driver::actor::handler] worker 2 is available at 127.0.0.1:38165
[2026-09-30T17:00:30Z WARN sail_execution::driver::task_assigner::core] worker 2 was not pending
[2026-09-30T17:00:32Z WARN sail_execution::driver::actor::handler] job 32 stage 1 partition 0 attempt 0 sequence 224 is stale
[2026-09-30T17:00:40Z WARN sail_execution::driver::actor::handler] job 86 stage 1 partition 3 attempt 0 sequence 537 is stale
[2026-09-30T17:00:41Z WARN sail_execution::driver::actor::handler] job 95 stage 0 partition 1 attempt 0 sequence 593 is stale
[2026-09-30T17:00:43Z WARN sail_execution::driver::actor::handler] job 104 stage 0 partition 1 attempt 0 sequence 642 is stale
[2026-09-30T17:00:45Z WARN sail_execution::driver::actor::handler] job 122 stage 0 partition 1 attempt 0 sequence 749 is stale
[2026-09-30T17:00:50Z WARN sail_execution::driver::actor::handler] job 178 stage 1 partition 0 attempt 0 sequence 1344 is stale
[2026-09-30T17:00:50Z WARN sail_execution::driver::actor::handler] job 178 stage 1 partition 1 attempt 0 sequence 1075 is stale
[2026-09-30T17:00:52Z WARN sail_execution::driver::actor::handler] job 203 stage 0 partition 0 attempt 0 sequence 1522 is stale
[2026-09-30T17:00:55Z WARN sail_execution::driver::actor::handler] job 245 stage 1 partition 2 attempt 0 sequence 1789 is stale
[2026-09-30T17:00:55Z WARN sail_execution::driver::actor::handler] job 252 stage 2 partition 1 attempt 0 sequence 1511 is stale
[2026-09-30T17:00:56Z INFO sail_session::session_manager::actor::handler] removing session 4258e228-c853-4a32-9a1e-deb7da08483a
[2026-09-30T17:00:56Z INFO sail_execution::driver::worker_pool::core] stopping worker 1
[2026-09-30T17:00:56Z INFO sail_execution::driver::worker_pool::core] stopping worker 2
[2026-09-30T17:00:56Z WARN sail_common::actor] aborting 244 task(s) for TaskRunnerActor
[2026-09-30T17:00:56Z WARN sail_common::actor] aborting 258 task(s) for TaskRunnerActor
[2026-09-30T17:00:56Z INFO sail_execution::worker::actor::core] worker 1 server has stopped
[2026-09-30T17:00:56Z WARN sail_common::actor] aborting 1 task(s) for WorkerActor
[2026-09-30T17:00:56Z INFO sail_execution::worker::actor::core] worker 2 server has stopped
[2026-09-30T17:00:56Z WARN sail_common::actor] aborting 1 task(s) for WorkerActor
[2026-09-30T17:00:56Z INFO sail_cli::spark::server] Shutting down the Spark Connect server...
[2026-09-30T17:00:56Z INFO sail_execution::driver::actor::core] driver 1 has stopped
[2026-09-30T17:00:56Z WARN sail_common::actor] aborting 4449 task(s) for DriverActor
[2026-09-30T17:00:56Z INFO sail_session::session_manager::actor::core] driver server has stopped
[2026-09-30T17:00:56Z WARN sail_common::actor] aborting 1042 task(s) for SessionManagerActor
[2026-09-30T17:00:56Z INFO sail_cli::spark::server] The Spark Connect server has stopped.
