[2026-09-30T17:12:44Z INFO sail_cli::spark::server] Starting the Spark Connect server on 127.0.0.1:51967...
[2026-09-30T17:12:44Z INFO sail_session::session_manager::actor::core] driver server is ready on port 33839
[2026-09-30T17:12:44Z INFO sail_session::session_manager::actor::handler] creating session 642084bb-a5e5-4ca2-86be-e950c3c34e68
OpenBLAS WARNING - could not determine the L2 cache size on this system, assuming 256k
OpenBLAS WARNING - could not determine the L2 cache size on this system, assuming 256k
[2026-09-30T17:12:46Z INFO sail_session::extensions] bound native extension nutmeg@0.1.0:e5f0332e07d6164d20eec48da4e1d859913eb006481d8b98b1d409afeb3bb50f to session incarnation 662cc2fe-a95b-427f-a410-318d70ce2b88
[2026-09-30T17:12:46Z INFO sail_session::extensions] bound native extension sedona@0.1.0:e8dc2c51c6e45ef94fb13370b76f0fd40936b3d79d368fc052afbb778d39c137 to session incarnation 662cc2fe-a95b-427f-a410-318d70ce2b88
[2026-09-30T17:12:46Z INFO sail_execution::driver::actor::handler] activating driver 1
[2026-09-30T17:12:46Z INFO sail_execution::driver::worker_pool::core] starting worker 1
[2026-09-30T17:12:46Z INFO sail_execution::driver::worker_pool::core] starting worker 2
[2026-09-30T17:12:46Z INFO sail_execution::worker_manager::process] extension process worker 1: pid=Some(62), driver_pid=26, session=642084bb-a5e5-4ca2-86be-e950c3c34e68
[2026-09-30T17:12:46Z INFO sail_execution::worker_manager::process] extension process worker 2: pid=Some(63), driver_pid=26, session=642084bb-a5e5-4ca2-86be-e950c3c34e68
[2026-09-30T17:12:47Z INFO sail_session::extensions] worker loaded native extension sedona@0.1.0:e8dc2c51c6e45ef94fb13370b76f0fd40936b3d79d368fc052afbb778d39c137, pid=63
[2026-09-30T17:12:47Z INFO sail_session::extensions] worker loaded native extension sedona@0.1.0:e8dc2c51c6e45ef94fb13370b76f0fd40936b3d79d368fc052afbb778d39c137, pid=62
[2026-09-30T17:12:47Z INFO sail_execution::worker::actor::handler] worker 2 server is ready on port 33991
[2026-09-30T17:12:47Z INFO sail_execution::driver::actor::handler] worker 2 is available at 127.0.0.1:33991
[2026-09-30T17:12:47Z WARN sail_execution::driver::task_assigner::core] worker 2 was not pending
[2026-09-30T17:12:47Z INFO sail_execution::worker::actor::handler] worker 1 server is ready on port 40807
[2026-09-30T17:12:47Z INFO sail_execution::driver::actor::handler] worker 1 is available at 127.0.0.1:40807
[2026-09-30T17:12:47Z WARN sail_execution::driver::task_assigner::core] worker 1 was not pending
[2026-09-30T17:12:49Z WARN sail_execution::driver::actor::handler] job 10 stage 0 partition 2 attempt 0 sequence 96 is stale
[2026-09-30T17:12:49Z WARN sail_execution::driver::actor::handler] job 14 stage 0 partition 0 attempt 0 sequence 132 is stale
[2026-09-30T17:13:00Z WARN sail_execution::driver::actor::handler] job 56 stage 0 partition 1 attempt 0 sequence 344 is stale
[2026-09-30T17:13:08Z WARN sail_execution::driver::actor::handler] job 76 stage 0 partition 1 attempt 0 sequence 470 is stale
[2026-09-30T17:13:09Z WARN sail_execution::driver::actor::handler] job 77 stage 0 partition 1 attempt 0 sequence 484 is stale
[2026-09-30T17:13:09Z WARN sail_execution::driver::actor::handler] job 77 stage 1 partition 2 attempt 0 sequence 601 is stale
[2026-09-30T17:13:14Z WARN sail_execution::driver::actor::handler] job 104 stage 1 partition 0 attempt 0 sequence 798 is stale
[2026-09-30T17:13:14Z WARN sail_execution::driver::actor::handler] job 104 stage 0 partition 1 attempt 0 sequence 642 is stale
[2026-09-30T17:13:14Z WARN sail_execution::driver::actor::handler] job 106 stage 1 partition 0 attempt 0 sequence 817 is stale
[2026-09-30T17:13:18Z WARN sail_execution::driver::actor::handler] job 122 stage 0 partition 1 attempt 0 sequence 749 is stale
[2026-09-30T17:13:23Z WARN sail_execution::driver::actor::handler] job 158 stage 0 partition 0 attempt 0 sequence 1195 is stale
[2026-09-30T17:13:24Z WARN sail_execution::driver::actor::handler] job 167 stage 0 partition 0 attempt 0 sequence 1256 is stale
[2026-09-30T17:13:28Z WARN sail_execution::driver::actor::handler] job 212 stage 0 partition 0 attempt 0 sequence 1588 is stale
[2026-09-30T17:13:31Z INFO sail_session::session_manager::actor::handler] removing session 642084bb-a5e5-4ca2-86be-e950c3c34e68
[2026-09-30T17:13:31Z INFO sail_execution::driver::worker_pool::core] stopping worker 1
[2026-09-30T17:13:31Z INFO sail_execution::driver::worker_pool::core] stopping worker 2
[2026-09-30T17:13:31Z WARN sail_common::actor] aborting 289 task(s) for TaskRunnerActor
[2026-09-30T17:13:31Z WARN sail_common::actor] aborting 277 task(s) for TaskRunnerActor
[2026-09-30T17:13:31Z INFO sail_execution::worker::actor::core] worker 1 server has stopped
[2026-09-30T17:13:31Z INFO sail_execution::worker::actor::core] worker 2 server has stopped
[2026-09-30T17:13:31Z WARN sail_common::actor] aborting 1 task(s) for WorkerActor
[2026-09-30T17:13:31Z WARN sail_common::actor] aborting 1 task(s) for WorkerActor
[2026-09-30T17:13:31Z INFO sail_cli::spark::server] Shutting down the Spark Connect server...
[2026-09-30T17:13:31Z INFO sail_execution::driver::actor::core] driver 1 has stopped
[2026-09-30T17:13:31Z WARN sail_common::actor] aborting 4453 task(s) for DriverActor
[2026-09-30T17:13:31Z INFO sail_session::session_manager::actor::core] driver server has stopped
[2026-09-30T17:13:31Z WARN sail_common::actor] aborting 1046 task(s) for SessionManagerActor
[2026-09-30T17:13:31Z INFO sail_cli::spark::server] The Spark Connect server has stopped.
