    Blocking waiting for file lock on package cache
    Checking sail-common v0.7.1 (/private/tmp/sail-compact-struct-min/crates/sail-common)
   Compiling sail-common-datafusion v0.7.1 (/private/tmp/sail-compact-struct-min/crates/sail-common-datafusion)
    Checking sail-native-resource-ffi v0.1.0 (/private/tmp/sail-compact-struct-min/crates/sail-native-resource-ffi)
   Compiling sail-sql-parser v0.7.1 (/private/tmp/sail-compact-struct-min/crates/sail-sql-parser)
   Compiling pyo3-ffi v0.29.2
   Compiling sail-build-scripts v0.7.1 (/private/tmp/sail-compact-struct-min/crates/sail-build-scripts)
   Compiling sail-sql-macro v0.7.1 (/private/tmp/sail-compact-struct-min/crates/sail-sql-macro)
   Compiling pyo3 v0.29.2
   Compiling sail-system-store v0.7.1 (/private/tmp/sail-compact-struct-min/crates/sail-system-store)
   Compiling sail-telemetry v0.7.1 (/private/tmp/sail-compact-struct-min/crates/sail-telemetry)
   Compiling sail-data-source v0.7.1 (/private/tmp/sail-compact-struct-min/crates/sail-data-source)
   Compiling sail-delta-lake v0.7.1 (/private/tmp/sail-compact-struct-min/crates/sail-delta-lake)
   Compiling sail-iceberg v0.7.1 (/private/tmp/sail-compact-struct-min/crates/sail-iceberg)
   Compiling sail-celeborn v0.7.1 (/private/tmp/sail-compact-struct-min/crates/sail-celeborn)
    Checking arrow-pyarrow v59.3.0
   Compiling sail-plan v0.7.1 (/private/tmp/sail-compact-struct-min/crates/sail-plan)
   Compiling sail-execution v0.7.1 (/private/tmp/sail-compact-struct-min/crates/sail-execution)
    Checking sail-object-store v0.7.1 (/private/tmp/sail-compact-struct-min/crates/sail-object-store)
    Checking sail-catalog v0.7.1 (/private/tmp/sail-compact-struct-min/crates/sail-catalog)
    Checking sail-cache v0.7.1 (/private/tmp/sail-compact-struct-min/crates/sail-cache)
    Checking sail-python-udf v0.7.1 (/private/tmp/sail-compact-struct-min/crates/sail-python-udf)
    Checking sail-sql-analyzer v0.7.1 (/private/tmp/sail-compact-struct-min/crates/sail-sql-analyzer)
    Checking sail-function v0.7.1 (/private/tmp/sail-compact-struct-min/crates/sail-function)
error: unnecessary use of `clone` to create a slice from a reference
   --> crates/sail-function/src/aggregate/compact_struct_min_tests.rs:126:22
    |
126 |     acc.update_batch(&[input.clone()], &[0, 0, 0, 1, 1, 2], Some(&filter), 4)?;
    |                      ^^^^^^^^^^^^^^^^ help: try: `std::slice::from_ref(&input)`
    |
    = help: for further information visit https://rust-lang.github.io/rust-clippy/rust-1.97.0/index.html#cloned_ref_to_slice_refs
    = note: `-D clippy::cloned-ref-to-slice-refs` implied by `-D warnings`
    = help: to override `-D warnings` add `#[allow(clippy::cloned_ref_to_slice_refs)]`

    Checking sail-logical-plan v0.7.1 (/private/tmp/sail-compact-struct-min/crates/sail-logical-plan)
error: could not compile `sail-function` (lib test) due to 1 previous error
warning: build failed, waiting for other jobs to finish...
