    Checking sail-common v0.7.1 (/private/tmp/sail-compact-struct-min/crates/sail-common)
   Compiling sail-common-datafusion v0.7.1 (/private/tmp/sail-compact-struct-min/crates/sail-common-datafusion)
    Checking sail-native-resource-ffi v0.1.0 (/private/tmp/sail-compact-struct-min/crates/sail-native-resource-ffi)
   Compiling sail-sql-parser v0.7.1 (/private/tmp/sail-compact-struct-min/crates/sail-sql-parser)
   Compiling pyo3-ffi v0.29.2
   Compiling sail-build-scripts v0.7.1 (/private/tmp/sail-compact-struct-min/crates/sail-build-scripts)
   Compiling sail-sql-macro v0.7.1 (/private/tmp/sail-compact-struct-min/crates/sail-sql-macro)
   Compiling sail-system-store v0.7.1 (/private/tmp/sail-compact-struct-min/crates/sail-system-store)
   Compiling pyo3 v0.29.2
   Compiling sail-telemetry v0.7.1 (/private/tmp/sail-compact-struct-min/crates/sail-telemetry)
   Compiling sail-celeborn v0.7.1 (/private/tmp/sail-compact-struct-min/crates/sail-celeborn)
   Compiling sail-data-source v0.7.1 (/private/tmp/sail-compact-struct-min/crates/sail-data-source)
   Compiling sail-delta-lake v0.7.1 (/private/tmp/sail-compact-struct-min/crates/sail-delta-lake)
   Compiling sail-iceberg v0.7.1 (/private/tmp/sail-compact-struct-min/crates/sail-iceberg)
   Compiling sail-plan v0.7.1 (/private/tmp/sail-compact-struct-min/crates/sail-plan)
    Checking arrow-pyarrow v59.3.0
   Compiling sail-execution v0.7.1 (/private/tmp/sail-compact-struct-min/crates/sail-execution)
   Compiling async-recursion v1.1.1
    Checking sail-sql-analyzer v0.7.1 (/private/tmp/sail-compact-struct-min/crates/sail-sql-analyzer)
    Checking sail-object-store v0.7.1 (/private/tmp/sail-compact-struct-min/crates/sail-object-store)
    Checking sail-catalog v0.7.1 (/private/tmp/sail-compact-struct-min/crates/sail-catalog)
    Checking sail-function v0.7.1 (/private/tmp/sail-compact-struct-min/crates/sail-function)
    Checking sail-cache v0.7.1 (/private/tmp/sail-compact-struct-min/crates/sail-cache)
    Checking sail-python-udf v0.7.1 (/private/tmp/sail-compact-struct-min/crates/sail-python-udf)
error[E0432]: unresolved import `datafusion::arrow::buffer::NullBufferBuilder`
  --> crates/sail-function/src/aggregate/compact_struct_min.rs:13:45
   |
13 | use datafusion::arrow::buffer::{NullBuffer, NullBufferBuilder};
   |                                             ^^^^^^^^^^^^^^^^^ no `NullBufferBuilder` in `buffer`

For more information about this error, try `rustc --explain E0432`.
error: could not compile `sail-function` (lib) due to 1 previous error
warning: build failed, waiting for other jobs to finish...
error: could not compile `sail-function` (lib test) due to 1 previous error
