test_cross_batch_duplicate_unknown_and_missing_domain (test_bfs_certificate.CertificateTests.test_cross_batch_duplicate_unknown_and_missing_domain) ... ok
test_edge_profiles_reject_missing_extra_and_wrong_physical_types (test_bfs_certificate.CertificateTests.test_edge_profiles_reject_missing_extra_and_wrong_physical_types) ... ok
test_empty_expansion_required_and_cap_distinct (test_bfs_certificate.CertificateTests.test_empty_expansion_required_and_cap_distinct) ... ok
test_fabricated_reached_isolate_has_no_rooted_parent_path (test_bfs_certificate.CertificateTests.test_fabricated_reached_isolate_has_no_rooted_parent_path) ... ok
test_full_signed_highbit_duplicates_loops_and_isolate (test_bfs_certificate.CertificateTests.test_full_signed_highbit_duplicates_loops_and_isolate) ... ok
test_max_signed_id_can_be_a_predecessor_not_an_absent_sentinel (test_bfs_certificate.CertificateTests.test_max_signed_id_can_be_a_predecessor_not_an_absent_sentinel) ... ok
test_omitted_reachable_component_detected_by_original_edges (test_bfs_certificate.CertificateTests.test_omitted_reachable_component_detected_by_original_edges) ... ok
test_original_arc_orientation_reversal_preserves_undirected_answer (test_bfs_certificate.CertificateTests.test_original_arc_orientation_reversal_preserves_undirected_answer) ... ok
test_original_dataset_requires_explicit_retained_weight_profile (test_bfs_certificate.CertificateTests.test_original_dataset_requires_explicit_retained_weight_profile) ... ok
test_original_weight_schema_preserved_for_unweighted_certificate (test_bfs_certificate.CertificateTests.test_original_weight_schema_preserved_for_unweighted_certificate) ... FAIL
test_physical_int64_highbit_and_nulls_never_go_through_float (test_bfs_certificate.CertificateTests.test_physical_int64_highbit_and_nulls_never_go_through_float) ... ok
test_repeated_raw_terminal_and_stable_owner_identity (test_bfs_certificate.CertificateTests.test_repeated_raw_terminal_and_stable_owner_identity) ... ok
test_source_self_parent_and_unique_zero (test_bfs_certificate.CertificateTests.test_source_self_parent_and_unique_zero) ... ok
test_unknown_original_endpoint_refused (test_bfs_certificate.CertificateTests.test_unknown_original_endpoint_refused) ... ok
test_unreachable_mixed_nulls_are_rejected (test_bfs_certificate.CertificateTests.test_unreachable_mixed_nulls_are_rejected) ... ok
test_valid_edge_nonminimum_signed_parent_is_rejected (test_bfs_certificate.CertificateTests.test_valid_edge_nonminimum_signed_parent_is_rejected) ... ok
test_verified_identity_domain_direct_lookup_and_bounds (test_bfs_certificate.CertificateTests.test_verified_identity_domain_direct_lookup_and_bounds) ... ok
test_wrong_distance_and_hops (test_bfs_certificate.CertificateTests.test_wrong_distance_and_hops) ... ok

======================================================================
FAIL: test_original_weight_schema_preserved_for_unweighted_certificate (test_bfs_certificate.CertificateTests.test_original_weight_schema_preserved_for_unweighted_certificate)
----------------------------------------------------------------------
Traceback (most recent call last):
  File "/Volumes/Apo/graph-tests/results/sem-completion-20261003/X1-full-oracle02/test_bfs_certificate.py", line 163, in test_original_weight_schema_preserved_for_unweighted_certificate
    self.assertEqual(receipt.outcome, "passed_full_undirected_BFS_certificate")
AssertionError: 'checking' != 'passed_full_undirected_BFS_certificate'
- checking
+ passed_full_undirected_BFS_certificate


----------------------------------------------------------------------
Ran 18 tests in 0.149s

FAILED (failures=1)
