[2026-09-30T17:14:02Z INFO sail_cli::spark::server] Starting the Spark Connect server on 127.0.0.1:32903...
[2026-09-30T17:14:02Z INFO sail_session::session_manager::actor::core] driver server is ready on port 37457
[2026-09-30T17:14:02Z INFO sail_session::session_manager::actor::handler] creating session 5af96684-f22d-4f65-a690-ed2e870d920f
OpenBLAS WARNING - could not determine the L2 cache size on this system, assuming 256k
OpenBLAS WARNING - could not determine the L2 cache size on this system, assuming 256k
[2026-09-30T17:14:04Z INFO sail_session::extensions] bound native extension nutmeg@0.1.0:e5f0332e07d6164d20eec48da4e1d859913eb006481d8b98b1d409afeb3bb50f to session incarnation efbfd450-1e94-4419-b3b2-4ada281b306f
[2026-09-30T17:14:08Z INFO sail_session::extensions] bound native extension sedona@0.1.0:e8dc2c51c6e45ef94fb13370b76f0fd40936b3d79d368fc052afbb778d39c137 to session incarnation efbfd450-1e94-4419-b3b2-4ada281b306f
[2026-09-30T17:14:08Z INFO sail_execution::driver::actor::handler] activating driver 1
[2026-09-30T17:14:08Z INFO sail_execution::driver::worker_pool::core] starting worker 1
[2026-09-30T17:14:08Z INFO sail_execution::driver::worker_pool::core] starting worker 2
[2026-09-30T17:14:08Z INFO sail_execution::worker_manager::process] extension process worker 1: pid=Some(62), driver_pid=26, session=5af96684-f22d-4f65-a690-ed2e870d920f
[2026-09-30T17:14:08Z INFO sail_execution::worker_manager::process] extension process worker 2: pid=Some(63), driver_pid=26, session=5af96684-f22d-4f65-a690-ed2e870d920f
[2026-09-30T17:14:09Z INFO sail_session::extensions] worker loaded native extension sedona@0.1.0:e8dc2c51c6e45ef94fb13370b76f0fd40936b3d79d368fc052afbb778d39c137, pid=62
[2026-09-30T17:14:09Z INFO sail_session::extensions] worker loaded native extension sedona@0.1.0:e8dc2c51c6e45ef94fb13370b76f0fd40936b3d79d368fc052afbb778d39c137, pid=63
[2026-09-30T17:14:09Z INFO sail_execution::worker::actor::handler] worker 2 server is ready on port 36127
[2026-09-30T17:14:09Z INFO sail_execution::worker::actor::handler] worker 1 server is ready on port 36925
[2026-09-30T17:14:09Z INFO sail_execution::driver::actor::handler] worker 1 is available at 127.0.0.1:36925
[2026-09-30T17:14:09Z WARN sail_execution::driver::task_assigner::core] worker 1 was not pending
[2026-09-30T17:14:09Z INFO sail_execution::driver::actor::handler] worker 2 is available at 127.0.0.1:36127
[2026-09-30T17:14:09Z WARN sail_execution::driver::task_assigner::core] worker 2 was not pending
[2026-09-30T17:14:12Z WARN sail_execution::driver::actor::handler] job 14 stage 0 partition 1 attempt 0 sequence 120 is stale
[2026-09-30T17:14:12Z WARN sail_execution::driver::actor::handler] job 23 stage 0 partition 0 attempt 0 sequence 200 is stale
[2026-09-30T17:14:12Z WARN sail_execution::driver::actor::handler] job 23 stage 1 partition 3 attempt 0 sequence 201 is stale
[2026-09-30T17:14:12Z WARN sail_execution::driver::actor::handler] job 23 stage 1 partition 1 attempt 0 sequence 202 is stale
[2026-09-30T17:14:17Z WARN sail_execution::driver::actor::handler] job 48 stage 2 partition 0 attempt 0 sequence 366 is stale
[2026-09-30T17:14:22Z WARN sail_execution::driver::actor::handler] job 64 stage 2 partition 2 attempt 0 sequence 480 is stale
[2026-09-30T17:14:28Z WARN sail_execution::driver::actor::handler] job 96 stage 1 partition 1 attempt 0 sequence 545 is stale
[2026-09-30T17:14:31Z WARN sail_execution::driver::actor::handler] job 102 stage 0 partition 1 attempt 0 sequence 579 is stale
[2026-09-30T17:14:36Z WARN sail_execution::driver::actor::handler] job 118 stage 0 partition 0 attempt 0 sequence 854 is stale
[2026-09-30T17:15:00Z WARN sail_execution::driver::actor::handler] job 225 stage 3 partition 3 attempt 0 sequence 1598 is stale
[2026-09-30T17:15:00Z WARN sail_execution::driver::actor::handler] job 225 stage 1 partition 2 attempt 0 sequence 1596 is stale
[2026-09-30T17:15:00Z WARN sail_execution::driver::actor::handler] job 225 stage 3 partition 1 attempt 0 sequence 1595 is stale
[2026-09-30T17:15:00Z INFO sail_session::session_manager::actor::handler] removing session 5af96684-f22d-4f65-a690-ed2e870d920f
[2026-09-30T17:15:00Z INFO sail_execution::driver::worker_pool::core] stopping worker 1
[2026-09-30T17:15:00Z INFO sail_execution::driver::worker_pool::core] stopping worker 2
[2026-09-30T17:15:00Z WARN sail_common::actor] aborting 2 task(s) for TaskRunnerActor
[2026-09-30T17:15:00Z WARN sail_common::actor] aborting 248 task(s) for TaskRunnerActor
[2026-09-30T17:15:00Z WARN sail_common::actor] aborting 245 task(s) for TaskRunnerActor
[2026-09-30T17:15:00Z INFO sail_execution::worker::actor::core] worker 2 server has stopped
[2026-09-30T17:15:00Z WARN sail_common::actor] aborting 1 task(s) for WorkerActor
[2026-09-30T17:15:00Z INFO sail_execution::worker::actor::core] worker 1 server has stopped
[2026-09-30T17:15:00Z WARN sail_common::actor] aborting 1 task(s) for WorkerActor
[2026-09-30T17:15:01Z INFO sail_cli::spark::server] Shutting down the Spark Connect server...
[2026-09-30T17:15:01Z INFO sail_execution::driver::actor::core] driver 1 has stopped
[2026-09-30T17:15:01Z WARN sail_common::actor] aborting 3855 task(s) for DriverActor
[2026-09-30T17:15:01Z INFO sail_session::session_manager::actor::core] driver server has stopped
[2026-09-30T17:15:01Z WARN sail_common::actor] aborting 951 task(s) for SessionManagerActor
[2026-09-30T17:15:01Z INFO sail_cli::spark::server] The Spark Connect server has stopped.
