   Compiling grust-datafusion v0.16.0 (/Users/alexy/src/grust-arrow-pipeline/crates/grust-datafusion)
warning: linker stderr: ld: __eh_frame section too large (max 16MB) to encode dwarf unwind offsets in compact unwind table, performance of exception handling might be affected
  |
  = note: `#[warn(linker_messages)]` on by default

warning: `grust-datafusion` (lib test) generated 1 warning
    Finished `test` profile [unoptimized + debuginfo] target(s) in 3.00s
     Running unittests src/lib.rs (target/debug/deps/grust_datafusion-456736b859386d36)

running 32 tests
test cypher::planning_tests::extrema_of_missing_properties_return_null_on_nonempty_input ... ok
test cypher::planning_tests::unsupported_plans_and_invalid_queries_remain_distinct ... ok
test cypher::binding_tests::aggregates_resolve_multiple_bindings_and_preserve_nulls ... ok
test cypher::binding_tests::multiple_bindings_keep_literal_columns_distinct ... ok
test cypher::planning_tests::planned_scan_retains_provider_when_catalog_registration_changes ... ok
test cypher::planning_tests::node_identity_predicates_preserve_external_ids ... ok
test cypher::planning_tests::integer_extrema_preserve_nulls_and_exact_limits ... ok
test cypher::snapshot_tests::physical_edge_identity_survives_batches_partitions_and_catalog_replacement ... ok
test cypher::planning_tests::string_extrema_follow_rust_lexicographic_order ... ok
test cypher::planning_tests::scalar_where_filters_match_reference_true_only_rule ... ok
test cypher::tests::count_expression_ignores_nulls_and_distinct_removes_duplicates ... ok
test cypher::planning_tests::anonymous_node_scan_preserves_label_and_map_filters ... ok
test cypher::tests::mixed_types_and_unqualified_arithmetic_are_not_lowered ... ok
test cypher::planner_tests::common_planner_selects_shapes_without_hiding_errors ... ok
test cypher::tests::inline_parameter_maps_select_nodes_and_duplicate_names_decline ... ok
test cypher::tests::property_keys_are_literal_and_missing_values_are_null ... ok
test cypher::tests::scalar_parameters_are_bound_without_lossy_numeric_conversion ... ok
test cypher::tests::parsed_node_scan_filters_and_projects_native_property_columns ... ok
test cypher::tests::count_star_retains_empty_input_identity ... ok
test cypher::tests::implicit_projection_names_match_the_reference_contract ... ok
test cypher::relationship_tests::endpoint_joins_preserve_exact_relationship_multiplicity ... ok
test cypher::tests::grouped_counts_preserve_null_groups_and_projection_order ... ok
test tests::read_only_queries_reject_ddl_and_dml_before_mutation ... ok
test cypher::tests::ordering_and_parameterized_pagination_match_cypher_null_order ... ok
test tests::disabled_spill_and_small_pool_reject_sort_work ... ok
test tests::typed_relational_plans_execute_without_sql_serialization ... ok
test tests::blocking_reader_composes_with_arrow_and_adbc_reader_contract ... ok
test tests::relational_queries_consume_shared_multi_batch_tables ... ok
test cypher::tests::native_scan_matches_reference_for_nulls_duplicates_and_large_integers ... ok
test tests::graph_registration_preserves_isolates_and_parallel_edges ... ok
test cypher::tests::boolean_null_truth_tables_execute_with_cypher_results ... ok
test cypher::relationship_tests::parsed_relationship_queries_match_portable_results ... ok

test result: ok. 32 passed; 0 failed; 0 ignored; 0 measured; 0 filtered out; finished in 0.33s

   Doc-tests grust_datafusion

running 0 tests

test result: ok. 0 passed; 0 failed; 0 ignored; 0 measured; 0 filtered out; finished in 0.00s

    Checking grust-datafusion v0.16.0 (/Users/alexy/src/grust-arrow-pipeline/crates/grust-datafusion)
    Finished `dev` profile [unoptimized + debuginfo] target(s) in 1.43s
