   Compiling autocfg v1.5.1
   Compiling proc-macro2 v1.0.107
   Compiling libm v0.2.16
   Compiling quote v1.0.47
   Compiling unicode-ident v1.0.26
   Compiling libc v0.2.189
   Compiling zerocopy v0.8.59
   Compiling cfg-if v1.0.5
   Compiling find-msvc-tools v0.1.14
   Compiling shlex v2.0.1
   Compiling num-traits v0.2.19
   Compiling getrandom v0.3.4
   Compiling version_check v0.9.5
   Compiling pkg-config v0.3.34
   Compiling ahash v0.8.12
   Compiling bytes v1.12.1
   Compiling core-foundation-sys v0.8.7
   Compiling syn v2.0.119
   Compiling crossbeam-utils v0.8.23
   Compiling jobserver v0.1.35
   Compiling semver v1.0.28
   Compiling cc v1.5.1
   Compiling rustc_version v0.4.1
   Compiling iana-time-zone v0.1.65
   Compiling once_cell v1.21.4
   Compiling crossbeam-epoch v0.9.21
   Compiling arrow-schema v59.3.0
   Compiling flatbuffers v25.12.19
   Compiling crossbeam-deque v0.8.8
   Compiling hashbrown v0.17.1
   Compiling zstd-safe v7.3.0
   Compiling num-integer v0.1.47
   Compiling chrono v0.4.45
   Compiling num-complex v0.4.6
   Compiling num-bigint v0.5.1
   Compiling rayon-core v1.13.0
   Compiling snap v1.1.2
   Compiling bitflags v2.13.2
   Compiling zstd-sys v2.1.0+zstd.1.5.7
   Compiling twox-hash v2.1.4
   Compiling lz4_flex v0.14.0
   Compiling base64 v0.23.1
   Compiling seq-macro v0.3.6
   Compiling either v1.18.0
   Compiling zerocopy-derive v0.8.59
   Compiling rayon v1.12.0
   Compiling zstd v0.13.3
   Compiling half v2.7.1
   Compiling arrow-buffer v59.3.0
   Compiling arrow-data v59.3.0
   Compiling arrow-array v59.3.0
   Compiling arrow-select v59.3.0
   Compiling arrow-ipc v59.3.0
   Compiling parquet v59.3.0
   Compiling csr-floor v0.1.0 (/Volumes/Apo/graph-tests/results/sem-review-20261001/F0-native-preparation01/csr-floor)
    Finished `release` profile [optimized] target(s) in 1m 38s
