[2026-09-30T07:55:03Z INFO sail_cli::spark::server] Starting the Spark Connect server on 127.0.0.1:38627...
[2026-09-30T07:55:03Z INFO sail_session::session_manager::actor::core] driver server is ready on port 41735
[2026-09-30T07:55:03Z INFO sail_session::session_manager::actor::handler] creating session 5910b13e-80c4-448a-8734-cd9ab8985b27
OpenBLAS WARNING - could not determine the L2 cache size on this system, assuming 256k
OpenBLAS WARNING - could not determine the L2 cache size on this system, assuming 256k
[2026-09-30T07:55:05Z INFO sail_session::extensions] bound native extension nutmeg@0.1.0:ccef40a2d139683fe99e5f618a20bf450fbdc217c82bda9fc958d5169636b972 to session incarnation 3940f5f7-8d3a-495c-999f-57c50a0751d4
[2026-09-30T07:55:06Z INFO sail_session::extensions] bound native extension sedona@0.1.0:e8dc2c51c6e45ef94fb13370b76f0fd40936b3d79d368fc052afbb778d39c137 to session incarnation 3940f5f7-8d3a-495c-999f-57c50a0751d4
[2026-09-30T07:55:06Z INFO sail_execution::driver::actor::handler] activating driver 1
[2026-09-30T07:55:06Z INFO sail_execution::driver::worker_pool::core] starting worker 1
[2026-09-30T07:55:06Z INFO sail_execution::driver::worker_pool::core] starting worker 2
[2026-09-30T07:55:06Z INFO sail_execution::worker_manager::process] extension process worker 1: pid=Some(166), driver_pid=50, session=5910b13e-80c4-448a-8734-cd9ab8985b27
[2026-09-30T07:55:06Z INFO sail_execution::worker_manager::process] extension process worker 2: pid=Some(167), driver_pid=50, session=5910b13e-80c4-448a-8734-cd9ab8985b27
[2026-09-30T07:55:07Z INFO sail_session::extensions] worker loaded native extension sedona@0.1.0:e8dc2c51c6e45ef94fb13370b76f0fd40936b3d79d368fc052afbb778d39c137, pid=166
[2026-09-30T07:55:07Z INFO sail_session::extensions] worker loaded native extension sedona@0.1.0:e8dc2c51c6e45ef94fb13370b76f0fd40936b3d79d368fc052afbb778d39c137, pid=167
[2026-09-30T07:55:07Z INFO sail_execution::worker::actor::handler] worker 1 server is ready on port 45401
[2026-09-30T07:55:07Z INFO sail_execution::driver::actor::handler] worker 1 is available at 127.0.0.1:45401
[2026-09-30T07:55:07Z WARN sail_execution::driver::task_assigner::core] worker 1 was not pending
[2026-09-30T07:55:07Z INFO sail_execution::worker::actor::handler] worker 2 server is ready on port 41315
[2026-09-30T07:55:07Z INFO sail_execution::driver::actor::handler] worker 2 is available at 127.0.0.1:41315
[2026-09-30T07:55:07Z WARN sail_execution::driver::task_assigner::core] worker 2 was not pending
[2026-09-30T08:23:50Z INFO sail_session::session_manager::actor::handler] removing session 5910b13e-80c4-448a-8734-cd9ab8985b27
[2026-09-30T08:23:50Z INFO sail_execution::driver::worker_pool::core] stopping worker 1
[2026-09-30T08:23:50Z INFO sail_execution::driver::worker_pool::core] stopping worker 2
[2026-09-30T08:23:51Z INFO sail_cli::spark::server] Shutting down the Spark Connect server...
[2026-09-30T08:24:05Z ERROR sail_execution::driver::worker_pool::core] stop task job 31 stage 4 partition 31 attempt 0: failed in worker 1: error in Tonic status: code: 'Unknown error', message: "transport error", source: tonic::transport::Error(Transport, hyper::Error(Io, Kind(ConnectionReset)))
[2026-09-30T08:24:05Z ERROR sail_execution::driver::worker_pool::core] stop task job 31 stage 4 partition 13 attempt 0: failed in worker 1: error in Tonic status: code: 'Unknown error', message: "transport error", source: tonic::transport::Error(Transport, hyper::Error(Io, Kind(ConnectionReset)))
[2026-09-30T08:24:05Z ERROR sail_execution::driver::worker_pool::core] stop task job 31 stage 1 partition 21 attempt 0: failed in worker 1: error in Tonic status: code: 'Unknown error', message: "transport error", source: tonic::transport::Error(Transport, hyper::Error(Io, Kind(ConnectionReset)))
[2026-09-30T08:24:05Z ERROR sail_execution::driver::worker_pool::core] stop task job 31 stage 4 partition 23 attempt 0: failed in worker 1: error in Tonic status: code: 'Unknown error', message: "transport error", source: tonic::transport::Error(Transport, hyper::Error(Io, Kind(ConnectionReset)))
[2026-09-30T08:24:05Z ERROR sail_execution::driver::worker_pool::core] stop task job 31 stage 4 partition 7 attempt 0: failed in worker 1: error in Tonic status: code: 'Unknown error', message: "transport error", source: tonic::transport::Error(Transport, hyper::Error(Io, Kind(ConnectionReset)))
[2026-09-30T08:24:05Z ERROR sail_execution::driver::worker_pool::core] stop task job 31 stage 3 partition 13 attempt 0: failed in worker 1: error in Tonic status: code: 'Unknown error', message: "transport error", source: tonic::transport::Error(Transport, hyper::Error(Io, Kind(ConnectionReset)))
[2026-09-30T08:24:05Z ERROR sail_execution::driver::worker_pool::core] stop task job 31 stage 4 partition 27 attempt 0: failed in worker 1: error in Tonic status: code: 'Unknown error', message: "transport error", source: tonic::transport::Error(Transport, hyper::Error(Io, Kind(ConnectionReset)))
[2026-09-30T08:24:05Z ERROR sail_execution::driver::worker_pool::core] clean up job: failed in worker 1: error in Tonic status: code: 'Unknown error', message: "transport error", source: tonic::transport::Error(Transport, hyper::Error(Io, Kind(ConnectionReset)))
[2026-09-30T08:24:05Z ERROR sail_execution::driver::worker_pool::core] stop worker: failed in worker 1: error in Tonic status: code: 'Unknown error', message: "transport error", source: tonic::transport::Error(Transport, hyper::Error(Io, Kind(ConnectionReset)))
[2026-09-30T08:24:05Z ERROR sail_execution::driver::worker_pool::core] stop task job 31 stage 4 partition 15 attempt 0: failed in worker 1: error in Tonic status: code: 'Unknown error', message: "transport error", source: tonic::transport::Error(Transport, hyper::Error(Io, Kind(ConnectionReset)))
[2026-09-30T08:24:05Z ERROR sail_execution::driver::worker_pool::core] stop task job 31 stage 4 partition 3 attempt 0: failed in worker 1: error in Tonic status: code: 'Unknown error', message: "transport error", source: tonic::transport::Error(Transport, hyper::Error(Io, Kind(ConnectionReset)))
[2026-09-30T08:24:05Z ERROR sail_execution::driver::worker_pool::core] stop task job 31 stage 4 partition 21 attempt 0: failed in worker 1: error in Tonic status: code: 'Unknown error', message: "transport error", source: tonic::transport::Error(Transport, hyper::Error(Io, Kind(ConnectionReset)))
[2026-09-30T08:24:05Z ERROR sail_execution::driver::worker_pool::core] stop task job 31 stage 4 partition 5 attempt 0: failed in worker 1: error in Tonic status: code: 'Unknown error', message: "transport error", source: tonic::transport::Error(Transport, hyper::Error(Io, Kind(ConnectionReset)))
[2026-09-30T08:24:05Z ERROR sail_execution::driver::worker_pool::core] stop task job 31 stage 4 partition 17 attempt 0: failed in worker 1: error in Tonic status: code: 'Unknown error', message: "transport error", source: tonic::transport::Error(Transport, hyper::Error(Io, Kind(ConnectionReset)))
[2026-09-30T08:24:05Z ERROR sail_execution::driver::worker_pool::core] stop task job 31 stage 4 partition 25 attempt 0: failed in worker 1: error in Tonic status: code: 'Unknown error', message: "transport error", source: tonic::transport::Error(Transport, hyper::Error(Io, Kind(ConnectionReset)))
[2026-09-30T08:24:05Z ERROR sail_execution::driver::worker_pool::core] stop task job 31 stage 4 partition 11 attempt 0: failed in worker 1: error in Tonic status: code: 'Unknown error', message: "transport error", source: tonic::transport::Error(Transport, hyper::Error(Io, Kind(ConnectionReset)))
[2026-09-30T08:24:05Z ERROR sail_execution::driver::worker_pool::core] stop task job 31 stage 4 partition 19 attempt 0: failed in worker 1: error in Tonic status: code: 'Unknown error', message: "transport error", source: tonic::transport::Error(Transport, hyper::Error(Io, Kind(ConnectionReset)))
[2026-09-30T08:24:05Z ERROR sail_execution::driver::worker_pool::core] stop task job 31 stage 4 partition 29 attempt 0: failed in worker 1: error in Tonic status: code: 'Unknown error', message: "transport error", source: tonic::transport::Error(Transport, hyper::Error(Io, Kind(ConnectionReset)))
