Warning: can't set `imports_granularity = Module`, unstable features are only available in nightly channel.
Warning: can't set `group_imports = StdExternalCrate`, unstable features are only available in nightly channel.
Warning: can't set `imports_granularity = Module`, unstable features are only available in nightly channel.
Warning: can't set `group_imports = StdExternalCrate`, unstable features are only available in nightly channel.
Warning: can't set `imports_granularity = Module`, unstable features are only available in nightly channel.
Warning: can't set `group_imports = StdExternalCrate`, unstable features are only available in nightly channel.
Warning: can't set `imports_granularity = Module`, unstable features are only available in nightly channel.
Warning: can't set `group_imports = StdExternalCrate`, unstable features are only available in nightly channel.
Warning: can't set `imports_granularity = Module`, unstable features are only available in nightly channel.
Warning: can't set `group_imports = StdExternalCrate`, unstable features are only available in nightly channel.
Warning: can't set `imports_granularity = Module`, unstable features are only available in nightly channel.
Warning: can't set `group_imports = StdExternalCrate`, unstable features are only available in nightly channel.
Warning: can't set `imports_granularity = Module`, unstable features are only available in nightly channel.
Warning: can't set `group_imports = StdExternalCrate`, unstable features are only available in nightly channel.
Warning: can't set `imports_granularity = Module`, unstable features are only available in nightly channel.
Warning: can't set `group_imports = StdExternalCrate`, unstable features are only available in nightly channel.
Warning: can't set `imports_granularity = Module`, unstable features are only available in nightly channel.
Warning: can't set `group_imports = StdExternalCrate`, unstable features are only available in nightly channel.
Warning: can't set `imports_granularity = Module`, unstable features are only available in nightly channel.
Warning: can't set `group_imports = StdExternalCrate`, unstable features are only available in nightly channel.
Warning: can't set `imports_granularity = Module`, unstable features are only available in nightly channel.
Warning: can't set `group_imports = StdExternalCrate`, unstable features are only available in nightly channel.
Warning: can't set `imports_granularity = Module`, unstable features are only available in nightly channel.
Warning: can't set `group_imports = StdExternalCrate`, unstable features are only available in nightly channel.
Warning: can't set `imports_granularity = Module`, unstable features are only available in nightly channel.
Warning: can't set `group_imports = StdExternalCrate`, unstable features are only available in nightly channel.
Warning: can't set `imports_granularity = Module`, unstable features are only available in nightly channel.
Warning: can't set `group_imports = StdExternalCrate`, unstable features are only available in nightly channel.
Warning: can't set `imports_granularity = Module`, unstable features are only available in nightly channel.
Warning: can't set `group_imports = StdExternalCrate`, unstable features are only available in nightly channel.
Warning: can't set `imports_granularity = Module`, unstable features are only available in nightly channel.
Warning: can't set `group_imports = StdExternalCrate`, unstable features are only available in nightly channel.
Warning: can't set `imports_granularity = Module`, unstable features are only available in nightly channel.
Warning: can't set `group_imports = StdExternalCrate`, unstable features are only available in nightly channel.
Warning: can't set `imports_granularity = Module`, unstable features are only available in nightly channel.
Warning: can't set `group_imports = StdExternalCrate`, unstable features are only available in nightly channel.
Warning: can't set `imports_granularity = Module`, unstable features are only available in nightly channel.
Warning: can't set `group_imports = StdExternalCrate`, unstable features are only available in nightly channel.
Warning: can't set `imports_granularity = Module`, unstable features are only available in nightly channel.
Warning: can't set `group_imports = StdExternalCrate`, unstable features are only available in nightly channel.
Warning: can't set `imports_granularity = Module`, unstable features are only available in nightly channel.
Warning: can't set `group_imports = StdExternalCrate`, unstable features are only available in nightly channel.
Warning: can't set `imports_granularity = Module`, unstable features are only available in nightly channel.
Warning: can't set `group_imports = StdExternalCrate`, unstable features are only available in nightly channel.
Warning: can't set `imports_granularity = Module`, unstable features are only available in nightly channel.
Warning: can't set `group_imports = StdExternalCrate`, unstable features are only available in nightly channel.
Warning: can't set `imports_granularity = Module`, unstable features are only available in nightly channel.
Warning: can't set `group_imports = StdExternalCrate`, unstable features are only available in nightly channel.
Warning: can't set `imports_granularity = Module`, unstable features are only available in nightly channel.
Warning: can't set `group_imports = StdExternalCrate`, unstable features are only available in nightly channel.
Warning: can't set `imports_granularity = Module`, unstable features are only available in nightly channel.
Warning: can't set `group_imports = StdExternalCrate`, unstable features are only available in nightly channel.
Warning: can't set `imports_granularity = Module`, unstable features are only available in nightly channel.
Warning: can't set `group_imports = StdExternalCrate`, unstable features are only available in nightly channel.
Warning: can't set `imports_granularity = Module`, unstable features are only available in nightly channel.
Warning: can't set `group_imports = StdExternalCrate`, unstable features are only available in nightly channel.
Diff in /private/tmp/sail-stream-performance-gate/crates/sail-execution/src/proto/codec.rs:97:
 use sail_common_datafusion::datasource::PhysicalSinkMode;
 use sail_common_datafusion::driver_extension::{DRIVER_CODEC_PREFIX, DriverExtensionExec};
 use sail_common_datafusion::native_scalar::{decode_scalar, encode_scalar};
[31m-use sail_common_datafusion::worker_extension::{WORKER_CODEC_PREFIX, WorkerExtensionExec};
[m use sail_common_datafusion::schema_evolution::{
     SchemaEvolutionCastColumnExpr, SchemaEvolutionDefaultExpr,
     SchemaEvolutionPhysicalExprAdapterFactoryWithMatching, SchemaEvolutionTimezoneMode,
Diff in /private/tmp/sail-stream-performance-gate/crates/sail-execution/src/proto/codec.rs:104:
     StructFieldMatching,
 };
 use sail_common_datafusion::udf::StreamUDF;
[32m+use sail_common_datafusion::worker_extension::{WORKER_CODEC_PREFIX, WorkerExtensionExec};
[m use sail_data_source::formats::binary::source::BinarySource;
 use sail_data_source::formats::console::ConsoleSinkExec;
 use sail_data_source::formats::csv::CsvSource;
Warning: can't set `imports_granularity = Module`, unstable features are only available in nightly channel.
Warning: can't set `group_imports = StdExternalCrate`, unstable features are only available in nightly channel.
Warning: can't set `imports_granularity = Module`, unstable features are only available in nightly channel.
Warning: can't set `group_imports = StdExternalCrate`, unstable features are only available in nightly channel.
Warning: can't set `imports_granularity = Module`, unstable features are only available in nightly channel.
Warning: can't set `group_imports = StdExternalCrate`, unstable features are only available in nightly channel.
Warning: can't set `imports_granularity = Module`, unstable features are only available in nightly channel.
Warning: can't set `group_imports = StdExternalCrate`, unstable features are only available in nightly channel.
Warning: can't set `imports_granularity = Module`, unstable features are only available in nightly channel.
Warning: can't set `group_imports = StdExternalCrate`, unstable features are only available in nightly channel.
Warning: can't set `imports_granularity = Module`, unstable features are only available in nightly channel.
Warning: can't set `group_imports = StdExternalCrate`, unstable features are only available in nightly channel.
Warning: can't set `imports_granularity = Module`, unstable features are only available in nightly channel.
Warning: can't set `group_imports = StdExternalCrate`, unstable features are only available in nightly channel.
Warning: can't set `imports_granularity = Module`, unstable features are only available in nightly channel.
Warning: can't set `group_imports = StdExternalCrate`, unstable features are only available in nightly channel.
Warning: can't set `imports_granularity = Module`, unstable features are only available in nightly channel.
Warning: can't set `group_imports = StdExternalCrate`, unstable features are only available in nightly channel.
Warning: can't set `imports_granularity = Module`, unstable features are only available in nightly channel.
Warning: can't set `group_imports = StdExternalCrate`, unstable features are only available in nightly channel.
Warning: can't set `imports_granularity = Module`, unstable features are only available in nightly channel.
Warning: can't set `group_imports = StdExternalCrate`, unstable features are only available in nightly channel.
Warning: can't set `imports_granularity = Module`, unstable features are only available in nightly channel.
Warning: can't set `group_imports = StdExternalCrate`, unstable features are only available in nightly channel.
Warning: can't set `imports_granularity = Module`, unstable features are only available in nightly channel.
Warning: can't set `group_imports = StdExternalCrate`, unstable features are only available in nightly channel.
Warning: can't set `imports_granularity = Module`, unstable features are only available in nightly channel.
Warning: can't set `group_imports = StdExternalCrate`, unstable features are only available in nightly channel.
Warning: can't set `imports_granularity = Module`, unstable features are only available in nightly channel.
Warning: can't set `group_imports = StdExternalCrate`, unstable features are only available in nightly channel.
Warning: can't set `imports_granularity = Module`, unstable features are only available in nightly channel.
Warning: can't set `group_imports = StdExternalCrate`, unstable features are only available in nightly channel.
Warning: can't set `imports_granularity = Module`, unstable features are only available in nightly channel.
Warning: can't set `group_imports = StdExternalCrate`, unstable features are only available in nightly channel.
Warning: can't set `imports_granularity = Module`, unstable features are only available in nightly channel.
Warning: can't set `group_imports = StdExternalCrate`, unstable features are only available in nightly channel.
Warning: can't set `imports_granularity = Module`, unstable features are only available in nightly channel.
Warning: can't set `group_imports = StdExternalCrate`, unstable features are only available in nightly channel.
Warning: can't set `imports_granularity = Module`, unstable features are only available in nightly channel.
Warning: can't set `group_imports = StdExternalCrate`, unstable features are only available in nightly channel.
Warning: can't set `imports_granularity = Module`, unstable features are only available in nightly channel.
Warning: can't set `group_imports = StdExternalCrate`, unstable features are only available in nightly channel.
Warning: can't set `imports_granularity = Module`, unstable features are only available in nightly channel.
Warning: can't set `group_imports = StdExternalCrate`, unstable features are only available in nightly channel.
Warning: can't set `imports_granularity = Module`, unstable features are only available in nightly channel.
Warning: can't set `group_imports = StdExternalCrate`, unstable features are only available in nightly channel.
Warning: can't set `imports_granularity = Module`, unstable features are only available in nightly channel.
Warning: can't set `group_imports = StdExternalCrate`, unstable features are only available in nightly channel.
Warning: can't set `imports_granularity = Module`, unstable features are only available in nightly channel.
Warning: can't set `group_imports = StdExternalCrate`, unstable features are only available in nightly channel.
Warning: can't set `imports_granularity = Module`, unstable features are only available in nightly channel.
Warning: can't set `group_imports = StdExternalCrate`, unstable features are only available in nightly channel.
Warning: can't set `imports_granularity = Module`, unstable features are only available in nightly channel.
Warning: can't set `group_imports = StdExternalCrate`, unstable features are only available in nightly channel.
Warning: can't set `imports_granularity = Module`, unstable features are only available in nightly channel.
Warning: can't set `group_imports = StdExternalCrate`, unstable features are only available in nightly channel.
Warning: can't set `imports_granularity = Module`, unstable features are only available in nightly channel.
Warning: can't set `group_imports = StdExternalCrate`, unstable features are only available in nightly channel.
