DOCUMENTATION_SOURCE_GUARD PASSED candidate-before 7387b985f242164281c7d94a1560bbfcfa8d8fe5 edff8c11be29a67a517b51eb7047a85364664b17
DOCUMENTATION_SOURCE_GUARD PASSED candidate-after 7387b985f242164281c7d94a1560bbfcfa8d8fe5 edff8c11be29a67a517b51eb7047a85364664b17
[detached HEAD d9df4b0] docs: retain closed Sail worker OOM evidence and pinned WCC reference
 159 files changed, 47734 insertions(+), 52 deletions(-)
 create mode 100644 docs/reviews/sail-stream-experiments-2026-09-30/closed-cell-audit/HANDOFF.json
 create mode 100644 docs/reviews/sail-stream-experiments-2026-09-30/closed-cell-audit/README.md
 create mode 100644 docs/reviews/sail-stream-experiments-2026-09-30/closed-cell-audit/audit_cell.py
 create mode 100644 docs/reviews/sail-stream-experiments-2026-09-30/closed-cell-audit/candidate-frozen-v2.json
 create mode 100644 docs/reviews/sail-stream-experiments-2026-09-30/closed-cell-audit/candidate-frozen.json
 create mode 100644 docs/reviews/sail-stream-experiments-2026-09-30/closed-cell-audit/compact561-attempt01.json
 create mode 100644 docs/reviews/sail-stream-experiments-2026-09-30/closed-cell-audit/compact561-smoke-verification-v2.json
 create mode 100644 docs/reviews/sail-stream-experiments-2026-09-30/closed-cell-audit/compact561-smoke-verification.json
 create mode 100644 docs/reviews/sail-stream-experiments-2026-09-30/closed-cell-audit/detached-1-v2.log
 create mode 100644 docs/reviews/sail-stream-experiments-2026-09-30/closed-cell-audit/detached-1.log
 create mode 100644 docs/reviews/sail-stream-experiments-2026-09-30/closed-cell-audit/detached-2-v2.log
 create mode 100644 docs/reviews/sail-stream-experiments-2026-09-30/closed-cell-audit/detached-2.log
 create mode 100644 docs/reviews/sail-stream-experiments-2026-09-30/closed-cell-audit/detached-gate-v2.json
 create mode 100644 docs/reviews/sail-stream-experiments-2026-09-30/closed-cell-audit/detached-gate.json
 create mode 100644 docs/reviews/sail-stream-experiments-2026-09-30/closed-cell-audit/detached-tests-v2.log
 create mode 100644 docs/reviews/sail-stream-experiments-2026-09-30/closed-cell-audit/detached-tests.log
 create mode 100644 docs/reviews/sail-stream-experiments-2026-09-30/closed-cell-audit/development-tests-attempt01.log
 create mode 100644 docs/reviews/sail-stream-experiments-2026-09-30/closed-cell-audit/independent-audit.json
 create mode 100644 docs/reviews/sail-stream-experiments-2026-09-30/closed-cell-audit/logging01-verification-v2.json
 create mode 100644 docs/reviews/sail-stream-experiments-2026-09-30/closed-cell-audit/logging01-verification.json
 create mode 100644 docs/reviews/sail-stream-experiments-2026-09-30/closed-cell-audit/logging02-verification.json
 create mode 100644 docs/reviews/sail-stream-experiments-2026-09-30/closed-cell-audit/prepare_profiles.py
 create mode 100644 docs/reviews/sail-stream-experiments-2026-09-30/closed-cell-audit/profiles.json
 create mode 100644 docs/reviews/sail-stream-experiments-2026-09-30/closed-cell-audit/test_audit_cell.py
 create mode 100644 docs/reviews/sail-stream-experiments-2026-09-30/collect_host_closure.py
 create mode 100644 docs/reviews/sail-stream-experiments-2026-09-30/documentation-interim-activation.json
 create mode 100644 docs/reviews/sail-stream-experiments-2026-09-30/documentation-interim-publication/audit-pin.json
 create mode 100644 docs/reviews/sail-stream-experiments-2026-09-30/documentation-interim-publication/base-preparation.json
 create mode 100644 docs/reviews/sail-stream-experiments-2026-09-30/documentation-interim-publication/candidate-after-receipt.json
 create mode 100644 docs/reviews/sail-stream-experiments-2026-09-30/documentation-interim-publication/candidate-gate.log
 create mode 100644 docs/reviews/sail-stream-experiments-2026-09-30/documentation-interim-publication/collection.json
 create mode 100644 docs/reviews/sail-stream-experiments-2026-09-30/documentation-interim-publication/commit-and-gate.log
 create mode 100644 docs/reviews/sail-stream-experiments-2026-09-30/documentation-interim-publication/commit-message.txt
 create mode 100644 docs/reviews/sail-stream-experiments-2026-09-30/documentation-interim-publication/commit_and_gate.sh
 create mode 100644 docs/reviews/sail-stream-experiments-2026-09-30/documentation-interim-publication/delivery.json
 create mode 100644 docs/reviews/sail-stream-experiments-2026-09-30/documentation-interim-publication/exact-after-receipt.json
 create mode 100644 docs/reviews/sail-stream-experiments-2026-09-30/documentation-interim-publication/exact-gate.log
 create mode 100644 docs/reviews/sail-stream-experiments-2026-09-30/documentation-interim-publication/frozen.json
 create mode 100644 docs/reviews/sail-stream-experiments-2026-09-30/documentation-interim-publication/guard.py
 create mode 100644 docs/reviews/sail-stream-experiments-2026-09-30/documentation-interim-publication/independent-audit.json
 create mode 100644 docs/reviews/sail-stream-experiments-2026-09-30/documentation-interim-publication/independent-documentation-gate.log
 create mode 100644 docs/reviews/sail-stream-experiments-2026-09-30/documentation-interim-publication/independent-privacy-scan.json
 create mode 100644 docs/reviews/sail-stream-experiments-2026-09-30/documentation-interim-publication/independent_audit.py
 create mode 100644 docs/reviews/sail-stream-experiments-2026-09-30/documentation-interim-publication/independent_scan.py
 create mode 100644 docs/reviews/sail-stream-experiments-2026-09-30/documentation-interim-publication/orchestration-syntax.json
 create mode 100644 docs/reviews/sail-stream-experiments-2026-09-30/documentation-interim-publication/preliminary-gate.log
 create mode 100644 docs/reviews/sail-stream-experiments-2026-09-30/documentation-interim-publication/preparation.json
 create mode 100644 docs/reviews/sail-stream-experiments-2026-09-30/documentation-interim-publication/prepare_snapshot.py
 create mode 100644 docs/reviews/sail-stream-experiments-2026-09-30/documentation-interim-publication/publish.log
 create mode 100644 docs/reviews/sail-stream-experiments-2026-09-30/documentation-interim-publication/publish.py
 create mode 100644 docs/reviews/sail-stream-experiments-2026-09-30/documentation-interim-publication/push.stderr
 create mode 100644 docs/reviews/sail-stream-experiments-2026-09-30/documentation-interim-publication/push.stdout
 create mode 100644 docs/reviews/sail-stream-experiments-2026-09-30/documentation-interim-publication/shared-after-publication.json
 create mode 100644 docs/reviews/sail-stream-experiments-2026-09-30/host-closure-collector-review/receipt.json
 create mode 100644 docs/reviews/sail-stream-experiments-2026-09-30/host-closure-collector-review/retention.json
 create mode 100644 docs/reviews/sail-stream-experiments-2026-09-30/host-closure-collector-review/test-final.log
 create mode 100644 docs/reviews/sail-stream-experiments-2026-09-30/host-closure-collector-review/test.log
 create mode 100644 docs/reviews/sail-stream-experiments-2026-09-30/host-closure-collector-review/test_collector.py
 create mode 100644 docs/reviews/sail-stream-experiments-2026-09-30/host-closure-collector-review/test_collector_portable.py
 create mode 100644 docs/reviews/sail-stream-experiments-2026-09-30/logging02-collection.json
 create mode 100644 docs/reviews/sail-stream-experiments-2026-09-30/logging02-first-fault-audit/README.md
 create mode 100644 docs/reviews/sail-stream-experiments-2026-09-30/logging02-first-fault-audit/analysis.json
 create mode 100644 docs/reviews/sail-stream-experiments-2026-09-30/logging02-first-fault-audit/artifact-manifest.json
 create mode 100644 docs/reviews/sail-stream-experiments-2026-09-30/logging02-first-fault-audit/audit.py
 create mode 100644 docs/reviews/sail-stream-experiments-2026-09-30/logging02-first-fault-audit/input-manifest.json
 create mode 100644 docs/reviews/sail-stream-experiments-2026-09-30/logging02-first-fault-audit/kernel-target-events.json
 create mode 100644 docs/reviews/sail-stream-experiments-2026-09-30/logging02-first-fault-audit/sample-boundaries.json
 create mode 100644 docs/reviews/sail-stream-experiments-2026-09-30/logging02-first-fault-audit/server-target-events.json
 create mode 100644 docs/reviews/sail-stream-experiments-2026-09-30/logging02-first-fault-audit/verification.json
 create mode 100644 docs/reviews/sail-stream-experiments-2026-09-30/logging02-host-closure.json
 create mode 100644 docs/reviews/sail-stream-experiments-2026-09-30/logging02-monitor/existing-2153-process-memory-split.json
 create mode 100644 docs/reviews/sail-stream-experiments-2026-09-30/logging02-monitor/observation-20260930T210147496848Z.json
 create mode 100644 docs/reviews/sail-stream-experiments-2026-09-30/logging02-monitor/observation-20260930T210653470432Z.json
 create mode 100644 docs/reviews/sail-stream-experiments-2026-09-30/logging02-monitor/observation-20260930T211210552105Z.json
 create mode 100644 docs/reviews/sail-stream-experiments-2026-09-30/logging02-monitor/observation-20260930T211717741165Z.json
 create mode 100644 docs/reviews/sail-stream-experiments-2026-09-30/logging02-monitor/observation-20260930T212231035590Z.json
 create mode 100644 docs/reviews/sail-stream-experiments-2026-09-30/logging02-monitor/observation-20260930T212739819829Z.json
 create mode 100644 docs/reviews/sail-stream-experiments-2026-09-30/logging02-monitor/observation-20260930T213249878548Z.json
 create mode 100644 docs/reviews/sail-stream-experiments-2026-09-30/logging02-monitor/observation-20260930T213758142310Z.json
 create mode 100644 docs/reviews/sail-stream-experiments-2026-09-30/logging02-monitor/observation-20260930T214309410225Z.json
 create mode 100644 docs/reviews/sail-stream-experiments-2026-09-30/logging02-monitor/observation-20260930T214824608414Z.json
 create mode 100644 docs/reviews/sail-stream-experiments-2026-09-30/logging02-monitor/observation-20260930T215338275713Z.json
 create mode 100644 docs/reviews/sail-stream-experiments-2026-09-30/logging02-monitor/observation-20260930T215856123740Z.json
 create mode 100644 docs/reviews/sail-stream-experiments-2026-09-30/logging02-monitor/serialized-monitor-results.jsonl
 create mode 100644 docs/reviews/sail-stream-experiments-2026-09-30/logging02-monitor/serialized-read02-2102-summary.json
 create mode 100644 docs/reviews/sail-stream-experiments-2026-09-30/logging02-monitor/serialized-read03-2107-summary-corrected.json
 create mode 100644 docs/reviews/sail-stream-experiments-2026-09-30/logging02-monitor/serialized-read03-2107-summary.json
 create mode 100644 docs/reviews/sail-stream-experiments-2026-09-30/logging02-monitor/serialized-six-2143-authorization.json
 create mode 100644 docs/reviews/sail-stream-experiments-2026-09-30/logging02-monitor/serialized-six-2143-read01-summary.json
 create mode 100644 docs/reviews/sail-stream-experiments-2026-09-30/logging02-monitor/serialized-six-2143-read02-summary.json
 create mode 100644 docs/reviews/sail-stream-experiments-2026-09-30/logging02-monitor/serialized-six-2143-read03-summary.json
 create mode 100644 docs/reviews/sail-stream-experiments-2026-09-30/logging02-monitor/serialized-six-2143-read04-summary.json
 create mode 100644 docs/reviews/sail-stream-experiments-2026-09-30/logging02-monitor/serialized-six-2143-stopped-receipt.json
 create mode 100644 docs/reviews/sail-stream-experiments-2026-09-30/logging02-monitor/serialized-six-read-authorization.json
 create mode 100644 docs/reviews/sail-stream-experiments-2026-09-30/logging02-monitor/serialized-six-read-final-receipt.json
 create mode 100644 docs/reviews/sail-stream-experiments-2026-09-30/logging02-monitor/serialized-six-read01-2113-summary.json
 create mode 100644 docs/reviews/sail-stream-experiments-2026-09-30/logging02-monitor/serialized-six-read02-2118-summary.json
 create mode 100644 docs/reviews/sail-stream-experiments-2026-09-30/logging02-monitor/serialized-six-read03-2123-summary.json
 create mode 100644 docs/reviews/sail-stream-experiments-2026-09-30/logging02-monitor/serialized-six-read04-2128-summary.json
 create mode 100644 docs/reviews/sail-stream-experiments-2026-09-30/logging02-monitor/serialized-six-read05-2133-summary.json
 create mode 100644 docs/reviews/sail-stream-experiments-2026-09-30/logging02-monitor/serialized-six-read06-2138-summary.json
 create mode 100644 docs/reviews/sail-stream-experiments-2026-09-30/logging02-monitor/serialized-three-read-receipt.json
 create mode 100644 docs/reviews/sail-stream-experiments-2026-09-30/logging02-observations/20260930T200557942868Z.json
 create mode 100644 docs/reviews/sail-stream-experiments-2026-09-30/logging02/cell/container.log
 create mode 100644 docs/reviews/sail-stream-experiments-2026-09-30/logging02/cell/orchestration.json
 create mode 100644 docs/reviews/sail-stream-experiments-2026-09-30/logging02/collection.json
 create mode 100644 docs/reviews/sail-stream-experiments-2026-09-30/logging02/configuration.json
 create mode 100644 docs/reviews/sail-stream-experiments-2026-09-30/logging02/diagnostics.tar
 create mode 100644 docs/reviews/sail-stream-experiments-2026-09-30/logging02/diagnostics/memory-samples.jsonl
 create mode 100644 docs/reviews/sail-stream-experiments-2026-09-30/logging02/diagnostics/receipt.json
 create mode 100644 docs/reviews/sail-stream-experiments-2026-09-30/logging02/diagnostics/server-settings.json
 create mode 100644 docs/reviews/sail-stream-experiments-2026-09-30/logging02/diagnostics/server.log
 create mode 100644 docs/reviews/sail-stream-experiments-2026-09-30/logging02/host-before.json
 create mode 100644 docs/reviews/sail-stream-experiments-2026-09-30/logging02/plan.json
 create mode 100644 docs/reviews/sail-stream-experiments-2026-09-30/logging02/preflight-1790798627903341000/container.log
 create mode 100644 docs/reviews/sail-stream-experiments-2026-09-30/logging02/preflight-1790798627903341000/orchestration.json
 create mode 100644 docs/reviews/sail-stream-experiments-2026-09-30/logging02/process-identity-01.json
 create mode 100644 docs/reviews/sail-stream-experiments-2026-09-30/logging02/result.json
 create mode 100644 docs/reviews/sail-stream-experiments-2026-09-30/logging03-admission01.json
 create mode 100644 docs/reviews/sail-stream-experiments-2026-09-30/logging03-launch.json
 create mode 100644 docs/reviews/sail-stream-experiments-2026-09-30/sem-review2/cit-patents-input-verification/attempt01/attempt-download.json
 create mode 100644 docs/reviews/sail-stream-experiments-2026-09-30/sem-review2/cit-patents-input-verification/attempt01/attempt-identity.json
 create mode 100644 docs/reviews/sail-stream-experiments-2026-09-30/sem-review2/cit-patents-input-verification/attempt01/attempt-validation.json
 create mode 100644 docs/reviews/sail-stream-experiments-2026-09-30/sem-review2/cit-patents-input-verification/attempt01/command.log
 create mode 100644 docs/reviews/sail-stream-experiments-2026-09-30/sem-review2/cit-patents-input-verification/independent-audit.json
 create mode 100644 docs/reviews/sail-stream-experiments-2026-09-30/sem-review2/cit-patents-input-verification/independent_audit.py
 create mode 100644 docs/reviews/sail-stream-experiments-2026-09-30/sem-review2/cit-patents-input-verification/offline-controls.log
 create mode 100644 docs/reviews/sail-stream-experiments-2026-09-30/sem-review2/cit-patents-input-verification/probe.py
 create mode 100644 docs/reviews/sail-stream-experiments-2026-09-30/sem-review2/cit-patents-input-verification/receipt.json
 create mode 100644 docs/reviews/sail-stream-experiments-2026-09-30/sem-review2/cit-patents-input-verification/test_probe.py
 create mode 100644 docs/reviews/sail-stream-experiments-2026-09-30/sem-review2/cit-patents-wcc-reference/FINAL-FREEZE.json
 create mode 100644 docs/reviews/sail-stream-experiments-2026-09-30/sem-review2/cit-patents-wcc-reference/HANDOFF.json
 create mode 100644 docs/reviews/sail-stream-experiments-2026-09-30/sem-review2/cit-patents-wcc-reference/README.md
 create mode 100644 docs/reviews/sail-stream-experiments-2026-09-30/sem-review2/cit-patents-wcc-reference/build01-launch.log
 create mode 100644 docs/reviews/sail-stream-experiments-2026-09-30/sem-review2/cit-patents-wcc-reference/build01/build-receipt.json
 create mode 100644 docs/reviews/sail-stream-experiments-2026-09-30/sem-review2/cit-patents-wcc-reference/build01/build_reference.py
 create mode 100644 docs/reviews/sail-stream-experiments-2026-09-30/sem-review2/cit-patents-wcc-reference/build01/compiler.log
 create mode 100644 docs/reviews/sail-stream-experiments-2026-09-30/sem-review2/cit-patents-wcc-reference/build02-launch.log
 create mode 100644 docs/reviews/sail-stream-experiments-2026-09-30/sem-review2/cit-patents-wcc-reference/build02/build-receipt.json
 create mode 100644 docs/reviews/sail-stream-experiments-2026-09-30/sem-review2/cit-patents-wcc-reference/build02/compiler.log
 create mode 100644 docs/reviews/sail-stream-experiments-2026-09-30/sem-review2/cit-patents-wcc-reference/build02/controls.json
 create mode 100644 docs/reviews/sail-stream-experiments-2026-09-30/sem-review2/cit-patents-wcc-reference/build02/controls.stderr
 create mode 100644 docs/reviews/sail-stream-experiments-2026-09-30/sem-review2/cit-patents-wcc-reference/build_reference.py
 create mode 100644 docs/reviews/sail-stream-experiments-2026-09-30/sem-review2/cit-patents-wcc-reference/candidate-frozen-v2.json
 create mode 100644 docs/reviews/sail-stream-experiments-2026-09-30/sem-review2/cit-patents-wcc-reference/candidate-frozen.json
 create mode 100644 docs/reviews/sail-stream-experiments-2026-09-30/sem-review2/cit-patents-wcc-reference/independent-preparation-audit.json
 create mode 100644 docs/reviews/sail-stream-experiments-2026-09-30/sem-review2/cit-patents-wcc-reference/kernel-gate.json
 create mode 100644 docs/reviews/sail-stream-experiments-2026-09-30/sem-review2/cit-patents-wcc-reference/run01-launch.json
 create mode 100644 docs/reviews/sail-stream-experiments-2026-09-30/sem-review2/cit-patents-wcc-reference/run01-launch.log
 create mode 100644 docs/reviews/sail-stream-experiments-2026-09-30/sem-review2/cit-patents-wcc-reference/run01/kernel.stderr
 create mode 100644 docs/reviews/sail-stream-experiments-2026-09-30/sem-review2/cit-patents-wcc-reference/run01/kernel.stdout
 create mode 100644 docs/reviews/sail-stream-experiments-2026-09-30/sem-review2/cit-patents-wcc-reference/run01/receipt.json
 create mode 100644 docs/reviews/sail-stream-experiments-2026-09-30/sem-review2/cit-patents-wcc-reference/run_reference.py
 create mode 100644 docs/reviews/sail-stream-experiments-2026-09-30/sem-review2/cit-patents-wcc-reference/test_reference.py
 create mode 100644 docs/reviews/sail-stream-experiments-2026-09-30/sem-review2/cit-patents-wcc-reference/wcc_reference.cpp
DOCUMENTATION_SOURCE_GUARD PASSED exact-before d9df4b0e89b1e4a1838b1b536d05f47ba4f12808 edff8c11be29a67a517b51eb7047a85364664b17
DOCUMENTATION_SOURCE_GUARD PASSED exact-after d9df4b0e89b1e4a1838b1b536d05f47ba4f12808 edff8c11be29a67a517b51eb7047a85364664b17
