   Compiling sail-common v0.7.1 (/private/tmp/sail-parquet-float-statistics-baseline/crates/sail-common)
   Compiling sail-common-datafusion v0.7.1 (/private/tmp/sail-parquet-float-statistics-baseline/crates/sail-common-datafusion)
   Compiling sail-sql-parser v0.7.1 (/private/tmp/sail-parquet-float-statistics-baseline/crates/sail-sql-parser)
   Compiling sail-native-resource-ffi v0.1.0 (/private/tmp/sail-parquet-float-statistics-baseline/crates/sail-native-resource-ffi)
   Compiling pyo3-ffi v0.29.2
   Compiling sail-sql-macro v0.7.1 (/private/tmp/sail-parquet-float-statistics-baseline/crates/sail-sql-macro)
   Compiling pyo3 v0.29.2
   Compiling sail-data-source v0.7.1 (/private/tmp/sail-parquet-float-statistics-baseline/crates/sail-data-source)
   Compiling arrow-pyarrow v59.3.0
   Compiling sail-sql-analyzer v0.7.1 (/private/tmp/sail-parquet-float-statistics-baseline/crates/sail-sql-analyzer)
   Compiling sail-object-store v0.7.1 (/private/tmp/sail-parquet-float-statistics-baseline/crates/sail-object-store)
   Compiling sail-cache v0.7.1 (/private/tmp/sail-parquet-float-statistics-baseline/crates/sail-cache)
   Compiling sail-catalog v0.7.1 (/private/tmp/sail-parquet-float-statistics-baseline/crates/sail-catalog)
   Compiling sail-function v0.7.1 (/private/tmp/sail-parquet-float-statistics-baseline/crates/sail-function)
   Compiling sail-logical-plan v0.7.1 (/private/tmp/sail-parquet-float-statistics-baseline/crates/sail-logical-plan)
   Compiling sail-physical-plan v0.7.1 (/private/tmp/sail-parquet-float-statistics-baseline/crates/sail-physical-plan)
warning: linker stderr: ld: __eh_frame section too large (max 16MB) to encode dwarf unwind offsets in compact unwind table, performance of exception handling might be affected
  |
  = note: `#[warn(linker_messages)]` on by default

warning: `sail-data-source` (lib test) generated 1 warning
    Finished `test` profile [unoptimized] target(s) in 1m 02s
     Running unittests src/lib.rs (/private/tmp/sail-parquet-float-statistics-baseline-target/debug/deps/sail_data_source-1a7969aa402ea3a7)

running 4 tests
test formats::parquet::read_statistics_tests::parquet_dictionary_float16_reader_is_unsupported ... ok

thread 'formats::parquet::read_statistics_tests::parquet_dictionary_float_values_survive_statistics' (55984898) panicked at crates/sail-data-source/src/formats/parquet/read_statistics_tests.rs:123:17:
row 0: NaN became 0.5
note: run with `RUST_BACKTRACE=1` environment variable to display a backtrace

thread 'formats::parquet::read_statistics_tests::parquet_float_values_survive_statistics' (55984899) panicked at crates/sail-data-source/src/formats/parquet/read_statistics_tests.rs:123:17:
row 0: NaN became 0.5
test formats::parquet::read_statistics_tests::parquet_integer_bounds_and_all_null_counts_survive ... ok
test formats::parquet::read_statistics_tests::parquet_float_values_survive_statistics ... FAILED
test formats::parquet::read_statistics_tests::parquet_dictionary_float_values_survive_statistics ... FAILED

failures:

failures:
    formats::parquet::read_statistics_tests::parquet_dictionary_float_values_survive_statistics
    formats::parquet::read_statistics_tests::parquet_float_values_survive_statistics

test result: FAILED. 2 passed; 2 failed; 0 ignored; 0 measured; 72 filtered out; finished in 0.07s

error: test failed, to rerun pass `-p sail-data-source --lib`
