fmt 0
Warning: can't set `imports_granularity = Module`, unstable features are only available in nightly channel.
Warning: can't set `group_imports = StdExternalCrate`, unstable features are only available in nightly channel.
Warning: can't set `imports_granularity = Module`, unstable features are only available in nightly channel.
Warning: can't set `group_imports = StdExternalCrate`, unstable features are only available in nightly channel.
Warning: can't set `imports_granularity = Module`, unstable features are only available in nightly channel.
Warning: can't set `group_imports = StdExternalCrate`, unstable features are only available in nightly channel.
Warning: can't set `imports_granularity = Module`, unstable features are only available in nightly channel.
Warning: can't set `group_imports = StdExternalCrate`, unstable features are only available in nightly channel.
clippy 0
    Checking sail-function v0.7.1 (/private/tmp/sail-stream-review-integrated-gate/crates/sail-function)
    Checking sail-cache v0.7.1 (/private/tmp/sail-stream-review-integrated-gate/crates/sail-cache)
    Checking sail-python-udf v0.7.1 (/private/tmp/sail-stream-review-integrated-gate/crates/sail-python-udf)
    Checking sail-catalog-memory v0.7.1 (/private/tmp/sail-stream-review-integrated-gate/crates/sail-catalog-memory)
    Checking sail-catalog-system v0.7.1 (/private/tmp/sail-stream-review-integrated-gate/crates/sail-catalog-system)
    Checking sail-logical-plan v0.7.1 (/private/tmp/sail-stream-review-integrated-gate/crates/sail-logical-plan)
    Checking sail-physical-plan v0.7.1 (/private/tmp/sail-stream-review-integrated-gate/crates/sail-physical-plan)
    Finished `dev` profile [unoptimized] target(s) in 1m 02s
tests 0
test resolver::expression::tests::test_st_geogfromwkb_returns_geography_metadata ... ok
test function::window::tests::string_sum_window_reuses_mode_specific_coercion_and_window_spec ... ok
test function::aggregate::tests::ansi_string_sum_masks_filter_before_cast_and_preserves_clauses ... ok
test function::aggregate::struct_min_tests::min_specializes_only_the_supported_struct_and_preserves_clauses ... ok
test function::scalar::array::tests::test_slice ... ok

test result: ok. 13 passed; 0 failed; 0 ignored; 0 measured; 0 filtered out; finished in 0.04s

pecan-nonintegration 0
..............................................                           [100%]
46 passed, 79 deselected in 1.13s
CANDIDATE_GATE PASSED 56194b170155301ba91077f0ba3df31fe2c78b6b source_sha256=6ee23ca4f7b85834fd08d974a5e10bbaa3a0e3ac489c6de1e2f25421cf7ac5ef
