{
  "path": "/Users/alexy/src/grust/docs/reviews/sail-stream-experiments-2026-09-30/linux-builds/integration289/observations/20260930T181430414147Z.json",
  "outcome": "running",
  "state": {
    "Status": "running",
    "Running": true,
    "Paused": false,
    "Restarting": false,
    "OOMKilled": false,
    "Dead": false,
    "Pid": 152578,
    "ExitCode": 0,
    "Error": "",
    "StartedAt": "2026-09-30T17:17:08.797751212Z",
    "FinishedAt": "0001-01-01T00:00:00Z"
  },
  "free_bytes": 26577895424,
  "last_step": {
    "name": "host-release-build",
    "command": [
      "cargo",
      "build",
      "--locked",
      "--release",
      "-p",
      "sail-cli"
    ],
    "started_utc": "2026-09-30T18:10:09.008922+00:00",
    "free_bytes_before": 27151265792
  },
  "completed_test_groups": [
    "nutmeg-core-tests",
    "argentea-core-tests",
    "native-adapter-tests"
  ],
  "tail": [
    "   Compiling sail-data-source v0.7.1 (/targets/sail-stream-2894a962076d/source/crates/sail-data-source)",
    "   Compiling sail-iceberg v0.7.1 (/targets/sail-stream-2894a962076d/source/crates/sail-iceberg)",
    "   Compiling sail-catalog-iceberg v0.7.1 (/targets/sail-stream-2894a962076d/source/crates/sail-catalog-iceberg)",
    "   Compiling sail-delta-lake v0.7.1 (/targets/sail-stream-2894a962076d/source/crates/sail-delta-lake)",
    "   Compiling sail-catalog-unity v0.7.1 (/targets/sail-stream-2894a962076d/source/crates/sail-catalog-unity)",
    "   Compiling arrow-pyarrow v59.3.0",
    "   Compiling sail-object-store v0.7.1 (/targets/sail-stream-2894a962076d/source/crates/sail-object-store)",
    "   Compiling sail-sql-analyzer v0.7.1 (/targets/sail-stream-2894a962076d/source/crates/sail-sql-analyzer)",
    "   Compiling sail-catalog v0.7.1 (/targets/sail-stream-2894a962076d/source/crates/sail-catalog)",
    "   Compiling sail-cache v0.7.1 (/targets/sail-stream-2894a962076d/source/crates/sail-cache)",
    "   Compiling sail-catalog-system v0.7.1 (/targets/sail-stream-2894a962076d/source/crates/sail-catalog-system)",
    "   Compiling sail-catalog-memory v0.7.1 (/targets/sail-stream-2894a962076d/source/crates/sail-catalog-memory)",
    "   Compiling sail-catalog-glue v0.7.1 (/targets/sail-stream-2894a962076d/source/crates/sail-catalog-glue)",
    "   Compiling sail-python-udf v0.7.1 (/targets/sail-stream-2894a962076d/source/crates/sail-python-udf)"
  ],
  "running": [
    "sail-stream-build289"
  ]
}
