{
  "path": "/Users/alexy/src/grust/docs/reviews/sail-stream-experiments-2026-09-30/linux-builds/integration289/observations/20260930T181130103998Z.json",
  "outcome": "running",
  "state": {
    "Status": "running",
    "Running": true,
    "Paused": false,
    "Restarting": false,
    "OOMKilled": false,
    "Dead": false,
    "Pid": 152578,
    "ExitCode": 0,
    "Error": "",
    "StartedAt": "2026-09-30T17:17:08.797751212Z",
    "FinishedAt": "0001-01-01T00:00:00Z"
  },
  "free_bytes": 26602602496,
  "last_step": {
    "name": "host-release-build",
    "command": [
      "cargo",
      "build",
      "--locked",
      "--release",
      "-p",
      "sail-cli"
    ],
    "started_utc": "2026-09-30T18:10:09.008922+00:00",
    "free_bytes_before": 27151265792
  },
  "completed_test_groups": [
    "nutmeg-core-tests",
    "argentea-core-tests",
    "native-adapter-tests"
  ],
  "tail": [
    "  Downloaded zerocopy v0.8.55",
    "  Downloaded zeroize v1.9.0",
    "  Downloaded webpki-roots v1.0.9",
    "  Downloaded zerotrie v0.1.3",
    "  Downloaded zerotrie v0.2.4",
    "  Downloaded zerovec v0.10.4",
    "  Downloaded zlib-rs v0.6.7",
    "  Downloaded salsa v0.23.0",
    "  Downloaded icu_experimental_data v0.1.1",
    "  Downloaded liblzma-sys v0.4.7",
    "  Downloaded zstd-sys v2.0.16+zstd.1.5.7",
    "  Downloaded pyo3 v0.29.2",
    "  Downloaded logos v0.15.1",
    "  Downloaded libgit2-sys v0.18.7+1.9.6"
  ],
  "running": [
    "sail-stream-build289"
  ]
}
