{
  "path": "/Users/alexy/src/grust/docs/reviews/sail-stream-experiments-2026-09-30/linux-builds/compact561-host/observations/20260930T191809526136Z.json",
  "outcome": "running",
  "state": {
    "Status": "running",
    "Running": true,
    "Paused": false,
    "Restarting": false,
    "OOMKilled": false,
    "Dead": false,
    "Pid": 169453,
    "ExitCode": 0,
    "Error": "",
    "StartedAt": "2026-09-30T19:09:35.826037538Z",
    "FinishedAt": "0001-01-01T00:00:00Z"
  },
  "free_bytes": 28455538688,
  "last_step": {
    "name": "host-release-build",
    "command": [
      "cargo",
      "build",
      "--locked",
      "--release",
      "-p",
      "sail-cli"
    ],
    "started_utc": "2026-09-30T19:16:03.940450+00:00",
    "free_bytes_before": 29347614720
  },
  "completed_test_groups": [],
  "tail": [
    "   Compiling sail-sql-macro v0.7.1 (/targets/sail-compact-host-56194b170155/source/crates/sail-sql-macro)",
    "   Compiling sail-system-store v0.7.1 (/targets/sail-compact-host-56194b170155/source/crates/sail-system-store)",
    "   Compiling sail-common-hms v0.7.1 (/targets/sail-compact-host-56194b170155/source/crates/sail-common-hms)",
    "   Compiling sail-celeborn v0.7.1 (/targets/sail-compact-host-56194b170155/source/crates/sail-celeborn)",
    "   Compiling sail-telemetry v0.7.1 (/targets/sail-compact-host-56194b170155/source/crates/sail-telemetry)",
    "   Compiling sail-execution v0.7.1 (/targets/sail-compact-host-56194b170155/source/crates/sail-execution)",
    "   Compiling sail-plan v0.7.1 (/targets/sail-compact-host-56194b170155/source/crates/sail-plan)",
    "   Compiling sail-session v0.7.1 (/targets/sail-compact-host-56194b170155/source/crates/sail-session)",
    "   Compiling sail-spark-connect v0.7.1 (/targets/sail-compact-host-56194b170155/source/crates/sail-spark-connect)",
    "   Compiling sail-data-source v0.7.1 (/targets/sail-compact-host-56194b170155/source/crates/sail-data-source)",
    "   Compiling sail-iceberg v0.7.1 (/targets/sail-compact-host-56194b170155/source/crates/sail-iceberg)",
    "   Compiling sail-catalog-unity v0.7.1 (/targets/sail-compact-host-56194b170155/source/crates/sail-catalog-unity)",
    "   Compiling sail-catalog-iceberg v0.7.1 (/targets/sail-compact-host-56194b170155/source/crates/sail-catalog-iceberg)",
    "   Compiling sail-delta-lake v0.7.1 (/targets/sail-compact-host-56194b170155/source/crates/sail-delta-lake)"
  ],
  "running": [
    "sail-stream-build561-host"
  ]
}
