{
  "path": "/Users/alexy/src/grust/docs/reviews/sail-stream-experiments-2026-09-30/linux-builds/integration289/observations/20260930T181217202811Z.json",
  "outcome": "running",
  "state": {
    "Status": "running",
    "Running": true,
    "Paused": false,
    "Restarting": false,
    "OOMKilled": false,
    "Dead": false,
    "Pid": 152578,
    "ExitCode": 0,
    "Error": "",
    "StartedAt": "2026-09-30T17:17:08.797751212Z",
    "FinishedAt": "0001-01-01T00:00:00Z"
  },
  "free_bytes": 26502660096,
  "last_step": {
    "name": "host-release-build",
    "command": [
      "cargo",
      "build",
      "--locked",
      "--release",
      "-p",
      "sail-cli"
    ],
    "started_utc": "2026-09-30T18:10:09.008922+00:00",
    "free_bytes_before": 27151265792
  },
  "completed_test_groups": [
    "nutmeg-core-tests",
    "argentea-core-tests",
    "native-adapter-tests"
  ],
  "tail": [
    "   Compiling sail-native-resource-ffi v0.1.0 (/targets/sail-stream-2894a962076d/source/crates/sail-native-resource-ffi)",
    "   Compiling sail-build-scripts v0.7.1 (/targets/sail-stream-2894a962076d/source/crates/sail-build-scripts)",
    "   Compiling pyo3-ffi v0.29.2",
    "   Compiling sail-sql-parser v0.7.1 (/targets/sail-stream-2894a962076d/source/crates/sail-sql-parser)",
    "   Compiling sail-sql-macro v0.7.1 (/targets/sail-stream-2894a962076d/source/crates/sail-sql-macro)",
    "   Compiling sail-system-store v0.7.1 (/targets/sail-stream-2894a962076d/source/crates/sail-system-store)",
    "   Compiling sail-common-hms v0.7.1 (/targets/sail-stream-2894a962076d/source/crates/sail-common-hms)",
    "   Compiling sail-celeborn v0.7.1 (/targets/sail-stream-2894a962076d/source/crates/sail-celeborn)",
    "   Compiling sail-telemetry v0.7.1 (/targets/sail-stream-2894a962076d/source/crates/sail-telemetry)",
    "   Compiling sail-execution v0.7.1 (/targets/sail-stream-2894a962076d/source/crates/sail-execution)",
    "   Compiling sail-plan v0.7.1 (/targets/sail-stream-2894a962076d/source/crates/sail-plan)",
    "   Compiling sail-session v0.7.1 (/targets/sail-stream-2894a962076d/source/crates/sail-session)",
    "   Compiling sail-spark-connect v0.7.1 (/targets/sail-stream-2894a962076d/source/crates/sail-spark-connect)",
    "   Compiling pyo3 v0.29.2"
  ],
  "running": [
    "sail-stream-build289"
  ]
}
