{
  "path": "/Users/alexy/src/grust/docs/reviews/sail-stream-experiments-2026-09-30/linux-builds/compact561-host/observations/20260930T191427013818Z.json",
  "outcome": "running",
  "state": {
    "Status": "running",
    "Running": true,
    "Paused": false,
    "Restarting": false,
    "OOMKilled": false,
    "Dead": false,
    "Pid": 169453,
    "ExitCode": 0,
    "Error": "",
    "StartedAt": "2026-09-30T19:09:35.826037538Z",
    "FinishedAt": "0001-01-01T00:00:00Z"
  },
  "free_bytes": 31620911104,
  "last_step": {
    "name": "seed-host-target",
    "command": [
      "cp",
      "-a",
      "--reflink=auto",
      "/targets/sail-stream-2894a962076d/target-host",
      "/targets/sail-compact-host-56194b170155/target-host"
    ],
    "started_utc": "2026-09-30T19:10:42.459290+00:00",
    "free_bytes_before": 34145509376
  },
  "completed_test_groups": [],
  "tail": [],
  "running": [
    "sail-stream-build561-host"
  ]
}
