{
  "path": "/Users/alexy/src/grust/docs/reviews/sail-stream-experiments-2026-09-30/linux-builds/compact561-host/observations/20260930T191705818287Z.json",
  "outcome": "running",
  "state": {
    "Status": "running",
    "Running": true,
    "Paused": false,
    "Restarting": false,
    "OOMKilled": false,
    "Dead": false,
    "Pid": 169453,
    "ExitCode": 0,
    "Error": "",
    "StartedAt": "2026-09-30T19:09:35.826037538Z",
    "FinishedAt": "0001-01-01T00:00:00Z"
  },
  "free_bytes": 28842872832,
  "last_step": {
    "name": "host-release-build",
    "command": [
      "cargo",
      "build",
      "--locked",
      "--release",
      "-p",
      "sail-cli"
    ],
    "started_utc": "2026-09-30T19:16:03.940450+00:00",
    "free_bytes_before": 29347614720
  },
  "completed_test_groups": [],
  "tail": [
    "  Downloaded schemars v0.9.0",
    "  Downloaded strum v0.27.2",
    "  Downloaded strum_macros v0.27.2",
    "  Downloaded strum_macros v0.28.0",
    "  Downloaded subtle v2.6.1",
    "  Downloaded tokio v1.53.1",
    "  Downloaded tonic-reflection v0.14.6",
    "  Downloaded tonic-types v0.14.6",
    "  Downloaded tower-layer v0.3.3",
    "  Downloaded tower-service v0.3.3",
    "  Downloaded tracing-attributes v0.1.31",
    "  Downloaded pilota-build v0.13.10",
    "  Downloaded datafusion-sql v55.1.0",
    "  Downloaded datasketches v0.4.0"
  ],
  "running": [
    "sail-stream-build561-host"
  ]
}
