{
  "path": "/Users/alexy/src/grust/docs/reviews/sail-stream-experiments-2026-09-30/linux-builds/compact561-host/observations/20260930T195259302428Z.json",
  "outcome": "running",
  "state": {
    "Status": "running",
    "Running": true,
    "Paused": false,
    "Restarting": false,
    "OOMKilled": false,
    "Dead": false,
    "Pid": 169453,
    "ExitCode": 0,
    "Error": "",
    "StartedAt": "2026-09-30T19:09:35.826037538Z",
    "FinishedAt": "0001-01-01T00:00:00Z"
  },
  "free_bytes": 28415352832,
  "last_step": {
    "name": "host-release-build",
    "command": [
      "cargo",
      "build",
      "--locked",
      "--release",
      "-p",
      "sail-cli"
    ],
    "started_utc": "2026-09-30T19:16:03.940450+00:00",
    "free_bytes_before": 29347614720
  },
  "completed_test_groups": [],
  "tail": [
    "   Compiling sail-cache v0.7.1 (/targets/sail-compact-host-56194b170155/source/crates/sail-cache)",
    "   Compiling sail-catalog-memory v0.7.1 (/targets/sail-compact-host-56194b170155/source/crates/sail-catalog-memory)",
    "   Compiling sail-catalog-system v0.7.1 (/targets/sail-compact-host-56194b170155/source/crates/sail-catalog-system)",
    "   Compiling sail-catalog-glue v0.7.1 (/targets/sail-compact-host-56194b170155/source/crates/sail-catalog-glue)",
    "   Compiling sail-python-udf v0.7.1 (/targets/sail-compact-host-56194b170155/source/crates/sail-python-udf)",
    "   Compiling sail-function v0.7.1 (/targets/sail-compact-host-56194b170155/source/crates/sail-function)",
    "   Compiling sail-catalog-hms v0.7.1 (/targets/sail-compact-host-56194b170155/source/crates/sail-catalog-hms)",
    "   Compiling sail-logical-plan v0.7.1 (/targets/sail-compact-host-56194b170155/source/crates/sail-logical-plan)",
    "   Compiling sail-physical-plan v0.7.1 (/targets/sail-compact-host-56194b170155/source/crates/sail-physical-plan)",
    "   Compiling sail-logical-optimizer v0.7.1 (/targets/sail-compact-host-56194b170155/source/crates/sail-logical-optimizer)",
    "   Compiling sail-physical-optimizer v0.7.1 (/targets/sail-compact-host-56194b170155/source/crates/sail-physical-optimizer)",
    "   Compiling sail-catalog-onelake v0.7.1 (/targets/sail-compact-host-56194b170155/source/crates/sail-catalog-onelake)",
    "   Compiling sail-flight v0.7.1 (/targets/sail-compact-host-56194b170155/source/crates/sail-flight)",
    "   Compiling sail-cli v0.7.1 (/targets/sail-compact-host-56194b170155/source/crates/sail-cli)"
  ],
  "running": [
    "sail-stream-build561-host"
  ]
}
