{
  "path": "/Users/alexy/src/grust/docs/reviews/sail-stream-experiments-2026-09-30/linux-builds/compact561-host/observations/20260930T191007900444Z.json",
  "outcome": "running",
  "state": {
    "Status": "running",
    "Running": true,
    "Paused": false,
    "Restarting": false,
    "OOMKilled": false,
    "Dead": false,
    "Pid": 169453,
    "ExitCode": 0,
    "Error": "",
    "StartedAt": "2026-09-30T19:09:35.826037538Z",
    "FinishedAt": "0001-01-01T00:00:00Z"
  },
  "free_bytes": 34393694208,
  "last_step": {
    "name": "clone",
    "command": [
      "git",
      "clone",
      "--no-hardlinks",
      "--no-checkout",
      "/targets/sail-stream-2894a962076d/source",
      "/targets/sail-compact-host-56194b170155/source"
    ],
    "started_utc": "2026-09-30T19:09:52.973785+00:00",
    "free_bytes_before": 34458890240
  },
  "completed_test_groups": [],
  "tail": [
    "Cloning into '/targets/sail-compact-host-56194b170155/source'...",
    "hint: Using 'master' as the name for the initial branch. This default branch name",
    "hint: is subject to change. To configure the initial branch name to use in all",
    "hint: of your new repositories, which will suppress this warning, call:",
    "hint:",
    "hint: \tgit config --global init.defaultBranch <name>",
    "hint:",
    "hint: Names commonly chosen instead of 'master' are 'main', 'trunk' and",
    "hint: 'development'. The just-created branch can be renamed via this command:",
    "hint:",
    "hint: \tgit branch -m <name>"
  ],
  "running": [
    "sail-stream-build561-host"
  ]
}
