{
  "path": "/Users/alexy/src/grust/docs/reviews/sail-stream-experiments-2026-09-30/linux-builds/integration289/observations/20260930T181057529690Z.json",
  "outcome": "running",
  "state": {
    "Status": "running",
    "Running": true,
    "Paused": false,
    "Restarting": false,
    "OOMKilled": false,
    "Dead": false,
    "Pid": 152578,
    "ExitCode": 0,
    "Error": "",
    "StartedAt": "2026-09-30T17:17:08.797751212Z",
    "FinishedAt": "0001-01-01T00:00:00Z"
  },
  "free_bytes": 26911571968,
  "last_step": {
    "name": "host-release-build",
    "command": [
      "cargo",
      "build",
      "--locked",
      "--release",
      "-p",
      "sail-cli"
    ],
    "started_utc": "2026-09-30T18:10:09.008922+00:00",
    "free_bytes_before": 27151265792
  },
  "completed_test_groups": [
    "nutmeg-core-tests",
    "argentea-core-tests",
    "native-adapter-tests"
  ],
  "tail": [
    "  Downloaded linkedbytes v0.1.16",
    "  Downloaded miniz_oxide v0.8.9",
    "  Downloaded miniz_oxide v0.9.1",
    "  Downloaded mio v1.2.2",
    "  Downloaded pem v3.0.6",
    "  Downloaded pest_derive v2.8.8",
    "  Downloaded pest_generator v2.8.8",
    "  Downloaded pest_meta v2.8.8",
    "  Downloaded phf v0.13.1",
    "  Downloaded phf_macros v0.12.1",
    "  Downloaded phf_macros v0.13.1",
    "  Downloaded pilota v0.13.1",
    "  Downloaded pilota-build v0.13.10",
    "  Downloaded protobuf v3.7.2"
  ],
  "running": [
    "sail-stream-build289"
  ]
}
