{
  "path": "/Users/alexy/src/grust/docs/reviews/sail-stream-experiments-2026-09-30/linux-builds/compact561-host/observations/20260930T191634326246Z.json",
  "outcome": "running",
  "state": {
    "Status": "running",
    "Running": true,
    "Paused": false,
    "Restarting": false,
    "OOMKilled": false,
    "Dead": false,
    "Pid": 169453,
    "ExitCode": 0,
    "Error": "",
    "StartedAt": "2026-09-30T19:09:35.826037538Z",
    "FinishedAt": "0001-01-01T00:00:00Z"
  },
  "free_bytes": 29211209728,
  "last_step": {
    "name": "host-release-build",
    "command": [
      "cargo",
      "build",
      "--locked",
      "--release",
      "-p",
      "sail-cli"
    ],
    "started_utc": "2026-09-30T19:16:03.940450+00:00",
    "free_bytes_before": 29347614720
  },
  "completed_test_groups": [],
  "tail": [
    "  Downloaded icu_collator v1.5.0",
    "  Downloaded icu_collator_data v1.5.1",
    "  Downloaded mur3 v0.1.0",
    "  Downloaded aws-sdk-ssooidc v1.111.0",
    "  Downloaded aws-smithy-runtime-api v1.17.0",
    "  Downloaded aws-smithy-types v1.8.0",
    "  Downloaded base64 v0.23.1",
    "  Downloaded bigdecimal v0.4.10",
    "  Downloaded bon v3.9.3",
    "  Downloaded bon-macros v3.9.3",
    "  Downloaded borsh v1.8.0",
    "  Downloaded bumpalo v3.20.3",
    "  Downloaded bytemuck v1.25.2",
    "  Downloaded byteorder v1.5.0"
  ],
  "running": [
    "sail-stream-build561-host"
  ]
}
