{
  "path": "/Users/alexy/src/grust/docs/reviews/sail-stream-experiments-2026-09-30/linux-builds/compact561-host/observations/20260930T192159399988Z.json",
  "outcome": "running",
  "state": {
    "Status": "running",
    "Running": true,
    "Paused": false,
    "Restarting": false,
    "OOMKilled": false,
    "Dead": false,
    "Pid": 169453,
    "ExitCode": 0,
    "Error": "",
    "StartedAt": "2026-09-30T19:09:35.826037538Z",
    "FinishedAt": "0001-01-01T00:00:00Z"
  },
  "free_bytes": 28575588352,
  "last_step": {
    "name": "host-release-build",
    "command": [
      "cargo",
      "build",
      "--locked",
      "--release",
      "-p",
      "sail-cli"
    ],
    "started_utc": "2026-09-30T19:16:03.940450+00:00",
    "free_bytes_before": 29347614720
  },
  "completed_test_groups": [],
  "tail": [
    "   Compiling sail-data-source v0.7.1 (/targets/sail-compact-host-56194b170155/source/crates/sail-data-source)",
    "   Compiling sail-iceberg v0.7.1 (/targets/sail-compact-host-56194b170155/source/crates/sail-iceberg)",
    "   Compiling sail-catalog-unity v0.7.1 (/targets/sail-compact-host-56194b170155/source/crates/sail-catalog-unity)",
    "   Compiling sail-catalog-iceberg v0.7.1 (/targets/sail-compact-host-56194b170155/source/crates/sail-catalog-iceberg)",
    "   Compiling sail-delta-lake v0.7.1 (/targets/sail-compact-host-56194b170155/source/crates/sail-delta-lake)",
    "   Compiling sail-object-store v0.7.1 (/targets/sail-compact-host-56194b170155/source/crates/sail-object-store)",
    "   Compiling sail-sql-analyzer v0.7.1 (/targets/sail-compact-host-56194b170155/source/crates/sail-sql-analyzer)",
    "   Compiling sail-catalog v0.7.1 (/targets/sail-compact-host-56194b170155/source/crates/sail-catalog)",
    "   Compiling sail-cache v0.7.1 (/targets/sail-compact-host-56194b170155/source/crates/sail-cache)",
    "   Compiling sail-catalog-memory v0.7.1 (/targets/sail-compact-host-56194b170155/source/crates/sail-catalog-memory)",
    "   Compiling sail-catalog-system v0.7.1 (/targets/sail-compact-host-56194b170155/source/crates/sail-catalog-system)",
    "   Compiling sail-catalog-glue v0.7.1 (/targets/sail-compact-host-56194b170155/source/crates/sail-catalog-glue)",
    "   Compiling sail-python-udf v0.7.1 (/targets/sail-compact-host-56194b170155/source/crates/sail-python-udf)",
    "   Compiling sail-function v0.7.1 (/targets/sail-compact-host-56194b170155/source/crates/sail-function)"
  ],
  "running": [
    "sail-worker-smoke-instrumented289-cpu16-23-1",
    "sail-stream-build561-host"
  ]
}
