{
  "path": "/Users/alexy/src/grust/docs/reviews/sail-stream-experiments-2026-09-30/linux-builds/compact561-host/observations/20260930T191737453939Z.json",
  "outcome": "running",
  "state": {
    "Status": "running",
    "Running": true,
    "Paused": false,
    "Restarting": false,
    "OOMKilled": false,
    "Dead": false,
    "Pid": 169453,
    "ExitCode": 0,
    "Error": "",
    "StartedAt": "2026-09-30T19:09:35.826037538Z",
    "FinishedAt": "0001-01-01T00:00:00Z"
  },
  "free_bytes": 28436819968,
  "last_step": {
    "name": "host-release-build",
    "command": [
      "cargo",
      "build",
      "--locked",
      "--release",
      "-p",
      "sail-cli"
    ],
    "started_utc": "2026-09-30T19:16:03.940450+00:00",
    "free_bytes_before": 29347614720
  },
  "completed_test_groups": [],
  "tail": [
    "  Downloaded libmimalloc-sys v0.1.49",
    "  Downloaded jiff v0.2.35",
    "  Downloaded libc v0.2.189",
    "  Downloaded libz-sys v1.1.29",
    "  Downloaded pyo3 v0.29.2",
    "  Downloaded logos v0.15.1",
    "  Downloaded liblzma-sys v0.4.7",
    "  Downloaded libgit2-sys v0.18.7+1.9.6",
    "  Downloaded sha2-const-stable v0.1.0",
    "  Downloaded linux-raw-sys v0.4.15",
    "  Downloaded icu_segmenter_data v1.5.1",
    "  Downloaded k8s-openapi v0.27.1",
    "  Downloaded linux-raw-sys v0.12.1",
    "  Downloaded aws-lc-sys v0.45.0"
  ],
  "running": [
    "sail-stream-build561-host"
  ]
}
