{
  "path": "/Users/alexy/src/grust/docs/reviews/sail-stream-experiments-2026-09-30/linux-builds/integration289/observations/20260930T180256365732Z.json",
  "outcome": "running",
  "state": {
    "Status": "running",
    "Running": true,
    "Paused": false,
    "Restarting": false,
    "OOMKilled": false,
    "Dead": false,
    "Pid": 152578,
    "ExitCode": 0,
    "Error": "",
    "StartedAt": "2026-09-30T17:17:08.797751212Z",
    "FinishedAt": "0001-01-01T00:00:00Z"
  },
  "free_bytes": 28382978048,
  "last_step": {
    "name": "seed-host-target",
    "command": [
      "cp",
      "-a",
      "--reflink=auto",
      "/targets/graph-nuts-ffcfbd569/target-host",
      "/targets/sail-stream-2894a962076d/target-host"
    ],
    "started_utc": "2026-09-30T17:50:14.057157+00:00",
    "free_bytes_before": 31948570624
  },
  "completed_test_groups": [
    "nutmeg-core-tests",
    "argentea-core-tests",
    "native-adapter-tests"
  ],
  "tail": [],
  "running": [
    "sail-stream-build289"
  ]
}
