   Compiling proc-macro2 v1.0.107
   Compiling unicode-ident v1.0.26
   Compiling quote v1.0.47
   Compiling serde_core v1.0.229
   Compiling serde v1.0.229
   Compiling zmij v1.0.23
   Compiling thiserror v2.0.21
    Checking itoa v1.0.18
   Compiling syn v3.0.6
   Compiling serde_json v1.0.151
    Checking equivalent v1.0.2
    Checking memchr v2.8.3
    Checking hashbrown v0.17.1
    Checking indexmap v2.14.2
    Checking unsafe-libyaml v0.2.11
    Checking ryu v1.0.23
   Compiling sail-argentea-core v0.1.0 (/private/tmp/sail-bfs-completion-check/examples/extensions/argentea)
    Checking sail-native-resource-ffi v0.1.0 (/private/tmp/sail-bfs-completion-check/crates/sail-native-resource-ffi)
    Checking log v0.4.34
   Compiling serde_derive v1.0.229
   Compiling thiserror-impl v2.0.21
   Compiling async-trait v0.1.92
   Compiling readonly v0.2.14
    Checking serde_yaml v0.9.34+deprecated
    Checking quick-xml v0.40.1
    Checking grust-core v0.23.0
    Checking grust-procedures v0.23.0
    Finished `dev` profile [unoptimized] target(s) in 10.23s
