From https://github.com/querygraph/grust
   c3bd9fb..09fa41e  main       -> origin/main
Updating c3bd9fb..09fa41e
Fast-forward
 benchmarks/arrow-pipelines/README.md               |  3 ++-
 .../arrow-pipelines/evidence/c3bd9fb/20-1-1.jsonl  |  1 +
 .../arrow-pipelines/evidence/c3bd9fb/4-1-1.jsonl   |  1 +
 .../arrow-pipelines/evidence/c3bd9fb/4-5-1.jsonl   |  1 +
 .../arrow-pipelines/evidence/c3bd9fb/README.md     | 24 ++++++++++++++++++++++
 .../evidence/c3bd9fb/explicit-args/20-1-1.jsonl    | 16 +++++++++++++++
 .../evidence/c3bd9fb/explicit-args/4-1-1.jsonl     | 16 +++++++++++++++
 .../evidence/c3bd9fb/explicit-args/4-5-1.jsonl     | 15 ++++++++++++++
 benchmarks/arrow-pipelines/src/main.rs             | 14 +++++++------
 9 files changed, 84 insertions(+), 7 deletions(-)
 create mode 100644 benchmarks/arrow-pipelines/evidence/c3bd9fb/20-1-1.jsonl
 create mode 100644 benchmarks/arrow-pipelines/evidence/c3bd9fb/4-1-1.jsonl
 create mode 100644 benchmarks/arrow-pipelines/evidence/c3bd9fb/4-5-1.jsonl
 create mode 100644 benchmarks/arrow-pipelines/evidence/c3bd9fb/README.md
 create mode 100644 benchmarks/arrow-pipelines/evidence/c3bd9fb/explicit-args/20-1-1.jsonl
 create mode 100644 benchmarks/arrow-pipelines/evidence/c3bd9fb/explicit-args/4-1-1.jsonl
 create mode 100644 benchmarks/arrow-pipelines/evidence/c3bd9fb/explicit-args/4-5-1.jsonl
   Compiling grust-arrow-pipeline-profile v0.1.0 (/Users/alexy/src/grust-arrow-pipeline/benchmarks/arrow-pipelines)
    Finished `dev` profile [unoptimized + debuginfo] target(s) in 1.04s
   Compiling proc-macro2 v1.0.107
   Compiling quote v1.0.47
   Compiling libc v0.2.189
   Compiling memchr v2.8.3
   Compiling serde_core v1.0.229
   Compiling allocator-api2 v0.2.21
   Compiling foldhash v0.2.0
   Compiling syn v2.0.119
   Compiling syn v3.0.5
   Compiling hashbrown v0.17.1
   Compiling zerocopy v0.8.57
   Compiling indexmap v2.14.2
   Compiling bytes v1.12.1
   Compiling zmij v1.0.23
   Compiling serde_json v1.0.151
   Compiling jobserver v0.1.35
   Compiling find-msvc-tools v0.1.12
   Compiling shlex v2.0.1
   Compiling getrandom v0.3.4
   Compiling cc v1.4.6
   Compiling zerocopy-derive v0.8.57
   Compiling synstructure v0.13.2
   Compiling num-integer v0.1.47
   Compiling zerofrom-derive v0.1.7
   Compiling siphasher v1.0.3
   Compiling phf_shared v0.12.1
   Compiling num-bigint v0.5.1
   Compiling zerofrom v0.1.8
   Compiling yoke-derive v0.8.2
   Compiling stable_deref_trait v1.2.1
   Compiling chrono-tz v0.10.4
   Compiling phf v0.12.1
   Compiling arrow-schema v59.3.0
   Compiling yoke v0.8.3
   Compiling half v2.7.1
   Compiling arrow-buffer v59.3.0
   Compiling ahash v0.8.12
   Compiling arrow-data v59.3.0
   Compiling zerovec-derive v0.11.6
   Compiling arrow-array v59.3.0
   Compiling zerovec v0.11.8
   Compiling displaydoc v0.2.7
   Compiling lexical-util v1.0.7
   Compiling pkg-config v0.3.34
   Compiling pin-project-lite v0.2.17
   Compiling object v0.39.1
   Compiling zstd-sys v2.1.0+zstd.1.5.7
   Compiling tinystr v0.8.4
   Compiling arrow-select v59.3.0
   Compiling litemap v0.8.3
   Compiling smallvec v1.16.1
   Compiling writeable v0.6.4
   Compiling futures-core v0.3.34
   Compiling futures-sink v0.3.34
   Compiling icu_locale_core v2.3.0
   Compiling potential_utf v0.1.6
   Compiling zerotrie v0.2.5
   Compiling icu_properties_data v2.3.0
   Compiling utf8_iter v1.0.4
   Compiling thiserror v2.0.20
   Compiling icu_normalizer_data v2.3.0
   Compiling icu_collections v2.3.0
   Compiling icu_provider v2.3.1
   Compiling ar_archive_writer v0.5.3
   Compiling lexical-parse-integer v1.0.6
   Compiling lexical-write-integer v1.0.6
   Compiling thiserror-impl v2.0.20
   Compiling bitflags v2.13.2
   Compiling zstd-safe v7.3.0
   Compiling lexical-write-float v1.0.6
   Compiling lexical-parse-float v1.0.6
   Compiling psm v0.1.32
   Compiling futures-channel v0.3.34
   Compiling futures-macro v0.3.34
   Compiling async-trait v0.1.92
   Compiling tokio-macros v2.7.2
   Compiling aho-corasick v1.1.5
   Compiling unicode-width v0.2.2
   Compiling slab v0.4.12
   Compiling futures-task v0.3.34
   Compiling getrandom v0.4.3
   Compiling regex-syntax v0.8.11
   Compiling futures-io v0.3.34
   Compiling parking_lot_core v0.9.12
   Compiling unicode-segmentation v1.13.3
   Compiling comfy-table v7.2.2
   Compiling regex-automata v0.4.18
   Compiling futures-util v0.3.34
   Compiling tokio v1.53.1
   Compiling icu_normalizer v2.3.0
   Compiling icu_properties v2.3.0
   Compiling lexical-core v1.0.6
   Compiling arrow-ord v59.3.0
   Compiling stacker v0.1.25
   Compiling atoi v2.0.0
   Compiling twox-hash v2.1.4
   Compiling scopeguard v1.2.0
   Compiling base64 v0.23.1
   Compiling lz4_flex v0.14.0
   Compiling arrow-cast v59.3.0
   Compiling lock_api v0.4.14
   Compiling idna_adapter v1.2.2
   Compiling flatbuffers v25.12.19
   Compiling regex v1.13.1
   Compiling zstd v0.13.3
   Compiling csv-core v0.1.13
   Compiling percent-encoding v2.3.2
   Compiling either v1.18.0
   Compiling form_urlencoded v1.2.2
   Compiling csv v1.4.0
   Compiling arrow-ipc v59.3.0
   Compiling idna v1.1.0
   Compiling recursive-proc-macro-impl v0.1.1
   Compiling tracing-attributes v0.1.31
   Compiling tracing-core v0.1.36
   Compiling log v0.4.34
   Compiling simdutf8 v0.1.5
   Compiling arrow-json v59.3.0
   Compiling tracing v0.1.44
   Compiling recursive v0.1.1
   Compiling url v2.5.8
   Compiling arrow-csv v59.3.0
   Compiling itertools v0.14.0
   Compiling parking_lot v0.12.5
   Compiling arrow-string v59.3.0
   Compiling uuid v1.26.1
   Compiling arrow-arith v59.3.0
   Compiling arrow-row v59.3.0
   Compiling sqlparser_derive v0.5.0
   Compiling http v1.5.0
   Compiling humantime v2.4.0
   Compiling object_store v0.13.2
   Compiling sqlparser v0.62.0
   Compiling arrow v59.3.0
   Compiling itertools v0.15.0
   Compiling pin-project-internal v1.1.13
   Compiling pin-project v1.1.13
   Compiling datafusion-doc v55.1.0
   Compiling foldhash v0.1.5
   Compiling crossbeam-utils v0.8.23
   Compiling hashbrown v0.15.5
   Compiling futures-executor v0.3.34
   Compiling ppv-lite86 v0.2.21
   Compiling rand_core v0.9.5
   Compiling errno v0.3.14
   Compiling fixedbitset v0.5.7
   Compiling rustix v1.1.4
   Compiling petgraph v0.8.3
   Compiling rand_chacha v0.9.0
   Compiling futures v0.3.34
   Compiling tokio-util v0.7.19
   Compiling hashbrown v0.14.5
   Compiling fastrand v2.5.0
   Compiling dashmap v6.2.1
   Compiling datafusion-macros v55.1.0
   Compiling tempfile v3.27.0
   Compiling rand v0.9.5
   Compiling hex v0.4.3
   Compiling datafusion-common-runtime v55.1.0
   Compiling glob v0.3.4
   Compiling serde v1.0.229
   Compiling serde_derive v1.0.229
   Compiling bigdecimal v0.4.10
   Compiling datafusion-common v55.1.0
   Compiling num-bigint v0.4.8
   Compiling serde_yaml v0.9.34+deprecated
   Compiling datafusion-expr-common v55.1.0
   Compiling datafusion-physical-expr-common v55.1.0
   Compiling datafusion-functions-window-common v55.1.0
   Compiling datafusion-functions-aggregate-common v55.1.0
   Compiling datafusion-expr v55.1.0
   Compiling datafusion-physical-expr v55.1.0
   Compiling datafusion-execution v55.1.0
   Compiling datafusion-functions v55.1.0
   Compiling datafusion-physical-plan v55.1.0
   Compiling datafusion-session v55.1.0
   Compiling datafusion-physical-expr-adapter v55.1.0
   Compiling datafusion-datasource v55.1.0
   Compiling quick-xml v0.40.1
   Compiling grust-core v0.15.0 (/Users/alexy/src/grust-arrow-pipeline/crates/grust-core)
   Compiling datafusion-catalog v55.1.0
   Compiling datafusion-functions-aggregate v55.1.0
   Compiling datafusion-functions-nested v55.1.0
   Compiling datafusion-pruning v55.1.0
   Compiling tokio-stream v0.1.19
   Compiling datafusion-datasource-json v55.1.0
   Compiling datafusion-functions-table v55.1.0
   Compiling datafusion-catalog-listing v55.1.0
   Compiling datafusion-sql v55.1.0
   Compiling datafusion-physical-optimizer v55.1.0
   Compiling datafusion-datasource-arrow v55.1.0
   Compiling datafusion-datasource-csv v55.1.0
   Compiling datafusion-optimizer v55.1.0
   Compiling datafusion-functions-window v55.1.0
   Compiling datafusion v55.1.0
   Compiling grust-arrow v0.15.0 (/Users/alexy/src/grust-arrow-pipeline/crates/grust-arrow)
   Compiling grust-procedures v0.15.0 (/Users/alexy/src/grust-arrow-pipeline/crates/grust-procedures)
   Compiling grust-arrow-pipeline-profile v0.1.0 (/Users/alexy/src/grust-arrow-pipeline/benchmarks/arrow-pipelines)
   Compiling grust-cypher v0.15.0 (/Users/alexy/src/grust-arrow-pipeline/crates/grust-cypher)
   Compiling grust-datafusion v0.15.0 (/Users/alexy/src/grust-arrow-pipeline/crates/grust-datafusion)
    Finished `release` profile [optimized] target(s) in 9m 55s
