test_container_identity_and_mounted_modes_actual_fixture (test_permissions.Permissions.test_container_identity_and_mounted_modes_actual_fixture) ... ok
test_existing_output_never_chmod_or_reused (test_permissions.Permissions.test_existing_output_never_chmod_or_reused) ... ok
test_host_or_request_identity_mismatch_rejected (test_permissions.Permissions.test_host_or_request_identity_mismatch_rejected) ... ok
test_recorded_failure_mode_has_no_other_search_permission (test_permissions.Permissions.test_recorded_failure_mode_has_no_other_search_permission) ... ok
test_restrictive_umask_new_bundle_and_output_modes (test_permissions.Permissions.test_restrictive_umask_new_bundle_and_output_modes) ... ok
test_wrong_evidence_group_rejected_host_and_reader (test_permissions.Permissions.test_wrong_evidence_group_rejected_host_and_reader) ... ok
test_wrong_staging_mode_rejected_without_repair (test_permissions.Permissions.test_wrong_staging_mode_rejected_without_repair) ... ok
test_container_selected_volume_space_is_recorded (test_preparation.BundleGuards.test_container_selected_volume_space_is_recorded) ... ok
test_copy_mutation_cannot_replace_supplied_receipt_pin (test_preparation.BundleGuards.test_copy_mutation_cannot_replace_supplied_receipt_pin) ... ok
test_frozen_files_and_output_overlap (test_preparation.BundleGuards.test_frozen_files_and_output_overlap) ... ok
test_stable_copy_preserves_supplied_pin (test_preparation.BundleGuards.test_stable_copy_preserves_supplied_pin) ... ok
test_command_has_caps_readonly_inputs_and_no_auto_remove (test_preparation.Policy.test_command_has_caps_readonly_inputs_and_no_auto_remove) ... ok
test_live_or_mismatched_closed_inputs_rejected (test_preparation.Policy.test_live_or_mismatched_closed_inputs_rejected) ... ok
test_preserves_failed_producer_with_completed_output (test_preparation.Policy.test_preserves_failed_producer_with_completed_output) ... ok
test_valid_closed_metadata (test_preparation.Policy.test_valid_closed_metadata) ... ok
test_busy_never_creates_or_kills (test_preparation.Supervisor.test_busy_never_creates_or_kills) ... ok
test_child_admission_exception_retains_outer_receipt_without_docker (test_preparation.Supervisor.test_child_admission_exception_retains_outer_receipt_without_docker) ... ok
test_lost_create_response_recovers_owned_container (test_preparation.Supervisor.test_lost_create_response_recovers_owned_container) ... ok
test_low_selected_host_space_prevents_all_docker_calls (test_preparation.Supervisor.test_low_selected_host_space_prevents_all_docker_calls) ... ok
test_oom_or_unexited_state_with_zero_exit_and_inner_pass_rejected (test_preparation.Supervisor.test_oom_or_unexited_state_with_zero_exit_and_inner_pass_rejected) ... ok
test_oom_retained_without_inner_report (test_preparation.Supervisor.test_oom_retained_without_inner_report) ... ok
test_oserror_and_malformed_json_retained (test_preparation.Supervisor.test_oserror_and_malformed_json_retained) ... ok
test_physical_pass_and_bad_report_separate (test_preparation.Supervisor.test_physical_pass_and_bad_report_separate) ... ok
test_same_request_different_execution_never_killed (test_preparation.Supervisor.test_same_request_different_execution_never_killed) ... ok
test_success_state_before_cleanup (test_preparation.Supervisor.test_success_state_before_cleanup) ... ok
test_timeout_kills_only_owned_checker_and_retains_failure (test_preparation.Supervisor.test_timeout_kills_only_owned_checker_and_retains_failure) ... ok
test_wrong_container_user_never_started (test_preparation.Supervisor.test_wrong_container_user_never_started) ... ok

----------------------------------------------------------------------
Ran 27 tests in 0.216s

OK
