[2026-09-30T16:57:26Z INFO sail_cli::spark::server] Starting the Spark Connect server on 127.0.0.1:42423...
[2026-09-30T16:57:26Z INFO sail_session::session_manager::actor::core] driver server is ready on port 38209
[2026-09-30T16:57:27Z INFO sail_session::session_manager::actor::handler] creating session 3617ba61-9190-4a6b-91f9-bf54860c7c34
OpenBLAS WARNING - could not determine the L2 cache size on this system, assuming 256k
OpenBLAS WARNING - could not determine the L2 cache size on this system, assuming 256k
[2026-09-30T16:57:28Z INFO sail_session::extensions] bound native extension nutmeg@0.1.0:e5f0332e07d6164d20eec48da4e1d859913eb006481d8b98b1d409afeb3bb50f to session incarnation fa0eac9e-9c0f-4fe9-bc45-ccb8c9232164
[2026-09-30T16:57:28Z INFO sail_session::extensions] bound native extension sedona@0.1.0:e8dc2c51c6e45ef94fb13370b76f0fd40936b3d79d368fc052afbb778d39c137 to session incarnation fa0eac9e-9c0f-4fe9-bc45-ccb8c9232164
[2026-09-30T16:57:28Z INFO sail_execution::driver::actor::handler] activating driver 1
[2026-09-30T16:57:28Z INFO sail_execution::driver::worker_pool::core] starting worker 1
[2026-09-30T16:57:28Z INFO sail_execution::driver::worker_pool::core] starting worker 2
[2026-09-30T16:57:28Z INFO sail_execution::worker_manager::process] extension process worker 1: pid=Some(62), driver_pid=17, session=3617ba61-9190-4a6b-91f9-bf54860c7c34
[2026-09-30T16:57:28Z INFO sail_execution::worker_manager::process] extension process worker 2: pid=Some(63), driver_pid=17, session=3617ba61-9190-4a6b-91f9-bf54860c7c34
[2026-09-30T16:57:29Z INFO sail_session::extensions] worker loaded native extension sedona@0.1.0:e8dc2c51c6e45ef94fb13370b76f0fd40936b3d79d368fc052afbb778d39c137, pid=63
[2026-09-30T16:57:29Z INFO sail_session::extensions] worker loaded native extension sedona@0.1.0:e8dc2c51c6e45ef94fb13370b76f0fd40936b3d79d368fc052afbb778d39c137, pid=62
[2026-09-30T16:57:29Z INFO sail_execution::worker::actor::handler] worker 2 server is ready on port 37613
[2026-09-30T16:57:29Z INFO sail_execution::worker::actor::handler] worker 1 server is ready on port 44863
[2026-09-30T16:57:29Z INFO sail_execution::driver::actor::handler] worker 2 is available at 127.0.0.1:37613
[2026-09-30T16:57:29Z WARN sail_execution::driver::task_assigner::core] worker 2 was not pending
[2026-09-30T16:57:29Z INFO sail_execution::driver::actor::handler] worker 1 is available at 127.0.0.1:44863
[2026-09-30T16:57:29Z WARN sail_execution::driver::task_assigner::core] worker 1 was not pending
[2026-09-30T16:57:29Z INFO sail_session::session_manager::actor::handler] removing session 3617ba61-9190-4a6b-91f9-bf54860c7c34
[2026-09-30T16:57:29Z INFO sail_execution::driver::worker_pool::core] stopping worker 1
[2026-09-30T16:57:29Z INFO sail_execution::driver::worker_pool::core] stopping worker 2
[2026-09-30T16:57:29Z INFO sail_execution::worker::actor::core] worker 2 server has stopped
[2026-09-30T16:57:29Z WARN sail_common::actor] aborting 1 task(s) for WorkerActor
[2026-09-30T16:57:29Z INFO sail_execution::worker::actor::core] worker 1 server has stopped
[2026-09-30T16:57:29Z WARN sail_common::actor] aborting 1 task(s) for WorkerActor
[2026-09-30T16:57:29Z INFO sail_execution::driver::actor::core] driver 1 has stopped
[2026-09-30T16:57:29Z WARN sail_common::actor] aborting 36 task(s) for DriverActor
[2026-09-30T16:57:31Z INFO sail_session::session_manager::actor::handler] creating session e1ad1da5-a224-4dec-b8a1-21769e47fd34
[2026-09-30T16:57:31Z INFO sail_session::extensions] bound native extension nutmeg@0.1.0:e5f0332e07d6164d20eec48da4e1d859913eb006481d8b98b1d409afeb3bb50f to session incarnation e5034191-2e67-4a87-9323-fdb3f9b881de
[2026-09-30T16:57:31Z INFO sail_session::extensions] bound native extension sedona@0.1.0:e8dc2c51c6e45ef94fb13370b76f0fd40936b3d79d368fc052afbb778d39c137 to session incarnation e5034191-2e67-4a87-9323-fdb3f9b881de
[2026-09-30T16:57:31Z INFO sail_execution::driver::actor::handler] activating driver 2
[2026-09-30T16:57:31Z INFO sail_execution::driver::worker_pool::core] starting worker 1
[2026-09-30T16:57:31Z INFO sail_execution::driver::worker_pool::core] starting worker 2
[2026-09-30T16:57:31Z INFO sail_execution::worker_manager::process] extension process worker 1: pid=Some(123), driver_pid=17, session=e1ad1da5-a224-4dec-b8a1-21769e47fd34
[2026-09-30T16:57:31Z INFO sail_execution::worker_manager::process] extension process worker 2: pid=Some(124), driver_pid=17, session=e1ad1da5-a224-4dec-b8a1-21769e47fd34
[2026-09-30T16:57:32Z INFO sail_session::extensions] worker loaded native extension sedona@0.1.0:e8dc2c51c6e45ef94fb13370b76f0fd40936b3d79d368fc052afbb778d39c137, pid=123
[2026-09-30T16:57:32Z INFO sail_session::extensions] worker loaded native extension sedona@0.1.0:e8dc2c51c6e45ef94fb13370b76f0fd40936b3d79d368fc052afbb778d39c137, pid=124
[2026-09-30T16:57:32Z INFO sail_execution::worker::actor::handler] worker 1 server is ready on port 46269
[2026-09-30T16:57:32Z INFO sail_execution::worker::actor::handler] worker 2 server is ready on port 42061
[2026-09-30T16:57:32Z INFO sail_execution::driver::actor::handler] worker 1 is available at 127.0.0.1:46269
[2026-09-30T16:57:32Z WARN sail_execution::driver::task_assigner::core] worker 1 was not pending
[2026-09-30T16:57:32Z INFO sail_execution::driver::actor::handler] worker 2 is available at 127.0.0.1:42061
[2026-09-30T16:57:32Z WARN sail_execution::driver::task_assigner::core] worker 2 was not pending
[2026-09-30T16:57:32Z WARN sail_execution::driver::actor::handler] job 9 stage 1 partition 3 attempt 0 sequence 85 is stale
[2026-09-30T16:57:35Z WARN sail_execution::driver::actor::handler] job 71 stage 1 partition 1 attempt 0 sequence 416 is stale
[2026-09-30T16:57:36Z WARN sail_execution::driver::actor::handler] job 121 stage 1 partition 0 attempt 0 sequence 646 is stale
[2026-09-30T16:57:36Z WARN sail_execution::driver::actor::handler] job 122 stage 1 partition 0 attempt 0 sequence 656 is stale
[2026-09-30T16:57:37Z WARN sail_execution::driver::actor::handler] job 147 stage 1 partition 1 attempt 0 sequence 736 is stale
[2026-09-30T16:57:38Z WARN sail_execution::driver::actor::handler] job 160 stage 1 partition 3 attempt 0 sequence 767 is stale
[2026-09-30T16:57:38Z WARN sail_execution::driver::actor::handler] job 163 stage 1 partition 3 attempt 0 sequence 797 is stale
[2026-09-30T16:57:38Z WARN sail_execution::driver::actor::handler] job 170 stage 1 partition 0 attempt 0 sequence 598 is stale
[2026-09-30T16:57:38Z WARN sail_execution::driver::actor::handler] job 174 stage 1 partition 3 attempt 0 sequence 867 is stale
[2026-09-30T16:57:39Z WARN sail_execution::driver::actor::handler] job 191 stage 1 partition 3 attempt 0 sequence 937 is stale
[2026-09-30T16:57:40Z WARN sail_execution::driver::actor::handler] job 238 stage 1 partition 1 attempt 0 sequence 1211 is stale
[2026-09-30T16:57:40Z WARN sail_execution::driver::actor::handler] job 238 stage 0 partition 0 attempt 0 sequence 1208 is stale
[2026-09-30T16:57:41Z WARN sail_execution::driver::actor::handler] job 258 stage 1 partition 1 attempt 0 sequence 1302 is stale
[2026-09-30T16:57:42Z WARN sail_execution::driver::actor::handler] job 291 stage 0 partition 0 attempt 0 sequence 1492 is stale
[2026-09-30T16:57:42Z WARN sail_execution::driver::actor::handler] job 306 stage 0 partition 0 attempt 0 sequence 1560 is stale
[2026-09-30T16:57:42Z WARN sail_execution::driver::actor::handler] job 306 stage 1 partition 2 attempt 0 sequence 1561 is stale
[2026-09-30T16:57:43Z WARN sail_execution::driver::actor::handler] job 309 stage 1 partition 1 attempt 0 sequence 1579 is stale
[2026-09-30T16:57:46Z WARN sail_execution::driver::actor::handler] job 379 stage 1 partition 3 attempt 0 sequence 1972 is stale
[2026-09-30T16:57:46Z WARN sail_execution::driver::actor::handler] job 395 stage 1 partition 3 attempt 0 sequence 2058 is stale
[2026-09-30T16:57:46Z WARN sail_execution::driver::actor::handler] job 395 stage 1 partition 1 attempt 0 sequence 2056 is stale
[2026-09-30T16:57:49Z WARN sail_execution::driver::actor::handler] job 467 stage 1 partition 1 attempt 0 sequence 2429 is stale
[2026-09-30T16:57:49Z WARN sail_execution::driver::actor::handler] job 470 stage 1 partition 1 attempt 0 sequence 2450 is stale
[2026-09-30T16:57:58Z WARN sail_execution::driver::actor::handler] job 686 stage 1 partition 2 attempt 0 sequence 2687 is stale
[2026-09-30T16:58:01Z WARN sail_execution::driver::actor::handler] job 775 stage 2 partition 1 attempt 0 sequence 3013 is stale
[2026-09-30T16:58:03Z WARN sail_execution::driver::actor::handler] job 820 stage 1 partition 3 attempt 0 sequence 4365 is stale
[2026-09-30T16:58:05Z WARN sail_execution::driver::actor::handler] job 876 stage 1 partition 1 attempt 0 sequence 4646 is stale
[2026-09-30T16:58:05Z WARN sail_execution::driver::actor::handler] job 876 stage 1 partition 3 attempt 0 sequence 4645 is stale
[2026-09-30T16:58:14Z WARN sail_execution::driver::actor::handler] job 1092 stage 1 partition 1 attempt 0 sequence 5725 is stale
[2026-09-30T16:58:21Z WARN sail_execution::driver::actor::handler] job 1273 stage 0 partition 0 attempt 0 sequence 6598 is stale
[2026-09-30T16:58:21Z WARN sail_execution::driver::actor::handler] job 1274 stage 0 partition 0 attempt 0 sequence 6606 is stale
[2026-09-30T16:58:21Z WARN sail_execution::driver::actor::handler] job 1277 stage 0 partition 0 attempt 0 sequence 6616 is stale
[2026-09-30T16:58:21Z WARN sail_execution::driver::actor::handler] job 1288 stage 1 partition 1 attempt 0 sequence 6647 is stale
[2026-09-30T16:58:21Z WARN sail_execution::driver::actor::handler] job 1291 stage 1 partition 3 attempt 0 sequence 6681 is stale
[2026-09-30T16:58:22Z WARN sail_execution::driver::actor::handler] job 1303 stage 0 partition 0 attempt 0 sequence 6760 is stale
[2026-09-30T16:58:22Z WARN sail_execution::driver::actor::handler] job 1315 stage 0 partition 0 attempt 0 sequence 6792 is stale
[2026-09-30T16:58:22Z WARN sail_execution::driver::actor::handler] job 1316 stage 1 partition 1 attempt 0 sequence 6800 is stale
[2026-09-30T16:58:23Z WARN sail_execution::driver::actor::handler] job 1342 stage 0 partition 0 attempt 0 sequence 6918 is stale
[2026-09-30T16:58:24Z WARN sail_execution::driver::actor::handler] job 1378 stage 1 partition 1 attempt 0 sequence 7132 is stale
[2026-09-30T16:58:24Z WARN sail_execution::driver::actor::handler] job 1378 stage 1 partition 3 attempt 0 sequence 7131 is stale
[2026-09-30T16:58:25Z WARN sail_execution::driver::actor::handler] job 1393 stage 2 partition 3 attempt 0 sequence 7221 is stale
[2026-09-30T16:58:25Z WARN sail_execution::driver::actor::handler] job 1412 stage 0 partition 0 attempt 0 sequence 7302 is stale
[2026-09-30T16:58:26Z WARN sail_execution::driver::actor::handler] job 1431 stage 1 partition 3 attempt 0 sequence 7420 is stale
[2026-09-30T16:58:26Z WARN sail_execution::driver::actor::handler] job 1440 stage 1 partition 3 attempt 0 sequence 7460 is stale
[2026-09-30T16:58:27Z WARN sail_execution::driver::actor::handler] job 1451 stage 0 partition 0 attempt 0 sequence 7542 is stale
[2026-09-30T16:58:27Z WARN sail_execution::driver::actor::handler] job 1451 stage 1 partition 1 attempt 0 sequence 7541 is stale
[2026-09-30T16:58:27Z WARN sail_execution::driver::actor::handler] job 1471 stage 1 partition 1 attempt 0 sequence 7631 is stale
[2026-09-30T16:58:29Z WARN sail_execution::driver::actor::handler] job 1509 stage 1 partition 1 attempt 0 sequence 7873 is stale
[2026-09-30T16:58:29Z WARN sail_execution::driver::actor::handler] job 1509 stage 1 partition 3 attempt 0 sequence 7871 is stale
[2026-09-30T16:58:32Z WARN sail_execution::driver::actor::handler] job 1594 stage 1 partition 3 attempt 0 sequence 8252 is stale
[2026-09-30T16:58:32Z WARN sail_execution::driver::actor::handler] job 1596 stage 1 partition 3 attempt 0 sequence 8279 is stale
[2026-09-30T16:58:32Z WARN sail_execution::driver::actor::handler] job 1596 stage 1 partition 1 attempt 0 sequence 8280 is stale
[2026-09-30T16:58:33Z WARN sail_execution::driver::actor::handler] job 1624 stage 0 partition 0 attempt 0 sequence 8452 is stale
[2026-09-30T16:58:33Z WARN sail_execution::driver::actor::handler] job 1632 stage 1 partition 1 attempt 0 sequence 8500 is stale
[2026-09-30T16:58:34Z WARN sail_execution::driver::actor::handler] job 1661 stage 0 partition 0 attempt 0 sequence 8608 is stale
[2026-09-30T16:58:35Z WARN sail_execution::driver::actor::handler] job 1685 stage 1 partition 0 attempt 0 sequence 6053 is stale
[2026-09-30T16:58:35Z WARN sail_execution::driver::actor::handler] job 1688 stage 1 partition 2 attempt 0 sequence 6072 is stale
[2026-09-30T16:58:37Z WARN sail_execution::driver::actor::handler] job 1733 stage 0 partition 0 attempt 0 sequence 8982 is stale
[2026-09-30T16:58:38Z WARN sail_execution::driver::actor::handler] job 1790 stage 1 partition 3 attempt 0 sequence 9283 is stale
[2026-09-30T16:58:39Z WARN sail_execution::driver::actor::handler] job 1799 stage 1 partition 1 attempt 0 sequence 9350 is stale
[2026-09-30T16:58:39Z WARN sail_execution::driver::actor::handler] job 1806 stage 1 partition 3 attempt 0 sequence 9382 is stale
[2026-09-30T16:58:39Z WARN sail_execution::driver::actor::handler] job 1820 stage 1 partition 3 attempt 0 sequence 9487 is stale
[2026-09-30T16:58:40Z WARN sail_execution::driver::actor::handler] job 1831 stage 1 partition 1 attempt 0 sequence 9528 is stale
[2026-09-30T16:58:41Z WARN sail_execution::driver::actor::handler] job 1854 stage 1 partition 0 attempt 0 sequence 6686 is stale
[2026-09-30T16:58:41Z WARN sail_execution::driver::actor::handler] job 1866 stage 1 partition 0 attempt 0 sequence 9778 is stale
[2026-09-30T16:58:41Z WARN sail_execution::driver::actor::handler] job 1877 stage 1 partition 1 attempt 0 sequence 9834 is stale
[2026-09-30T16:58:41Z WARN sail_execution::driver::actor::handler] job 1877 stage 1 partition 3 attempt 0 sequence 9833 is stale
[2026-09-30T16:58:42Z WARN sail_execution::driver::actor::handler] job 1881 stage 1 partition 0 attempt 0 sequence 9877 is stale
[2026-09-30T16:58:42Z WARN sail_execution::driver::actor::handler] job 1908 stage 1 partition 1 attempt 0 sequence 10041 is stale
[2026-09-30T16:58:42Z WARN sail_execution::driver::actor::handler] job 1908 stage 1 partition 3 attempt 0 sequence 10044 is stale
[2026-09-30T16:58:42Z WARN sail_execution::driver::actor::handler] job 1908 stage 3 partition 2 attempt 0 sequence 10042 is stale
[2026-09-30T16:58:43Z WARN sail_execution::driver::actor::handler] job 1924 stage 1 partition 3 attempt 0 sequence 10168 is stale
[2026-09-30T16:58:43Z WARN sail_execution::driver::actor::handler] job 1924 stage 1 partition 1 attempt 0 sequence 10165 is stale
[2026-09-30T16:58:43Z WARN sail_execution::driver::actor::handler] job 1928 stage 1 partition 1 attempt 0 sequence 10195 is stale
[2026-09-30T16:58:43Z WARN sail_execution::driver::actor::handler] job 1928 stage 1 partition 3 attempt 0 sequence 10197 is stale
[2026-09-30T16:58:43Z WARN sail_execution::driver::actor::handler] job 1929 stage 1 partition 3 attempt 0 sequence 10210 is stale
[2026-09-30T16:58:44Z WARN sail_execution::driver::actor::handler] job 1937 stage 1 partition 1 attempt 0 sequence 10286 is stale
[2026-09-30T16:58:45Z WARN sail_execution::driver::actor::handler] job 1978 stage 1 partition 1 attempt 0 sequence 10537 is stale
[2026-09-30T16:58:45Z WARN sail_execution::driver::actor::handler] job 1978 stage 1 partition 3 attempt 0 sequence 10535 is stale
[2026-09-30T16:58:45Z WARN sail_execution::driver::actor::handler] job 1987 stage 1 partition 3 attempt 0 sequence 10592 is stale
[2026-09-30T16:58:46Z WARN sail_execution::driver::actor::handler] job 1990 stage 1 partition 3 attempt 0 sequence 10610 is stale
[2026-09-30T16:58:47Z WARN sail_execution::driver::actor::handler] job 2013 stage 1 partition 1 attempt 0 sequence 10812 is stale
[2026-09-30T16:58:47Z WARN sail_execution::driver::actor::handler] job 2016 stage 1 partition 3 attempt 0 sequence 10855 is stale
[2026-09-30T16:58:47Z WARN sail_execution::driver::actor::handler] job 2016 stage 6 partition 6 attempt 0 sequence 10847 is stale
[2026-09-30T16:58:47Z WARN sail_execution::driver::actor::handler] job 2024 stage 1 partition 1 attempt 0 sequence 10921 is stale
[2026-09-30T16:58:48Z WARN sail_execution::driver::actor::handler] job 2045 stage 1 partition 3 attempt 0 sequence 10994 is stale
[2026-09-30T16:58:48Z WARN sail_execution::driver::actor::handler] job 2045 stage 1 partition 1 attempt 0 sequence 10993 is stale
[2026-09-30T16:58:50Z WARN sail_execution::driver::actor::handler] job 2085 stage 1 partition 1 attempt 0 sequence 11331 is stale
[2026-09-30T16:58:50Z WARN sail_execution::driver::actor::handler] job 2090 stage 3 partition 0 attempt 0 sequence 7852 is stale
[2026-09-30T16:58:51Z WARN sail_execution::driver::actor::handler] job 2113 stage 1 partition 1 attempt 0 sequence 11466 is stale
[2026-09-30T16:58:51Z WARN sail_execution::driver::actor::handler] job 2116 stage 0 partition 0 attempt 0 sequence 11492 is stale
[2026-09-30T16:58:52Z WARN sail_execution::driver::actor::handler] job 2144 stage 1 partition 3 attempt 0 sequence 11719 is stale
[2026-09-30T16:58:52Z WARN sail_execution::driver::actor::handler] job 2154 stage 7 partition 0 attempt 0 sequence 11808 is stale
[2026-09-30T16:58:55Z WARN sail_execution::driver::actor::handler] job 2244 stage 1 partition 3 attempt 0 sequence 12222 is stale
[2026-09-30T16:58:55Z WARN sail_execution::driver::actor::handler] job 2245 stage 1 partition 1 attempt 0 sequence 12232 is stale
[2026-09-30T16:58:57Z WARN sail_execution::driver::actor::handler] job 2278 stage 0 partition 0 attempt 0 sequence 12441 is stale
[2026-09-30T16:58:58Z WARN sail_execution::driver::actor::handler] job 2312 stage 1 partition 3 attempt 0 sequence 12654 is stale
[2026-09-30T16:58:59Z WARN sail_execution::driver::actor::handler] job 2343 stage 0 partition 0 attempt 0 sequence 12872 is stale
[2026-09-30T16:58:59Z WARN sail_execution::driver::actor::handler] job 2351 stage 0 partition 0 attempt 0 sequence 12921 is stale
[2026-09-30T16:59:00Z WARN sail_execution::driver::actor::handler] job 2364 stage 0 partition 0 attempt 0 sequence 12984 is stale
[2026-09-30T16:59:00Z WARN sail_execution::driver::actor::handler] job 2367 stage 0 partition 0 attempt 0 sequence 12996 is stale
[2026-09-30T16:59:01Z WARN sail_execution::driver::actor::handler] job 2395 stage 0 partition 0 attempt 0 sequence 13175 is stale
[2026-09-30T16:59:01Z WARN sail_execution::driver::actor::handler] job 2402 stage 0 partition 0 attempt 0 sequence 13229 is stale
[2026-09-30T16:59:02Z WARN sail_execution::driver::actor::handler] job 2415 stage 1 partition 1 attempt 0 sequence 13329 is stale
[2026-09-30T16:59:03Z WARN sail_execution::driver::actor::handler] job 2444 stage 1 partition 3 attempt 0 sequence 13539 is stale
[2026-09-30T16:59:05Z WARN sail_execution::driver::actor::handler] job 2492 stage 1 partition 1 attempt 0 sequence 13775 is stale
[2026-09-30T16:59:05Z WARN sail_execution::driver::actor::handler] job 2505 stage 0 partition 0 attempt 0 sequence 13861 is stale
[2026-09-30T16:59:06Z WARN sail_execution::driver::actor::handler] job 2512 stage 1 partition 1 attempt 0 sequence 13905 is stale
[2026-09-30T16:59:06Z WARN sail_execution::driver::actor::handler] job 2512 stage 1 partition 3 attempt 0 sequence 13902 is stale
[2026-09-30T16:59:07Z WARN sail_execution::driver::actor::handler] job 2543 stage 1 partition 3 attempt 0 sequence 14021 is stale
[2026-09-30T16:59:07Z WARN sail_execution::driver::actor::handler] job 2545 stage 0 partition 0 attempt 0 sequence 14042 is stale
[2026-09-30T16:59:07Z WARN sail_execution::driver::actor::handler] job 2550 stage 1 partition 3 attempt 0 sequence 14084 is stale
[2026-09-30T16:59:07Z WARN sail_execution::driver::actor::handler] job 2564 stage 1 partition 3 attempt 0 sequence 14189 is stale
[2026-09-30T16:59:09Z WARN sail_execution::driver::actor::handler] job 2596 stage 0 partition 0 attempt 0 sequence 14362 is stale
[2026-09-30T16:59:09Z WARN sail_execution::driver::actor::handler] job 2596 stage 1 partition 3 attempt 0 sequence 14360 is stale
[2026-09-30T16:59:10Z WARN sail_execution::driver::actor::handler] job 2634 stage 1 partition 3 attempt 0 sequence 14608 is stale
[2026-09-30T16:59:11Z WARN sail_execution::driver::actor::handler] job 2680 stage 1 partition 1 attempt 0 sequence 14838 is stale
[2026-09-30T16:59:13Z WARN sail_execution::driver::actor::handler] job 2711 stage 1 partition 1 attempt 0 sequence 15020 is stale
[2026-09-30T16:59:13Z WARN sail_execution::driver::actor::handler] job 2734 stage 0 partition 0 attempt 0 sequence 15094 is stale
[2026-09-30T16:59:14Z WARN sail_execution::driver::actor::handler] job 2751 stage 4 partition 3 attempt 0 sequence 10457 is stale
[2026-09-30T16:59:14Z WARN sail_execution::driver::actor::handler] job 2751 stage 3 partition 0 attempt 0 sequence 10456 is stale
[2026-09-30T16:59:15Z WARN sail_execution::driver::actor::handler] job 2764 stage 1 partition 3 attempt 0 sequence 15345 is stale
[2026-09-30T16:59:15Z WARN sail_execution::driver::actor::handler] job 2772 stage 1 partition 1 attempt 0 sequence 15416 is stale
[2026-09-30T16:59:16Z WARN sail_execution::driver::actor::handler] job 2803 stage 1 partition 3 attempt 0 sequence 15573 is stale
[2026-09-30T16:59:17Z WARN sail_execution::driver::actor::handler] job 2832 stage 1 partition 3 attempt 0 sequence 15741 is stale
[2026-09-30T16:59:17Z WARN sail_execution::driver::actor::handler] job 2832 stage 1 partition 1 attempt 0 sequence 15739 is stale
[2026-09-30T16:59:17Z WARN sail_execution::driver::actor::handler] job 2836 stage 1 partition 1 attempt 0 sequence 15768 is stale
[2026-09-30T16:59:17Z WARN sail_execution::driver::actor::handler] job 2836 stage 3 partition 3 attempt 0 sequence 10823 is stale
[2026-09-30T16:59:18Z WARN sail_execution::driver::actor::handler] job 2857 stage 0 partition 0 attempt 0 sequence 15862 is stale
[2026-09-30T16:59:19Z WARN sail_execution::driver::actor::handler] job 2890 stage 1 partition 1 attempt 0 sequence 16056 is stale
[2026-09-30T16:59:20Z WARN sail_execution::driver::actor::handler] job 2908 stage 0 partition 0 attempt 0 sequence 16136 is stale
[2026-09-30T16:59:20Z WARN sail_execution::driver::actor::handler] job 2913 stage 1 partition 1 attempt 0 sequence 16172 is stale
[2026-09-30T16:59:20Z WARN sail_execution::driver::actor::handler] job 2913 stage 1 partition 3 attempt 0 sequence 16171 is stale
[2026-09-30T16:59:21Z WARN sail_execution::driver::actor::handler] job 2941 stage 1 partition 3 attempt 0 sequence 16329 is stale
[2026-09-30T16:59:23Z WARN sail_execution::driver::actor::handler] job 2999 stage 0 partition 0 attempt 0 sequence 16618 is stale
[2026-09-30T16:59:24Z WARN sail_execution::driver::actor::handler] job 3038 stage 0 partition 0 attempt 0 sequence 16796 is stale
[2026-09-30T16:59:25Z WARN sail_execution::driver::actor::handler] job 3053 stage 0 partition 0 attempt 0 sequence 16908 is stale
[2026-09-30T16:59:25Z WARN sail_execution::driver::actor::handler] job 3053 stage 1 partition 1 attempt 0 sequence 16912 is stale
[2026-09-30T16:59:27Z WARN sail_execution::driver::actor::handler] job 3112 stage 0 partition 0 attempt 0 sequence 17208 is stale
[2026-09-30T16:59:28Z WARN sail_execution::driver::actor::handler] job 3148 stage 1 partition 3 attempt 0 sequence 17443 is stale
[2026-09-30T16:59:29Z WARN sail_execution::driver::actor::handler] job 3160 stage 1 partition 1 attempt 0 sequence 17509 is stale
[2026-09-30T16:59:29Z WARN sail_execution::driver::actor::handler] job 3163 stage 0 partition 0 attempt 0 sequence 17520 is stale
[2026-09-30T16:59:29Z WARN sail_execution::driver::actor::handler] job 3163 stage 1 partition 0 attempt 0 sequence 12006 is stale
[2026-09-30T16:59:30Z WARN sail_execution::driver::actor::handler] job 3196 stage 0 partition 0 attempt 0 sequence 17722 is stale
[2026-09-30T16:59:30Z WARN sail_execution::driver::actor::handler] job 3196 stage 1 partition 3 attempt 0 sequence 17723 is stale
[2026-09-30T16:59:35Z WARN sail_execution::driver::actor::handler] job 3342 stage 1 partition 3 attempt 0 sequence 18453 is stale
[2026-09-30T16:59:41Z WARN sail_execution::driver::actor::handler] job 3494 stage 0 partition 0 attempt 0 sequence 19160 is stale
[2026-09-30T16:59:44Z WARN sail_execution::driver::actor::handler] job 3578 stage 1 partition 0 attempt 0 sequence 19552 is stale
[2026-09-30T16:59:44Z WARN sail_execution::driver::actor::handler] job 3593 stage 1 partition 1 attempt 0 sequence 19595 is stale
[2026-09-30T16:59:46Z WARN sail_execution::driver::actor::handler] job 3643 stage 1 partition 3 attempt 0 sequence 19843 is stale
[2026-09-30T16:59:47Z WARN sail_execution::driver::actor::handler] job 3687 stage 1 partition 1 attempt 0 sequence 20056 is stale
[2026-09-30T16:59:48Z WARN sail_execution::driver::actor::handler] job 3698 stage 2 partition 1 attempt 0 sequence 20134 is stale
[2026-09-30T16:59:48Z WARN sail_execution::driver::actor::handler] job 3698 stage 2 partition 3 attempt 0 sequence 20133 is stale
[2026-09-30T16:59:48Z WARN sail_execution::driver::actor::handler] job 3702 stage 0 partition 0 attempt 0 sequence 20170 is stale
[2026-09-30T16:59:55Z WARN sail_execution::driver::actor::handler] job 3900 stage 0 partition 0 attempt 0 sequence 21110 is stale
[2026-09-30T17:00:07Z WARN sail_execution::driver::actor::handler] job 4192 stage 1 partition 3 attempt 0 sequence 22566 is stale
[2026-09-30T17:00:12Z WARN sail_execution::driver::actor::handler] job 4314 stage 1 partition 1 attempt 0 sequence 23142 is stale
[2026-09-30T17:00:12Z WARN sail_execution::driver::actor::handler] job 4318 stage 1 partition 0 attempt 0 sequence 23153 is stale
[2026-09-30T17:00:12Z WARN sail_execution::driver::actor::handler] job 4318 stage 0 partition 0 attempt 0 sequence 23152 is stale
[2026-09-30T17:00:13Z WARN sail_execution::driver::actor::handler] job 4346 stage 3 partition 2 attempt 0 sequence 15770 is stale
[2026-09-30T17:00:13Z WARN sail_execution::driver::actor::handler] job 4347 stage 0 partition 0 attempt 0 sequence 23268 is stale
[2026-09-30T17:00:13Z WARN sail_execution::driver::actor::handler] job 4368 stage 0 partition 0 attempt 0 sequence 23332 is stale
[2026-09-30T17:00:14Z WARN sail_execution::driver::actor::handler] job 4407 stage 1 partition 3 attempt 0 sequence 23505 is stale
[2026-09-30T17:00:15Z WARN sail_execution::driver::actor::handler] job 4423 stage 0 partition 0 attempt 0 sequence 23548 is stale
[2026-09-30T17:00:15Z WARN sail_execution::driver::actor::handler] job 4428 stage 0 partition 0 attempt 0 sequence 23591 is stale
[2026-09-30T17:00:16Z WARN sail_execution::driver::actor::handler] job 4451 stage 1 partition 1 attempt 0 sequence 23683 is stale
[2026-09-30T17:00:16Z WARN sail_execution::driver::actor::handler] job 4453 stage 0 partition 0 attempt 0 sequence 23702 is stale
[2026-09-30T17:00:16Z WARN sail_execution::driver::actor::handler] job 4471 stage 0 partition 0 attempt 0 sequence 23760 is stale
[2026-09-30T17:00:16Z WARN sail_execution::driver::actor::handler] job 4476 stage 1 partition 1 attempt 0 sequence 23798 is stale
[2026-09-30T17:00:17Z WARN sail_execution::driver::actor::handler] job 4503 stage 1 partition 3 attempt 0 sequence 23931 is stale
[2026-09-30T17:00:20Z INFO sail_session::session_manager::actor::handler] removing session e1ad1da5-a224-4dec-b8a1-21769e47fd34
[2026-09-30T17:00:20Z INFO sail_execution::driver::worker_pool::core] stopping worker 1
[2026-09-30T17:00:20Z INFO sail_execution::driver::worker_pool::core] stopping worker 2
[2026-09-30T17:00:20Z WARN sail_common::actor] aborting 846 task(s) for TaskRunnerActor
[2026-09-30T17:00:20Z WARN sail_common::actor] aborting 1114 task(s) for TaskRunnerActor
[2026-09-30T17:00:20Z INFO sail_execution::worker::actor::core] worker 2 server has stopped
[2026-09-30T17:00:20Z WARN sail_common::actor] aborting 1 task(s) for WorkerActor
[2026-09-30T17:00:20Z INFO sail_execution::worker::actor::core] worker 1 server has stopped
[2026-09-30T17:00:20Z WARN sail_common::actor] aborting 1 task(s) for WorkerActor
[2026-09-30T17:00:20Z INFO sail_execution::driver::actor::core] driver 2 has stopped
[2026-09-30T17:00:20Z WARN sail_common::actor] aborting 29205 task(s) for DriverActor
[2026-09-30T17:00:20Z INFO sail_cli::spark::server] Shutting down the Spark Connect server...
[2026-09-30T17:00:20Z INFO sail_session::session_manager::actor::core] driver server has stopped
[2026-09-30T17:00:20Z WARN sail_common::actor] aborting 19376 task(s) for SessionManagerActor
[2026-09-30T17:00:21Z INFO sail_cli::spark::server] The Spark Connect server has stopped.
