Using Python 3.12.14 environment at: sail-stream-2894a962076d/venv
Resolved 21 packages in 2.27s
Downloading pandas (10.3MiB)
Downloading pyarrow (40.8MiB)
Downloading shapely (3.0MiB)
Downloading pygments (1.2MiB)
Downloading grpcio (6.8MiB)
Downloading numpy (15.9MiB)
Downloading maturin (8.2MiB)
 Downloaded pygments
 Downloaded shapely
 Downloaded grpcio
 Downloaded maturin
 Downloaded numpy
 Downloaded pandas
 Downloaded pyarrow
   Building pyspark==4.0.1
      Built pyspark==4.0.1
Prepared 21 packages in 2m 42s
Installed 21 packages in 25.96s
 + apache-sedona==1.8.0
 + attrs==26.1.0
 + googleapis-common-protos==1.75.4
 + grpcio==1.84.0
 + grpcio-status==1.84.0
 + iniconfig==2.3.0
 + maturin==1.9.6
 + numpy==2.5.3
 + packaging==26.3
 + pandas==3.0.6
 + pluggy==1.6.0
 + protobuf==7.36.2
 + py4j==0.10.9.9
 + pyarrow==21.0.0
 + pygments==2.21.0
 + pyspark==4.0.1
 + pytest==8.4.2
 + python-dateutil==2.9.0.post0
 + shapely==2.1.2
 + six==1.17.0
 + typing-extensions==4.16.0
