    Updating crates.io index
 Downloading crates ...
  Downloaded aead v0.5.2
  Downloaded aes-gcm v0.10.3
  Downloaded anstream v1.0.0
  Downloaded anstyle v1.0.14
  Downloaded anstyle-parse v1.0.0
  Downloaded anstyle-query v1.1.5
  Downloaded ariadne v0.5.1
  Downloaded arrayref v0.3.9
  Downloaded arrayvec v0.7.8
  Downloaded arrow-pyarrow v59.3.0
  Downloaded async-broadcast v0.7.2
  Downloaded async-compression v0.4.43
  Downloaded async-stream v0.3.6
  Downloaded async-stream-impl v0.3.6
  Downloaded atomic-waker v1.1.2
  Downloaded aws-credential-types v1.3.0
  Downloaded aws-sdk-sso v1.109.0
  Downloaded aws-smithy-http v0.64.0
  Downloaded aes v0.8.4
  Downloaded apache-avro v0.21.0
  Downloaded arc-swap v1.9.2
  Downloaded arrow-avro v59.3.0
  Downloaded arrow-flight v59.3.0
  Downloaded aws-config v1.12.0
  Downloaded aws-lc-rs v1.18.1
  Downloaded aws-runtime v1.9.2
  Downloaded aws-sdk-ssooidc v1.111.0
  Downloaded aws-sdk-sts v1.114.0
  Downloaded aws-sigv4 v1.5.1
  Downloaded aws-smithy-http-client v1.4.0
  Downloaded aws-smithy-observability v0.3.0
  Downloaded aws-smithy-runtime v1.14.0
  Downloaded aws-smithy-runtime-api v1.17.0
  Downloaded aws-smithy-schema v0.2.0
  Downloaded aws-smithy-types v1.8.0
  Downloaded aws-smithy-xml v0.62.0
  Downloaded base64-simd v0.8.0
  Downloaded beef v0.5.2
  Downloaded blake2 v0.10.6
  Downloaded blanket v0.4.0
  Downloaded block-buffer v0.12.1
  Downloaded bon v3.9.3
  Downloaded borsh v1.8.0
  Downloaded async-lock v3.4.2
  Downloaded async-recursion v1.1.1
  Downloaded aws-smithy-json v0.63.0
  Downloaded aws-smithy-query v0.62.0
  Downloaded axum v0.8.9
  Downloaded bon-macros v3.9.3
  Downloaded bytemuck_derive v1.11.0
  Downloaded cpufeatures v0.3.0
  Downloaded enum-ordinalize v4.4.2
  Downloaded enum-ordinalize-derive v4.4.2
  Downloaded enum_dispatch v0.3.13
  Downloaded env_filter v2.0.0
  Downloaded event-listener v5.4.2
  Downloaded event-listener-strategy v0.5.4
  Downloaded fastrace-futures v0.7.19
  Downloaded fastrace-macro v0.7.19
  Downloaded find-msvc-tools v0.1.9
  Downloaded fnv v1.0.7
  Downloaded funty v2.0.0
  Downloaded g2gen v1.2.2
  Downloaded g2p v1.2.2
  Downloaded g2poly v1.2.2
  Downloaded genawaiter v0.99.1
  Downloaded genawaiter-macro v0.99.1
  Downloaded genawaiter-proc-macro v0.99.1
  Downloaded generic-array v0.14.7
  Downloaded home v0.5.12
  Downloaded http-body v1.1.0
  Downloaded icu_calendar_data v1.5.1
  Downloaded icu_casemap_data v1.5.1
  Downloaded colorchoice v1.0.5
  Downloaded env_logger v0.11.11
  Downloaded fastant v0.1.11
  Downloaded fastrace v0.7.19
  Downloaded fastrace-opentelemetry v0.18.1
  Downloaded fixed_decimal v0.5.6
  Downloaded flume v0.12.0
  Downloaded fragile v2.1.0
  Downloaded fs_extra v1.3.0
  Downloaded ghash v0.5.1
  Downloaded hashlink v0.10.0
  Downloaded hdfs-native-object-store v0.16.0
  Downloaded hf-hub v0.5.0
  Downloaded hmac v0.12.1
  Downloaded hmac v0.13.0
  Downloaded html-escape v0.2.15
  Downloaded http-body-util v0.1.4
  Downloaded httpdate v1.0.3
  Downloaded hybrid-array v0.4.14
  Downloaded hyper-rustls v0.27.9
  Downloaded hyper-timeout v0.5.2
  Downloaded icu v1.5.0
  Downloaded icu_casemap v1.5.1
  Downloaded icu_decimal v1.5.0
  Downloaded icu_decimal_data v1.5.1
  Downloaded aws-types v1.6.0
  Downloaded bitflags v1.3.2
  Downloaded cipher v0.4.4
  Downloaded const-hex v1.19.1
  Downloaded core_maths v0.1.1
  Downloaded figment v0.10.19
  Downloaded fjall v3.1.10
  Downloaded h2 v0.4.15
  Downloaded hashbrown v0.12.3
  Downloaded hashbrown v0.16.1
  Downloaded hdfs-native v0.13.5
  Downloaded http v0.2.12
  Downloaded httparse v1.10.1
  Downloaded hyper-util v0.1.20
  Downloaded ibig v0.3.6
  Downloaded icu_calendar v1.5.2
  Downloaded icu_collections v1.5.0
  Downloaded icu_collections v2.2.0
  Downloaded icu_list_data v1.5.1
  Downloaded icu_locale_core v2.2.0
  Downloaded icu_locid_transform v1.5.0
  Downloaded bitvec v1.1.1
  Downloaded boxcar v0.2.14
  Downloaded git2 v0.20.4
  Downloaded http-body v0.4.6
  Downloaded hyper v1.11.0
  Downloaded icu_datetime v1.5.1
  Downloaded icu_list v1.5.0
  Downloaded icu_locid v1.5.0
  Downloaded icu_locid_transform_data v1.5.1
  Downloaded icu_normalizer v1.5.0
  Downloaded icu_normalizer v2.2.0
  Downloaded icu_normalizer_data v1.5.1
  Downloaded icu_normalizer_data v2.2.0
  Downloaded icu_pattern v0.2.0
  Downloaded icu_plurals v1.5.0
  Downloaded icu_plurals_data v1.5.1
  Downloaded icu_provider_adapters v1.5.0
  Downloaded icu_provider_macros v1.5.0
  Downloaded icu_timezone v1.5.0
  Downloaded icu_timezone_data v1.5.1
  Downloaded ident_case v1.0.1
  Downloaded indexmap v1.9.3
  Downloaded indextree v4.8.1
  Downloaded indextree-macros v0.1.3
  Downloaded block-padding v0.3.3
  Downloaded byteorder-lite v0.1.0
  Downloaded byteview v0.10.2
  Downloaded calendrical_calculations v0.1.3
  Downloaded cfg-if v1.0.4
  Downloaded chumsky v1.0.0-alpha.8
  Downloaded clap_builder v4.6.7
  Downloaded clap_lex v1.1.0
  Downloaded compare v0.0.6
  Downloaded compression-core v0.4.32
  Downloaded console v0.16.4
  Downloaded faststr v0.2.34
  Downloaded hdrhistogram v7.6.0
  Downloaded icu_experimental v0.1.0
  Downloaded icu_properties v1.5.1
  Downloaded icu_properties v2.2.0
  Downloaded icu_properties_data v1.5.1
  Downloaded icu_properties_data v2.2.0
  Downloaded icu_provider v1.5.0
  Downloaded icu_provider v2.2.0
  Downloaded is-terminal v0.4.17
  Downloaded is_terminal_polyfill v1.70.2
  Downloaded jsonpath-rust v1.0.8
  Downloaded aws-sdk-glue v1.164.0
  Downloaded aws-smithy-async v1.3.0
  Downloaded aws-smithy-runtime-api-macros v1.1.0
  Downloaded axum-core v0.5.6
  Downloaded block-buffer v0.10.4
  Downloaded cobs v0.3.0
  Downloaded compression-codecs v0.4.38
  Downloaded cpufeatures v0.2.17
  Downloaded icu_collator_data v1.5.1
  Downloaded iri-string v0.7.14
  Downloaded jiff-core v0.1.0
  Downloaded jiter v0.15.0
  Downloaded json v0.12.4
  Downloaded kube v3.1.0
  Downloaded lazy_static v1.5.0
  Downloaded lexical v7.0.5
  Downloaded libbz2-rs-sys v0.2.5
  Downloaded libloading v0.8.9
  Downloaded liblzma v0.4.7
  Downloaded linked-hash-map v0.5.6
  Downloaded pilota-thrift-parser v0.13.7
  Downloaded pin-utils v0.1.0
  Downloaded pkg-config v0.3.33
  Downloaded pollster v0.4.0
  Downloaded polyval v0.6.2
  Downloaded postcard v1.1.3
  Downloaded potential_utf v0.1.5
  Downloaded powerfmt v0.2.0
  Downloaded predicates v3.1.4
  Downloaded predicates-core v1.0.10
  Downloaded proc-macro-error-attr v0.4.12
  Downloaded proc-macro-hack v0.5.20+deprecated
  Downloaded proc-macro2-diagnostics v0.10.1
  Downloaded base64 v0.22.1
  Downloaded blake3 v1.8.6
  Downloaded borsh-derive v1.8.0
  Downloaded bs58 v0.5.1
  Downloaded bytemuck v1.25.2
  Downloaded byteorder v1.5.0
  Downloaded bytes-utils v0.1.4
  Downloaded bzip2 v0.6.1
  Downloaded cbc v0.1.2
  Downloaded cfg_aliases v0.2.2
  Downloaded chacha20 v0.10.1
  Downloaded chumsky v0.10.1
  Downloaded clap_derive v4.6.7
  Downloaded cmake v0.1.58
  Downloaded cmov v0.5.4
  Downloaded concolor v0.1.1
  Downloaded const-oid v0.10.2
  Downloaded crc v3.4.0
  Downloaded crc-catalog v2.5.0
  Downloaded crc32fast v1.5.2
  Downloaded crossbeam-deque v0.8.7
  Downloaded crossbeam-epoch v0.9.20
  Downloaded crossbeam-queue v0.3.13
  Downloaded crossbeam-skiplist v0.1.3
  Downloaded crossbeam-utils v0.8.22
  Downloaded crypto-common v0.2.2
  Downloaded ctr v0.9.2
  Downloaded ctutils v0.4.2
  Downloaded darling v0.23.0
  Downloaded darling v0.24.1
  Downloaded darling_core v0.23.0
  Downloaded kube-client v3.1.0
  Downloaded kube-core v3.1.0
  Downloaded pilota-thrift-reflect v0.2.0
  Downloaded predicates-tree v1.0.13
  Downloaded prettyplease v0.2.37
  Downloaded proc-macro-error v0.4.12
  Downloaded prost-build v0.14.4
  Downloaded prost-types v0.14.4
  Downloaded protobuf-parse v3.7.2
  Downloaded static_assertions v1.1.0
  Downloaded strsim v0.11.1
  Downloaded strum v0.27.2
  Downloaded strum_macros v0.27.2
  Downloaded strum_macros v0.28.0
  Downloaded subtle v2.6.1
  Downloaded syn-mid v0.5.4
  Downloaded sync_wrapper v1.0.2
  Downloaded tagptr v0.2.0
  Downloaded tap v1.0.1
  Downloaded termtree v0.5.1
  Downloaded cc v1.4.0
  Downloaded chumsky v0.12.0
  Downloaded clap v4.6.7
  Downloaded concolor-query v0.3.3
  Downloaded constant_time_eq v0.4.2
  Downloaded crossbeam-channel v0.5.16
  Downloaded crossterm v0.29.0
  Downloaded crypto-common v0.1.7
  Downloaded darling_core v0.24.1
  Downloaded darling_macro v0.23.0
  Downloaded darling_macro v0.24.1
  Downloaded datafusion-datasource-avro v55.1.0
  Downloaded defmt v1.1.1
  Downloaded defmt-macros v1.1.1
  Downloaded defmt-parser v1.0.0
  Downloaded deranged v0.5.8
  Downloaded des v0.8.1
  Downloaded digest v0.10.7
  Downloaded digest v0.11.3
  Downloaded dirs v6.0.0
  Downloaded dirs-sys v0.5.0
  Downloaded dns-lookup v3.0.1
  Downloaded document-features v0.2.12
  Downloaded downcast v0.11.0
  Downloaded dunce v1.0.5
  Downloaded dyn-clone v1.0.20
  Downloaded educe v0.6.0
  Downloaded embedded-io v0.4.0
  Downloaded embedded-io v0.6.1
  Downloaded portable-atomic v1.14.0
  Downloaded synstructure v0.13.2
  Downloaded thin-vec v0.2.19
  Downloaded thiserror v1.0.69
  Downloaded datafusion-spark v55.1.0
  Downloaded datasketches v0.4.0
  Downloaded derive_more v2.1.1
  Downloaded derive_more-impl v2.1.1
  Downloaded indicatif v0.18.6
  Downloaded inlinable_string v0.1.15
  Downloaded inout v0.1.4
  Downloaded integer-encoding v4.1.0
  Downloaded interval-heap v0.0.5
  Downloaded intrusive-collections v0.9.7
  Downloaded ipnet v2.12.1
  Downloaded litemap v0.8.2
  Downloaded litrs v1.0.0
  Downloaded logos-codegen v0.15.1
  Downloaded logos-derive v0.15.1
  Downloaded lru-slab v0.1.2
  Downloaded lz4_flex v0.13.1
  Downloaded marrow v0.2.7
  Downloaded matchers v0.2.0
  Downloaded matchit v0.8.4
  Downloaded md-5 v0.10.6
  Downloaded md-5 v0.11.0
  Downloaded memoffset v0.9.1
  Downloaded mimalloc v0.1.52
  Downloaded mime v0.3.17
  Downloaded mime_guess v2.0.5
  Downloaded mockall v0.14.0
  Downloaded phf_generator v0.12.1
  Downloaded phf_generator v0.13.1
  Downloaded phf_shared v0.13.1
  Downloaded proptest v1.11.0
  Downloaded sonic-number v0.1.2
  Downloaded sonic-simd v0.1.4
  Downloaded spin v0.9.9
  Downloaded encoding_rs v0.8.35
  Downloaded icu_segmenter v1.5.0
  Downloaded linkedbytes v0.1.16
  Downloaded miniz_oxide v0.8.9
  Downloaded miniz_oxide v0.9.1
  Downloaded mio v1.2.2
  Downloaded pem v3.0.6
  Downloaded pest_derive v2.8.8
  Downloaded pest_generator v2.8.8
  Downloaded pest_meta v2.8.8
  Downloaded phf v0.13.1
  Downloaded phf_macros v0.12.1
  Downloaded phf_macros v0.13.1
  Downloaded pilota v0.13.1
  Downloaded pilota-build v0.13.10
  Downloaded protobuf v3.7.2
  Downloaded protobuf-support v3.7.2
  Downloaded socket2 v0.6.5
  Downloaded sonic-rs v0.5.8
  Downloaded syn v1.0.109
  Downloaded thread_local v1.1.10
  Downloaded tonic-health v0.14.6
  Downloaded tonic-prost v0.14.6
  Downloaded lsm-tree v3.1.10
  Downloaded pest v2.8.8
  Downloaded ptr_meta v0.3.2
  Downloaded ptr_meta_derive v0.3.2
  Downloaded smallvec v1.16.1
  Downloaded syn v3.0.3
  Downloaded thiserror v2.0.20
  Downloaded thiserror-impl v1.0.69
  Downloaded thiserror-impl v2.0.20
  Downloaded time-core v0.1.9
  Downloaded time-macros v0.2.32
  Downloaded tinystr v0.7.6
  Downloaded tinystr v0.8.3
  Downloaded tinyvec v1.12.0
  Downloaded tinyvec_macros v0.1.1
  Downloaded tokio-rustls v0.26.4
  Downloaded toml v0.8.23
  Downloaded toml v0.9.12+spec-1.1.0
  Downloaded toml_datetime v0.6.11
  Downloaded toml_datetime v0.7.5+spec-1.1.0
  Downloaded toml_edit v0.25.13+spec-1.1.0
  Downloaded toml_write v0.1.2
  Downloaded toml_writer v1.1.2+spec-1.1.0
  Downloaded tonic-build v0.14.6
  Downloaded aws-lc-sys v0.45.0
  Downloaded libmimalloc-sys v0.1.49
  Downloaded litemap v0.7.5
  Downloaded opentelemetry-otlp v0.32.0
  Downloaded parking v2.2.1
  Downloaded pathdiff v0.2.3
  Downloaded pbjson v0.9.0
  Downloaded pbjson-build v0.9.0
  Downloaded pear v0.2.9
  Downloaded pear_codegen v0.2.9
  Downloaded pulldown-cmark-to-cmark v22.0.0
  Downloaded pyo3-build-config v0.29.2
  Downloaded pyo3-ffi v0.29.2
  Downloaded sha1 v0.11.0
  Downloaded sha2 v0.11.0
  Downloaded sharded-slab v0.1.7
  Downloaded signal-hook-registry v1.4.8
  Downloaded simd-adler32 v0.3.10
  Downloaded siphasher v1.0.3
  Downloaded small_ctor v0.1.2
  Downloaded toml_edit v0.22.27
  Downloaded tonic v0.14.6
  Downloaded tonic-prost-build v0.14.6
  Downloaded tonic-reflection v0.14.6
  Downloaded adler2 v2.0.1
  Downloaded tonic-types v0.14.6
  Downloaded tower-layer v0.3.3
  Downloaded tower-service v0.3.3
  Downloaded tracing-log v0.2.0
  Downloaded try-lock v0.2.5
  Downloaded icu_collator v1.5.0
  Downloaded jiff v0.2.35
  Downloaded linux-raw-sys v0.4.15
  Downloaded metainfo v0.7.14
  Downloaded mockall_derive v0.14.0
  Downloaded mockall_double v0.3.1
  Downloaded moka v0.12.16
  Downloaded monostate v1.0.3
  Downloaded monostate-impl v1.0.3
  Downloaded motore v0.4.1
  Downloaded motore-macros v0.4.3
  Downloaded multimap v0.10.1
  Downloaded munge v0.4.7
  Downloaded munge_macro v0.4.7
  Downloaded mur3 v0.1.0
  Downloaded murmur3 v0.5.2
  Downloaded next-gen-proc_macros v0.1.1
  Downloaded nu-ansi-term v0.50.3
  Downloaded num v0.4.3
  Downloaded opentelemetry-proto v0.32.0
  Downloaded parquet-variant v59.3.0
  Downloaded parquet-variant-compute v59.3.0
  Downloaded parquet-variant-json v59.3.0
  Downloaded paste v1.0.15
  Downloaded pbjson-types v0.9.0
  Downloaded regex-lite v0.1.9
  Downloaded secrecy v0.10.3
  Downloaded sha1 v0.10.7
  Downloaded tower v0.5.3
  Downloaded tower-http v0.6.11
  Downloaded ucd-trie v0.1.7
  Downloaded unarray v0.1.4
  Downloaded next-gen v0.1.1
  Downloaded nix v0.30.1
  Downloaded normpath v1.5.1
  Downloaded num-conv v0.2.2
  Downloaded num-derive v0.4.2
  Downloaded num-integer v0.1.46
  Downloaded num-iter v0.1.46
  Downloaded num-rational v0.4.2
  Downloaded num_cpus v1.17.0
  Downloaded num_enum v0.7.6
  Downloaded num_enum_derive v0.7.6
  Downloaded opaque-debug v0.3.1
  Downloaded openssl-probe v0.2.1
  Downloaded opentelemetry v0.32.0
  Downloaded opentelemetry-appender-log v0.32.0
  Downloaded opentelemetry-http v0.32.0
  Downloaded opentelemetry_sdk v0.32.1
  Downloaded option-ext v0.2.0
  Downloaded ordered-float v2.10.1
  Downloaded ordered-float v5.5.0
  Downloaded outref v0.5.2
  Downloaded papaya v0.2.4
  Downloaded pulldown-cmark v0.13.4
  Downloaded pyo3-macros v0.29.2
  Downloaded pyo3-macros-backend v0.29.2
  Downloaded quick-xml v0.39.4
  Downloaded quick_cache v0.6.24
  Downloaded quinn v0.11.11
  Downloaded quinn-udp v0.5.15
  Downloaded radium v0.7.0
  Downloaded rancor v0.1.3
  Downloaded rustc-hash v1.1.0
  Downloaded rustc-hash v2.1.3
  Downloaded rustls-native-certs v0.8.4
  Downloaded rustls-pki-types v1.15.1
  Downloaded salsa-macro-rules v0.23.0
  Downloaded salsa-macros v0.23.0
  Downloaded scoped-tls v1.0.1
  Downloaded seize v0.5.1
  Downloaded self_cell v1.3.0
  Downloaded serde-value v0.7.0
  Downloaded time v0.3.55
  Downloaded tracing-subscriber v0.3.23
  Downloaded typenum v1.20.1
  Downloaded quinn-proto v0.11.16
  Downloaded rand v0.8.7
  Downloaded rand v0.10.3
  Downloaded rand_chacha v0.3.1
  Downloaded rand_chacha v0.10.0
  Downloaded rand_core v0.6.4
  Downloaded rand_core v0.10.1
  Downloaded rand_distr v0.6.0
  Downloaded rand_pcg v0.10.2
  Downloaded rand_xorshift v0.4.0
  Downloaded rand_xoshiro v0.6.0
  Downloaded ref-cast v1.0.26
  Downloaded ref-cast-impl v1.0.26
  Downloaded rustls-webpki v0.103.15
  Downloaded schemars v0.9.0
  Downloaded schemars v1.2.2
  Downloaded serde_spanned v0.6.9
  Downloaded serde_spanned v1.1.1
  Downloaded serde_urlencoded v0.7.1
  Downloaded sfa v1.0.0
  Downloaded varint-rs v2.2.1
  Downloaded regex-automata v0.2.0
  Downloaded rust_decimal v1.43.0
  Downloaded serde_with_macros v3.23.0
  Downloaded universal-hash v0.5.1
  Downloaded untrusted v0.9.0
  Downloaded unwind_safe v0.1.0
  Downloaded url_path v0.1.3
  Downloaded urlencoding v2.1.3
  Downloaded utf16_iter v1.0.5
  Downloaded utf8parse v0.2.2
  Downloaded v_jsonescape v0.7.8
  Downloaded regex-automata v0.3.9
  Downloaded regex-syntax v0.7.5
  Downloaded regexml v0.2.2
  Downloaded rend v0.5.4
  Downloaded serde_arrow v0.14.2
  Downloaded volo v0.12.4
  Downloaded volo-build v0.12.3
  Downloaded volo-thrift v0.12.6
  Downloaded xee-schema-type v0.1.4
  Downloaded xhtmlchardet v2.2.0
  Downloaded libz-sys v1.1.29
  Downloaded reqwest v0.12.28
  Downloaded reqwest v0.13.4
  Downloaded rkyv_derive v0.8.18
  Downloaded rtrb v0.3.4
  Downloaded vsimd v0.8.0
  Downloaded want v0.3.1
  Downloaded which v4.4.2
  Downloaded whoami v1.6.1
  Downloaded write16 v1.0.0
  Downloaded writeable v0.5.5
  Downloaded wyz v0.5.1
  Downloaded xee-name v0.1.5
  Downloaded xee-xpath-macros v0.1.4
  Downloaded xee-xpath-type v0.1.4
  Downloaded xxhash-rust v0.8.18
  Downloaded rkyv v0.8.18
  Downloaded roxmltree v0.21.1
  Downloaded writeable v0.6.3
  Downloaded xee-ir v0.1.5
  Downloaded xee-xpath v0.1.5
  Downloaded xee-xpath-compiler v0.1.5
  Downloaded xee-xpath-lexer v0.1.4
  Downloaded xmlparser v0.13.6
  Downloaded roaring v0.11.5
  Downloaded serde_with v3.23.0
  Downloaded xee-xpath-ast v0.1.4
  Downloaded ring v0.17.14
  Downloaded serde_bytes v0.11.19
  Downloaded serde_path_to_error v0.1.20
  Downloaded uncased v0.9.10
  Downloaded unicase v2.9.0
  Downloaded unicode-ident v1.0.24
  Downloaded zstd-safe v7.2.4
  Downloaded unicode-width v0.1.14
  Downloaded unit-prefix v0.5.2
  Downloaded xot v0.31.2
  Downloaded yoke-derive v0.8.2
  Downloaded vcpkg v0.2.15
  Downloaded yansi v1.0.1
  Downloaded zerocopy-derive v0.8.55
  Downloaded zerofrom-derive v0.1.7
  Downloaded zerovec v0.11.6
  Downloaded rustix v0.38.44
  Downloaded xee-interpreter v0.2.0
  Downloaded zerovec-derive v0.10.3
  Downloaded rustls v0.23.45
  Downloaded yoke-derive v0.7.5
  Downloaded winnow v0.7.15
  Downloaded zerovec-derive v0.11.3
  Downloaded rustix v1.1.4
  Downloaded yoke v0.7.5
  Downloaded zerocopy v0.8.55
  Downloaded zeroize v1.9.0
  Downloaded webpki-roots v1.0.9
  Downloaded zerotrie v0.1.3
  Downloaded zerotrie v0.2.4
  Downloaded zerovec v0.10.4
  Downloaded zlib-rs v0.6.7
  Downloaded salsa v0.23.0
  Downloaded icu_experimental_data v0.1.1
  Downloaded liblzma-sys v0.4.7
  Downloaded zstd-sys v2.0.16+zstd.1.5.7
  Downloaded pyo3 v0.29.2
  Downloaded logos v0.15.1
  Downloaded libgit2-sys v0.18.7+1.9.6
  Downloaded k8s-openapi v0.27.1
  Downloaded icu_segmenter_data v1.5.1
  Downloaded icu_datetime_data v1.5.1
   Compiling sail-common-datafusion v0.7.1 (/targets/sail-stream-2894a962076d/source/crates/sail-common-datafusion)
   Compiling sail-common v0.7.1 (/targets/sail-stream-2894a962076d/source/crates/sail-common)
   Compiling sail-native-resource-ffi v0.1.0 (/targets/sail-stream-2894a962076d/source/crates/sail-native-resource-ffi)
   Compiling sail-build-scripts v0.7.1 (/targets/sail-stream-2894a962076d/source/crates/sail-build-scripts)
   Compiling pyo3-ffi v0.29.2
   Compiling sail-sql-parser v0.7.1 (/targets/sail-stream-2894a962076d/source/crates/sail-sql-parser)
   Compiling sail-sql-macro v0.7.1 (/targets/sail-stream-2894a962076d/source/crates/sail-sql-macro)
   Compiling sail-system-store v0.7.1 (/targets/sail-stream-2894a962076d/source/crates/sail-system-store)
   Compiling sail-common-hms v0.7.1 (/targets/sail-stream-2894a962076d/source/crates/sail-common-hms)
   Compiling sail-celeborn v0.7.1 (/targets/sail-stream-2894a962076d/source/crates/sail-celeborn)
   Compiling sail-telemetry v0.7.1 (/targets/sail-stream-2894a962076d/source/crates/sail-telemetry)
   Compiling sail-execution v0.7.1 (/targets/sail-stream-2894a962076d/source/crates/sail-execution)
   Compiling sail-plan v0.7.1 (/targets/sail-stream-2894a962076d/source/crates/sail-plan)
   Compiling sail-session v0.7.1 (/targets/sail-stream-2894a962076d/source/crates/sail-session)
   Compiling sail-spark-connect v0.7.1 (/targets/sail-stream-2894a962076d/source/crates/sail-spark-connect)
   Compiling pyo3 v0.29.2
   Compiling sail-data-source v0.7.1 (/targets/sail-stream-2894a962076d/source/crates/sail-data-source)
   Compiling sail-iceberg v0.7.1 (/targets/sail-stream-2894a962076d/source/crates/sail-iceberg)
   Compiling sail-catalog-iceberg v0.7.1 (/targets/sail-stream-2894a962076d/source/crates/sail-catalog-iceberg)
   Compiling sail-delta-lake v0.7.1 (/targets/sail-stream-2894a962076d/source/crates/sail-delta-lake)
   Compiling sail-catalog-unity v0.7.1 (/targets/sail-stream-2894a962076d/source/crates/sail-catalog-unity)
   Compiling arrow-pyarrow v59.3.0
   Compiling sail-object-store v0.7.1 (/targets/sail-stream-2894a962076d/source/crates/sail-object-store)
   Compiling sail-sql-analyzer v0.7.1 (/targets/sail-stream-2894a962076d/source/crates/sail-sql-analyzer)
   Compiling sail-catalog v0.7.1 (/targets/sail-stream-2894a962076d/source/crates/sail-catalog)
   Compiling sail-cache v0.7.1 (/targets/sail-stream-2894a962076d/source/crates/sail-cache)
   Compiling sail-catalog-system v0.7.1 (/targets/sail-stream-2894a962076d/source/crates/sail-catalog-system)
   Compiling sail-catalog-memory v0.7.1 (/targets/sail-stream-2894a962076d/source/crates/sail-catalog-memory)
   Compiling sail-catalog-glue v0.7.1 (/targets/sail-stream-2894a962076d/source/crates/sail-catalog-glue)
   Compiling sail-python-udf v0.7.1 (/targets/sail-stream-2894a962076d/source/crates/sail-python-udf)
   Compiling sail-function v0.7.1 (/targets/sail-stream-2894a962076d/source/crates/sail-function)
   Compiling sail-catalog-hms v0.7.1 (/targets/sail-stream-2894a962076d/source/crates/sail-catalog-hms)
   Compiling sail-logical-plan v0.7.1 (/targets/sail-stream-2894a962076d/source/crates/sail-logical-plan)
   Compiling sail-physical-plan v0.7.1 (/targets/sail-stream-2894a962076d/source/crates/sail-physical-plan)
   Compiling sail-logical-optimizer v0.7.1 (/targets/sail-stream-2894a962076d/source/crates/sail-logical-optimizer)
   Compiling sail-physical-optimizer v0.7.1 (/targets/sail-stream-2894a962076d/source/crates/sail-physical-optimizer)
   Compiling sail-catalog-onelake v0.7.1 (/targets/sail-stream-2894a962076d/source/crates/sail-catalog-onelake)
   Compiling sail-flight v0.7.1 (/targets/sail-stream-2894a962076d/source/crates/sail-flight)
   Compiling sail-cli v0.7.1 (/targets/sail-stream-2894a962076d/source/crates/sail-cli)
    Finished `release` profile [optimized] target(s) in 56m 46s
