clone 0
bundle-verify 0
fetch 0
detach 0
venv 0
dependencies 0
seed-native-target 0
nutmeg-core-tests 0
nutmeg-core-clippy 0
argentea-core-tests 0
argentea-core-clippy 0
native-adapter-tests 0
native-adapter-clippy 0
wheel 0
install-native 0
pecan-build-tools 0
install-pecan 0
Using Python 3.12.14 environment at: sail-stream-2894a962076d/venv
seed-host-target 0
host-release-build 0
INTEGRATION_BUILD PASSED 2894a962076d3cc404dd72ec736ebeb9239901f6 receipt=/targets/sail-stream-2894a962076d/rebuild-receipt.json
