{
  "started_utc": "2026-09-30T19:08:52.096817+00:00",
  "outcome": "passed",
  "removed_path": "/targets/sail-stream-2894a962076d/target-native",
  "allocated_bytes_before": 8146386944,
  "script_sha256": "b303c57f8229795ffd1861ee28165a1f449a8b7cda0c2d3b10c76d7ef05676e7",
  "evidence": "/work/integration289-build-evidence-20260930T190826022985Z",
  "no_references_found_in_readable_proc_entries": true,
  "proc_scan_scope": "readable cmdline/cwd/exe/fd; maps-only references excluded; requires serial idle VM",
  "executed_test_binaries_sha256": {
    "/targets/sail-stream-2894a962076d/target-native/release/deps/nutmeg_graph-1bd57eda65b7559a": "a9519a9ef2bba1783806d7e6236aaf02e10f3151278f1637769658d3409fadb9",
    "/targets/sail-stream-2894a962076d/target-native/release/deps/admission_before_allocation-e27e5fc7f44de016": "10d2e5340538736683c06702ecced8e904c099943ec654282c5e91df2eace407",
    "/targets/sail-stream-2894a962076d/target-native/release/deps/sail_argentea_core-21e95e616ef01f69": "7b4c4f09c3bfdc982155aacec5aeb17a8dc9c7e48c66ea7f9f092a3ab7ec0701",
    "/targets/sail-stream-2894a962076d/target-native/release/deps/bfs-e63c87a6c14eb0d2": "b2d152c021beafa51c962360141a3360c4accc3d8b561345f8e64cd4892a0930",
    "/targets/sail-stream-2894a962076d/target-native/release/deps/bfs_protocol-c40e8bd77355b262": "a28edaf28581fe80d5b9337d49161f7e8be52c526be62ec94efd54abfb7101d2",
    "/targets/sail-stream-2894a962076d/target-native/release/deps/bfs_resources-559d2dcf0c189e97": "860592e29f2e9ed2963a0dfd574a5208de58521bba7a7f1377fab22bcd6a960c",
    "/targets/sail-stream-2894a962076d/target-native/release/deps/delta-e7bb0e32689846f5": "3bde3930d3260e972878be7781852111c6d8ef7badd4e725c40a360e2eeaf842",
    "/targets/sail-stream-2894a962076d/target-native/release/deps/delta_protocol-e253fb3b915572bd": "4142ef4c3ee2aa3627e809172abf8884eef2711c45353b9570c45ec1a8a24e82",
    "/targets/sail-stream-2894a962076d/target-native/release/deps/pagerank-5e0121ea818a558a": "73c8e07b444bf512ddbbe0c04735f08afefa0a211e98a139328184d1452c7103",
    "/targets/sail-stream-2894a962076d/target-native/release/deps/scheduler_probe-4e2ebcbaa7bd72c0": "3cd94e0c3f8d92bda73ed6169e231901a9686f50854e42393b783daa8c5c02ec",
    "/targets/sail-stream-2894a962076d/target-native/release/deps/sssp-9a34634027fefe84": "69c53d4bbe2ba51d949dce1e41805b1fe93bede22fa8a09fa29c6fee772288d5",
    "/targets/sail-stream-2894a962076d/target-native/release/deps/sssp_primitives-ec694ba12c0e437a": "73adeb2742a75552868a20ede6494b6eced8f77dae61d37f3f51214492f951f3",
    "/targets/sail-stream-2894a962076d/target-native/release/deps/wcc-1407b48c25b05341": "46da721005eb00c50c1f4ed3c53336d9ce7b2c401778427f849d5c5650fc6088",
    "/targets/sail-stream-2894a962076d/target-native/release/deps/wcc_protocol-3a343ab4715f3196": "4f34971f79d78d71854fbfd87557c18e273987184da2512048a40ed2df03f617",
    "/targets/sail-stream-2894a962076d/target-native/release/deps/wcc_resources-908f699322133588": "59b084c5e9ca51ac0b8b0f989080ea87d1b122445d2c7f222ab2ced13c0b2199",
    "/targets/sail-stream-2894a962076d/target-native/release/deps/_native-ffc9a421a89b09e5": "637668338f090499857407e92f73ed1b5a0af0b129c70c76c5eac577b63e8dc0"
  },
  "retained_artifacts_sha256": {
    "/targets/sail-stream-2894a962076d/rebuild-receipt.json": "546c59c09ab00dda861de36412f8d027ca30da880207a79a81b56088197ebcd5",
    "/targets/sail-stream-2894a962076d/sail-linux-x86_64-2894a962076d-release": "40a78182a420152e8e3651f9cdb38a4196eaf8bc7aead092d10e258a17ac3497",
    "/targets/sail-stream-2894a962076d/wheels/sail_nutmeg-0.1.0-cp312-cp312-manylinux_2_34_x86_64.whl": "eb9e6a46cfc52d4e1ae4ec2b81205cf5b83d8f45d1e7268e44fa1c204bcb4681"
  },
  "free_bytes_before": 26312622080,
  "finished_utc": "2026-09-30T19:09:30.878254+00:00",
  "cache_absent": true,
  "free_bytes_after": 34459004928
}
