    Finished `release` profile [optimized] target(s) in 0.03s
     Running unittests src/lib.rs (/private/tmp/sail-sssp-candidate-target/core/release/deps/sail_argentea_core-8d19e59ab5ab24a3)

running 11 tests
CSR_COUNTER p=1 dense=true n=16 m=64 weighted=false allocation_calls=7 allocated_bytes=1024 peak_requested_bytes=1024 peak_admitted_bytes=6024 work=160
CSR_COUNTER p=1 dense=true n=16 m=64 weighted=true allocation_calls=7 allocated_bytes=1544 peak_requested_bytes=1464 peak_admitted_bytes=6536 work=240
SSSP_REUSE_FAILURE algorithm=Reference case=early_quota finish_work=0 error=procedure memory budget exceeded (limit 134217728)
SSSP_REUSE_FAILURE algorithm=Reference case=late_quota finish_work=7 error=procedure memory budget exceeded (limit 134217728)
SSSP_REUSE_FAILURE algorithm=Reference case=work finish_work=3 error=procedure work budget exceeded (limit 18446744073709551615)
SSSP_REUSE_FAILURE algorithm=Reference case=cancel finish_work=0 error=procedure execution cancelled
SSSP_REUSE_FAILURE algorithm=Reference case=final_checkpoint finish_work=7 error=procedure execution cancelled
test adjacency_tests::adjacency_lookup_rejects_missing_and_foreign_sources_without_leaks ... ok
test delta::controls::nonfinite_and_negative_scores_or_residuals_are_rejected ... ok
test adjacency_tests::adjacency_restores_offsets_and_preserves_arc_order_for_all_id_layouts ... ok
test delta::controls::maintained_residual_cannot_forge_a_certificate_and_failure_rebases ... ok
SSSP_REUSE algorithm=Reference local_vertices=1 partitions=3 mode=topology candidate_capacity=1 calls=8 bytes=630 requested_peak=501 matched_allocations=4 matched_peak=5 transferred=1 admitted_before=67108864 admitted_after=67108696 finish_peak_admitted_delta=800 work=2
test sssp::partition::protocol::reuse_tests::controls::selection_preserves_ties_parent_only_updates_and_bucket_carryover ... ok
test sssp::partition::protocol::reuse_tests::controls::old_row_cursor_retains_snapshot_and_last_lease_after_publication ... ok
test adjacency_tests::adjacency_reduced_scratch_admission_and_weighted_work_budget_are_enforced ... ok
SSSP_REUSE algorithm=Reference local_vertices=1 partitions=3 mode=active candidate_capacity=1 calls=9 bytes=651 requested_peak=501 matched_allocations=4 matched_peak=5 transferred=1 admitted_before=67108864 admitted_after=67108696 finish_peak_admitted_delta=800 work=2
SSSP_REUSE_FAILURE algorithm=DeltaStar case=early_quota finish_work=0 error=procedure memory budget exceeded (limit 134217728)
SSSP_REUSE_FAILURE algorithm=DeltaStar case=late_quota finish_work=7 error=procedure memory budget exceeded (limit 134217728)
SSSP_REUSE_FAILURE algorithm=DeltaStar case=work finish_work=3 error=procedure work budget exceeded (limit 18446744073709551615)
SSSP_REUSE_FAILURE algorithm=DeltaStar case=cancel finish_work=0 error=procedure execution cancelled
SSSP_REUSE_FAILURE algorithm=DeltaStar case=final_checkpoint finish_work=7 error=procedure execution cancelled
SSSP_REUSE algorithm=Reference local_vertices=1 partitions=3 mode=done candidate_capacity=0 calls=3 bytes=461 requested_peak=461 matched_allocations=2 matched_peak=3 transferred=1 admitted_before=67108864 admitted_after=67108432 finish_peak_admitted_delta=536 work=0
test sssp::partition::protocol::reuse_tests::controls::failures_do_not_publish_mutated_candidates_or_release_live_storage ... ok
SSSP_REUSE algorithm=Reference local_vertices=1024 partitions=3 mode=topology candidate_capacity=1024 calls=8 bytes=9837 requested_peak=9280 matched_allocations=0 matched_peak=2 transferred=1 admitted_before=67108864 admitted_after=67116880 finish_peak_admitted_delta=9600 work=1025
SSSP_REUSE algorithm=Reference local_vertices=1024 partitions=3 mode=active candidate_capacity=1024 calls=13 bytes=9942 requested_peak=9301 matched_allocations=0 matched_peak=2 transferred=1 admitted_before=67108864 admitted_after=67116880 finish_peak_admitted_delta=9600 work=1025
SSSP_REUSE algorithm=Reference local_vertices=1024 partitions=3 mode=done candidate_capacity=0 calls=3 bytes=461 requested_peak=461 matched_allocations=0 matched_peak=1 transferred=1 admitted_before=67108864 admitted_after=67108432 finish_peak_admitted_delta=536 work=0
CSR_COUNTER p=1 dense=true n=65536 m=262144 weighted=false allocation_calls=7 allocated_bytes=3145984 peak_requested_bytes=3145984 peak_admitted_bytes=7868424 work=655360
CSR_COUNTER p=1 dense=true n=65536 m=262144 weighted=true allocation_calls=7 allocated_bytes=5243144 peak_requested_bytes=5243064 peak_admitted_bytes=9965576 work=1769472
CSR_COUNTER p=1 dense=false n=16 m=64 weighted=false allocation_calls=7 allocated_bytes=1024 peak_requested_bytes=1024 peak_admitted_bytes=6024 work=160
CSR_COUNTER p=1 dense=false n=16 m=64 weighted=true allocation_calls=7 allocated_bytes=1544 peak_requested_bytes=1464 peak_admitted_bytes=6536 work=752
SSSP_REUSE_HEADROOM algorithm=Reference local_vertices=65536 headroom=1048576 result=Ok(())
SSSP_REUSE algorithm=Reference local_vertices=65536 partitions=3 mode=topology candidate_capacity=65536 calls=8 bytes=590445 requested_peak=589888 matched_allocations=0 matched_peak=2 transferred=1 admitted_before=67108864 admitted_after=67632976 finish_peak_admitted_delta=590208 work=65537
SSSP_REUSE_HEADROOM algorithm=DeltaStar local_vertices=65536 headroom=1048576 result=Ok(())
test sssp::partition::protocol::reuse_tests::controls::tight_admission_accepts_transferred_storage_for_both_algorithms ... ok
CSR_COUNTER p=1 dense=false n=65536 m=262144 weighted=false allocation_calls=7 allocated_bytes=3145984 peak_requested_bytes=3145984 peak_admitted_bytes=7868424 work=655360
SSSP_REUSE algorithm=Reference local_vertices=65536 partitions=3 mode=active candidate_capacity=65536 calls=13 bytes=590550 requested_peak=589909 matched_allocations=0 matched_peak=2 transferred=1 admitted_before=67108864 admitted_after=67632976 finish_peak_admitted_delta=590208 work=65537
CSR_COUNTER p=1 dense=false n=65536 m=262144 weighted=true allocation_calls=7 allocated_bytes=5243144 peak_requested_bytes=5243064 peak_admitted_bytes=9965576 work=10158080
CSR_COUNTER p=3 dense=true n=16 m=64 weighted=false allocation_calls=7 allocated_bytes=1024 peak_requested_bytes=1024 peak_admitted_bytes=6024 work=160
CSR_COUNTER p=3 dense=true n=16 m=64 weighted=true allocation_calls=7 allocated_bytes=1544 peak_requested_bytes=1464 peak_admitted_bytes=6536 work=240
CSR_COUNTER p=3 dense=true n=65536 m=262144 weighted=false allocation_calls=7 allocated_bytes=3145984 peak_requested_bytes=3145984 peak_admitted_bytes=7868424 work=655360
CSR_COUNTER p=3 dense=true n=65536 m=262144 weighted=true allocation_calls=7 allocated_bytes=5243144 peak_requested_bytes=5243064 peak_admitted_bytes=9965576 work=1769472
CSR_COUNTER p=3 dense=false n=16 m=64 weighted=false allocation_calls=7 allocated_bytes=1024 peak_requested_bytes=1024 peak_admitted_bytes=6024 work=160
CSR_COUNTER p=3 dense=false n=16 m=64 weighted=true allocation_calls=7 allocated_bytes=1544 peak_requested_bytes=1464 peak_admitted_bytes=6536 work=752
SSSP_REUSE algorithm=Reference local_vertices=65536 partitions=3 mode=done candidate_capacity=0 calls=3 bytes=461 requested_peak=461 matched_allocations=0 matched_peak=1 transferred=1 admitted_before=67108864 admitted_after=67108432 finish_peak_admitted_delta=536 work=0
SSSP_REUSE algorithm=DeltaStar local_vertices=1 partitions=3 mode=topology candidate_capacity=1 calls=8 bytes=630 requested_peak=501 matched_allocations=4 matched_peak=5 transferred=1 admitted_before=67108864 admitted_after=67108696 finish_peak_admitted_delta=800 work=2
SSSP_REUSE algorithm=DeltaStar local_vertices=1 partitions=3 mode=active candidate_capacity=1 calls=9 bytes=651 requested_peak=501 matched_allocations=4 matched_peak=5 transferred=1 admitted_before=67108864 admitted_after=67108696 finish_peak_admitted_delta=800 work=2
SSSP_REUSE algorithm=DeltaStar local_vertices=1 partitions=3 mode=done candidate_capacity=0 calls=3 bytes=461 requested_peak=461 matched_allocations=2 matched_peak=3 transferred=1 admitted_before=67108864 admitted_after=67108432 finish_peak_admitted_delta=536 work=0
SSSP_REUSE algorithm=DeltaStar local_vertices=1024 partitions=3 mode=topology candidate_capacity=1024 calls=8 bytes=9837 requested_peak=9280 matched_allocations=0 matched_peak=2 transferred=1 admitted_before=67108864 admitted_after=67116880 finish_peak_admitted_delta=9600 work=1025
SSSP_REUSE algorithm=DeltaStar local_vertices=1024 partitions=3 mode=active candidate_capacity=1024 calls=13 bytes=9942 requested_peak=9301 matched_allocations=0 matched_peak=2 transferred=1 admitted_before=67108864 admitted_after=67116880 finish_peak_admitted_delta=9600 work=1025
SSSP_REUSE algorithm=DeltaStar local_vertices=1024 partitions=3 mode=done candidate_capacity=0 calls=3 bytes=461 requested_peak=461 matched_allocations=0 matched_peak=1 transferred=1 admitted_before=67108864 admitted_after=67108432 finish_peak_admitted_delta=536 work=0
SSSP_REUSE algorithm=DeltaStar local_vertices=65536 partitions=3 mode=topology candidate_capacity=65536 calls=8 bytes=590445 requested_peak=589888 matched_allocations=0 matched_peak=2 transferred=1 admitted_before=67108864 admitted_after=67632976 finish_peak_admitted_delta=590208 work=65537
CSR_COUNTER p=3 dense=false n=65536 m=262144 weighted=false allocation_calls=7 allocated_bytes=3145984 peak_requested_bytes=3145984 peak_admitted_bytes=7868424 work=655360
SSSP_REUSE algorithm=DeltaStar local_vertices=65536 partitions=3 mode=active candidate_capacity=65536 calls=13 bytes=590550 requested_peak=589909 matched_allocations=0 matched_peak=2 transferred=1 admitted_before=67108864 admitted_after=67632976 finish_peak_admitted_delta=590208 work=65537
SSSP_REUSE algorithm=DeltaStar local_vertices=65536 partitions=3 mode=done candidate_capacity=0 calls=3 bytes=461 requested_peak=461 matched_allocations=0 matched_peak=1 transferred=1 admitted_before=67108864 admitted_after=67108432 finish_peak_admitted_delta=536 work=0
test sssp::partition::protocol::reuse_tests::finish_allocation_inventory_and_transferred_pointer ... ok
CSR_COUNTER p=3 dense=false n=65536 m=262144 weighted=true allocation_calls=7 allocated_bytes=5243144 peak_requested_bytes=5243064 peak_admitted_bytes=9965576 work=10158080
CSR_COUNTER p=32 dense=true n=16 m=64 weighted=false allocation_calls=7 allocated_bytes=1024 peak_requested_bytes=1024 peak_admitted_bytes=6024 work=160
CSR_COUNTER p=32 dense=true n=16 m=64 weighted=true allocation_calls=7 allocated_bytes=1544 peak_requested_bytes=1464 peak_admitted_bytes=6536 work=240
CSR_COUNTER p=32 dense=true n=65536 m=262144 weighted=false allocation_calls=7 allocated_bytes=3145984 peak_requested_bytes=3145984 peak_admitted_bytes=7868424 work=655360
CSR_COUNTER p=32 dense=true n=65536 m=262144 weighted=true allocation_calls=7 allocated_bytes=5243144 peak_requested_bytes=5243064 peak_admitted_bytes=9965576 work=1769472
CSR_COUNTER p=32 dense=false n=16 m=64 weighted=false allocation_calls=7 allocated_bytes=1024 peak_requested_bytes=1024 peak_admitted_bytes=6024 work=160
CSR_COUNTER p=32 dense=false n=16 m=64 weighted=true allocation_calls=7 allocated_bytes=1544 peak_requested_bytes=1464 peak_admitted_bytes=6536 work=752
CSR_COUNTER p=32 dense=false n=65536 m=262144 weighted=false allocation_calls=7 allocated_bytes=3145984 peak_requested_bytes=3145984 peak_admitted_bytes=7868424 work=655360
CSR_COUNTER p=32 dense=false n=65536 m=262144 weighted=true allocation_calls=7 allocated_bytes=5243144 peak_requested_bytes=5243064 peak_admitted_bytes=9965576 work=10158080
test adjacency_tests::adjacency_build_allocation_and_work_counters ... ok

test result: ok. 11 passed; 0 failed; 0 ignored; 0 measured; 0 filtered out; finished in 0.08s

     Running tests/bfs.rs (/private/tmp/sail-sssp-candidate-target/core/release/deps/bfs-9a2f133a73bda0ca)

running 5 tests
test independent_certificate_rejects_plausible_but_wrong_vectors ... ok
test setup_rejects_missing_source_wrong_cardinality_and_disconnected_unknown_endpoint ... ok
test cap_requires_empty_global_frontier_and_zero_owners_participate ... ok
test all_variants_match_independent_integer_bfs_directed_and_undirected ... ok
test reference_scans_every_arc_frontier_avoids_old_arcs_and_pull_really_exits_early ... ok

test result: ok. 5 passed; 0 failed; 0 ignored; 0 measured; 0 filtered out; finished in 0.01s

     Running tests/bfs_completion.rs (/private/tmp/sail-sssp-candidate-target/core/release/deps/bfs_completion-7b325b51261dc3d4)

running 2 tests
BFS_TRUNCATED_COMPLETION algorithm=Reference partitions=1 scalar_wire=false discarded=1 rejected=1
BFS_TRUNCATED_COMPLETION algorithm=Reference partitions=1 scalar_wire=true discarded=1 rejected=1
BFS_TRUNCATED_COMPLETION algorithm=Reference partitions=3 scalar_wire=false discarded=1 rejected=3
BFS_TRUNCATED_COMPLETION algorithm=Reference partitions=3 scalar_wire=true discarded=1 rejected=3
BFS_TRUNCATED_COMPLETION algorithm=Frontier partitions=1 scalar_wire=false discarded=1 rejected=1
BFS_TRUNCATED_COMPLETION algorithm=Frontier partitions=1 scalar_wire=true discarded=1 rejected=1
BFS_TRUNCATED_COMPLETION algorithm=Frontier partitions=3 scalar_wire=false discarded=1 rejected=3
BFS_TRUNCATED_COMPLETION algorithm=Frontier partitions=3 scalar_wire=true discarded=1 rejected=3
BFS_TRUNCATED_COMPLETION algorithm=DirectionOptimizing partitions=1 scalar_wire=false discarded=1 rejected=1
BFS_TRUNCATED_COMPLETION algorithm=DirectionOptimizing partitions=1 scalar_wire=true discarded=1 rejected=1
BFS_TRUNCATED_COMPLETION algorithm=DirectionOptimizing partitions=3 scalar_wire=false discarded=1 rejected=3
BFS_TRUNCATED_COMPLETION algorithm=DirectionOptimizing partitions=3 scalar_wire=true discarded=1 rejected=3
test suppressed_candidates_and_rewritten_completion_cannot_certify_false_convergence ... ok
test candidate_completion_totals_count_parallel_and_already_reached_targets ... ok

test result: ok. 2 passed; 0 failed; 0 ignored; 0 measured; 0 filtered out; finished in 0.00s

     Running tests/bfs_inbox.rs (/private/tmp/sail-sssp-candidate-target/core/release/deps/bfs_inbox-9c9d93963ff7fe55)

running 5 tests
BFS_INBOX_COUNTER mode=Done vertices=1 ghosts=0 partitions=3 allocation_calls=51 allocated_bytes=3567 peak_admitted_bytes=7400
BFS_INBOX_COUNTER mode=Topology vertices=1024 ghosts=1024 partitions=3 allocation_calls=51 allocated_bytes=3567 peak_admitted_bytes=7400
BFS_INBOX_COUNTER mode=Push vertices=1024 ghosts=1024 partitions=3 allocation_calls=54 allocated_bytes=19951 peak_admitted_bytes=23784
BFS_INBOX_COUNTER mode=Done vertices=1024 ghosts=1024 partitions=3 allocation_calls=51 allocated_bytes=3567 peak_admitted_bytes=7400
test elided_buffers_still_reject_wrong_payload_modes_before_access ... ok
BFS_INBOX_COUNTER mode=Push vertices=65536 ghosts=1024 partitions=3 allocation_calls=54 allocated_bytes=1052143 peak_admitted_bytes=1055976
BFS_INBOX_COUNTER mode=Topology vertices=65536 ghosts=65536 partitions=3 allocation_calls=51 allocated_bytes=3567 peak_admitted_bytes=7400
BFS_INBOX_COUNTER mode=Done vertices=65536 ghosts=1024 partitions=3 allocation_calls=51 allocated_bytes=3567 peak_admitted_bytes=7400
BFS_INBOX_COUNTER mode=Done vertices=65536 ghosts=65536 partitions=3 allocation_calls=51 allocated_bytes=3567 peak_admitted_bytes=7400
BFS_INBOX_COUNTER mode=Push vertices=65536 ghosts=65536 partitions=3 allocation_calls=54 allocated_bytes=1052143 peak_admitted_bytes=1055976
test done_inboxes_fit_protocol_sized_headroom ... ok
BFS_INBOX_COUNTER mode=Done vertices=65536 ghosts=65536 partitions=3 allocation_calls=51 allocated_bytes=3567 peak_admitted_bytes=7400
test topology_has_no_candidate_buffers ... ok
BFS_INBOX_COUNTER mode=Pull vertices=1024 ghosts=1024 partitions=3 allocation_calls=57 allocated_bytes=20975 peak_admitted_bytes=24808
test done_inboxes_are_independent_of_vertices_and_retained_ghosts ... ok
BFS_INBOX_COUNTER mode=Pull vertices=65536 ghosts=1024 partitions=3 allocation_calls=57 allocated_bytes=1053167 peak_admitted_bytes=1057000
BFS_INBOX_COUNTER mode=Pull vertices=65536 ghosts=65536 partitions=3 allocation_calls=57 allocated_bytes=1117679 peak_admitted_bytes=1121512
test push_omits_ghost_storage_and_pull_keeps_required_buffers ... ok

test result: ok. 5 passed; 0 failed; 0 ignored; 0 measured; 0 filtered out; finished in 0.10s

     Running tests/bfs_protocol.rs (/private/tmp/sail-sssp-candidate-target/core/release/deps/bfs_protocol-adc0b30a99191bb8)

running 7 tests
test bad_options_source_owner_input_and_phase_overflow_are_rejected ... ok
test borrowed_rows_and_scalar_completions_preserve_exact_barriers_without_row_allocations ... ok
test missing_late_or_false_completion_never_commits_labels_or_incoming_csr ... ok
test membership_requires_complete_ordered_unique_frontier_before_real_pull ... ok
test typed_bfs_cap_requires_completed_topology_and_complete_global_frontier ... ok
test topology_stream_rejects_sequence_mode_owner_origin_and_unknown_target ... ok
test statistics_reject_replay_foreign_scope_missing_eof_options_and_origin_drift ... ok

test result: ok. 7 passed; 0 failed; 0 ignored; 0 measured; 0 filtered out; finished in 0.00s

     Running tests/bfs_resources.rs (/private/tmp/sail-sssp-candidate-target/core/release/deps/bfs_resources-db0397d28f7ae466)

running 6 tests
test cancellation_and_work_exhaustion_block_before_publication_and_done_is_idle ... ok
test poisoned_emission_cannot_resume_after_message_admission_failure ... ok
test retained_message_statistics_and_result_snapshot_keep_shared_pool_lease ... ok
test shared_quota_and_incremental_incoming_admission_are_real ... ok
test quota_failures_preserve_committed_labels_and_all_leases_release ... ok
test bounded_one_message_channel_completes_topology_and_pull_without_owner_lock ... ok

test result: ok. 6 passed; 0 failed; 0 ignored; 0 measured; 0 filtered out; finished in 0.00s

     Running tests/delta.rs (/private/tmp/sail-sssp-candidate-target/core/release/deps/delta-5726917d31721774)

running 4 tests
test cap_forces_a_fresh_certificate_and_never_publishes_uncertified_rows ... ok
test stationary_zero_push_and_done_relays_keep_certified_state_and_counters ... ok
test signed_residual_and_dangling_pushes_match_dense_transitions_at_every_phase ... ok
test banda_reactivation_fixture_and_settling_components_avoid_inactive_edges ... ok

test result: ok. 4 passed; 0 failed; 0 ignored; 0 measured; 0 filtered out; finished in 0.12s

     Running tests/delta_protocol.rs (/private/tmp/sail-sssp-candidate-target/core/release/deps/delta_protocol-86d2475b381c012d)

running 9 tests
test borrowed_statistics_and_phase_readiness_use_the_same_state_machine ... ok
test dropping_output_cancels_pending_work_and_live_updates_retain_admission ... ok
test incremental_admission_failure_preserves_old_state_and_releases_every_buffer ... ok
test invalid_or_truncated_updates_do_not_publish_candidate_scores ... ok
test options_phase_budget_and_shared_work_limit_are_enforced ... ok
test partitions_share_one_budget_and_statistics_keep_the_host_lease ... ok
test statistics_barrier_rejects_replay_drift_missing_and_wrong_cardinality ... ok
test typed_cap_evidence_requires_a_fresh_complete_failed_certificate ... ok
test owned_emission_can_cross_backpressure_without_an_owner_lock ... ok

test result: ok. 9 passed; 0 failed; 0 ignored; 0 measured; 0 filtered out; finished in 0.00s

     Running tests/initialization.rs (/private/tmp/sail-sssp-candidate-target/core/release/deps/initialization-968a8f82e4dd10ab)

running 5 tests
INPUT_LIFETIME_COUNTER n=1024 degree=0 weighted=false release=false allocation_calls=17 allocated_bytes=66552 peak_requested_bytes=66472 retained_admitted_bytes=62512 peak_admitted_bytes=70704 work=2048
INPUT_LIFETIME_COUNTER n=1024 degree=0 weighted=false release=true allocation_calls=17 allocated_bytes=66552 peak_requested_bytes=58280 retained_admitted_bytes=62512 peak_admitted_bytes=69640 work=2048
INPUT_LIFETIME_COUNTER n=1024 degree=0 weighted=true release=false allocation_calls=17 allocated_bytes=66594 peak_requested_bytes=66488 retained_admitted_bytes=62536 peak_admitted_bytes=70728 work=13312
INPUT_LIFETIME_COUNTER n=1024 degree=0 weighted=true release=true allocation_calls=17 allocated_bytes=66594 peak_requested_bytes=58296 retained_admitted_bytes=62536 peak_admitted_bytes=69640 work=13312
INPUT_LIFETIME_COUNTER n=1024 degree=1 weighted=false release=false allocation_calls=19 allocated_bytes=91128 peak_requested_bytes=91048 retained_admitted_bytes=70704 peak_admitted_bytes=102408 work=4096
test abandoned_or_cancelled_preparation_releases_all_storage_and_leases ... ok
test input_charge_is_released_before_finish_admission ... ok
INPUT_LIFETIME_COUNTER n=1024 degree=1 weighted=false release=true allocation_calls=19 allocated_bytes=91128 peak_requested_bytes=66472 retained_admitted_bytes=70704 peak_admitted_bytes=102408 work=4096
test prepare_preserves_validation_errors_and_cancellation ... ok
test last_preparation_owner_releases_csr_before_host_lease_on_abort_or_failure ... ok
INPUT_LIFETIME_COUNTER n=1024 degree=1 weighted=true release=false allocation_calls=19 allocated_bytes=107554 peak_requested_bytes=107448 retained_admitted_bytes=78920 peak_admitted_bytes=118792 work=15360
INPUT_LIFETIME_COUNTER n=1024 degree=1 weighted=true release=true allocation_calls=19 allocated_bytes=107554 peak_requested_bytes=74680 retained_admitted_bytes=78920 peak_admitted_bytes=118792 work=15360
INPUT_LIFETIME_COUNTER n=1024 degree=8 weighted=false release=false allocation_calls=19 allocated_bytes=263160 peak_requested_bytes=263080 retained_admitted_bytes=128048 peak_admitted_bytes=331784 work=18432
INPUT_LIFETIME_COUNTER n=1024 degree=8 weighted=false release=true allocation_calls=19 allocated_bytes=263160 peak_requested_bytes=221440 retained_admitted_bytes=128048 peak_admitted_bytes=331784 work=18432
INPUT_LIFETIME_COUNTER n=1024 degree=8 weighted=true release=false allocation_calls=19 allocated_bytes=394274 peak_requested_bytes=394168 retained_admitted_bytes=193608 peak_admitted_bytes=462856 work=29696
INPUT_LIFETIME_COUNTER n=1024 degree=8 weighted=true release=true allocation_calls=19 allocated_bytes=394274 peak_requested_bytes=352440 retained_admitted_bytes=193608 peak_admitted_bytes=462856 work=29696
INPUT_LIFETIME_COUNTER n=65536 degree=0 weighted=false release=false allocation_calls=17 allocated_bytes=4195320 peak_requested_bytes=4195240 retained_admitted_bytes=3675184 peak_admitted_bytes=4199472 work=131072
INPUT_LIFETIME_COUNTER n=65536 degree=0 weighted=false release=true allocation_calls=17 allocated_bytes=4195320 peak_requested_bytes=3670952 retained_admitted_bytes=3675184 peak_admitted_bytes=4198408 work=131072
INPUT_LIFETIME_COUNTER n=65536 degree=0 weighted=true release=false allocation_calls=17 allocated_bytes=4195362 peak_requested_bytes=4195256 retained_admitted_bytes=3675208 peak_admitted_bytes=4199496 work=1245184
INPUT_LIFETIME_COUNTER n=65536 degree=0 weighted=true release=true allocation_calls=17 allocated_bytes=4195362 peak_requested_bytes=3670968 retained_admitted_bytes=3675208 peak_admitted_bytes=4198408 work=1245184
INPUT_LIFETIME_COUNTER n=65536 degree=1 weighted=false release=false allocation_calls=19 allocated_bytes=5768184 peak_requested_bytes=5768104 retained_admitted_bytes=4199472 peak_admitted_bytes=6295560 work=262144
INPUT_LIFETIME_COUNTER n=65536 degree=1 weighted=false release=true allocation_calls=19 allocated_bytes=5768184 peak_requested_bytes=4195240 retained_admitted_bytes=4199472 peak_admitted_bytes=6295560 work=262144
INPUT_LIFETIME_COUNTER n=65536 degree=1 weighted=true release=false allocation_calls=19 allocated_bytes=6816802 peak_requested_bytes=6816696 retained_admitted_bytes=4723784 peak_admitted_bytes=7344136 work=1376256
INPUT_LIFETIME_COUNTER n=65536 degree=1 weighted=true release=true allocation_calls=19 allocated_bytes=6816802 peak_requested_bytes=4719544 retained_admitted_bytes=4723784 peak_admitted_bytes=7344136 work=1376256
INPUT_LIFETIME_COUNTER n=65536 degree=8 weighted=false release=false allocation_calls=19 allocated_bytes=16778232 peak_requested_bytes=16778152 retained_admitted_bytes=7869488 peak_admitted_bytes=20975624 work=1179648
INPUT_LIFETIME_COUNTER n=65536 degree=8 weighted=false release=true allocation_calls=19 allocated_bytes=16778232 peak_requested_bytes=14156032 retained_admitted_bytes=7869488 peak_admitted_bytes=20975624 work=1179648
INPUT_LIFETIME_COUNTER n=65536 degree=8 weighted=true release=false allocation_calls=19 allocated_bytes=25166882 peak_requested_bytes=25166776 retained_admitted_bytes=12063816 peak_admitted_bytes=29364232 work=2293760
INPUT_LIFETIME_COUNTER n=65536 degree=8 weighted=true release=true allocation_calls=19 allocated_bytes=25166882 peak_requested_bytes=22544568 retained_admitted_bytes=12063816 peak_admitted_bytes=29364232 work=2293760
test releasing_raw_input_reduces_heap_overlap_without_changing_work ... ok

test result: ok. 5 passed; 0 failed; 0 ignored; 0 measured; 0 filtered out; finished in 0.04s

     Running tests/initialization_bfs.rs (/private/tmp/sail-sssp-candidate-target/core/release/deps/initialization_bfs-71f81d27bc206a56)

running 1 test
test prepared_bfs_matches_owned_input_oracle_and_protocol_trace ... ok

test result: ok. 1 passed; 0 failed; 0 ignored; 0 measured; 0 filtered out; finished in 0.01s

     Running tests/pagerank.rs (/private/tmp/sail-sssp-candidate-target/core/release/deps/pagerank-6768a4b293d25bd8)

running 8 tests
test abandoning_an_owned_emission_cancels_and_releases_its_snapshot ... ok
test cancellation_during_emission_and_stale_rounds_leave_previous_rank_state ... ok
test output_lease_survives_partition_drop_and_releases_only_at_final_owner ... ok
test incomplete_or_replayed_messages_never_publish_new_ranks ... ok
test queued_updates_keep_the_memory_lease_after_emission_and_partition_drop ... ok
test quota_failure_cancellation_and_broken_output_do_not_commit_a_round ... ok
test owned_emission_drains_a_one_message_channel_without_holding_the_partition_lock ... ok
test twenty_rounds_retain_adjacency_and_match_an_independent_dense_reference ... ok

test result: ok. 8 passed; 0 failed; 0 ignored; 0 measured; 0 filtered out; finished in 0.00s

     Running tests/pagerank_cursor_lease.rs (/private/tmp/sail-sssp-candidate-target/core/release/deps/pagerank_cursor_lease-89347882144d844c)

running 3 tests
CURSOR_LEASE mode=cursor_last_owner sequence_bytes=2056 matching_allocations=1 sequence_live_at_lease_release=0 admitted_bytes_at_lease_release=0 deallocations=1
test cursor_last_owner_releases_sequence_storage_before_host_lease ... ok
CURSOR_LEASE mode=completed_emission sequence_bytes=2056 matching_allocations=1 sequence_live_at_lease_release=0 admitted_bytes_at_lease_release=0 deallocations=1
CURSOR_LEASE mode=contribution_alias sequence_bytes=2056 matching_allocations=1 sequence_live_at_lease_release=0 admitted_bytes_at_lease_release=0 deallocations=1
test completed_emission_releases_sequence_storage_before_host_lease ... ok
test retained_contribution_keeps_host_lease_after_cursor_storage_drops ... ok

test result: ok. 3 passed; 0 failed; 0 ignored; 0 measured; 0 filtered out; finished in 0.00s

     Running tests/partition_lease.rs (/private/tmp/sail-sssp-candidate-target/core/release/deps/partition_lease-13c2b307ac7ea1f2)

running 3 tests
PARTITION_SUCCESSFUL_DROP kind=residual_pagerank admitted_at_lease_release=0 final_live_bytes=0
PARTITION_SUCCESSFUL_DROP kind=bfs admitted_at_lease_release=0 final_live_bytes=0
PARTITION_SUCCESSFUL_DROP kind=sssp admitted_at_lease_release=0 final_live_bytes=0
test residual_pagerank_successful_sole_owner_retains_host_lease_through_storage_drop ... ok
test bfs_successful_sole_owner_retains_host_lease_through_storage_drop ... ok
test sssp_successful_sole_owner_retains_host_lease_through_storage_drop ... ok

test result: ok. 3 passed; 0 failed; 0 ignored; 0 measured; 0 filtered out; finished in 0.00s

     Running tests/rank_wcc_initialization.rs (/private/tmp/sail-sssp-candidate-target/core/release/deps/rank_wcc_initialization-861b161a3f87e99a)

running 3 tests
RANK_WCC_INPUT_LIFETIME n=1 degree=0 kind=PageRank release=false allocation_calls=10 allocated_bytes=368 peak_requested_bytes=288 retained_admitted_bytes=4256 peak_admitted_bytes=4264 work=2
RANK_WCC_INPUT_LIFETIME n=1 degree=0 kind=PageRank release=true allocation_calls=10 allocated_bytes=368 peak_requested_bytes=280 retained_admitted_bytes=4256 peak_admitted_bytes=4256 work=2
RANK_WCC_INPUT_LIFETIME n=1 degree=0 kind=Residual release=false allocation_calls=15 allocated_bytes=674 peak_requested_bytes=594 retained_admitted_bytes=4714 peak_admitted_bytes=4722 work=2
RANK_WCC_INPUT_LIFETIME n=1 degree=0 kind=Residual release=true allocation_calls=15 allocated_bytes=674 peak_requested_bytes=586 retained_admitted_bytes=4714 peak_admitted_bytes=4714 work=2
RANK_WCC_INPUT_LIFETIME n=1 degree=0 kind=Reference release=false allocation_calls=15 allocated_bytes=888 peak_requested_bytes=808 retained_admitted_bytes=5096 peak_admitted_bytes=5104 work=2
RANK_WCC_INPUT_LIFETIME n=1 degree=0 kind=Reference release=true allocation_calls=15 allocated_bytes=888 peak_requested_bytes=800 retained_admitted_bytes=5096 peak_admitted_bytes=5096 work=2
RANK_WCC_INPUT_LIFETIME n=1 degree=0 kind=Star release=false allocation_calls=15 allocated_bytes=888 peak_requested_bytes=808 retained_admitted_bytes=5096 peak_admitted_bytes=5104 work=2
RANK_WCC_INPUT_LIFETIME n=1 degree=0 kind=Star release=true allocation_calls=15 allocated_bytes=888 peak_requested_bytes=800 retained_admitted_bytes=5096 peak_admitted_bytes=5096 work=2
RANK_WCC_INPUT_LIFETIME n=1 degree=1 kind=PageRank release=false allocation_calls=12 allocated_bytes=392 peak_requested_bytes=312 retained_admitted_bytes=4264 peak_admitted_bytes=4288 work=4
RANK_WCC_INPUT_LIFETIME n=1 degree=1 kind=PageRank release=true allocation_calls=12 allocated_bytes=392 peak_requested_bytes=304 retained_admitted_bytes=4264 peak_admitted_bytes=4264 work=4
RANK_WCC_INPUT_LIFETIME n=1 degree=1 kind=Residual release=false allocation_calls=17 allocated_bytes=698 peak_requested_bytes=618 retained_admitted_bytes=4722 peak_admitted_bytes=4746 work=4
RANK_WCC_INPUT_LIFETIME n=1 degree=1 kind=Residual release=true allocation_calls=17 allocated_bytes=698 peak_requested_bytes=594 retained_admitted_bytes=4722 peak_admitted_bytes=4722 work=4
RANK_WCC_INPUT_LIFETIME n=1 degree=1 kind=Reference release=false allocation_calls=17 allocated_bytes=912 peak_requested_bytes=832 retained_admitted_bytes=5104 peak_admitted_bytes=5128 work=4
RANK_WCC_INPUT_LIFETIME n=1 degree=1 kind=Reference release=true allocation_calls=17 allocated_bytes=912 peak_requested_bytes=808 retained_admitted_bytes=5104 peak_admitted_bytes=5104 work=4
RANK_WCC_INPUT_LIFETIME n=1 degree=1 kind=Star release=false allocation_calls=17 allocated_bytes=912 peak_requested_bytes=832 retained_admitted_bytes=5104 peak_admitted_bytes=5128 work=4
RANK_WCC_INPUT_LIFETIME n=1 degree=1 kind=Star release=true allocation_calls=17 allocated_bytes=912 peak_requested_bytes=808 retained_admitted_bytes=5104 peak_admitted_bytes=5104 work=4
RANK_WCC_INPUT_LIFETIME n=1 degree=8 kind=PageRank release=false allocation_calls=12 allocated_bytes=560 peak_requested_bytes=480 retained_admitted_bytes=4320 peak_admitted_bytes=4456 work=18
RANK_WCC_INPUT_LIFETIME n=1 degree=8 kind=PageRank release=true allocation_calls=12 allocated_bytes=560 peak_requested_bytes=472 retained_admitted_bytes=4320 peak_admitted_bytes=4424 work=18
RANK_WCC_INPUT_LIFETIME n=1 degree=8 kind=Residual release=false allocation_calls=17 allocated_bytes=866 peak_requested_bytes=786 retained_admitted_bytes=4778 peak_admitted_bytes=4914 work=18
RANK_WCC_INPUT_LIFETIME n=1 degree=8 kind=Residual release=true allocation_calls=17 allocated_bytes=866 peak_requested_bytes=650 retained_admitted_bytes=4778 peak_admitted_bytes=4778 work=18
RANK_WCC_INPUT_LIFETIME n=1 degree=8 kind=Reference release=false allocation_calls=17 allocated_bytes=1080 peak_requested_bytes=1000 retained_admitted_bytes=5160 peak_admitted_bytes=5296 work=18
RANK_WCC_INPUT_LIFETIME n=1 degree=8 kind=Reference release=true allocation_calls=17 allocated_bytes=1080 peak_requested_bytes=864 retained_admitted_bytes=5160 peak_admitted_bytes=5160 work=18
RANK_WCC_INPUT_LIFETIME n=1 degree=8 kind=Star release=false allocation_calls=17 allocated_bytes=1080 peak_requested_bytes=1000 retained_admitted_bytes=5160 peak_admitted_bytes=5296 work=18
RANK_WCC_INPUT_LIFETIME n=1 degree=8 kind=Star release=true allocation_calls=17 allocated_bytes=1080 peak_requested_bytes=864 retained_admitted_bytes=5160 peak_admitted_bytes=5160 work=18
RANK_WCC_INPUT_LIFETIME n=1024 degree=0 kind=PageRank release=false allocation_calls=10 allocated_bytes=33104 peak_requested_bytes=33024 retained_admitted_bytes=28808 peak_admitted_bytes=69640 work=2048
RANK_WCC_INPUT_LIFETIME n=1024 degree=0 kind=PageRank release=true allocation_calls=10 allocated_bytes=33104 peak_requested_bytes=24832 retained_admitted_bytes=28808 peak_admitted_bytes=69640 work=2048
RANK_WCC_INPUT_LIFETIME n=1024 degree=0 kind=Residual release=false allocation_calls=15 allocated_bytes=43640 peak_requested_bytes=43560 retained_admitted_bytes=39496 peak_admitted_bytes=69640 work=2048
RANK_WCC_INPUT_LIFETIME n=1024 degree=0 kind=Residual release=true allocation_calls=15 allocated_bytes=43640 peak_requested_bytes=35368 retained_admitted_bytes=39496 peak_admitted_bytes=69640 work=2048
RANK_WCC_INPUT_LIFETIME n=1024 degree=0 kind=Reference release=false allocation_calls=15 allocated_bytes=33624 peak_requested_bytes=33544 retained_admitted_bytes=29648 peak_admitted_bytes=69640 work=2048
RANK_WCC_INPUT_LIFETIME n=1024 degree=0 kind=Reference release=true allocation_calls=15 allocated_bytes=33624 peak_requested_bytes=25352 retained_admitted_bytes=29648 peak_admitted_bytes=69640 work=2048
RANK_WCC_INPUT_LIFETIME n=1024 degree=0 kind=Star release=false allocation_calls=15 allocated_bytes=33624 peak_requested_bytes=33544 retained_admitted_bytes=29648 peak_admitted_bytes=69640 work=2048
RANK_WCC_INPUT_LIFETIME n=1024 degree=0 kind=Star release=true allocation_calls=15 allocated_bytes=33624 peak_requested_bytes=25352 retained_admitted_bytes=29648 peak_admitted_bytes=69640 work=2048
RANK_WCC_INPUT_LIFETIME n=1024 degree=1 kind=PageRank release=false allocation_calls=12 allocated_bytes=57680 peak_requested_bytes=57600 retained_admitted_bytes=37000 peak_admitted_bytes=102408 work=4096
RANK_WCC_INPUT_LIFETIME n=1024 degree=1 kind=PageRank release=true allocation_calls=12 allocated_bytes=57680 peak_requested_bytes=49408 retained_admitted_bytes=37000 peak_admitted_bytes=102408 work=4096
test prepare_preserves_input_validation_and_cancellation_errors ... ok
test release_creates_finish_headroom_while_the_blocker_remains_live ... ok
RANK_WCC_INPUT_LIFETIME n=1024 degree=1 kind=Residual release=false allocation_calls=17 allocated_bytes=68216 peak_requested_bytes=68136 retained_admitted_bytes=47688 peak_admitted_bytes=102408 work=4096
RANK_WCC_INPUT_LIFETIME n=1024 degree=1 kind=Residual release=true allocation_calls=17 allocated_bytes=68216 peak_requested_bytes=49408 retained_admitted_bytes=47688 peak_admitted_bytes=102408 work=4096
RANK_WCC_INPUT_LIFETIME n=1024 degree=1 kind=Reference release=false allocation_calls=17 allocated_bytes=58200 peak_requested_bytes=58120 retained_admitted_bytes=37840 peak_admitted_bytes=102408 work=4096
RANK_WCC_INPUT_LIFETIME n=1024 degree=1 kind=Reference release=true allocation_calls=17 allocated_bytes=58200 peak_requested_bytes=49408 retained_admitted_bytes=37840 peak_admitted_bytes=102408 work=4096
RANK_WCC_INPUT_LIFETIME n=1024 degree=1 kind=Star release=false allocation_calls=17 allocated_bytes=58200 peak_requested_bytes=58120 retained_admitted_bytes=37840 peak_admitted_bytes=102408 work=4096
RANK_WCC_INPUT_LIFETIME n=1024 degree=1 kind=Star release=true allocation_calls=17 allocated_bytes=58200 peak_requested_bytes=49408 retained_admitted_bytes=37840 peak_admitted_bytes=102408 work=4096
RANK_WCC_INPUT_LIFETIME n=1024 degree=8 kind=PageRank release=false allocation_calls=12 allocated_bytes=229712 peak_requested_bytes=229632 retained_admitted_bytes=94344 peak_admitted_bytes=331784 work=18432
RANK_WCC_INPUT_LIFETIME n=1024 degree=8 kind=PageRank release=true allocation_calls=12 allocated_bytes=229712 peak_requested_bytes=221440 retained_admitted_bytes=94344 peak_admitted_bytes=331784 work=18432
RANK_WCC_INPUT_LIFETIME n=1024 degree=8 kind=Residual release=false allocation_calls=17 allocated_bytes=240248 peak_requested_bytes=240168 retained_admitted_bytes=105032 peak_admitted_bytes=331784 work=18432
RANK_WCC_INPUT_LIFETIME n=1024 degree=8 kind=Residual release=true allocation_calls=17 allocated_bytes=240248 peak_requested_bytes=221440 retained_admitted_bytes=105032 peak_admitted_bytes=331784 work=18432
RANK_WCC_INPUT_LIFETIME n=1024 degree=8 kind=Reference release=false allocation_calls=17 allocated_bytes=230232 peak_requested_bytes=230152 retained_admitted_bytes=95184 peak_admitted_bytes=331784 work=18432
RANK_WCC_INPUT_LIFETIME n=1024 degree=8 kind=Reference release=true allocation_calls=17 allocated_bytes=230232 peak_requested_bytes=221440 retained_admitted_bytes=95184 peak_admitted_bytes=331784 work=18432
RANK_WCC_INPUT_LIFETIME n=1024 degree=8 kind=Star release=false allocation_calls=17 allocated_bytes=230232 peak_requested_bytes=230152 retained_admitted_bytes=95184 peak_admitted_bytes=331784 work=18432
RANK_WCC_INPUT_LIFETIME n=1024 degree=8 kind=Star release=true allocation_calls=17 allocated_bytes=230232 peak_requested_bytes=221440 retained_admitted_bytes=95184 peak_admitted_bytes=331784 work=18432
RANK_WCC_INPUT_LIFETIME n=65536 degree=0 kind=PageRank release=false allocation_calls=10 allocated_bytes=2097488 peak_requested_bytes=2097408 retained_admitted_bytes=1577096 peak_admitted_bytes=4198408 work=131072
RANK_WCC_INPUT_LIFETIME n=65536 degree=0 kind=PageRank release=true allocation_calls=10 allocated_bytes=2097488 peak_requested_bytes=1573120 retained_admitted_bytes=1577096 peak_admitted_bytes=4198408 work=131072
RANK_WCC_INPUT_LIFETIME n=65536 degree=0 kind=Residual release=false allocation_calls=15 allocated_bytes=2753144 peak_requested_bytes=2753064 retained_admitted_bytes=2232904 peak_admitted_bytes=4198408 work=131072
RANK_WCC_INPUT_LIFETIME n=65536 degree=0 kind=Residual release=true allocation_calls=15 allocated_bytes=2753144 peak_requested_bytes=2228776 retained_admitted_bytes=2232904 peak_admitted_bytes=4198408 work=131072
RANK_WCC_INPUT_LIFETIME n=65536 degree=0 kind=Reference release=false allocation_calls=15 allocated_bytes=2098008 peak_requested_bytes=2097928 retained_admitted_bytes=1577936 peak_admitted_bytes=4198408 work=131072
RANK_WCC_INPUT_LIFETIME n=65536 degree=0 kind=Reference release=true allocation_calls=15 allocated_bytes=2098008 peak_requested_bytes=1573640 retained_admitted_bytes=1577936 peak_admitted_bytes=4198408 work=131072
RANK_WCC_INPUT_LIFETIME n=65536 degree=0 kind=Star release=false allocation_calls=15 allocated_bytes=2098008 peak_requested_bytes=2097928 retained_admitted_bytes=1577936 peak_admitted_bytes=4198408 work=131072
RANK_WCC_INPUT_LIFETIME n=65536 degree=0 kind=Star release=true allocation_calls=15 allocated_bytes=2098008 peak_requested_bytes=1573640 retained_admitted_bytes=1577936 peak_admitted_bytes=4198408 work=131072
RANK_WCC_INPUT_LIFETIME n=65536 degree=1 kind=PageRank release=false allocation_calls=12 allocated_bytes=3670352 peak_requested_bytes=3670272 retained_admitted_bytes=2101384 peak_admitted_bytes=6295560 work=262144
RANK_WCC_INPUT_LIFETIME n=65536 degree=1 kind=PageRank release=true allocation_calls=12 allocated_bytes=3670352 peak_requested_bytes=3145984 retained_admitted_bytes=2101384 peak_admitted_bytes=6295560 work=262144
RANK_WCC_INPUT_LIFETIME n=65536 degree=1 kind=Residual release=false allocation_calls=17 allocated_bytes=4326008 peak_requested_bytes=4325928 retained_admitted_bytes=2757192 peak_admitted_bytes=6295560 work=262144
RANK_WCC_INPUT_LIFETIME n=65536 degree=1 kind=Residual release=true allocation_calls=17 allocated_bytes=4326008 peak_requested_bytes=3145984 retained_admitted_bytes=2757192 peak_admitted_bytes=6295560 work=262144
RANK_WCC_INPUT_LIFETIME n=65536 degree=1 kind=Reference release=false allocation_calls=17 allocated_bytes=3670872 peak_requested_bytes=3670792 retained_admitted_bytes=2102224 peak_admitted_bytes=6295560 work=262144
RANK_WCC_INPUT_LIFETIME n=65536 degree=1 kind=Reference release=true allocation_calls=17 allocated_bytes=3670872 peak_requested_bytes=3145984 retained_admitted_bytes=2102224 peak_admitted_bytes=6295560 work=262144
RANK_WCC_INPUT_LIFETIME n=65536 degree=1 kind=Star release=false allocation_calls=17 allocated_bytes=3670872 peak_requested_bytes=3670792 retained_admitted_bytes=2102224 peak_admitted_bytes=6295560 work=262144
RANK_WCC_INPUT_LIFETIME n=65536 degree=1 kind=Star release=true allocation_calls=17 allocated_bytes=3670872 peak_requested_bytes=3145984 retained_admitted_bytes=2102224 peak_admitted_bytes=6295560 work=262144
RANK_WCC_INPUT_LIFETIME n=65536 degree=8 kind=PageRank release=false allocation_calls=12 allocated_bytes=14680400 peak_requested_bytes=14680320 retained_admitted_bytes=5771400 peak_admitted_bytes=20975624 work=1179648
RANK_WCC_INPUT_LIFETIME n=65536 degree=8 kind=PageRank release=true allocation_calls=12 allocated_bytes=14680400 peak_requested_bytes=14156032 retained_admitted_bytes=5771400 peak_admitted_bytes=20975624 work=1179648
RANK_WCC_INPUT_LIFETIME n=65536 degree=8 kind=Residual release=false allocation_calls=17 allocated_bytes=15336056 peak_requested_bytes=15335976 retained_admitted_bytes=6427208 peak_admitted_bytes=20975624 work=1179648
RANK_WCC_INPUT_LIFETIME n=65536 degree=8 kind=Residual release=true allocation_calls=17 allocated_bytes=15336056 peak_requested_bytes=14156032 retained_admitted_bytes=6427208 peak_admitted_bytes=20975624 work=1179648
RANK_WCC_INPUT_LIFETIME n=65536 degree=8 kind=Reference release=false allocation_calls=17 allocated_bytes=14680920 peak_requested_bytes=14680840 retained_admitted_bytes=5772240 peak_admitted_bytes=20975624 work=1179648
RANK_WCC_INPUT_LIFETIME n=65536 degree=8 kind=Reference release=true allocation_calls=17 allocated_bytes=14680920 peak_requested_bytes=14156032 retained_admitted_bytes=5772240 peak_admitted_bytes=20975624 work=1179648
RANK_WCC_INPUT_LIFETIME n=65536 degree=8 kind=Star release=false allocation_calls=17 allocated_bytes=14680920 peak_requested_bytes=14680840 retained_admitted_bytes=5772240 peak_admitted_bytes=20975624 work=1179648
RANK_WCC_INPUT_LIFETIME n=65536 degree=8 kind=Star release=true allocation_calls=17 allocated_bytes=14680920 peak_requested_bytes=14156032 retained_admitted_bytes=5772240 peak_admitted_bytes=20975624 work=1179648
test release_reduces_heap_overlap_without_changing_allocation_volume_or_work ... ok

test result: ok. 3 passed; 0 failed; 0 ignored; 0 measured; 0 filtered out; finished in 0.06s

     Running tests/rank_wcc_initialization_protocol.rs (/private/tmp/sail-sssp-candidate-target/core/release/deps/rank_wcc_initialization_protocol-a7708208a1de349f)

running 2 tests
test prepared_pagerank_preserves_float_bits_message_order_and_empty_owners ... ok
test prepared_wcc_preserves_both_protocol_traces_and_independent_components ... ok

test result: ok. 2 passed; 0 failed; 0 ignored; 0 measured; 0 filtered out; finished in 0.00s

     Running tests/rank_wcc_lease.rs (/private/tmp/sail-sssp-candidate-target/core/release/deps/rank_wcc_lease-327c86a4d0f5763f)

running 4 tests
WCC_SUCCESSFUL_DROP algorithm=Reference bytes_at_lease_release=0 final_live_bytes=0
WCC_SUCCESSFUL_DROP algorithm=StarContraction bytes_at_lease_release=0 final_live_bytes=0
test prepared_sole_owner_abandon_cancel_failure_and_success_drop_in_order ... ok
test successful_pagerank_sole_owner_releases_storage_before_host_lease ... ok
test successful_wcc_reference_sole_owner_releases_storage_before_host_lease ... ok
test successful_wcc_star_sole_owner_releases_storage_before_host_lease ... ok

test result: ok. 4 passed; 0 failed; 0 ignored; 0 measured; 0 filtered out; finished in 0.00s

     Running tests/residual_initialization.rs (/private/tmp/sail-sssp-candidate-target/core/release/deps/residual_initialization-d5102692078b4470)

running 1 test
test prepared_residual_pagerank_preserves_exact_message_and_state_bits ... ok

test result: ok. 1 passed; 0 failed; 0 ignored; 0 measured; 0 filtered out; finished in 0.00s

     Running tests/scheduler_probe.rs (/private/tmp/sail-sssp-candidate-target/core/release/deps/scheduler_probe-427e0a944a12bca4)

running 13 tests
test original_task_assigner::core::tests::assignments_prefer_workers_with_more_free_slots ... ok
test original_task_assigner::core::tests::capacity_check_allows_unlimited_workers_and_large_limits ... ok
test original_task_assigner::core::tests::assignments_spread_across_workers_with_excess_capacity ... ok
SCALAR_STAGE_COUNTEREXAMPLE partition=0 before=0 after=1
test original_task_assigner::core::tests::capacity_check_counts_worker_sets_only ... ok
AFFINITY_COUNTEREXAMPLE initial=2 next=1
test original_task_assigner::core::tests::impossible_regions_are_rejected_even_behind_waiting_regions ... ok
test original_task_assigner::core::tests::initial_workers_respect_the_worker_limit ... ok
test original_task_assigner::core::tests::regions_wait_for_capacity_without_partial_assignment ... ok
test original_task_assigner::core::tests::worker_demand_accounts_for_vacant_slots ... ok
test original_task_assigner::core::tests::worker_demand_respects_active_worker_limit ... ok
test retained_native_adjacency_has_no_existing_idle_worker_pin ... ok
test stage_group::equal_width_stages_share_partition_owners_within_one_region ... ok
test stage_group::scalar_stage_can_shift_ownership_even_inside_one_region ... ok
test subsequent_query_can_move_the_same_partition_to_another_worker ... ok

test result: ok. 13 passed; 0 failed; 0 ignored; 0 measured; 0 filtered out; finished in 0.00s

     Running tests/sssp.rs (/private/tmp/sail-sssp-candidate-target/core/release/deps/sssp-5ce93b9f86bdb1bd)

running 17 tests
SSSP_DONE_COUNTERS algorithm=Reference vertices=16 partitions=1 relays=4 work_units=8 peak_admitted_bytes=2728
test cap_has_complete_topology_and_no_partial_result ... ok
test done::done_publication_still_requires_local_eof_admission_and_cancellation_checks ... ok
test delta_star_reactivates_an_already_expanded_vertex_inside_one_bucket ... ok
test dropping_incomplete_cursor_cancels_shared_domain_and_releases_snapshots ... ok
test done::done_statistics_still_obey_the_shared_work_limit ... ok
test protocol::contribution_sequence_origin_mode_bucket_and_eof_are_enforced ... ok
test protocol::incomplete_and_replayed_statistics_poison_the_partition ... ok
test protocol::truncated_producer_and_late_message_cannot_publish_state ... ok
test protocol::overflow_and_successor_admission_fail_without_partial_publication ... ok
test retained_certified_rows_hold_storage_and_host_lease_until_final_drop ... ok
test unknown_unreachable_destination_and_missing_source_fail_topology_or_statistics ... ok
test done::done_relays_reject_missing_replayed_foreign_and_nonempty_producers ... ok
test initialization::prepared_sssp_preserves_exact_labels_and_protocol_trace ... ok
SSSP_DONE_COUNTERS algorithm=Reference vertices=65536 partitions=1 relays=4 work_units=8 peak_admitted_bytes=2728
SSSP_DONE_COUNTERS algorithm=Reference vertices=65536 partitions=1 relays=4 work_units=8 peak_admitted_bytes=2728
test both_methods_match_independent_dijkstra_across_owners_and_bucket_widths ... ok
SSSP_DONE_COUNTERS algorithm=Reference vertices=16 partitions=3 relays=4 work_units=72 peak_admitted_bytes=8120
SSSP_DONE_COUNTERS algorithm=Reference vertices=65536 partitions=3 relays=4 work_units=72 peak_admitted_bytes=8120
SSSP_DONE_COUNTERS algorithm=Reference vertices=65536 partitions=3 relays=4 work_units=72 peak_admitted_bytes=8120
SSSP_DONE_COUNTERS algorithm=Reference vertices=65536 partitions=8 relays=4 work_units=512 peak_admitted_bytes=22720
SSSP_DONE_COUNTERS algorithm=Reference vertices=16 partitions=8 relays=4 work_units=512 peak_admitted_bytes=22720
SSSP_DONE_COUNTERS algorithm=Reference vertices=65536 partitions=8 relays=4 work_units=512 peak_admitted_bytes=22720
SSSP_DONE_COUNTERS algorithm=Reference vertices=65536 partitions=32 relays=4 work_units=8192 peak_admitted_bytes=115072
SSSP_DONE_COUNTERS algorithm=DeltaStar vertices=65536 partitions=1 relays=4 work_units=8 peak_admitted_bytes=2728
SSSP_DONE_COUNTERS algorithm=Reference vertices=16 partitions=32 relays=4 work_units=8192 peak_admitted_bytes=115072
SSSP_DONE_COUNTERS algorithm=DeltaStar vertices=65536 partitions=3 relays=4 work_units=72 peak_admitted_bytes=8120
SSSP_DONE_COUNTERS algorithm=DeltaStar vertices=65536 partitions=8 relays=4 work_units=512 peak_admitted_bytes=22720
SSSP_DONE_COUNTERS algorithm=Reference vertices=65536 partitions=32 relays=4 work_units=8192 peak_admitted_bytes=115072
SSSP_DONE_COUNTERS algorithm=DeltaStar vertices=16 partitions=1 relays=4 work_units=8 peak_admitted_bytes=2728
SSSP_DONE_COUNTERS algorithm=DeltaStar vertices=65536 partitions=1 relays=4 work_units=8 peak_admitted_bytes=2728
SSSP_DONE_COUNTERS algorithm=DeltaStar vertices=16 partitions=3 relays=4 work_units=72 peak_admitted_bytes=8120
SSSP_DONE_COUNTERS algorithm=DeltaStar vertices=65536 partitions=32 relays=4 work_units=8192 peak_admitted_bytes=115072
SSSP_DONE_COUNTERS algorithm=DeltaStar vertices=65536 partitions=3 relays=4 work_units=72 peak_admitted_bytes=8120
test done::done_relays_fit_partition_sized_headroom_with_exact_results ... ok
SSSP_DONE_COUNTERS algorithm=DeltaStar vertices=16 partitions=8 relays=4 work_units=512 peak_admitted_bytes=22720
SSSP_DONE_COUNTERS algorithm=DeltaStar vertices=65536 partitions=8 relays=4 work_units=512 peak_admitted_bytes=22720
SSSP_DONE_COUNTERS algorithm=DeltaStar vertices=16 partitions=32 relays=4 work_units=8192 peak_admitted_bytes=115072
SSSP_DONE_COUNTERS algorithm=DeltaStar vertices=65536 partitions=32 relays=4 work_units=8192 peak_admitted_bytes=115072
test done::done_relay_cost_is_independent_of_vertex_count ... ok
test varied_weighted_graphs_match_oracle_with_skew_and_empty_owners ... ok

test result: ok. 17 passed; 0 failed; 0 ignored; 0 measured; 0 filtered out; finished in 0.54s

     Running tests/sssp_primitives.rs (/private/tmp/sail-sssp-candidate-target/core/release/deps/sssp_primitives-ad49bae07b96130c)

running 5 tests
test path_order_prioritizes_distance_hops_then_signed_parent ... ok
test rejected_weights_sources_and_owners_release_all_build_admission ... ok
test candidate_and_bucket_overflow_are_errors_without_saturation ... ok
test weighted_build_respects_quota_and_preexisting_cancellation ... ok
test weighted_csr_retains_exact_arc_weight_pairs_duplicates_and_signed_ids ... ok

test result: ok. 5 passed; 0 failed; 0 ignored; 0 measured; 0 filtered out; finished in 0.00s

     Running tests/wcc.rs (/private/tmp/sail-sssp-candidate-target/core/release/deps/wcc-bf1eafc625ab1348)

running 8 tests
test no_hook_round_is_counted_and_does_not_claim_convergence ... ok
test phase_bounds_and_zero_edge_certification ... ok
test reference_cap_needs_zero_change_round ... ok
test representative_is_not_the_final_minimum_label ... ok
test zero_reference_cap_reports_unattempted_certificate_without_fabricated_count ... ok
test fixed_coin_bits_and_star_snapshots_ignore_partition_and_input_order ... ok
test chains_stars_cycles_and_disconnected_components_match_union_find ... ok
test exact_signed_labels_across_owner_counts_seeds_duplicates_loops_and_isolates ... ok

test result: ok. 8 passed; 0 failed; 0 ignored; 0 measured; 0 filtered out; finished in 0.03s

     Running tests/wcc_inbox.rs (/private/tmp/sail-sssp-candidate-target/core/release/deps/wcc_inbox-a800a36898c053bf)

running 5 tests
WCC_INBOX_COUNTER algorithm=Reference mode=Reference vertices=1024 arcs=3 partitions=3 allocation_calls=51 allocated_bytes=19471 peak_admitted_bytes=24336
WCC_INBOX_COUNTER algorithm=Reference mode=Done vertices=1 arcs=0 partitions=3 allocation_calls=48 allocated_bytes=3087 peak_admitted_bytes=7952
WCC_INBOX_COUNTER algorithm=Reference mode=Topology vertices=1 arcs=0 partitions=3 allocation_calls=48 allocated_bytes=3087 peak_admitted_bytes=7952
WCC_INBOX_COUNTER algorithm=Reference mode=Topology vertices=1024 arcs=3 partitions=3 allocation_calls=48 allocated_bytes=3087 peak_admitted_bytes=7952
WCC_INBOX_COUNTER algorithm=Reference mode=Done vertices=1024 arcs=3 partitions=3 allocation_calls=48 allocated_bytes=3087 peak_admitted_bytes=7952
WCC_INBOX_COUNTER algorithm=Reference mode=Reference vertices=65536 arcs=3 partitions=3 allocation_calls=51 allocated_bytes=1051663 peak_admitted_bytes=1056528
WCC_INBOX_COUNTER algorithm=Reference mode=Topology vertices=65536 arcs=3 partitions=3 allocation_calls=48 allocated_bytes=3087 peak_admitted_bytes=7952
WCC_INBOX_COUNTER algorithm=Reference mode=Done vertices=65536 arcs=3 partitions=3 allocation_calls=48 allocated_bytes=3087 peak_admitted_bytes=7952
WCC_INBOX_COUNTER algorithm=Reference mode=Done vertices=65536 arcs=3 partitions=3 allocation_calls=48 allocated_bytes=3087 peak_admitted_bytes=7952
test omitted_labels_still_reject_payloads_before_indexing ... ok
WCC_INBOX_COUNTER algorithm=StarContraction mode=Neighbors vertices=1024 arcs=3 partitions=3 allocation_calls=51 allocated_bytes=19471 peak_admitted_bytes=24336
WCC_INBOX_COUNTER algorithm=StarContraction mode=Done vertices=1 arcs=0 partitions=3 allocation_calls=48 allocated_bytes=3087 peak_admitted_bytes=7952
WCC_INBOX_COUNTER algorithm=StarContraction mode=Done vertices=1024 arcs=3 partitions=3 allocation_calls=48 allocated_bytes=3087 peak_admitted_bytes=7952
WCC_INBOX_COUNTER algorithm=StarContraction mode=Neighbors vertices=65536 arcs=3 partitions=3 allocation_calls=51 allocated_bytes=1051663 peak_admitted_bytes=1056528
WCC_INBOX_COUNTER algorithm=StarContraction mode=Topology vertices=1 arcs=0 partitions=3 allocation_calls=48 allocated_bytes=3087 peak_admitted_bytes=7952
WCC_INBOX_COUNTER algorithm=StarContraction mode=Topology vertices=1024 arcs=3 partitions=3 allocation_calls=48 allocated_bytes=3087 peak_admitted_bytes=7952
WCC_INBOX_COUNTER algorithm=StarContraction mode=Topology vertices=65536 arcs=3 partitions=3 allocation_calls=48 allocated_bytes=3087 peak_admitted_bytes=7952
WCC_INBOX_COUNTER algorithm=StarContraction mode=Done vertices=65536 arcs=3 partitions=3 allocation_calls=48 allocated_bytes=3087 peak_admitted_bytes=7952
test topology_has_no_label_storage ... ok
test done_inboxes_fit_protocol_sized_headroom ... ok
WCC_INBOX_COUNTER algorithm=StarContraction mode=Done vertices=65536 arcs=3 partitions=3 allocation_calls=48 allocated_bytes=3087 peak_admitted_bytes=7952
WCC_INBOX_COUNTER algorithm=StarContraction mode=HookRoute vertices=1024 arcs=3 partitions=3 allocation_calls=51 allocated_bytes=19471 peak_admitted_bytes=24336
WCC_INBOX_COUNTER algorithm=StarContraction mode=HookRoute vertices=65536 arcs=3 partitions=3 allocation_calls=51 allocated_bytes=1051663 peak_admitted_bytes=1056528
test done_inboxes_are_independent_of_vertices_and_retained_topology ... ok
WCC_INBOX_COUNTER algorithm=StarContraction mode=HookReturn vertices=1024 arcs=3 partitions=3 allocation_calls=51 allocated_bytes=19471 peak_admitted_bytes=24336
WCC_INBOX_COUNTER algorithm=StarContraction mode=HookReturn vertices=65536 arcs=3 partitions=3 allocation_calls=51 allocated_bytes=1051663 peak_admitted_bytes=1056528
WCC_INBOX_COUNTER algorithm=StarContraction mode=NormalizeRoute vertices=1024 arcs=0 partitions=3 allocation_calls=51 allocated_bytes=19471 peak_admitted_bytes=24336
WCC_INBOX_COUNTER algorithm=StarContraction mode=NormalizeRoute vertices=65536 arcs=0 partitions=3 allocation_calls=51 allocated_bytes=1051663 peak_admitted_bytes=1056528
WCC_INBOX_COUNTER algorithm=StarContraction mode=NormalizeReturn vertices=1024 arcs=0 partitions=3 allocation_calls=51 allocated_bytes=19471 peak_admitted_bytes=24336
WCC_INBOX_COUNTER algorithm=StarContraction mode=NormalizeReturn vertices=65536 arcs=0 partitions=3 allocation_calls=51 allocated_bytes=1051663 peak_admitted_bytes=1056528
test all_active_modes_keep_required_label_buffers ... ok

test result: ok. 5 passed; 0 failed; 0 ignored; 0 measured; 0 filtered out; finished in 0.73s

     Running tests/wcc_protocol.rs (/private/tmp/sail-sssp-candidate-target/core/release/deps/wcc_protocol-f155b5bc812b0f74)

running 8 tests
test duplicate_missing_foreign_option_and_late_statistics_poison_state ... ok
test duplicate_or_misowned_vertices_and_global_cardinality_are_rejected ... ok
test duplicated_member_assignment_and_missing_member_block_commit ... ok
test early_result_incomplete_or_forged_completion_cannot_certify ... ok
test false_global_zero_change_claim_does_not_override_full_edge_certificate ... ok
test origin_and_dimensions_must_remain_pinned ... ok
test replay_misroute_wrong_mode_and_late_messages_are_rejected ... ok
test unknown_destination_in_disconnected_component_fails_topology ... ok

test result: ok. 8 passed; 0 failed; 0 ignored; 0 measured; 0 filtered out; finished in 0.00s

     Running tests/wcc_resources.rs (/private/tmp/sail-sssp-candidate-target/core/release/deps/wcc_resources-d04fec285d356093)

running 6 tests
test message_admission_failure_cannot_resume_cursor_and_skip_an_edge ... ok
test quota_failure_during_start_receive_and_publish_preserves_committed_roots ... ok
test done_relays_have_no_graph_work_and_cancellation_blocks_publication ... ok
test retained_statistics_result_and_message_keep_lease_until_last_owner ... ok
test bounded_one_message_channel_all_star_phases_release_owner_lock ... ok
test skewed_component_member_growth_is_admitted_before_replacement ... ok

test result: ok. 6 passed; 0 failed; 0 ignored; 0 measured; 0 filtered out; finished in 0.00s

   Doc-tests sail_argentea_core

running 0 tests

test result: ok. 0 passed; 0 failed; 0 ignored; 0 measured; 0 filtered out; finished in 0.00s

