    Checking smallvec v1.16.1
    Checking log v0.4.34
    Checking serde_json v1.0.151
    Checking futures-executor v0.3.34
    Checking num-bigint v0.4.8
   Compiling sail-common-datafusion v0.7.1 (/private/tmp/sail-parquet-float-statistics-gate/crates/sail-common-datafusion)
    Checking tracing v0.1.44
    Checking parking_lot_core v0.9.12
    Checking rustls v0.23.45
    Checking icu_normalizer v2.2.0
    Checking parking_lot v0.12.5
    Checking tokio v1.53.1
    Checking idna_adapter v1.2.2
    Checking crossterm v0.29.0
    Checking arrow-schema v59.3.0
    Checking idna v1.1.0
    Checking futures v0.3.34
    Checking comfy-table v7.2.2
    Checking dashmap v6.2.1
    Checking url v2.5.8
    Checking axum-core v0.5.6
    Checking fixed_decimal v0.5.6
    Checking fastrace v0.7.19
    Checking icu_plurals v1.5.0
    Checking arrow-data v59.3.0
    Checking icu_decimal v1.5.0
    Checking icu_normalizer v1.5.0
    Checking icu_datetime v1.5.1
    Checking arrow-array v59.3.0
    Checking icu_collator v1.5.0
    Checking num-rational v0.4.2
    Checking num v0.4.3
   Compiling sail-sql-parser v0.7.1 (/private/tmp/sail-parquet-float-statistics-gate/crates/sail-sql-parser)
    Checking sail-native-resource-ffi v0.1.0 (/private/tmp/sail-parquet-float-statistics-gate/crates/sail-native-resource-ffi)
   Compiling sail-sql-macro v0.7.1 (/private/tmp/sail-parquet-float-statistics-gate/crates/sail-sql-macro)
    Checking bigdecimal v0.4.10
    Checking tokio-util v0.7.19
    Checking tokio-rustls v0.26.4
    Checking arrow-select v59.3.0
    Checking arrow-row v59.3.0
    Checking h2 v0.4.15
    Checking tower v0.5.3
    Checking arrow-arith v59.3.0
    Checking datafusion-common-runtime v55.1.0
    Checking async-compression v0.4.43
    Checking arrow-ord v59.3.0
    Checking arrow-ipc v59.3.0
    Checking arrow-string v59.3.0
    Checking arrow-cast v59.3.0
    Checking tower-http v0.6.11
    Checking aws-smithy-async v1.3.0
    Checking tokio-stream v0.1.19
    Checking aws-smithy-runtime-api v1.17.0
    Checking arrow-avro v59.3.0
    Checking marrow v0.2.7
    Checking arrow-json v59.3.0
    Checking arrow-csv v59.3.0
    Checking aws-smithy-schema v0.2.0
    Checking aws-credential-types v1.3.0
    Checking arrow v59.3.0
    Checking hyper v1.11.0
    Checking aws-smithy-http v0.64.0
    Checking aws-smithy-observability v0.3.0
    Checking aws-types v1.6.0
    Checking parquet-variant v59.3.0
    Checking aws-sigv4 v1.5.1
    Checking aws-smithy-json v0.63.0
    Checking aws-smithy-xml v0.62.0
    Checking serde_arrow v0.14.2
    Checking parquet-variant-json v59.3.0
    Checking parquet-variant-compute v59.3.0
    Checking aws-smithy-query v0.62.0
    Checking hdfs-native v0.13.5
    Checking hyper-util v0.1.20
    Checking moka v0.12.16
    Checking hyper-rustls v0.27.9
    Checking reqwest v0.12.28
    Checking axum v0.8.9
    Checking object_store v0.13.2
    Checking hyper-timeout v0.5.2
    Checking aws-smithy-http-client v1.4.0
    Checking hf-hub v0.5.0
    Checking aws-smithy-runtime v1.14.0
    Checking tonic v0.14.6
    Checking jiter v0.15.0
    Checking fastrace-futures v0.7.19
   Compiling sail-build-scripts v0.7.1 (/private/tmp/sail-parquet-float-statistics-gate/crates/sail-build-scripts)
    Checking tonic-prost v0.14.6
    Checking tonic-health v0.14.6
    Checking tonic-reflection v0.14.6
    Checking aws-runtime v1.9.2
    Checking sail-common v0.7.1 (/private/tmp/sail-parquet-float-statistics-gate/crates/sail-common)
    Checking parquet v59.3.0
    Checking aws-sdk-sts v1.114.0
    Checking aws-sdk-ssooidc v1.111.0
    Checking aws-sdk-sso v1.109.0
    Checking hdfs-native-object-store v0.16.0
    Checking aws-config v1.12.0
    Checking pyo3-ffi v0.29.2
    Checking pyo3 v0.29.2
    Checking datafusion-common v55.1.0
   Compiling sail-data-source v0.7.1 (/private/tmp/sail-parquet-float-statistics-gate/crates/sail-data-source)
    Checking arrow-pyarrow v59.3.0
    Checking datafusion-expr-common v55.1.0
    Checking datafusion-physical-expr-common v55.1.0
    Checking sail-sql-analyzer v0.7.1 (/private/tmp/sail-parquet-float-statistics-gate/crates/sail-sql-analyzer)
    Checking datafusion-functions-window-common v55.1.0
    Checking datafusion-functions-aggregate-common v55.1.0
    Checking datafusion-expr v55.1.0
    Checking icu v1.5.0
    Checking xee-interpreter v0.2.0
    Checking datafusion-physical-expr v55.1.0
    Checking datafusion-execution v55.1.0
    Checking datafusion-functions v55.1.0
    Checking xee-ir v0.1.5
    Checking xee-xpath-compiler v0.1.5
    Checking xee-xpath v0.1.5
    Checking datafusion-functions-aggregate v55.1.0
    Checking datafusion-functions-window v55.1.0
    Checking datafusion-optimizer v55.1.0
    Checking datafusion-physical-plan v55.1.0
    Checking datafusion-physical-expr-adapter v55.1.0
    Checking datafusion-functions-nested v55.1.0
    Checking datafusion-session v55.1.0
    Checking datafusion-datasource v55.1.0
    Checking datafusion-pruning v55.1.0
    Checking datafusion-catalog v55.1.0
    Checking datafusion-datasource-json v55.1.0
    Checking datafusion-datasource-csv v55.1.0
    Checking datafusion-datasource-avro v55.1.0
    Checking datafusion-datasource-arrow v55.1.0
    Checking datafusion-datasource-parquet v55.1.0
    Checking datafusion-physical-optimizer v55.1.0
    Checking datafusion-functions-table v55.1.0
    Checking datafusion-catalog-listing v55.1.0
    Checking datafusion v55.1.0
    Checking datafusion-spark v55.1.0
    Checking sail-object-store v0.7.1 (/private/tmp/sail-parquet-float-statistics-gate/crates/sail-object-store)
    Checking sail-function v0.7.1 (/private/tmp/sail-parquet-float-statistics-gate/crates/sail-function)
    Checking sail-cache v0.7.1 (/private/tmp/sail-parquet-float-statistics-gate/crates/sail-cache)
    Checking sail-catalog v0.7.1 (/private/tmp/sail-parquet-float-statistics-gate/crates/sail-catalog)
    Checking sail-logical-plan v0.7.1 (/private/tmp/sail-parquet-float-statistics-gate/crates/sail-logical-plan)
    Checking sail-physical-plan v0.7.1 (/private/tmp/sail-parquet-float-statistics-gate/crates/sail-physical-plan)
error: used `unwrap()` on a `Result` value
  --> crates/sail-data-source/src/formats/parquet/read_statistics_tests.rs:35:17
   |
35 |     let batch = RecordBatch::try_new(Arc::clone(&schema), vec![Arc::clone(&input)]).unwrap();
   |                 ^^^^^^^^^^^^^^^^^^^^^^^^^^^^^^^^^^^^^^^^^^^^^^^^^^^^^^^^^^^^^^^^^^^^^^^^^^^^
   |
   = note: if this value is an `Err`, it will panic
   = help: for further information visit https://rust-lang.github.io/rust-clippy/rust-1.97.0/index.html#unwrap_used
   = note: requested on the command line with `-D clippy::unwrap-used`

error: used `unwrap()` on a `Result` value
  --> crates/sail-data-source/src/formats/parquet/read_statistics_tests.rs:37:22
   |
37 |     let mut writer = ArrowWriter::try_new(&mut bytes, Arc::clone(&schema), None).unwrap();
   |                      ^^^^^^^^^^^^^^^^^^^^^^^^^^^^^^^^^^^^^^^^^^^^^^^^^^^^^^^^^^^^^^^^^^^^
   |
   = note: if this value is an `Err`, it will panic
   = help: for further information visit https://rust-lang.github.io/rust-clippy/rust-1.97.0/index.html#unwrap_used

error: used `unwrap()` on a `Result` value
  --> crates/sail-data-source/src/formats/parquet/read_statistics_tests.rs:38:5
   |
38 |     writer.write(&batch).unwrap();
   |     ^^^^^^^^^^^^^^^^^^^^^^^^^^^^^
   |
   = note: if this value is an `Err`, it will panic
   = help: for further information visit https://rust-lang.github.io/rust-clippy/rust-1.97.0/index.html#unwrap_used

error: used `unwrap()` on a `Result` value
  --> crates/sail-data-source/src/formats/parquet/read_statistics_tests.rs:39:5
   |
39 |     writer.close().unwrap();
   |     ^^^^^^^^^^^^^^^^^^^^^^^
   |
   = note: if this value is an `Err`, it will panic
   = help: for further information visit https://rust-lang.github.io/rust-clippy/rust-1.97.0/index.html#unwrap_used

error: used `unwrap()` on a `Result` value
  --> crates/sail-data-source/src/formats/parquet/read_statistics_tests.rs:42:19
   |
42 |       let decoded = ParquetRecordBatchReaderBuilder::try_new(bytes.clone())
   |  ___________________^
43 | |         .unwrap()
44 | |         .build()
45 | |         .unwrap()
46 | |         .collect::<Result<Vec<_>, _>>()
47 | |         .unwrap();
   | |_________________^
   |
   = note: if this value is an `Err`, it will panic
   = help: for further information visit https://rust-lang.github.io/rust-clippy/rust-1.97.0/index.html#unwrap_used

error: used `unwrap()` on a `Result` value
  --> crates/sail-data-source/src/formats/parquet/read_statistics_tests.rs:42:19
   |
42 |       let decoded = ParquetRecordBatchReaderBuilder::try_new(bytes.clone())
   |  ___________________^
43 | |         .unwrap()
44 | |         .build()
45 | |         .unwrap()
   | |_________________^
   |
   = note: if this value is an `Err`, it will panic
   = help: for further information visit https://rust-lang.github.io/rust-clippy/rust-1.97.0/index.html#unwrap_used

error: used `unwrap()` on a `Result` value
  --> crates/sail-data-source/src/formats/parquet/read_statistics_tests.rs:42:19
   |
42 |       let decoded = ParquetRecordBatchReaderBuilder::try_new(bytes.clone())
   |  ___________________^
43 | |         .unwrap()
   | |_________________^
   |
   = note: if this value is an `Err`, it will panic
   = help: for further information visit https://rust-lang.github.io/rust-clippy/rust-1.97.0/index.html#unwrap_used

error: used `unwrap()` on a `Result` value
  --> crates/sail-data-source/src/formats/parquet/read_statistics_tests.rs:48:19
   |
48 |       let decoded = concat(
   |  ___________________^
49 | |         &decoded
50 | |             .iter()
51 | |             .map(|b| b.column(0).as_ref())
...  |
54 | |     .unwrap();
   | |_____________^
   |
   = note: if this value is an `Err`, it will panic
   = help: for further information visit https://rust-lang.github.io/rust-clippy/rust-1.97.0/index.html#unwrap_used

error: used `unwrap()` on a `Result` value
  --> crates/sail-data-source/src/formats/parquet/read_statistics_tests.rs:61:5
   |
61 |     store.put(&path, bytes.into()).await.unwrap();
   |     ^^^^^^^^^^^^^^^^^^^^^^^^^^^^^^^^^^^^^^^^^^^^^
   |
   = note: if this value is an `Err`, it will panic
   = help: for further information visit https://rust-lang.github.io/rust-clippy/rust-1.97.0/index.html#unwrap_used

error: used `unwrap()` on a `Result` value
  --> crates/sail-data-source/src/formats/parquet/read_statistics_tests.rs:62:18
   |
62 |     let object = store.head(&path).await.unwrap();
   |                  ^^^^^^^^^^^^^^^^^^^^^^^^^^^^^^^^
   |
   = note: if this value is an `Err`, it will panic
   = help: for further information visit https://rust-lang.github.io/rust-clippy/rust-1.97.0/index.html#unwrap_used

error: used `unwrap()` on a `Result` value
  --> crates/sail-data-source/src/formats/parquet/read_statistics_tests.rs:63:15
   |
63 |     let url = ObjectStoreUrl::parse("memory://float-statistics").unwrap();
   |               ^^^^^^^^^^^^^^^^^^^^^^^^^^^^^^^^^^^^^^^^^^^^^^^^^^^^^^^^^^^
   |
   = note: if this value is an `Err`, it will panic
   = help: for further information visit https://rust-lang.github.io/rust-clippy/rust-1.97.0/index.html#unwrap_used

error: used `unwrap()` on a `Result` value
  --> crates/sail-data-source/src/formats/parquet/read_statistics_tests.rs:66:18
   |
66 |     let format = ParquetFormatFactory::read(&state, vec![]).unwrap();
   |                  ^^^^^^^^^^^^^^^^^^^^^^^^^^^^^^^^^^^^^^^^^^^^^^^^^^^
   |
   = note: if this value is an `Err`, it will panic
   = help: for further information visit https://rust-lang.github.io/rust-clippy/rust-1.97.0/index.html#unwrap_used

error: used `unwrap()` on a `Result` value
  --> crates/sail-data-source/src/formats/parquet/read_statistics_tests.rs:67:16
   |
67 |       let meta = format
   |  ________________^
68 | |         .infer_file_meta(
69 | |             &state,
70 | |             &store,
...  |
75 | |         .await
76 | |         .unwrap();
   | |_________________^
   |
   = note: if this value is an `Err`, it will panic
   = help: for further information visit https://rust-lang.github.io/rust-clippy/rust-1.97.0/index.html#unwrap_used

error: used `unwrap()` on a `Result` value
  --> crates/sail-data-source/src/formats/parquet/read_statistics_tests.rs:79:18
   |
79 |       let config = format
   |  __________________^
80 | |         .scan(
81 | |             &state,
82 | |             ListingScanInput {
...  |
96 | |         .await
97 | |         .unwrap();
   | |_________________^
   |
   = note: if this value is an `Err`, it will panic
   = help: for further information visit https://rust-lang.github.io/rust-clippy/rust-1.97.0/index.html#unwrap_used

error: used `unwrap()` on a `Result` value
   --> crates/sail-data-source/src/formats/parquet/read_statistics_tests.rs:98:18
    |
 98 |       let output = collect(DataSourceExec::from_data_source(config), ctx.task_ctx())
    |  __________________^
 99 | |         .await
100 | |         .unwrap();
    | |_________________^
    |
    = note: if this value is an `Err`, it will panic
    = help: for further information visit https://rust-lang.github.io/rust-clippy/rust-1.97.0/index.html#unwrap_used

error: used `unwrap()` on a `Result` value
   --> crates/sail-data-source/src/formats/parquet/read_statistics_tests.rs:101:18
    |
101 |       let output = concat(
    |  __________________^
102 | |         &output
103 | |             .iter()
104 | |             .map(|b| b.column(0).as_ref())
...   |
107 | |     .unwrap();
    | |_____________^
    |
    = note: if this value is an `Err`, it will panic
    = help: for further information visit https://rust-lang.github.io/rust-clippy/rust-1.97.0/index.html#unwrap_used

error: used `unwrap()` on a `Result` value
   --> crates/sail-data-source/src/formats/parquet/read_statistics_tests.rs:115:20
    |
115 |     let expected = cast(expected, &DataType::Float64).unwrap();
    |                    ^^^^^^^^^^^^^^^^^^^^^^^^^^^^^^^^^^^^^^^^^^^
    |
    = note: if this value is an `Err`, it will panic
    = help: for further information visit https://rust-lang.github.io/rust-clippy/rust-1.97.0/index.html#unwrap_used

error: used `unwrap()` on a `Result` value
   --> crates/sail-data-source/src/formats/parquet/read_statistics_tests.rs:116:18
    |
116 |     let actual = cast(actual, &DataType::Float64).unwrap();
    |                  ^^^^^^^^^^^^^^^^^^^^^^^^^^^^^^^^^^^^^^^^^
    |
    = note: if this value is an `Err`, it will panic
    = help: for further information visit https://rust-lang.github.io/rust-clippy/rust-1.97.0/index.html#unwrap_used

error: used `unwrap()` on an `Option` value
   --> crates/sail-data-source/src/formats/parquet/read_statistics_tests.rs:117:20
    |
117 |     let expected = expected.as_any().downcast_ref::<Float64Array>().unwrap();
    |                    ^^^^^^^^^^^^^^^^^^^^^^^^^^^^^^^^^^^^^^^^^^^^^^^^^^^^^^^^^
    |
    = note: if this value is `None`, it will panic
    = help: for further information visit https://rust-lang.github.io/rust-clippy/rust-1.97.0/index.html#unwrap_used

error: used `unwrap()` on an `Option` value
   --> crates/sail-data-source/src/formats/parquet/read_statistics_tests.rs:118:18
    |
118 |     let actual = actual.as_any().downcast_ref::<Float64Array>().unwrap();
    |                  ^^^^^^^^^^^^^^^^^^^^^^^^^^^^^^^^^^^^^^^^^^^^^^^^^^^^^^^
    |
    = note: if this value is `None`, it will panic
    = help: for further information visit https://rust-lang.github.io/rust-clippy/rust-1.97.0/index.html#unwrap_used

error: used `unwrap()` on a `Result` value
   --> crates/sail-data-source/src/formats/parquet/read_statistics_tests.rs:151:25
    |
151 |             let input = cast(&Float64Array::from(values), &data_type).unwrap();
    |                         ^^^^^^^^^^^^^^^^^^^^^^^^^^^^^^^^^^^^^^^^^^^^^^^^^^^^^^
    |
    = note: if this value is an `Err`, it will panic
    = help: for further information visit https://rust-lang.github.io/rust-clippy/rust-1.97.0/index.html#unwrap_used

error: used `unwrap()` on a `Result` value
   --> crates/sail-data-source/src/formats/parquet/read_statistics_tests.rs:176:25
    |
176 |             let input = cast(&Float64Array::from(values), &data_type).unwrap();
    |                         ^^^^^^^^^^^^^^^^^^^^^^^^^^^^^^^^^^^^^^^^^^^^^^^^^^^^^^
    |
    = note: if this value is an `Err`, it will panic
    = help: for further information visit https://rust-lang.github.io/rust-clippy/rust-1.97.0/index.html#unwrap_used

error: used `unwrap()` on a `Result` value
   --> crates/sail-data-source/src/formats/parquet/read_statistics_tests.rs:186:17
    |
186 |     let input = cast(&Float64Array::from(vec![f64::NAN, 0.5]), &data_type).unwrap();
    |                 ^^^^^^^^^^^^^^^^^^^^^^^^^^^^^^^^^^^^^^^^^^^^^^^^^^^^^^^^^^^^^^^^^^^
    |
    = note: if this value is an `Err`, it will panic
    = help: for further information visit https://rust-lang.github.io/rust-clippy/rust-1.97.0/index.html#unwrap_used

error: used `unwrap()` on a `Result` value
   --> crates/sail-data-source/src/formats/parquet/read_statistics_tests.rs:188:17
    |
188 |     let batch = RecordBatch::try_new(Arc::clone(&schema), vec![input]).unwrap();
    |                 ^^^^^^^^^^^^^^^^^^^^^^^^^^^^^^^^^^^^^^^^^^^^^^^^^^^^^^^^^^^^^^^
    |
    = note: if this value is an `Err`, it will panic
    = help: for further information visit https://rust-lang.github.io/rust-clippy/rust-1.97.0/index.html#unwrap_used

error: used `unwrap()` on a `Result` value
   --> crates/sail-data-source/src/formats/parquet/read_statistics_tests.rs:190:22
    |
190 |     let mut writer = ArrowWriter::try_new(&mut bytes, schema, None).unwrap();
    |                      ^^^^^^^^^^^^^^^^^^^^^^^^^^^^^^^^^^^^^^^^^^^^^^^^^^^^^^^
    |
    = note: if this value is an `Err`, it will panic
    = help: for further information visit https://rust-lang.github.io/rust-clippy/rust-1.97.0/index.html#unwrap_used

error: used `unwrap()` on a `Result` value
   --> crates/sail-data-source/src/formats/parquet/read_statistics_tests.rs:191:5
    |
191 |     writer.write(&batch).unwrap();
    |     ^^^^^^^^^^^^^^^^^^^^^^^^^^^^^
    |
    = note: if this value is an `Err`, it will panic
    = help: for further information visit https://rust-lang.github.io/rust-clippy/rust-1.97.0/index.html#unwrap_used

error: used `unwrap()` on a `Result` value
   --> crates/sail-data-source/src/formats/parquet/read_statistics_tests.rs:192:5
    |
192 |     writer.close().unwrap();
    |     ^^^^^^^^^^^^^^^^^^^^^^^
    |
    = note: if this value is an `Err`, it will panic
    = help: for further information visit https://rust-lang.github.io/rust-clippy/rust-1.97.0/index.html#unwrap_used

error: used `unwrap()` on an `Option` value
   --> crates/sail-data-source/src/formats/parquet/read_statistics_tests.rs:193:17
    |
193 |       let error = ParquetRecordBatchReaderBuilder::try_new(Bytes::from(bytes))
    |  _________________^
194 | |         .unwrap()
195 | |         .build()
196 | |         .err()
197 | |         .unwrap();
    | |_________________^
    |
    = note: if this value is `None`, it will panic
    = help: for further information visit https://rust-lang.github.io/rust-clippy/rust-1.97.0/index.html#unwrap_used

error: used `unwrap()` on a `Result` value
   --> crates/sail-data-source/src/formats/parquet/read_statistics_tests.rs:193:17
    |
193 |       let error = ParquetRecordBatchReaderBuilder::try_new(Bytes::from(bytes))
    |  _________________^
194 | |         .unwrap()
    | |_________________^
    |
    = note: if this value is an `Err`, it will panic
    = help: for further information visit https://rust-lang.github.io/rust-clippy/rust-1.97.0/index.html#unwrap_used

error: could not compile `sail-data-source` (lib test) due to 29 previous errors
