I1002 09:05:21.132687 3699076 fork_posix.cc:71] Other threads are currently calling into gRPC, skipping fork() handlers
I1002 09:05:21.168442 3699076 fork_posix.cc:71] Other threads are currently calling into gRPC, skipping fork() handlers
I1002 09:05:21.202672 3699076 fork_posix.cc:71] Other threads are currently calling into gRPC, skipping fork() handlers
I1002 09:05:21.237711 3699076 fork_posix.cc:71] Other threads are currently calling into gRPC, skipping fork() handlers
I1002 09:05:21.267698 3699076 fork_posix.cc:71] Other threads are currently calling into gRPC, skipping fork() handlers
I1002 09:05:21.304165 3699076 fork_posix.cc:71] Other threads are currently calling into gRPC, skipping fork() handlers
I1002 09:05:21.343797 3699076 fork_posix.cc:71] Other threads are currently calling into gRPC, skipping fork() handlers
I1002 09:05:21.382397 3699076 fork_posix.cc:71] Other threads are currently calling into gRPC, skipping fork() handlers
I1002 09:05:21.450420 3699076 fork_posix.cc:71] Other threads are currently calling into gRPC, skipping fork() handlers
I1002 09:05:21.488873 3699076 fork_posix.cc:71] Other threads are currently calling into gRPC, skipping fork() handlers
I1002 09:05:21.519483 3699076 fork_posix.cc:71] Other threads are currently calling into gRPC, skipping fork() handlers
I1002 09:05:22.111248 3700182 ev_poll_posix.cc:587] FD from fork parent still in poll list: fd(8, generation: 1)
I1002 09:05:22.673280 3700720 ev_poll_posix.cc:587] FD from fork parent still in poll list: fd(8, generation: 1)
I1002 09:05:23.144398 3701155 ev_poll_posix.cc:587] FD from fork parent still in poll list: fd(8, generation: 1)
I1002 09:05:23.317587 3701347 ev_poll_posix.cc:587] FD from fork parent still in poll list: fd(8, generation: 1)
I1002 09:05:23.494556 3701525 ev_poll_posix.cc:587] FD from fork parent still in poll list: fd(8, generation: 1)
I1002 09:05:23.631631 3701630 ev_poll_posix.cc:587] FD from fork parent still in poll list: fd(8, generation: 1)
I1002 09:05:23.851735 3701840 ev_poll_posix.cc:587] FD from fork parent still in poll list: fd(8, generation: 1)
I1002 09:05:24.094445 3702087 ev_poll_posix.cc:587] FD from fork parent still in poll list: fd(8, generation: 1)
I1002 09:05:24.580935 3702580 ev_poll_posix.cc:587] FD from fork parent still in poll list: fd(8, generation: 1)
I1002 09:05:24.763291 3702687 ev_poll_posix.cc:587] FD from fork parent still in poll list: fd(8, generation: 1)
I1002 09:05:24.875306 3702796 ev_poll_posix.cc:587] FD from fork parent still in poll list: fd(8, generation: 1)
I1002 09:05:24.998336 3702889 ev_poll_posix.cc:587] FD from fork parent still in poll list: fd(8, generation: 1)
I1002 09:05:26.038527 3703725 ev_poll_posix.cc:587] FD from fork parent still in poll list: fd(8, generation: 1)
I1002 09:05:26.238460 3703863 ev_poll_posix.cc:587] FD from fork parent still in poll list: fd(8, generation: 1)
I1002 09:05:27.036941 3704496 ev_poll_posix.cc:587] FD from fork parent still in poll list: fd(8, generation: 1)
I1002 09:05:27.319287 3704710 ev_poll_posix.cc:587] FD from fork parent still in poll list: fd(8, generation: 1)
I1002 09:05:27.566066 3704936 ev_poll_posix.cc:587] FD from fork parent still in poll list: fd(8, generation: 1)
I1002 09:05:27.788556 3705116 ev_poll_posix.cc:587] FD from fork parent still in poll list: fd(8, generation: 1)
I1002 09:05:27.833978 3705157 ev_poll_posix.cc:587] FD from fork parent still in poll list: fd(8, generation: 1)
I1002 09:05:28.363431 3705587 ev_poll_posix.cc:587] FD from fork parent still in poll list: fd(8, generation: 1)
I1002 09:05:28.496772 3705691 ev_poll_posix.cc:587] FD from fork parent still in poll list: fd(8, generation: 1)
I1002 09:05:28.688264 3705842 ev_poll_posix.cc:587] FD from fork parent still in poll list: fd(8, generation: 1)
I1002 09:05:28.857411 3705983 ev_poll_posix.cc:587] FD from fork parent still in poll list: fd(8, generation: 1)
I1002 09:05:28.947466 3706065 ev_poll_posix.cc:587] FD from fork parent still in poll list: fd(8, generation: 1)
I1002 09:05:29.184132 3706233 ev_poll_posix.cc:587] FD from fork parent still in poll list: fd(8, generation: 1)
I1002 09:05:29.268571 3706303 ev_poll_posix.cc:587] FD from fork parent still in poll list: fd(8, generation: 1)
I1002 09:05:29.316197 3706338 ev_poll_posix.cc:587] FD from fork parent still in poll list: fd(8, generation: 1)
I1002 09:05:29.782878 3706675 ev_poll_posix.cc:587] FD from fork parent still in poll list: fd(8, generation: 1)
I1002 09:05:30.045093 3706885 ev_poll_posix.cc:587] FD from fork parent still in poll list: fd(8, generation: 1)
I1002 09:05:30.350064 3707099 ev_poll_posix.cc:587] FD from fork parent still in poll list: fd(8, generation: 1)
I1002 09:05:30.793939 3707420 ev_poll_posix.cc:587] FD from fork parent still in poll list: fd(8, generation: 1)
I1002 09:05:30.842158 3707454 ev_poll_posix.cc:587] FD from fork parent still in poll list: fd(8, generation: 1)
I1002 09:05:30.986160 3707562 ev_poll_posix.cc:587] FD from fork parent still in poll list: fd(8, generation: 1)
I1002 09:05:31.030587 3707596 ev_poll_posix.cc:587] FD from fork parent still in poll list: fd(8, generation: 1)
I1002 09:05:31.120135 3707666 ev_poll_posix.cc:587] FD from fork parent still in poll list: fd(8, generation: 1)
I1002 09:05:31.972797 3708331 ev_poll_posix.cc:587] FD from fork parent still in poll list: fd(8, generation: 1)
I1002 09:05:32.068356 3708393 ev_poll_posix.cc:587] FD from fork parent still in poll list: fd(8, generation: 1)
I1002 09:05:32.242817 3708536 ev_poll_posix.cc:587] FD from fork parent still in poll list: fd(8, generation: 1)
I1002 09:05:32.796518 3708962 ev_poll_posix.cc:587] FD from fork parent still in poll list: fd(8, generation: 1)
I1002 09:05:32.886325 3709030 ev_poll_posix.cc:587] FD from fork parent still in poll list: fd(8, generation: 1)
I1002 09:05:32.974040 3709103 ev_poll_posix.cc:587] FD from fork parent still in poll list: fd(8, generation: 1)
I1002 09:05:33.383907 3709389 ev_poll_posix.cc:587] FD from fork parent still in poll list: fd(8, generation: 1)
I1002 09:05:33.425804 3709421 ev_poll_posix.cc:587] FD from fork parent still in poll list: fd(8, generation: 1)
I1002 09:05:33.618723 3709566 ev_poll_posix.cc:587] FD from fork parent still in poll list: fd(8, generation: 1)
I1002 09:05:34.025851 3709922 ev_poll_posix.cc:587] FD from fork parent still in poll list: fd(8, generation: 1)
I1002 09:05:34.759700 3710488 ev_poll_posix.cc:587] FD from fork parent still in poll list: fd(8, generation: 1)
I1002 09:05:35.058031 3710710 ev_poll_posix.cc:587] FD from fork parent still in poll list: fd(8, generation: 1)
I1002 09:05:35.431479 3710994 ev_poll_posix.cc:587] FD from fork parent still in poll list: fd(8, generation: 1)
I1002 09:05:35.825100 3711278 ev_poll_posix.cc:587] FD from fork parent still in poll list: fd(8, generation: 1)
I1002 09:05:36.295043 3711577 ev_poll_posix.cc:587] FD from fork parent still in poll list: fd(8, generation: 1)
I1002 09:05:36.552407 3711754 ev_poll_posix.cc:587] FD from fork parent still in poll list: fd(8, generation: 1)
I1002 09:05:36.659795 3711827 ev_poll_posix.cc:587] FD from fork parent still in poll list: fd(8, generation: 1)
I1002 09:05:36.806619 3711931 ev_poll_posix.cc:587] FD from fork parent still in poll list: fd(8, generation: 1)
I1002 09:05:37.052213 3712104 ev_poll_posix.cc:587] FD from fork parent still in poll list: fd(8, generation: 1)
I1002 09:05:37.311441 3712282 ev_poll_posix.cc:587] FD from fork parent still in poll list: fd(8, generation: 1)
I1002 09:05:37.513222 3712424 ev_poll_posix.cc:587] FD from fork parent still in poll list: fd(8, generation: 1)
I1002 09:05:37.615447 3712494 ev_poll_posix.cc:587] FD from fork parent still in poll list: fd(8, generation: 1)
I1002 09:05:37.820638 3712638 ev_poll_posix.cc:587] FD from fork parent still in poll list: fd(8, generation: 1)
I1002 09:05:38.362019 3713082 ev_poll_posix.cc:587] FD from fork parent still in poll list: fd(8, generation: 1)
I1002 09:05:38.807688 3713397 ev_poll_posix.cc:587] FD from fork parent still in poll list: fd(8, generation: 1)
I1002 09:05:38.912652 3713474 ev_poll_posix.cc:587] FD from fork parent still in poll list: fd(8, generation: 1)
I1002 09:05:38.959958 3713513 ev_poll_posix.cc:587] FD from fork parent still in poll list: fd(8, generation: 1)
I1002 09:05:39.168872 3713651 ev_poll_posix.cc:587] FD from fork parent still in poll list: fd(8, generation: 1)
I1002 09:05:39.475717 3713863 ev_poll_posix.cc:587] FD from fork parent still in poll list: fd(8, generation: 1)
I1002 09:05:40.013342 3714219 ev_poll_posix.cc:587] FD from fork parent still in poll list: fd(8, generation: 1)
I1002 09:05:40.277207 3714401 ev_poll_posix.cc:587] FD from fork parent still in poll list: fd(8, generation: 1)
I1002 09:05:40.370237 3714486 ev_poll_posix.cc:587] FD from fork parent still in poll list: fd(8, generation: 1)
I1002 09:05:40.827131 3714769 ev_poll_posix.cc:587] FD from fork parent still in poll list: fd(8, generation: 1)
I1002 09:05:40.984479 3714876 ev_poll_posix.cc:587] FD from fork parent still in poll list: fd(8, generation: 1)
I1002 09:05:42.836615 3716153 ev_poll_posix.cc:587] FD from fork parent still in poll list: fd(8, generation: 1)
I1002 09:05:42.945343 3716223 ev_poll_posix.cc:587] FD from fork parent still in poll list: fd(8, generation: 1)
I1002 09:05:43.686359 3716652 ev_poll_posix.cc:587] FD from fork parent still in poll list: fd(8, generation: 1)
I1002 09:05:44.062818 3716904 ev_poll_posix.cc:587] FD from fork parent still in poll list: fd(8, generation: 1)
I1002 09:05:44.849309 3717455 ev_poll_posix.cc:587] FD from fork parent still in poll list: fd(8, generation: 1)
I1002 09:05:45.276461 3717746 ev_poll_posix.cc:587] FD from fork parent still in poll list: fd(8, generation: 1)
I1002 09:05:45.956750 3718179 ev_poll_posix.cc:587] FD from fork parent still in poll list: fd(8, generation: 1)
I1002 09:05:46.064824 3718248 ev_poll_posix.cc:587] FD from fork parent still in poll list: fd(8, generation: 1)
I1002 09:05:46.961622 3718869 ev_poll_posix.cc:587] FD from fork parent still in poll list: fd(8, generation: 1)
I1002 09:05:47.446250 3719186 ev_poll_posix.cc:587] FD from fork parent still in poll list: fd(8, generation: 1)
I1002 09:05:48.271807 3719717 ev_poll_posix.cc:587] FD from fork parent still in poll list: fd(8, generation: 1)
I1002 09:05:48.531105 3719934 ev_poll_posix.cc:587] FD from fork parent still in poll list: fd(8, generation: 1)
I1002 09:05:48.995129 3720241 ev_poll_posix.cc:587] FD from fork parent still in poll list: fd(8, generation: 1)
I1002 09:05:49.042622 3720285 ev_poll_posix.cc:587] FD from fork parent still in poll list: fd(8, generation: 1)
I1002 09:05:49.525282 3720564 ev_poll_posix.cc:587] FD from fork parent still in poll list: fd(8, generation: 1)
I1002 09:05:49.627413 3720643 ev_poll_posix.cc:587] FD from fork parent still in poll list: fd(8, generation: 1)
I1002 09:05:49.683790 3720675 ev_poll_posix.cc:587] FD from fork parent still in poll list: fd(8, generation: 1)
I1002 09:05:49.740420 3720710 ev_poll_posix.cc:587] FD from fork parent still in poll list: fd(8, generation: 1)
I1002 09:05:50.007946 3720892 ev_poll_posix.cc:587] FD from fork parent still in poll list: fd(8, generation: 1)
I1002 09:05:50.178286 3720997 ev_poll_posix.cc:587] FD from fork parent still in poll list: fd(8, generation: 1)
I1002 09:05:52.262514 3722274 ev_poll_posix.cc:587] FD from fork parent still in poll list: fd(8, generation: 1)
I1002 09:05:52.425119 3722382 ev_poll_posix.cc:587] FD from fork parent still in poll list: fd(8, generation: 1)
I1002 09:05:52.695515 3722559 ev_poll_posix.cc:587] FD from fork parent still in poll list: fd(8, generation: 1)
I1002 09:05:52.749282 3722595 ev_poll_posix.cc:587] FD from fork parent still in poll list: fd(8, generation: 1)
I1002 09:05:53.241425 3722928 ev_poll_posix.cc:587] FD from fork parent still in poll list: fd(8, generation: 1)
I1002 09:05:53.516661 3723106 ev_poll_posix.cc:587] FD from fork parent still in poll list: fd(8, generation: 1)
I1002 09:05:54.016287 3723409 ev_poll_posix.cc:587] FD from fork parent still in poll list: fd(8, generation: 1)
I1002 09:05:54.190004 3723514 ev_poll_posix.cc:587] FD from fork parent still in poll list: fd(8, generation: 1)
I1002 09:05:55.639047 3724559 ev_poll_posix.cc:587] FD from fork parent still in poll list: fd(8, generation: 1)
I1002 09:05:55.801721 3724666 ev_poll_posix.cc:587] FD from fork parent still in poll list: fd(8, generation: 1)
I1002 09:05:56.118562 3724813 ev_poll_posix.cc:587] FD from fork parent still in poll list: fd(8, generation: 1)
I1002 09:06:00.902523 3727805 ev_poll_posix.cc:587] FD from fork parent still in poll list: fd(8, generation: 1)
I1002 09:06:01.078982 3727922 ev_poll_posix.cc:587] FD from fork parent still in poll list: fd(8, generation: 1)
I1002 09:06:02.184004 3728584 ev_poll_posix.cc:587] FD from fork parent still in poll list: fd(8, generation: 1)
I1002 09:06:02.284579 3728622 ev_poll_posix.cc:587] FD from fork parent still in poll list: fd(8, generation: 1)
I1002 09:06:02.835137 3728976 ev_poll_posix.cc:587] FD from fork parent still in poll list: fd(8, generation: 1)
I1002 09:06:04.086295 3729828 ev_poll_posix.cc:587] FD from fork parent still in poll list: fd(8, generation: 1)
I1002 09:06:05.064409 3730395 ev_poll_posix.cc:587] FD from fork parent still in poll list: fd(8, generation: 1)
I1002 09:06:05.854968 3730881 ev_poll_posix.cc:587] FD from fork parent still in poll list: fd(8, generation: 1)
I1002 09:06:06.206986 3731098 ev_poll_posix.cc:587] FD from fork parent still in poll list: fd(8, generation: 1)
I1002 09:06:07.378306 3731767 ev_poll_posix.cc:587] FD from fork parent still in poll list: fd(8, generation: 1)
I1002 09:06:07.439641 3731803 ev_poll_posix.cc:587] FD from fork parent still in poll list: fd(8, generation: 1)
I1002 09:06:09.659229 3733103 ev_poll_posix.cc:587] FD from fork parent still in poll list: fd(8, generation: 1)
I1002 09:06:13.241117 3735150 ev_poll_posix.cc:587] FD from fork parent still in poll list: fd(8, generation: 1)
I1002 09:06:16.450097 3736987 ev_poll_posix.cc:587] FD from fork parent still in poll list: fd(8, generation: 1)
I1002 09:06:16.768805 3737187 ev_poll_posix.cc:587] FD from fork parent still in poll list: fd(8, generation: 1)
I1002 09:06:17.781633 3737802 ev_poll_posix.cc:587] FD from fork parent still in poll list: fd(8, generation: 1)
I1002 09:06:18.703234 3738281 ev_poll_posix.cc:587] FD from fork parent still in poll list: fd(8, generation: 1)
I1002 09:06:19.393905 3738678 ev_poll_posix.cc:587] FD from fork parent still in poll list: fd(8, generation: 1)
I1002 09:06:19.963349 3738996 ev_poll_posix.cc:587] FD from fork parent still in poll list: fd(8, generation: 1)
I1002 09:06:21.185256 3739660 ev_poll_posix.cc:587] FD from fork parent still in poll list: fd(8, generation: 1)
I1002 09:06:22.369258 3740337 ev_poll_posix.cc:587] FD from fork parent still in poll list: fd(8, generation: 1)
I1002 09:06:22.568368 3740444 ev_poll_posix.cc:587] FD from fork parent still in poll list: fd(8, generation: 1)
I1002 09:06:22.763960 3740547 ev_poll_posix.cc:587] FD from fork parent still in poll list: fd(8, generation: 1)
I1002 09:06:23.022564 3740715 ev_poll_posix.cc:587] FD from fork parent still in poll list: fd(8, generation: 1)
I1002 09:06:26.457649 3742580 ev_poll_posix.cc:587] FD from fork parent still in poll list: fd(8, generation: 1)
I1002 09:06:28.436727 3743662 ev_poll_posix.cc:587] FD from fork parent still in poll list: fd(8, generation: 1)
I1002 09:06:30.496354 3744742 ev_poll_posix.cc:587] FD from fork parent still in poll list: fd(8, generation: 1)
I1002 09:06:34.815285 3747164 ev_poll_posix.cc:587] FD from fork parent still in poll list: fd(8, generation: 1)
I1002 09:06:35.093639 3747313 ev_poll_posix.cc:587] FD from fork parent still in poll list: fd(8, generation: 1)
I1002 09:06:35.440096 3747489 ev_poll_posix.cc:587] FD from fork parent still in poll list: fd(8, generation: 1)
I1002 09:06:36.428604 3748043 ev_poll_posix.cc:587] FD from fork parent still in poll list: fd(8, generation: 1)
I1002 09:06:37.707187 3748727 ev_poll_posix.cc:587] FD from fork parent still in poll list: fd(8, generation: 1)
I1002 09:06:38.850948 3749366 ev_poll_posix.cc:587] FD from fork parent still in poll list: fd(8, generation: 1)
I1002 09:06:40.754756 3750382 ev_poll_posix.cc:587] FD from fork parent still in poll list: fd(8, generation: 1)
I1002 09:06:41.359388 3750712 ev_poll_posix.cc:587] FD from fork parent still in poll list: fd(8, generation: 1)
I1002 09:06:41.570481 3750820 ev_poll_posix.cc:587] FD from fork parent still in poll list: fd(8, generation: 1)
I1002 09:06:43.884337 3751970 ev_poll_posix.cc:587] FD from fork parent still in poll list: fd(8, generation: 1)
I1002 09:06:44.379408 3752197 ev_poll_posix.cc:587] FD from fork parent still in poll list: fd(8, generation: 1)
I1002 09:06:44.453305 3752233 ev_poll_posix.cc:587] FD from fork parent still in poll list: fd(8, generation: 1)
I1002 09:06:44.877714 3752447 ev_poll_posix.cc:587] FD from fork parent still in poll list: fd(8, generation: 1)
I1002 09:06:45.479701 3752734 ev_poll_posix.cc:587] FD from fork parent still in poll list: fd(8, generation: 1)
I1002 09:06:45.766647 3752879 ev_poll_posix.cc:587] FD from fork parent still in poll list: fd(8, generation: 1)
I1002 09:06:46.416850 3753331 ev_poll_posix.cc:587] FD from fork parent still in poll list: fd(8, generation: 1)
I1002 09:06:46.561934 3753405 ev_poll_posix.cc:587] FD from fork parent still in poll list: fd(8, generation: 1)
I1002 09:06:46.689345 3753477 ev_poll_posix.cc:587] FD from fork parent still in poll list: fd(8, generation: 1)
I1002 09:06:46.761817 3753512 ev_poll_posix.cc:587] FD from fork parent still in poll list: fd(8, generation: 1)
I1002 09:06:47.641486 3753936 ev_poll_posix.cc:587] FD from fork parent still in poll list: fd(8, generation: 1)
I1002 09:06:49.295975 3754818 ev_poll_posix.cc:587] FD from fork parent still in poll list: fd(8, generation: 1)
I1002 09:06:49.515752 3754925 ev_poll_posix.cc:587] FD from fork parent still in poll list: fd(8, generation: 1)
I1002 09:06:49.590468 3754959 ev_poll_posix.cc:587] FD from fork parent still in poll list: fd(8, generation: 1)
I1002 09:06:49.809750 3755068 ev_poll_posix.cc:587] FD from fork parent still in poll list: fd(8, generation: 1)
I1002 09:06:49.882977 3755103 ev_poll_posix.cc:587] FD from fork parent still in poll list: fd(8, generation: 1)
I1002 09:06:50.022600 3755175 ev_poll_posix.cc:587] FD from fork parent still in poll list: fd(8, generation: 1)
I1002 09:06:50.784065 3755517 ev_poll_posix.cc:587] FD from fork parent still in poll list: fd(8, generation: 1)
I1002 09:06:51.396966 3755807 ev_poll_posix.cc:587] FD from fork parent still in poll list: fd(8, generation: 1)
I1002 09:06:51.685515 3755954 ev_poll_posix.cc:587] FD from fork parent still in poll list: fd(8, generation: 1)
I1002 09:06:53.081100 3756649 ev_poll_posix.cc:587] FD from fork parent still in poll list: fd(8, generation: 1)
I1002 09:06:53.150937 3756684 ev_poll_posix.cc:587] FD from fork parent still in poll list: fd(8, generation: 1)
I1002 09:06:53.371971 3756789 ev_poll_posix.cc:587] FD from fork parent still in poll list: fd(8, generation: 1)
I1002 09:06:54.585329 3757391 ev_poll_posix.cc:587] FD from fork parent still in poll list: fd(8, generation: 1)
I1002 09:06:54.793842 3757514 ev_poll_posix.cc:587] FD from fork parent still in poll list: fd(8, generation: 1)
I1002 09:06:55.736704 3757970 ev_poll_posix.cc:587] FD from fork parent still in poll list: fd(8, generation: 1)
I1002 09:06:56.050612 3758113 ev_poll_posix.cc:587] FD from fork parent still in poll list: fd(8, generation: 1)
I1002 09:06:56.408056 3758296 ev_poll_posix.cc:587] FD from fork parent still in poll list: fd(8, generation: 1)
I1002 09:06:57.092685 3758670 ev_poll_posix.cc:587] FD from fork parent still in poll list: fd(8, generation: 1)
I1002 09:06:57.878966 3759155 ev_poll_posix.cc:587] FD from fork parent still in poll list: fd(8, generation: 1)
I1002 09:06:57.943776 3759192 ev_poll_posix.cc:587] FD from fork parent still in poll list: fd(8, generation: 1)
I1002 09:06:59.283785 3759884 ev_poll_posix.cc:587] FD from fork parent still in poll list: fd(8, generation: 1)
I1002 09:06:59.793068 3760133 ev_poll_posix.cc:587] FD from fork parent still in poll list: fd(8, generation: 1)
I1002 09:07:00.158194 3760313 ev_poll_posix.cc:587] FD from fork parent still in poll list: fd(8, generation: 1)
I1002 09:07:00.599639 3760527 ev_poll_posix.cc:587] FD from fork parent still in poll list: fd(8, generation: 1)
I1002 09:07:00.744159 3760600 ev_poll_posix.cc:587] FD from fork parent still in poll list: fd(8, generation: 1)
I1002 09:07:00.952314 3760706 ev_poll_posix.cc:587] FD from fork parent still in poll list: fd(8, generation: 1)
I1002 09:07:01.028263 3760741 ev_poll_posix.cc:587] FD from fork parent still in poll list: fd(8, generation: 1)
I1002 09:07:01.496505 3760944 ev_poll_posix.cc:587] FD from fork parent still in poll list: fd(8, generation: 1)
I1002 09:07:02.017449 3761193 ev_poll_posix.cc:587] FD from fork parent still in poll list: fd(8, generation: 1)
I1002 09:07:02.160995 3761263 ev_poll_posix.cc:587] FD from fork parent still in poll list: fd(8, generation: 1)
I1002 09:07:02.234109 3761297 ev_poll_posix.cc:587] FD from fork parent still in poll list: fd(8, generation: 1)
I1002 09:07:02.455175 3761435 ev_poll_posix.cc:587] FD from fork parent still in poll list: fd(8, generation: 1)
I1002 09:07:02.874102 3761670 ev_poll_posix.cc:587] FD from fork parent still in poll list: fd(8, generation: 1)
I1002 09:07:03.382282 3761943 ev_poll_posix.cc:587] FD from fork parent still in poll list: fd(8, generation: 1)
I1002 09:07:03.485667 3761977 ev_poll_posix.cc:587] FD from fork parent still in poll list: fd(8, generation: 1)
I1002 09:07:03.995002 3762230 ev_poll_posix.cc:587] FD from fork parent still in poll list: fd(8, generation: 1)
I1002 09:07:04.145421 3762300 ev_poll_posix.cc:587] FD from fork parent still in poll list: fd(8, generation: 1)
I1002 09:07:04.505901 3762476 ev_poll_posix.cc:587] FD from fork parent still in poll list: fd(8, generation: 1)
I1002 09:07:05.452045 3762919 ev_poll_posix.cc:587] FD from fork parent still in poll list: fd(8, generation: 1)
I1002 09:07:06.416808 3763391 ev_poll_posix.cc:587] FD from fork parent still in poll list: fd(8, generation: 1)
I1002 09:07:06.777948 3763568 ev_poll_posix.cc:587] FD from fork parent still in poll list: fd(8, generation: 1)
I1002 09:07:06.851166 3763603 ev_poll_posix.cc:587] FD from fork parent still in poll list: fd(8, generation: 1)
I1002 09:07:07.076162 3763713 ev_poll_posix.cc:587] FD from fork parent still in poll list: fd(8, generation: 1)
I1002 09:07:07.281093 3763818 ev_poll_posix.cc:587] FD from fork parent still in poll list: fd(8, generation: 1)
I1002 09:07:07.355630 3763854 ev_poll_posix.cc:587] FD from fork parent still in poll list: fd(8, generation: 1)
I1002 09:07:07.503476 3763926 ev_poll_posix.cc:587] FD from fork parent still in poll list: fd(8, generation: 1)
I1002 09:07:07.641395 3764015 ev_poll_posix.cc:587] FD from fork parent still in poll list: fd(8, generation: 1)
I1002 09:07:07.789752 3764088 ev_poll_posix.cc:587] FD from fork parent still in poll list: fd(8, generation: 1)
I1002 09:07:08.015066 3764192 ev_poll_posix.cc:587] FD from fork parent still in poll list: fd(8, generation: 1)
I1002 09:07:08.607837 3764510 ev_poll_posix.cc:587] FD from fork parent still in poll list: fd(8, generation: 1)
I1002 09:07:09.041410 3764722 ev_poll_posix.cc:587] FD from fork parent still in poll list: fd(8, generation: 1)
I1002 09:07:09.108442 3764759 ev_poll_posix.cc:587] FD from fork parent still in poll list: fd(8, generation: 1)
I1002 09:07:09.814271 3765134 ev_poll_posix.cc:587] FD from fork parent still in poll list: fd(8, generation: 1)
I1002 09:07:10.109185 3765276 ev_poll_posix.cc:587] FD from fork parent still in poll list: fd(8, generation: 1)
I1002 09:07:10.247713 3765346 ev_poll_posix.cc:587] FD from fork parent still in poll list: fd(8, generation: 1)
I1002 09:07:10.388408 3765416 ev_poll_posix.cc:587] FD from fork parent still in poll list: fd(8, generation: 1)
I1002 09:07:10.630268 3765522 ev_poll_posix.cc:587] FD from fork parent still in poll list: fd(8, generation: 1)
I1002 09:07:10.909099 3765670 ev_poll_posix.cc:587] FD from fork parent still in poll list: fd(8, generation: 1)
I1002 09:07:11.520769 3765958 ev_poll_posix.cc:587] FD from fork parent still in poll list: fd(8, generation: 1)
I1002 09:07:11.809113 3766114 ev_poll_posix.cc:587] FD from fork parent still in poll list: fd(8, generation: 1)
I1002 09:07:17.229193 3768871 ev_poll_posix.cc:587] FD from fork parent still in poll list: fd(8, generation: 1)
I1002 09:07:17.455045 3768974 ev_poll_posix.cc:587] FD from fork parent still in poll list: fd(8, generation: 1)
I1002 09:07:17.819437 3769167 ev_poll_posix.cc:587] FD from fork parent still in poll list: fd(8, generation: 1)
I1002 09:07:18.181576 3769346 ev_poll_posix.cc:587] FD from fork parent still in poll list: fd(8, generation: 1)
I1002 09:07:18.779127 3769648 ev_poll_posix.cc:587] FD from fork parent still in poll list: fd(8, generation: 1)
I1002 09:07:18.986085 3769755 ev_poll_posix.cc:587] FD from fork parent still in poll list: fd(8, generation: 1)
I1002 09:07:19.686491 3770089 ev_poll_posix.cc:587] FD from fork parent still in poll list: fd(8, generation: 1)
I1002 09:07:19.970426 3770232 ev_poll_posix.cc:587] FD from fork parent still in poll list: fd(8, generation: 1)
I1002 09:07:20.146448 3770307 ev_poll_posix.cc:587] FD from fork parent still in poll list: fd(8, generation: 1)
I1002 09:07:20.549778 3770505 ev_poll_posix.cc:587] FD from fork parent still in poll list: fd(8, generation: 1)
I1002 09:07:21.222716 3770828 ev_poll_posix.cc:587] FD from fork parent still in poll list: fd(8, generation: 1)
I1002 09:07:21.587062 3771006 ev_poll_posix.cc:587] FD from fork parent still in poll list: fd(8, generation: 1)
I1002 09:07:21.962095 3771224 ev_poll_posix.cc:587] FD from fork parent still in poll list: fd(8, generation: 1)
I1002 09:07:23.476498 3771957 ev_poll_posix.cc:587] FD from fork parent still in poll list: fd(8, generation: 1)
I1002 09:07:25.315455 3772878 ev_poll_posix.cc:587] FD from fork parent still in poll list: fd(8, generation: 1)
I1002 09:07:25.603370 3773017 ev_poll_posix.cc:587] FD from fork parent still in poll list: fd(8, generation: 1)
I1002 09:07:27.836838 3774106 ev_poll_posix.cc:587] FD from fork parent still in poll list: fd(8, generation: 1)
I1002 09:07:28.948338 3774693 ev_poll_posix.cc:587] FD from fork parent still in poll list: fd(8, generation: 1)
I1002 09:07:29.099405 3774764 ev_poll_posix.cc:587] FD from fork parent still in poll list: fd(8, generation: 1)
I1002 09:07:29.395559 3774907 ev_poll_posix.cc:587] FD from fork parent still in poll list: fd(8, generation: 1)
I1002 09:07:31.107292 3775782 ev_poll_posix.cc:587] FD from fork parent still in poll list: fd(8, generation: 1)
I1002 09:07:33.620239 3777022 ev_poll_posix.cc:587] FD from fork parent still in poll list: fd(8, generation: 1)
I1002 09:07:34.001682 3777199 ev_poll_posix.cc:587] FD from fork parent still in poll list: fd(8, generation: 1)
I1002 09:07:35.506919 3777924 ev_poll_posix.cc:587] FD from fork parent still in poll list: fd(8, generation: 1)
I1002 09:07:35.729628 3778030 ev_poll_posix.cc:587] FD from fork parent still in poll list: fd(8, generation: 1)
I1002 09:07:37.346943 3778801 ev_poll_posix.cc:587] FD from fork parent still in poll list: fd(8, generation: 1)
I1002 09:07:40.533652 3780331 ev_poll_posix.cc:587] FD from fork parent still in poll list: fd(8, generation: 1)
I1002 09:07:40.764736 3780439 ev_poll_posix.cc:587] FD from fork parent still in poll list: fd(8, generation: 1)
I1002 09:07:43.464394 3781712 ev_poll_posix.cc:587] FD from fork parent still in poll list: fd(8, generation: 1)
I1002 09:07:44.212109 3782095 ev_poll_posix.cc:587] FD from fork parent still in poll list: fd(8, generation: 1)
I1002 09:07:44.543053 3782237 ev_poll_posix.cc:587] FD from fork parent still in poll list: fd(8, generation: 1)
I1002 09:07:46.820394 3783298 ev_poll_posix.cc:587] FD from fork parent still in poll list: fd(8, generation: 1)
I1002 09:07:50.448463 3785069 ev_poll_posix.cc:587] FD from fork parent still in poll list: fd(8, generation: 1)
I1002 09:07:50.675197 3785187 ev_poll_posix.cc:587] FD from fork parent still in poll list: fd(8, generation: 1)
I1002 09:07:51.789666 3785725 ev_poll_posix.cc:587] FD from fork parent still in poll list: fd(8, generation: 1)
I1002 09:07:52.737606 3786173 ev_poll_posix.cc:587] FD from fork parent still in poll list: fd(8, generation: 1)
I1002 09:07:53.265458 3786420 ev_poll_posix.cc:587] FD from fork parent still in poll list: fd(8, generation: 1)
I1002 09:07:54.269252 3786889 ev_poll_posix.cc:587] FD from fork parent still in poll list: fd(8, generation: 1)
I1002 09:07:54.508319 3787043 ev_poll_posix.cc:587] FD from fork parent still in poll list: fd(8, generation: 1)
I1002 09:07:55.956559 3787690 ev_poll_posix.cc:587] FD from fork parent still in poll list: fd(8, generation: 1)
I1002 09:07:57.449555 3788390 ev_poll_posix.cc:587] FD from fork parent still in poll list: fd(8, generation: 1)
I1002 09:07:58.723401 3788980 ev_poll_posix.cc:587] FD from fork parent still in poll list: fd(8, generation: 1)
I1002 09:08:01.629860 3790300 ev_poll_posix.cc:587] FD from fork parent still in poll list: fd(8, generation: 1)
I1002 09:08:10.896158 3794419 ev_poll_posix.cc:587] FD from fork parent still in poll list: fd(8, generation: 1)
I1002 09:08:11.861567 3794881 ev_poll_posix.cc:587] FD from fork parent still in poll list: fd(8, generation: 1)
I1002 09:08:12.686131 3795267 ev_poll_posix.cc:587] FD from fork parent still in poll list: fd(8, generation: 1)
I1002 09:08:12.924355 3795376 ev_poll_posix.cc:587] FD from fork parent still in poll list: fd(8, generation: 1)
I1002 09:08:13.503723 3795637 ev_poll_posix.cc:587] FD from fork parent still in poll list: fd(8, generation: 1)
I1002 09:08:14.637434 3796145 ev_poll_posix.cc:587] FD from fork parent still in poll list: fd(8, generation: 1)
I1002 09:08:15.052300 3796320 ev_poll_posix.cc:587] FD from fork parent still in poll list: fd(8, generation: 1)
I1002 09:08:15.536352 3796537 ev_poll_posix.cc:587] FD from fork parent still in poll list: fd(8, generation: 1)
I1002 09:08:15.618096 3796573 ev_poll_posix.cc:587] FD from fork parent still in poll list: fd(8, generation: 1)
I1002 09:08:15.698812 3796625 ev_poll_posix.cc:587] FD from fork parent still in poll list: fd(8, generation: 1)
I1002 09:08:16.077110 3796775 ev_poll_posix.cc:587] FD from fork parent still in poll list: fd(8, generation: 1)
I1002 09:08:16.160082 3796813 ev_poll_posix.cc:587] FD from fork parent still in poll list: fd(8, generation: 1)
I1002 09:08:17.357296 3797323 ev_poll_posix.cc:587] FD from fork parent still in poll list: fd(8, generation: 1)
I1002 09:08:19.663566 3798303 ev_poll_posix.cc:587] FD from fork parent still in poll list: fd(8, generation: 1)
I1002 09:08:20.729583 3798783 ev_poll_posix.cc:587] FD from fork parent still in poll list: fd(8, generation: 1)
I1002 09:08:21.330278 3799031 ev_poll_posix.cc:587] FD from fork parent still in poll list: fd(8, generation: 1)
I1002 09:08:21.771764 3799235 ev_poll_posix.cc:587] FD from fork parent still in poll list: fd(8, generation: 1)
I1002 09:08:22.276781 3799465 ev_poll_posix.cc:587] FD from fork parent still in poll list: fd(8, generation: 1)
I1002 09:08:23.151421 3799831 ev_poll_posix.cc:587] FD from fork parent still in poll list: fd(8, generation: 1)
I1002 09:08:23.974778 3800194 ev_poll_posix.cc:587] FD from fork parent still in poll list: fd(8, generation: 1)
I1002 09:08:24.059934 3800230 ev_poll_posix.cc:587] FD from fork parent still in poll list: fd(8, generation: 1)
I1002 09:08:24.232387 3800323 ev_poll_posix.cc:587] FD from fork parent still in poll list: fd(8, generation: 1)
I1002 09:08:24.308867 3800359 ev_poll_posix.cc:587] FD from fork parent still in poll list: fd(8, generation: 1)
I1002 09:08:25.516043 3800880 ev_poll_posix.cc:587] FD from fork parent still in poll list: fd(8, generation: 1)
I1002 09:08:25.604140 3800916 ev_poll_posix.cc:587] FD from fork parent still in poll list: fd(8, generation: 1)
I1002 09:08:26.071964 3801093 ev_poll_posix.cc:587] FD from fork parent still in poll list: fd(8, generation: 1)
I1002 09:08:26.363345 3801221 ev_poll_posix.cc:587] FD from fork parent still in poll list: fd(8, generation: 1)
I1002 09:08:26.451245 3801257 ev_poll_posix.cc:587] FD from fork parent still in poll list: fd(8, generation: 1)
I1002 09:08:26.947898 3801441 ev_poll_posix.cc:587] FD from fork parent still in poll list: fd(8, generation: 1)
I1002 09:08:27.512523 3801653 ev_poll_posix.cc:587] FD from fork parent still in poll list: fd(8, generation: 1)
I1002 09:08:28.291227 3801947 ev_poll_posix.cc:587] FD from fork parent still in poll list: fd(8, generation: 1)
I1002 09:08:28.457329 3802035 ev_poll_posix.cc:587] FD from fork parent still in poll list: fd(8, generation: 1)
I1002 09:08:28.984120 3802248 ev_poll_posix.cc:587] FD from fork parent still in poll list: fd(8, generation: 1)
I1002 09:08:29.424555 3802425 ev_poll_posix.cc:587] FD from fork parent still in poll list: fd(8, generation: 1)
I1002 09:08:29.690239 3802533 ev_poll_posix.cc:587] FD from fork parent still in poll list: fd(8, generation: 1)
I1002 09:08:29.781496 3802568 ev_poll_posix.cc:587] FD from fork parent still in poll list: fd(8, generation: 1)
I1002 09:08:29.961258 3802638 ev_poll_posix.cc:587] FD from fork parent still in poll list: fd(8, generation: 1)
I1002 09:08:30.411227 3802819 ev_poll_posix.cc:587] FD from fork parent still in poll list: fd(8, generation: 1)
I1002 09:08:30.501402 3802857 ev_poll_posix.cc:587] FD from fork parent still in poll list: fd(8, generation: 1)
I1002 09:08:30.926374 3803051 ev_poll_posix.cc:587] FD from fork parent still in poll list: fd(8, generation: 1)
I1002 09:08:31.016737 3803091 ev_poll_posix.cc:587] FD from fork parent still in poll list: fd(8, generation: 1)
I1002 09:08:31.278737 3803195 ev_poll_posix.cc:587] FD from fork parent still in poll list: fd(8, generation: 1)
I1002 09:08:31.625550 3803341 ev_poll_posix.cc:587] FD from fork parent still in poll list: fd(8, generation: 1)
I1002 09:08:33.363953 3804144 ev_poll_posix.cc:587] FD from fork parent still in poll list: fd(8, generation: 1)
I1002 09:08:33.483731 3804179 ev_poll_posix.cc:587] FD from fork parent still in poll list: fd(8, generation: 1)
I1002 09:08:34.271322 3804566 ev_poll_posix.cc:587] FD from fork parent still in poll list: fd(8, generation: 1)
I1002 09:08:39.039715 3804851 ev_poll_posix.cc:587] FD from fork parent still in poll list: fd(8, generation: 1)
I1002 09:08:41.707621 3806220 ev_poll_posix.cc:587] FD from fork parent still in poll list: fd(8, generation: 1)
I1002 09:08:41.794310 3699070 fork_posix.cc:71] Other threads are currently calling into gRPC, skipping fork() handlers
I1002 09:08:41.905834 3699076 fork_posix.cc:71] Other threads are currently calling into gRPC, skipping fork() handlers
/Users/alexy/src/sail-pecan-integrated/.venv/lib/python3.12/site-packages/pyspark/sql/connect/expressions.py:1091: UserWarning: WARN WindowExpression: No Partition Defined for Window operation! Moving all data to a single partition, this can cause serious performance degradation.
  warnings.warn(
I1002 09:08:42.091492 3699076 fork_posix.cc:71] Other threads are currently calling into gRPC, skipping fork() handlers
I1002 09:08:42.205121 3699076 fork_posix.cc:71] Other threads are currently calling into gRPC, skipping fork() handlers
I1002 09:08:42.299670 3699076 fork_posix.cc:71] Other threads are currently calling into gRPC, skipping fork() handlers
I1002 09:08:42.387888 3699076 fork_posix.cc:71] Other threads are currently calling into gRPC, skipping fork() handlers
I1002 09:08:42.470766 3699076 fork_posix.cc:71] Other threads are currently calling into gRPC, skipping fork() handlers
I1002 09:08:42.546613 3699076 fork_posix.cc:71] Other threads are currently calling into gRPC, skipping fork() handlers
I1002 09:08:42.646566 3699076 fork_posix.cc:71] Other threads are currently calling into gRPC, skipping fork() handlers
I1002 09:08:42.723762 3699076 fork_posix.cc:71] Other threads are currently calling into gRPC, skipping fork() handlers
I1002 09:08:42.764942 3806883 ev_poll_posix.cc:587] FD from fork parent still in poll list: fd(8, generation: 1)
I1002 09:08:42.790908 3699076 fork_posix.cc:71] Other threads are currently calling into gRPC, skipping fork() handlers
I1002 09:08:42.885935 3699076 fork_posix.cc:71] Other threads are currently calling into gRPC, skipping fork() handlers
I1002 09:08:43.007214 3699076 fork_posix.cc:71] Other threads are currently calling into gRPC, skipping fork() handlers
I1002 09:08:43.098153 3699076 fork_posix.cc:71] Other threads are currently calling into gRPC, skipping fork() handlers
I1002 09:08:43.209504 3699076 fork_posix.cc:71] Other threads are currently calling into gRPC, skipping fork() handlers
I1002 09:08:43.300758 3699076 fork_posix.cc:71] Other threads are currently calling into gRPC, skipping fork() handlers
I1002 09:08:43.371782 3699076 fork_posix.cc:71] Other threads are currently calling into gRPC, skipping fork() handlers
I1002 09:08:43.412681 3807140 ev_poll_posix.cc:587] FD from fork parent still in poll list: fd(8, generation: 1)
I1002 09:08:44.021261 3807425 ev_poll_posix.cc:587] FD from fork parent still in poll list: fd(8, generation: 1)
I1002 09:08:46.056551 3808407 ev_poll_posix.cc:587] FD from fork parent still in poll list: fd(8, generation: 1)
I1002 09:08:46.433973 3808587 ev_poll_posix.cc:587] FD from fork parent still in poll list: fd(8, generation: 1)
I1002 09:08:47.008001 3808876 ev_poll_posix.cc:587] FD from fork parent still in poll list: fd(8, generation: 1)
I1002 09:08:47.986749 3809354 ev_poll_posix.cc:587] FD from fork parent still in poll list: fd(8, generation: 1)
I1002 09:08:48.755302 3809711 ev_poll_posix.cc:587] FD from fork parent still in poll list: fd(8, generation: 1)
I1002 09:08:49.020904 3809823 ev_poll_posix.cc:587] FD from fork parent still in poll list: fd(8, generation: 1)
I1002 09:08:50.330735 3810443 ev_poll_posix.cc:587] FD from fork parent still in poll list: fd(8, generation: 1)
I1002 09:08:51.371163 3810942 ev_poll_posix.cc:587] FD from fork parent still in poll list: fd(8, generation: 1)
I1002 09:08:52.223633 3699076 fork_posix.cc:71] Other threads are currently calling into gRPC, skipping fork() handlers
I1002 09:08:52.297305 3699076 fork_posix.cc:71] Other threads are currently calling into gRPC, skipping fork() handlers
I1002 09:08:52.385807 3699076 fork_posix.cc:71] Other threads are currently calling into gRPC, skipping fork() handlers
I1002 09:08:52.489884 3699076 fork_posix.cc:71] Other threads are currently calling into gRPC, skipping fork() handlers
I1002 09:08:52.572769 3699076 fork_posix.cc:71] Other threads are currently calling into gRPC, skipping fork() handlers
I1002 09:08:52.658098 3699076 fork_posix.cc:71] Other threads are currently calling into gRPC, skipping fork() handlers
I1002 09:08:52.743877 3699076 fork_posix.cc:71] Other threads are currently calling into gRPC, skipping fork() handlers
I1002 09:08:52.830381 3699076 fork_posix.cc:71] Other threads are currently calling into gRPC, skipping fork() handlers
I1002 09:08:52.871259 3811621 ev_poll_posix.cc:587] FD from fork parent still in poll list: fd(8, generation: 1)
I1002 09:08:52.915136 3811658 ev_poll_posix.cc:587] FD from fork parent still in poll list: fd(8, generation: 1)
I1002 09:08:52.993311 3811695 ev_poll_posix.cc:587] FD from fork parent still in poll list: fd(8, generation: 1)
I1002 09:08:53.235877 3811800 ev_poll_posix.cc:587] FD from fork parent still in poll list: fd(8, generation: 1)
I1002 09:08:53.932935 3812083 ev_poll_posix.cc:587] FD from fork parent still in poll list: fd(8, generation: 1)
I1002 09:08:54.993150 3812569 ev_poll_posix.cc:587] FD from fork parent still in poll list: fd(8, generation: 1)
I1002 09:08:55.142621 3812640 ev_poll_posix.cc:587] FD from fork parent still in poll list: fd(8, generation: 1)
I1002 09:08:55.577618 3812855 ev_poll_posix.cc:587] FD from fork parent still in poll list: fd(8, generation: 1)
I1002 09:08:56.886997 3813574 ev_poll_posix.cc:587] FD from fork parent still in poll list: fd(8, generation: 1)
I1002 09:08:57.038928 3813647 ev_poll_posix.cc:587] FD from fork parent still in poll list: fd(8, generation: 1)
I1002 09:08:57.734826 3813966 ev_poll_posix.cc:587] FD from fork parent still in poll list: fd(8, generation: 1)
I1002 09:09:00.671808 3815325 ev_poll_posix.cc:587] FD from fork parent still in poll list: fd(8, generation: 1)
I1002 09:09:01.385386 3815613 ev_poll_posix.cc:587] FD from fork parent still in poll list: fd(8, generation: 1)
I1002 09:09:01.553552 3815689 ev_poll_posix.cc:587] FD from fork parent still in poll list: fd(8, generation: 1)
I1002 09:09:01.676494 3699076 fork_posix.cc:71] Other threads are currently calling into gRPC, skipping fork() handlers
I1002 09:09:02.170824 3815951 ev_poll_posix.cc:587] FD from fork parent still in poll list: fd(8, generation: 1)
I1002 09:09:02.207959 3699076 fork_posix.cc:71] Other threads are currently calling into gRPC, skipping fork() handlers
I1002 09:09:02.316325 3699076 fork_posix.cc:71] Other threads are currently calling into gRPC, skipping fork() handlers
I1002 09:09:02.398164 3699076 fork_posix.cc:71] Other threads are currently calling into gRPC, skipping fork() handlers
I1002 09:09:02.465975 3699076 fork_posix.cc:71] Other threads are currently calling into gRPC, skipping fork() handlers
I1002 09:09:02.545405 3699076 fork_posix.cc:71] Other threads are currently calling into gRPC, skipping fork() handlers
I1002 09:09:02.624541 3699076 fork_posix.cc:71] Other threads are currently calling into gRPC, skipping fork() handlers
I1002 09:09:02.700467 3699076 fork_posix.cc:71] Other threads are currently calling into gRPC, skipping fork() handlers
I1002 09:09:02.776646 3699076 fork_posix.cc:71] Other threads are currently calling into gRPC, skipping fork() handlers
I1002 09:09:02.862780 3699076 fork_posix.cc:71] Other threads are currently calling into gRPC, skipping fork() handlers
I1002 09:09:03.009393 3699076 fork_posix.cc:71] Other threads are currently calling into gRPC, skipping fork() handlers
I1002 09:09:03.082154 3699076 fork_posix.cc:71] Other threads are currently calling into gRPC, skipping fork() handlers
I1002 09:09:03.157778 3699076 fork_posix.cc:71] Other threads are currently calling into gRPC, skipping fork() handlers
I1002 09:09:03.224166 3699076 fork_posix.cc:71] Other threads are currently calling into gRPC, skipping fork() handlers
I1002 09:09:03.293919 3699076 fork_posix.cc:71] Other threads are currently calling into gRPC, skipping fork() handlers
I1002 09:09:03.430745 3699076 fork_posix.cc:71] Other threads are currently calling into gRPC, skipping fork() handlers
I1002 09:09:03.545695 3699076 fork_posix.cc:71] Other threads are currently calling into gRPC, skipping fork() handlers
I1002 09:09:03.617096 3699076 fork_posix.cc:71] Other threads are currently calling into gRPC, skipping fork() handlers
I1002 09:09:03.762192 3699076 fork_posix.cc:71] Other threads are currently calling into gRPC, skipping fork() handlers
I1002 09:09:03.836535 3699076 fork_posix.cc:71] Other threads are currently calling into gRPC, skipping fork() handlers
I1002 09:09:03.913366 3699076 fork_posix.cc:71] Other threads are currently calling into gRPC, skipping fork() handlers
I1002 09:09:03.990892 3699076 fork_posix.cc:71] Other threads are currently calling into gRPC, skipping fork() handlers
I1002 09:09:04.107416 3699076 fork_posix.cc:71] Other threads are currently calling into gRPC, skipping fork() handlers
I1002 09:09:04.259026 3699076 fork_posix.cc:71] Other threads are currently calling into gRPC, skipping fork() handlers
I1002 09:09:04.331266 3699076 fork_posix.cc:71] Other threads are currently calling into gRPC, skipping fork() handlers
I1002 09:09:04.509269 3699076 fork_posix.cc:71] Other threads are currently calling into gRPC, skipping fork() handlers
I1002 09:09:04.582692 3699076 fork_posix.cc:71] Other threads are currently calling into gRPC, skipping fork() handlers
I1002 09:09:04.669534 3699076 fork_posix.cc:71] Other threads are currently calling into gRPC, skipping fork() handlers
I1002 09:09:04.744540 3699076 fork_posix.cc:71] Other threads are currently calling into gRPC, skipping fork() handlers
I1002 09:09:04.820339 3699076 fork_posix.cc:71] Other threads are currently calling into gRPC, skipping fork() handlers
I1002 09:09:04.896803 3699076 fork_posix.cc:71] Other threads are currently calling into gRPC, skipping fork() handlers
I1002 09:09:04.973923 3699076 fork_posix.cc:71] Other threads are currently calling into gRPC, skipping fork() handlers
I1002 09:09:05.139326 3699076 fork_posix.cc:71] Other threads are currently calling into gRPC, skipping fork() handlers
I1002 09:09:05.222091 3699076 fork_posix.cc:71] Other threads are currently calling into gRPC, skipping fork() handlers
I1002 09:09:05.352700 3699076 fork_posix.cc:71] Other threads are currently calling into gRPC, skipping fork() handlers
I1002 09:09:05.426313 3699076 fork_posix.cc:71] Other threads are currently calling into gRPC, skipping fork() handlers
I1002 09:09:05.506054 3699076 fork_posix.cc:71] Other threads are currently calling into gRPC, skipping fork() handlers
I1002 09:09:05.577612 3699076 fork_posix.cc:71] Other threads are currently calling into gRPC, skipping fork() handlers
I1002 09:09:05.697150 3699076 fork_posix.cc:71] Other threads are currently calling into gRPC, skipping fork() handlers
I1002 09:09:05.802921 3699076 fork_posix.cc:71] Other threads are currently calling into gRPC, skipping fork() handlers
I1002 09:09:05.876064 3699076 fork_posix.cc:71] Other threads are currently calling into gRPC, skipping fork() handlers
I1002 09:09:06.007626 3699076 fork_posix.cc:71] Other threads are currently calling into gRPC, skipping fork() handlers
I1002 09:09:06.091382 3699076 fork_posix.cc:71] Other threads are currently calling into gRPC, skipping fork() handlers
I1002 09:09:06.222672 3699076 fork_posix.cc:71] Other threads are currently calling into gRPC, skipping fork() handlers
I1002 09:09:06.315323 3699076 fork_posix.cc:71] Other threads are currently calling into gRPC, skipping fork() handlers
I1002 09:09:06.426154 3699076 fork_posix.cc:71] Other threads are currently calling into gRPC, skipping fork() handlers
I1002 09:09:06.505098 3699076 fork_posix.cc:71] Other threads are currently calling into gRPC, skipping fork() handlers
I1002 09:09:06.632126 3699076 fork_posix.cc:71] Other threads are currently calling into gRPC, skipping fork() handlers
I1002 09:09:06.698333 3699076 fork_posix.cc:71] Other threads are currently calling into gRPC, skipping fork() handlers
I1002 09:09:06.776750 3699076 fork_posix.cc:71] Other threads are currently calling into gRPC, skipping fork() handlers
I1002 09:09:06.857097 3699076 fork_posix.cc:71] Other threads are currently calling into gRPC, skipping fork() handlers
I1002 09:09:06.940582 3699076 fork_posix.cc:71] Other threads are currently calling into gRPC, skipping fork() handlers
I1002 09:09:07.013044 3699076 fork_posix.cc:71] Other threads are currently calling into gRPC, skipping fork() handlers
I1002 09:09:07.080987 3699076 fork_posix.cc:71] Other threads are currently calling into gRPC, skipping fork() handlers
I1002 09:09:07.206657 3699076 fork_posix.cc:71] Other threads are currently calling into gRPC, skipping fork() handlers
I1002 09:09:07.320457 3699076 fork_posix.cc:71] Other threads are currently calling into gRPC, skipping fork() handlers
I1002 09:09:07.399902 3699076 fork_posix.cc:71] Other threads are currently calling into gRPC, skipping fork() handlers
I1002 09:09:07.499163 3699076 fork_posix.cc:71] Other threads are currently calling into gRPC, skipping fork() handlers
I1002 09:09:07.596735 3699076 fork_posix.cc:71] Other threads are currently calling into gRPC, skipping fork() handlers
I1002 09:09:07.674646 3699076 fork_posix.cc:71] Other threads are currently calling into gRPC, skipping fork() handlers
I1002 09:09:07.763170 3699076 fork_posix.cc:71] Other threads are currently calling into gRPC, skipping fork() handlers
I1002 09:09:07.830846 3699076 fork_posix.cc:71] Other threads are currently calling into gRPC, skipping fork() handlers
I1002 09:09:07.938860 3699076 fork_posix.cc:71] Other threads are currently calling into gRPC, skipping fork() handlers
I1002 09:09:08.023603 3699076 fork_posix.cc:71] Other threads are currently calling into gRPC, skipping fork() handlers
I1002 09:09:08.093851 3699076 fork_posix.cc:71] Other threads are currently calling into gRPC, skipping fork() handlers
I1002 09:09:08.165342 3699076 fork_posix.cc:71] Other threads are currently calling into gRPC, skipping fork() handlers
I1002 09:09:08.233986 3699076 fork_posix.cc:71] Other threads are currently calling into gRPC, skipping fork() handlers
I1002 09:09:08.298401 3699076 fork_posix.cc:71] Other threads are currently calling into gRPC, skipping fork() handlers
I1002 09:09:08.367763 3699076 fork_posix.cc:71] Other threads are currently calling into gRPC, skipping fork() handlers
I1002 09:09:08.440924 3699076 fork_posix.cc:71] Other threads are currently calling into gRPC, skipping fork() handlers
I1002 09:09:08.511633 3699076 fork_posix.cc:71] Other threads are currently calling into gRPC, skipping fork() handlers
I1002 09:09:08.575534 3699076 fork_posix.cc:71] Other threads are currently calling into gRPC, skipping fork() handlers
I1002 09:09:08.646788 3699076 fork_posix.cc:71] Other threads are currently calling into gRPC, skipping fork() handlers
I1002 09:09:08.719200 3699076 fork_posix.cc:71] Other threads are currently calling into gRPC, skipping fork() handlers
I1002 09:09:08.793158 3699076 fork_posix.cc:71] Other threads are currently calling into gRPC, skipping fork() handlers
I1002 09:09:08.834462 3818625 ev_poll_posix.cc:587] FD from fork parent still in poll list: fd(8, generation: 1)
I1002 09:09:08.932583 3699076 fork_posix.cc:71] Other threads are currently calling into gRPC, skipping fork() handlers
I1002 09:09:09.069660 3699076 fork_posix.cc:71] Other threads are currently calling into gRPC, skipping fork() handlers
I1002 09:09:09.210857 3699076 fork_posix.cc:71] Other threads are currently calling into gRPC, skipping fork() handlers
I1002 09:09:09.297394 3699076 fork_posix.cc:71] Other threads are currently calling into gRPC, skipping fork() handlers
I1002 09:09:09.383598 3699076 fork_posix.cc:71] Other threads are currently calling into gRPC, skipping fork() handlers
I1002 09:09:09.466363 3699076 fork_posix.cc:71] Other threads are currently calling into gRPC, skipping fork() handlers
I1002 09:09:09.545968 3699076 fork_posix.cc:71] Other threads are currently calling into gRPC, skipping fork() handlers
I1002 09:09:09.622759 3699076 fork_posix.cc:71] Other threads are currently calling into gRPC, skipping fork() handlers
I1002 09:09:09.696655 3699076 fork_posix.cc:71] Other threads are currently calling into gRPC, skipping fork() handlers
I1002 09:09:09.773913 3699076 fork_posix.cc:71] Other threads are currently calling into gRPC, skipping fork() handlers
I1002 09:09:09.812423 3819032 ev_poll_posix.cc:587] FD from fork parent still in poll list: fd(8, generation: 1)
I1002 09:09:09.856250 3699076 fork_posix.cc:71] Other threads are currently calling into gRPC, skipping fork() handlers
I1002 09:09:09.927506 3699076 fork_posix.cc:71] Other threads are currently calling into gRPC, skipping fork() handlers
I1002 09:09:10.011072 3699076 fork_posix.cc:71] Other threads are currently calling into gRPC, skipping fork() handlers
I1002 09:09:10.092301 3699076 fork_posix.cc:71] Other threads are currently calling into gRPC, skipping fork() handlers
I1002 09:09:10.188491 3699076 fork_posix.cc:71] Other threads are currently calling into gRPC, skipping fork() handlers
I1002 09:09:10.274591 3699076 fork_posix.cc:71] Other threads are currently calling into gRPC, skipping fork() handlers
I1002 09:09:10.363451 3699076 fork_posix.cc:71] Other threads are currently calling into gRPC, skipping fork() handlers
I1002 09:09:10.440706 3699076 fork_posix.cc:71] Other threads are currently calling into gRPC, skipping fork() handlers
I1002 09:09:10.607338 3699076 fork_posix.cc:71] Other threads are currently calling into gRPC, skipping fork() handlers
I1002 09:09:10.676252 3699076 fork_posix.cc:71] Other threads are currently calling into gRPC, skipping fork() handlers
I1002 09:09:10.747952 3699076 fork_posix.cc:71] Other threads are currently calling into gRPC, skipping fork() handlers
I1002 09:09:10.824846 3699076 fork_posix.cc:71] Other threads are currently calling into gRPC, skipping fork() handlers
I1002 09:09:10.991211 3699076 fork_posix.cc:71] Other threads are currently calling into gRPC, skipping fork() handlers
/Users/alexy/src/sail-pecan-integrated/.venv/lib/python3.12/site-packages/pyspark/sql/connect/expressions.py:1091: UserWarning: WARN WindowExpression: No Partition Defined for Window operation! Moving all data to a single partition, this can cause serious performance degradation.
  warnings.warn(
I1002 09:09:11.111222 3699076 fork_posix.cc:71] Other threads are currently calling into gRPC, skipping fork() handlers
I1002 09:09:11.249625 3699076 fork_posix.cc:71] Other threads are currently calling into gRPC, skipping fork() handlers
I1002 09:09:11.330089 3699076 fork_posix.cc:71] Other threads are currently calling into gRPC, skipping fork() handlers
I1002 09:09:11.522484 3699076 fork_posix.cc:71] Other threads are currently calling into gRPC, skipping fork() handlers
I1002 09:09:11.600942 3699076 fork_posix.cc:71] Other threads are currently calling into gRPC, skipping fork() handlers
I1002 09:09:11.683347 3699076 fork_posix.cc:71] Other threads are currently calling into gRPC, skipping fork() handlers
I1002 09:09:11.754969 3699076 fork_posix.cc:71] Other threads are currently calling into gRPC, skipping fork() handlers
I1002 09:09:11.819808 3699076 fork_posix.cc:71] Other threads are currently calling into gRPC, skipping fork() handlers
I1002 09:09:11.926171 3699076 fork_posix.cc:71] Other threads are currently calling into gRPC, skipping fork() handlers
I1002 09:09:12.015504 3699076 fork_posix.cc:71] Other threads are currently calling into gRPC, skipping fork() handlers
I1002 09:09:12.093376 3699076 fork_posix.cc:71] Other threads are currently calling into gRPC, skipping fork() handlers
I1002 09:09:12.171903 3699076 fork_posix.cc:71] Other threads are currently calling into gRPC, skipping fork() handlers
I1002 09:09:12.256432 3699076 fork_posix.cc:71] Other threads are currently calling into gRPC, skipping fork() handlers
I1002 09:09:12.343595 3699076 fork_posix.cc:71] Other threads are currently calling into gRPC, skipping fork() handlers
I1002 09:09:12.443434 3699076 fork_posix.cc:71] Other threads are currently calling into gRPC, skipping fork() handlers
I1002 09:09:20.112395 3823854 ev_poll_posix.cc:587] FD from fork parent still in poll list: fd(8, generation: 1)
I1002 09:09:21.405421 3699076 fork_posix.cc:71] Other threads are currently calling into gRPC, skipping fork() handlers
I1002 09:09:21.493996 3699076 fork_posix.cc:71] Other threads are currently calling into gRPC, skipping fork() handlers
I1002 09:09:21.578749 3699076 fork_posix.cc:71] Other threads are currently calling into gRPC, skipping fork() handlers
I1002 09:09:21.688624 3699076 fork_posix.cc:71] Other threads are currently calling into gRPC, skipping fork() handlers
I1002 09:09:21.765893 3699076 fork_posix.cc:71] Other threads are currently calling into gRPC, skipping fork() handlers
I1002 09:09:21.840826 3699076 fork_posix.cc:71] Other threads are currently calling into gRPC, skipping fork() handlers
I1002 09:09:21.930004 3699076 fork_posix.cc:71] Other threads are currently calling into gRPC, skipping fork() handlers
I1002 09:09:23.005960 3825184 ev_poll_posix.cc:587] FD from fork parent still in poll list: fd(8, generation: 1)
I1002 09:09:25.239630 3826237 ev_poll_posix.cc:587] FD from fork parent still in poll list: fd(8, generation: 1)
I1002 09:09:26.166346 3826651 ev_poll_posix.cc:587] FD from fork parent still in poll list: fd(8, generation: 1)
I1002 09:09:26.387179 3826781 ev_poll_posix.cc:587] FD from fork parent still in poll list: fd(8, generation: 1)
I1002 09:09:26.456063 3826817 ev_poll_posix.cc:587] FD from fork parent still in poll list: fd(8, generation: 1)
I1002 09:09:28.513260 3827759 ev_poll_posix.cc:587] FD from fork parent still in poll list: fd(8, generation: 1)
I1002 09:09:30.853123 3699076 fork_posix.cc:71] Other threads are currently calling into gRPC, skipping fork() handlers
I1002 09:09:31.521800 3699076 fork_posix.cc:71] Other threads are currently calling into gRPC, skipping fork() handlers
I1002 09:09:31.607249 3699076 fork_posix.cc:71] Other threads are currently calling into gRPC, skipping fork() handlers
I1002 09:09:31.690356 3699076 fork_posix.cc:71] Other threads are currently calling into gRPC, skipping fork() handlers
I1002 09:09:31.768896 3699076 fork_posix.cc:71] Other threads are currently calling into gRPC, skipping fork() handlers
I1002 09:09:31.842393 3699076 fork_posix.cc:71] Other threads are currently calling into gRPC, skipping fork() handlers
I1002 09:09:31.919034 3699076 fork_posix.cc:71] Other threads are currently calling into gRPC, skipping fork() handlers
I1002 09:09:31.998934 3699076 fork_posix.cc:71] Other threads are currently calling into gRPC, skipping fork() handlers
I1002 09:09:32.036954 3829331 ev_poll_posix.cc:587] FD from fork parent still in poll list: fd(8, generation: 1)
I1002 09:09:32.085451 3699076 fork_posix.cc:71] Other threads are currently calling into gRPC, skipping fork() handlers
I1002 09:09:32.263786 3699076 fork_posix.cc:71] Other threads are currently calling into gRPC, skipping fork() handlers
I1002 09:09:32.342672 3699076 fork_posix.cc:71] Other threads are currently calling into gRPC, skipping fork() handlers
I1002 09:09:32.485140 3699076 fork_posix.cc:71] Other threads are currently calling into gRPC, skipping fork() handlers
I1002 09:09:32.571868 3699076 fork_posix.cc:71] Other threads are currently calling into gRPC, skipping fork() handlers
I1002 09:09:32.637201 3699076 fork_posix.cc:71] Other threads are currently calling into gRPC, skipping fork() handlers
I1002 09:09:32.768961 3699076 fork_posix.cc:71] Other threads are currently calling into gRPC, skipping fork() handlers
I1002 09:09:32.898370 3699076 fork_posix.cc:71] Other threads are currently calling into gRPC, skipping fork() handlers
I1002 09:09:32.972951 3699076 fork_posix.cc:71] Other threads are currently calling into gRPC, skipping fork() handlers
I1002 09:09:33.047235 3699076 fork_posix.cc:71] Other threads are currently calling into gRPC, skipping fork() handlers
I1002 09:09:33.144317 3699076 fork_posix.cc:71] Other threads are currently calling into gRPC, skipping fork() handlers
I1002 09:09:33.295995 3699076 fork_posix.cc:71] Other threads are currently calling into gRPC, skipping fork() handlers
I1002 09:09:33.373558 3699076 fork_posix.cc:71] Other threads are currently calling into gRPC, skipping fork() handlers
I1002 09:09:33.452594 3699076 fork_posix.cc:71] Other threads are currently calling into gRPC, skipping fork() handlers
I1002 09:09:33.530886 3699076 fork_posix.cc:71] Other threads are currently calling into gRPC, skipping fork() handlers
I1002 09:09:33.617520 3699076 fork_posix.cc:71] Other threads are currently calling into gRPC, skipping fork() handlers
I1002 09:09:33.808501 3699076 fork_posix.cc:71] Other threads are currently calling into gRPC, skipping fork() handlers
I1002 09:09:33.892199 3699076 fork_posix.cc:71] Other threads are currently calling into gRPC, skipping fork() handlers
I1002 09:09:33.969757 3699076 fork_posix.cc:71] Other threads are currently calling into gRPC, skipping fork() handlers
I1002 09:09:34.048044 3699076 fork_posix.cc:71] Other threads are currently calling into gRPC, skipping fork() handlers
I1002 09:09:34.113550 3699076 fork_posix.cc:71] Other threads are currently calling into gRPC, skipping fork() handlers
I1002 09:09:34.202870 3699076 fork_posix.cc:71] Other threads are currently calling into gRPC, skipping fork() handlers
I1002 09:09:34.290359 3699076 fork_posix.cc:71] Other threads are currently calling into gRPC, skipping fork() handlers
I1002 09:09:34.365432 3699076 fork_posix.cc:71] Other threads are currently calling into gRPC, skipping fork() handlers
I1002 09:09:34.438844 3699076 fork_posix.cc:71] Other threads are currently calling into gRPC, skipping fork() handlers
I1002 09:09:34.520453 3699076 fork_posix.cc:71] Other threads are currently calling into gRPC, skipping fork() handlers
I1002 09:09:34.648388 3699076 fork_posix.cc:71] Other threads are currently calling into gRPC, skipping fork() handlers
I1002 09:09:34.729692 3699076 fork_posix.cc:71] Other threads are currently calling into gRPC, skipping fork() handlers
I1002 09:09:34.810666 3699076 fork_posix.cc:71] Other threads are currently calling into gRPC, skipping fork() handlers
I1002 09:09:34.940094 3699076 fork_posix.cc:71] Other threads are currently calling into gRPC, skipping fork() handlers
I1002 09:09:35.067508 3699076 fork_posix.cc:71] Other threads are currently calling into gRPC, skipping fork() handlers
I1002 09:09:35.168568 3699076 fork_posix.cc:71] Other threads are currently calling into gRPC, skipping fork() handlers
I1002 09:09:35.254808 3699076 fork_posix.cc:71] Other threads are currently calling into gRPC, skipping fork() handlers
I1002 09:09:35.352540 3699076 fork_posix.cc:71] Other threads are currently calling into gRPC, skipping fork() handlers
I1002 09:09:35.433483 3699076 fork_posix.cc:71] Other threads are currently calling into gRPC, skipping fork() handlers
I1002 09:09:35.510038 3699076 fork_posix.cc:71] Other threads are currently calling into gRPC, skipping fork() handlers
I1002 09:09:35.587083 3699076 fork_posix.cc:71] Other threads are currently calling into gRPC, skipping fork() handlers
I1002 09:09:35.677242 3699076 fork_posix.cc:71] Other threads are currently calling into gRPC, skipping fork() handlers
I1002 09:09:35.767226 3699076 fork_posix.cc:71] Other threads are currently calling into gRPC, skipping fork() handlers
I1002 09:09:35.853391 3699076 fork_posix.cc:71] Other threads are currently calling into gRPC, skipping fork() handlers
I1002 09:09:35.939382 3699076 fork_posix.cc:71] Other threads are currently calling into gRPC, skipping fork() handlers
I1002 09:09:36.022957 3699076 fork_posix.cc:71] Other threads are currently calling into gRPC, skipping fork() handlers
I1002 09:09:36.093407 3699076 fork_posix.cc:71] Other threads are currently calling into gRPC, skipping fork() handlers
I1002 09:09:36.161594 3699076 fork_posix.cc:71] Other threads are currently calling into gRPC, skipping fork() handlers
I1002 09:09:36.234192 3699076 fork_posix.cc:71] Other threads are currently calling into gRPC, skipping fork() handlers
I1002 09:09:36.306924 3699076 fork_posix.cc:71] Other threads are currently calling into gRPC, skipping fork() handlers
I1002 09:09:36.381312 3699076 fork_posix.cc:71] Other threads are currently calling into gRPC, skipping fork() handlers
I1002 09:09:36.453154 3699076 fork_posix.cc:71] Other threads are currently calling into gRPC, skipping fork() handlers
I1002 09:09:36.492158 3831028 ev_poll_posix.cc:587] FD from fork parent still in poll list: fd(8, generation: 1)
I1002 09:09:36.520374 3699076 fork_posix.cc:71] Other threads are currently calling into gRPC, skipping fork() handlers
I1002 09:09:36.586967 3699076 fork_posix.cc:71] Other threads are currently calling into gRPC, skipping fork() handlers
I1002 09:09:36.658618 3699076 fork_posix.cc:71] Other threads are currently calling into gRPC, skipping fork() handlers
I1002 09:09:36.731804 3699076 fork_posix.cc:71] Other threads are currently calling into gRPC, skipping fork() handlers
I1002 09:09:36.804905 3699076 fork_posix.cc:71] Other threads are currently calling into gRPC, skipping fork() handlers
I1002 09:09:36.844057 3831248 ev_poll_posix.cc:587] FD from fork parent still in poll list: fd(8, generation: 1)
I1002 09:09:36.878385 3699076 fork_posix.cc:71] Other threads are currently calling into gRPC, skipping fork() handlers
I1002 09:09:36.951767 3699076 fork_posix.cc:71] Other threads are currently calling into gRPC, skipping fork() handlers
I1002 09:09:37.022612 3699076 fork_posix.cc:71] Other threads are currently calling into gRPC, skipping fork() handlers
I1002 09:09:37.095390 3699076 fork_posix.cc:71] Other threads are currently calling into gRPC, skipping fork() handlers
I1002 09:09:37.174186 3699076 fork_posix.cc:71] Other threads are currently calling into gRPC, skipping fork() handlers
I1002 09:09:37.254847 3699076 fork_posix.cc:71] Other threads are currently calling into gRPC, skipping fork() handlers
I1002 09:09:37.332401 3699076 fork_posix.cc:71] Other threads are currently calling into gRPC, skipping fork() handlers
I1002 09:09:37.404584 3699076 fork_posix.cc:71] Other threads are currently calling into gRPC, skipping fork() handlers
I1002 09:09:37.486291 3699076 fork_posix.cc:71] Other threads are currently calling into gRPC, skipping fork() handlers
I1002 09:09:37.526995 3831591 ev_poll_posix.cc:587] FD from fork parent still in poll list: fd(8, generation: 1)
I1002 09:09:37.573134 3699076 fork_posix.cc:71] Other threads are currently calling into gRPC, skipping fork() handlers
I1002 09:09:37.683420 3699076 fork_posix.cc:71] Other threads are currently calling into gRPC, skipping fork() handlers
I1002 09:09:37.757715 3699076 fork_posix.cc:71] Other threads are currently calling into gRPC, skipping fork() handlers
I1002 09:09:37.895361 3699076 fork_posix.cc:71] Other threads are currently calling into gRPC, skipping fork() handlers
I1002 09:09:37.973848 3699076 fork_posix.cc:71] Other threads are currently calling into gRPC, skipping fork() handlers
I1002 09:09:38.051549 3699076 fork_posix.cc:71] Other threads are currently calling into gRPC, skipping fork() handlers
I1002 09:09:38.133721 3699076 fork_posix.cc:71] Other threads are currently calling into gRPC, skipping fork() handlers
I1002 09:09:38.209433 3699076 fork_posix.cc:71] Other threads are currently calling into gRPC, skipping fork() handlers
I1002 09:09:38.288995 3699076 fork_posix.cc:71] Other threads are currently calling into gRPC, skipping fork() handlers
I1002 09:09:38.330855 3831933 ev_poll_posix.cc:587] FD from fork parent still in poll list: fd(8, generation: 1)
I1002 09:09:38.369239 3699076 fork_posix.cc:71] Other threads are currently calling into gRPC, skipping fork() handlers
I1002 09:09:38.459291 3699076 fork_posix.cc:71] Other threads are currently calling into gRPC, skipping fork() handlers
I1002 09:09:38.556600 3699076 fork_posix.cc:71] Other threads are currently calling into gRPC, skipping fork() handlers
I1002 09:09:38.630880 3699076 fork_posix.cc:71] Other threads are currently calling into gRPC, skipping fork() handlers
I1002 09:09:38.709442 3699076 fork_posix.cc:71] Other threads are currently calling into gRPC, skipping fork() handlers
I1002 09:09:38.756203 3832175 ev_poll_posix.cc:587] FD from fork parent still in poll list: fd(8, generation: 1)
I1002 09:09:38.797434 3699076 fork_posix.cc:71] Other threads are currently calling into gRPC, skipping fork() handlers
I1002 09:09:38.878538 3699076 fork_posix.cc:71] Other threads are currently calling into gRPC, skipping fork() handlers
I1002 09:09:39.010717 3699076 fork_posix.cc:71] Other threads are currently calling into gRPC, skipping fork() handlers
I1002 09:09:39.087041 3699076 fork_posix.cc:71] Other threads are currently calling into gRPC, skipping fork() handlers
I1002 09:09:39.209580 3699076 fork_posix.cc:71] Other threads are currently calling into gRPC, skipping fork() handlers
I1002 09:09:39.297598 3699076 fork_posix.cc:71] Other threads are currently calling into gRPC, skipping fork() handlers
I1002 09:09:39.368839 3699076 fork_posix.cc:71] Other threads are currently calling into gRPC, skipping fork() handlers
I1002 09:09:39.500175 3699076 fork_posix.cc:71] Other threads are currently calling into gRPC, skipping fork() handlers
I1002 09:09:39.586779 3699076 fork_posix.cc:71] Other threads are currently calling into gRPC, skipping fork() handlers
I1002 09:09:39.664951 3699076 fork_posix.cc:71] Other threads are currently calling into gRPC, skipping fork() handlers
I1002 09:09:39.744871 3699076 fork_posix.cc:71] Other threads are currently calling into gRPC, skipping fork() handlers
I1002 09:09:39.819760 3699076 fork_posix.cc:71] Other threads are currently calling into gRPC, skipping fork() handlers
I1002 09:09:39.905064 3699076 fork_posix.cc:71] Other threads are currently calling into gRPC, skipping fork() handlers
I1002 09:09:39.988161 3699076 fork_posix.cc:71] Other threads are currently calling into gRPC, skipping fork() handlers
I1002 09:09:40.067989 3699076 fork_posix.cc:71] Other threads are currently calling into gRPC, skipping fork() handlers
I1002 09:09:40.150783 3699076 fork_posix.cc:71] Other threads are currently calling into gRPC, skipping fork() handlers
I1002 09:09:40.267703 3699076 fork_posix.cc:71] Other threads are currently calling into gRPC, skipping fork() handlers
/Users/alexy/src/sail-pecan-integrated/.venv/lib/python3.12/site-packages/pyspark/sql/connect/expressions.py:1091: UserWarning: WARN WindowExpression: No Partition Defined for Window operation! Moving all data to a single partition, this can cause serious performance degradation.
  warnings.warn(
I1002 09:09:40.399261 3699076 fork_posix.cc:71] Other threads are currently calling into gRPC, skipping fork() handlers
I1002 09:09:40.509760 3699076 fork_posix.cc:71] Other threads are currently calling into gRPC, skipping fork() handlers
I1002 09:09:40.607560 3699076 fork_posix.cc:71] Other threads are currently calling into gRPC, skipping fork() handlers
I1002 09:09:40.709175 3699076 fork_posix.cc:71] Other threads are currently calling into gRPC, skipping fork() handlers
I1002 09:09:40.794173 3699076 fork_posix.cc:71] Other threads are currently calling into gRPC, skipping fork() handlers
I1002 09:09:40.870994 3699076 fork_posix.cc:71] Other threads are currently calling into gRPC, skipping fork() handlers
I1002 09:09:40.960836 3699076 fork_posix.cc:71] Other threads are currently calling into gRPC, skipping fork() handlers
I1002 09:09:41.033961 3699076 fork_posix.cc:71] Other threads are currently calling into gRPC, skipping fork() handlers
I1002 09:09:41.109198 3699076 fork_posix.cc:71] Other threads are currently calling into gRPC, skipping fork() handlers
I1002 09:09:41.178002 3699076 fork_posix.cc:71] Other threads are currently calling into gRPC, skipping fork() handlers
I1002 09:09:41.289677 3699076 fork_posix.cc:71] Other threads are currently calling into gRPC, skipping fork() handlers
I1002 09:09:41.369270 3699076 fork_posix.cc:71] Other threads are currently calling into gRPC, skipping fork() handlers
I1002 09:09:41.445851 3699076 fork_posix.cc:71] Other threads are currently calling into gRPC, skipping fork() handlers
I1002 09:09:41.533588 3699076 fork_posix.cc:71] Other threads are currently calling into gRPC, skipping fork() handlers
I1002 09:09:41.644260 3699076 fork_posix.cc:71] Other threads are currently calling into gRPC, skipping fork() handlers
I1002 09:09:41.727908 3699076 fork_posix.cc:71] Other threads are currently calling into gRPC, skipping fork() handlers
I1002 09:09:41.805018 3699076 fork_posix.cc:71] Other threads are currently calling into gRPC, skipping fork() handlers
I1002 09:09:41.846122 3833469 ev_poll_posix.cc:587] FD from fork parent still in poll list: fd(8, generation: 1)
I1002 09:09:45.740677 3835370 ev_poll_posix.cc:587] FD from fork parent still in poll list: fd(8, generation: 1)
I1002 09:09:46.133483 3835545 ev_poll_posix.cc:587] FD from fork parent still in poll list: fd(8, generation: 1)
I1002 09:09:47.028851 3836007 ev_poll_posix.cc:587] FD from fork parent still in poll list: fd(8, generation: 1)
I1002 09:09:49.595787 3837258 ev_poll_posix.cc:587] FD from fork parent still in poll list: fd(8, generation: 1)
I1002 09:09:50.906254 3699076 fork_posix.cc:71] Other threads are currently calling into gRPC, skipping fork() handlers
I1002 09:09:50.986723 3699076 fork_posix.cc:71] Other threads are currently calling into gRPC, skipping fork() handlers
I1002 09:09:51.082955 3699076 fork_posix.cc:71] Other threads are currently calling into gRPC, skipping fork() handlers
I1002 09:09:51.172407 3699076 fork_posix.cc:71] Other threads are currently calling into gRPC, skipping fork() handlers
I1002 09:09:51.259281 3699076 fork_posix.cc:71] Other threads are currently calling into gRPC, skipping fork() handlers
I1002 09:09:51.376431 3699076 fork_posix.cc:71] Other threads are currently calling into gRPC, skipping fork() handlers
I1002 09:09:51.456376 3699076 fork_posix.cc:71] Other threads are currently calling into gRPC, skipping fork() handlers
I1002 09:09:57.158529 3840781 ev_poll_posix.cc:587] FD from fork parent still in poll list: fd(8, generation: 1)
I1002 09:09:59.986326 3842207 ev_poll_posix.cc:587] FD from fork parent still in poll list: fd(8, generation: 1)
I1002 09:10:00.024058 3699076 fork_posix.cc:71] Other threads are currently calling into gRPC, skipping fork() handlers
I1002 09:10:00.577627 3699076 fork_posix.cc:71] Other threads are currently calling into gRPC, skipping fork() handlers
I1002 09:10:00.644022 3699076 fork_posix.cc:71] Other threads are currently calling into gRPC, skipping fork() handlers
I1002 09:10:00.722228 3699076 fork_posix.cc:71] Other threads are currently calling into gRPC, skipping fork() handlers
I1002 09:10:00.762031 3842507 ev_poll_posix.cc:587] FD from fork parent still in poll list: fd(8, generation: 1)
I1002 09:10:00.807473 3699076 fork_posix.cc:71] Other threads are currently calling into gRPC, skipping fork() handlers
I1002 09:10:00.891605 3699076 fork_posix.cc:71] Other threads are currently calling into gRPC, skipping fork() handlers
I1002 09:10:00.970541 3699076 fork_posix.cc:71] Other threads are currently calling into gRPC, skipping fork() handlers
I1002 09:10:01.046467 3699076 fork_posix.cc:71] Other threads are currently calling into gRPC, skipping fork() handlers
I1002 09:10:01.086028 3842638 ev_poll_posix.cc:587] FD from fork parent still in poll list: fd(8, generation: 1)
I1002 09:10:01.120422 3699076 fork_posix.cc:71] Other threads are currently calling into gRPC, skipping fork() handlers
I1002 09:10:01.219069 3699076 fork_posix.cc:71] Other threads are currently calling into gRPC, skipping fork() handlers
I1002 09:10:01.336909 3699076 fork_posix.cc:71] Other threads are currently calling into gRPC, skipping fork() handlers
I1002 09:10:01.412244 3699076 fork_posix.cc:71] Other threads are currently calling into gRPC, skipping fork() handlers
I1002 09:10:01.550818 3699076 fork_posix.cc:71] Other threads are currently calling into gRPC, skipping fork() handlers
I1002 09:10:01.618892 3699076 fork_posix.cc:71] Other threads are currently calling into gRPC, skipping fork() handlers
I1002 09:10:01.705235 3699076 fork_posix.cc:71] Other threads are currently calling into gRPC, skipping fork() handlers
I1002 09:10:01.807628 3699076 fork_posix.cc:71] Other threads are currently calling into gRPC, skipping fork() handlers
I1002 09:10:01.906060 3699076 fork_posix.cc:71] Other threads are currently calling into gRPC, skipping fork() handlers
I1002 09:10:02.033767 3699076 fork_posix.cc:71] Other threads are currently calling into gRPC, skipping fork() handlers
I1002 09:10:02.141464 3699076 fork_posix.cc:71] Other threads are currently calling into gRPC, skipping fork() handlers
I1002 09:10:02.229473 3699076 fork_posix.cc:71] Other threads are currently calling into gRPC, skipping fork() handlers
I1002 09:10:02.299194 3699076 fork_posix.cc:71] Other threads are currently calling into gRPC, skipping fork() handlers
I1002 09:10:02.399159 3699076 fork_posix.cc:71] Other threads are currently calling into gRPC, skipping fork() handlers
I1002 09:10:02.499166 3699076 fork_posix.cc:71] Other threads are currently calling into gRPC, skipping fork() handlers
I1002 09:10:02.636228 3699076 fork_posix.cc:71] Other threads are currently calling into gRPC, skipping fork() handlers
I1002 09:10:02.727435 3699076 fork_posix.cc:71] Other threads are currently calling into gRPC, skipping fork() handlers
I1002 09:10:02.805454 3699076 fork_posix.cc:71] Other threads are currently calling into gRPC, skipping fork() handlers
I1002 09:10:02.974478 3699076 fork_posix.cc:71] Other threads are currently calling into gRPC, skipping fork() handlers
I1002 09:10:03.053334 3699076 fork_posix.cc:71] Other threads are currently calling into gRPC, skipping fork() handlers
I1002 09:10:03.178833 3699076 fork_posix.cc:71] Other threads are currently calling into gRPC, skipping fork() handlers
I1002 09:10:03.326752 3699076 fork_posix.cc:71] Other threads are currently calling into gRPC, skipping fork() handlers
I1002 09:10:03.405238 3699076 fork_posix.cc:71] Other threads are currently calling into gRPC, skipping fork() handlers
I1002 09:10:03.475016 3699076 fork_posix.cc:71] Other threads are currently calling into gRPC, skipping fork() handlers
I1002 09:10:03.563196 3699076 fork_posix.cc:71] Other threads are currently calling into gRPC, skipping fork() handlers
I1002 09:10:03.636426 3699076 fork_posix.cc:71] Other threads are currently calling into gRPC, skipping fork() handlers
I1002 09:10:03.809200 3699076 fork_posix.cc:71] Other threads are currently calling into gRPC, skipping fork() handlers
I1002 09:10:03.898171 3699076 fork_posix.cc:71] Other threads are currently calling into gRPC, skipping fork() handlers
I1002 09:10:03.976286 3699076 fork_posix.cc:71] Other threads are currently calling into gRPC, skipping fork() handlers
I1002 09:10:04.073089 3699076 fork_posix.cc:71] Other threads are currently calling into gRPC, skipping fork() handlers
I1002 09:10:04.205349 3699076 fork_posix.cc:71] Other threads are currently calling into gRPC, skipping fork() handlers
I1002 09:10:04.305554 3699076 fork_posix.cc:71] Other threads are currently calling into gRPC, skipping fork() handlers
I1002 09:10:04.406823 3699076 fork_posix.cc:71] Other threads are currently calling into gRPC, skipping fork() handlers
I1002 09:10:04.499869 3699076 fork_posix.cc:71] Other threads are currently calling into gRPC, skipping fork() handlers
I1002 09:10:04.588898 3699076 fork_posix.cc:71] Other threads are currently calling into gRPC, skipping fork() handlers
I1002 09:10:04.670767 3699076 fork_posix.cc:71] Other threads are currently calling into gRPC, skipping fork() handlers
I1002 09:10:04.767292 3699076 fork_posix.cc:71] Other threads are currently calling into gRPC, skipping fork() handlers
I1002 09:10:04.863654 3699076 fork_posix.cc:71] Other threads are currently calling into gRPC, skipping fork() handlers
I1002 09:10:04.947842 3699076 fork_posix.cc:71] Other threads are currently calling into gRPC, skipping fork() handlers
I1002 09:10:05.031180 3699076 fork_posix.cc:71] Other threads are currently calling into gRPC, skipping fork() handlers
I1002 09:10:05.145007 3699076 fork_posix.cc:71] Other threads are currently calling into gRPC, skipping fork() handlers
I1002 09:10:05.231417 3699076 fork_posix.cc:71] Other threads are currently calling into gRPC, skipping fork() handlers
I1002 09:10:05.307605 3699076 fork_posix.cc:71] Other threads are currently calling into gRPC, skipping fork() handlers
I1002 09:10:05.383487 3699076 fork_posix.cc:71] Other threads are currently calling into gRPC, skipping fork() handlers
I1002 09:10:05.451638 3699076 fork_posix.cc:71] Other threads are currently calling into gRPC, skipping fork() handlers
I1002 09:10:05.520003 3699076 fork_posix.cc:71] Other threads are currently calling into gRPC, skipping fork() handlers
I1002 09:10:05.592296 3699076 fork_posix.cc:71] Other threads are currently calling into gRPC, skipping fork() handlers
I1002 09:10:05.666213 3699076 fork_posix.cc:71] Other threads are currently calling into gRPC, skipping fork() handlers
I1002 09:10:05.706584 3844322 ev_poll_posix.cc:587] FD from fork parent still in poll list: fd(8, generation: 1)
I1002 09:10:05.741321 3699076 fork_posix.cc:71] Other threads are currently calling into gRPC, skipping fork() handlers
I1002 09:10:05.809041 3699076 fork_posix.cc:71] Other threads are currently calling into gRPC, skipping fork() handlers
I1002 09:10:05.848868 3844390 ev_poll_posix.cc:587] FD from fork parent still in poll list: fd(8, generation: 1)
I1002 09:10:05.883564 3699076 fork_posix.cc:71] Other threads are currently calling into gRPC, skipping fork() handlers
I1002 09:10:05.958357 3699076 fork_posix.cc:71] Other threads are currently calling into gRPC, skipping fork() handlers
I1002 09:10:06.033695 3699076 fork_posix.cc:71] Other threads are currently calling into gRPC, skipping fork() handlers
I1002 09:10:06.073574 3844494 ev_poll_posix.cc:587] FD from fork parent still in poll list: fd(8, generation: 1)
I1002 09:10:06.108247 3699076 fork_posix.cc:71] Other threads are currently calling into gRPC, skipping fork() handlers
I1002 09:10:06.181740 3699076 fork_posix.cc:71] Other threads are currently calling into gRPC, skipping fork() handlers
I1002 09:10:06.255474 3699076 fork_posix.cc:71] Other threads are currently calling into gRPC, skipping fork() handlers
I1002 09:10:06.329205 3699076 fork_posix.cc:71] Other threads are currently calling into gRPC, skipping fork() handlers
I1002 09:10:06.402558 3699076 fork_posix.cc:71] Other threads are currently calling into gRPC, skipping fork() handlers
I1002 09:10:06.441786 3844678 ev_poll_posix.cc:587] FD from fork parent still in poll list: fd(8, generation: 1)
I1002 09:10:06.476511 3699076 fork_posix.cc:71] Other threads are currently calling into gRPC, skipping fork() handlers
I1002 09:10:06.547844 3699076 fork_posix.cc:71] Other threads are currently calling into gRPC, skipping fork() handlers
I1002 09:10:06.587105 3844752 ev_poll_posix.cc:587] FD from fork parent still in poll list: fd(8, generation: 1)
I1002 09:10:06.612006 3699076 fork_posix.cc:71] Other threads are currently calling into gRPC, skipping fork() handlers
I1002 09:10:06.685942 3699076 fork_posix.cc:71] Other threads are currently calling into gRPC, skipping fork() handlers
I1002 09:10:06.759498 3699076 fork_posix.cc:71] Other threads are currently calling into gRPC, skipping fork() handlers
I1002 09:10:06.830390 3699076 fork_posix.cc:71] Other threads are currently calling into gRPC, skipping fork() handlers
I1002 09:10:06.869760 3844890 ev_poll_posix.cc:587] FD from fork parent still in poll list: fd(8, generation: 1)
I1002 09:10:06.897930 3699076 fork_posix.cc:71] Other threads are currently calling into gRPC, skipping fork() handlers
I1002 09:10:06.970445 3699076 fork_posix.cc:71] Other threads are currently calling into gRPC, skipping fork() handlers
I1002 09:10:07.111675 3699076 fork_posix.cc:71] Other threads are currently calling into gRPC, skipping fork() handlers
I1002 09:10:07.277825 3699076 fork_posix.cc:71] Other threads are currently calling into gRPC, skipping fork() handlers
I1002 09:10:07.438632 3699076 fork_posix.cc:71] Other threads are currently calling into gRPC, skipping fork() handlers
I1002 09:10:07.523499 3699076 fork_posix.cc:71] Other threads are currently calling into gRPC, skipping fork() handlers
I1002 09:10:07.599039 3699076 fork_posix.cc:71] Other threads are currently calling into gRPC, skipping fork() handlers
I1002 09:10:07.676400 3699076 fork_posix.cc:71] Other threads are currently calling into gRPC, skipping fork() handlers
I1002 09:10:07.821733 3699076 fork_posix.cc:71] Other threads are currently calling into gRPC, skipping fork() handlers
I1002 09:10:07.892296 3699076 fork_posix.cc:71] Other threads are currently calling into gRPC, skipping fork() handlers
I1002 09:10:07.965097 3699076 fork_posix.cc:71] Other threads are currently calling into gRPC, skipping fork() handlers
I1002 09:10:08.049507 3699076 fork_posix.cc:71] Other threads are currently calling into gRPC, skipping fork() handlers
I1002 09:10:08.127024 3699076 fork_posix.cc:71] Other threads are currently calling into gRPC, skipping fork() handlers
I1002 09:10:08.197748 3699076 fork_posix.cc:71] Other threads are currently calling into gRPC, skipping fork() handlers
I1002 09:10:08.275459 3699076 fork_posix.cc:71] Other threads are currently calling into gRPC, skipping fork() handlers
I1002 09:10:08.344815 3699076 fork_posix.cc:71] Other threads are currently calling into gRPC, skipping fork() handlers
I1002 09:10:08.426290 3699076 fork_posix.cc:71] Other threads are currently calling into gRPC, skipping fork() handlers
I1002 09:10:08.503055 3699076 fork_posix.cc:71] Other threads are currently calling into gRPC, skipping fork() handlers
I1002 09:10:08.585561 3699076 fork_posix.cc:71] Other threads are currently calling into gRPC, skipping fork() handlers
I1002 09:10:08.664136 3699076 fork_posix.cc:71] Other threads are currently calling into gRPC, skipping fork() handlers
I1002 09:10:08.733657 3699076 fork_posix.cc:71] Other threads are currently calling into gRPC, skipping fork() handlers
I1002 09:10:08.897454 3699076 fork_posix.cc:71] Other threads are currently calling into gRPC, skipping fork() handlers
