Warning: can't set `imports_granularity = Module`, unstable features are only available in nightly channel.
Warning: can't set `group_imports = StdExternalCrate`, unstable features are only available in nightly channel.
    Finished `release` profile [optimized] target(s) in 1.96s
    Finished `release` profile [optimized] target(s) in 0.55s
     Running unittests src/lib.rs (/Volumes/Apo/graph-tests/workspaces/second-string-20261006/gate-target/release/deps/_native-6c42f879522a9565)

running 41 tests
test matrix::tests::configured_empty_boundaries_precede_alignment_arithmetic ... ok
test matrix::tests::custom_int_arithmetic_wraps_as_java_int ... ok
test matrix::tests::affine_gap_charges_opening_and_every_extension ... ok
test matrix::tests::explicit_default_parameters_match_default_entry_points ... ok
test matrix::tests::jaro_uses_half_a_transposition_for_an_odd_mismatch_count ... ok
test matrix::tests::global_alignment_config_keeps_fixed_source_normalization ... ok
test matrix::tests::local_alignment_zero_penalties_and_configured_match_scale ... ok
test matrix::tests::no_unicode_normalization_or_case_folding ... ok
test matrix::tests::shared_empty_boundaries_and_identical_strings ... ok
test matrix::tests::supplementary_characters_are_two_utf16_units ... ok
test matrix::tests::upstream_global_alignment_examples ... ok
test matrix::tests::upstream_jaro_examples_and_repeated_matches ... ok
test matrix::tests::upstream_lcs_is_subsequence_normalized_by_longer_input ... ok
test matrix::tests::source_unicode_fixtures_are_bounded_and_repeatable ... ok
test matrix::tests::upstream_jaro_winkler_examples ... ok
test matrix::tests::upstream_levenshtein_examples ... ok
test matrix::tests::upstream_local_alignment_examples ... ok
test matrix::tests::winkler_boost_has_no_point_seven_threshold ... ok
test matrix::tests::winkler_configured_prefix_and_final_clamp ... ok
test matrix::tests::winkler_nan_arithmetic_matches_source_comparisons ... ok
test phonetic::tests::double_metaphone_covers_silent_initials_and_truncation ... ok
test phonetic::tests::double_metaphone_matches_commons_121_primary_examples ... ok
test phonetic::tests::normalization_follows_java_simple_uppercase_of_utf16_units ... ok
test phonetic::tests::refined_soundex_uses_wrapper_initial_code_and_zero_semantics ... ok
test phonetic::tests::soundex_matches_reference_scala_examples ... ok
test phonetic::tests::soundex_vowels_reset_duplicates_but_h_and_w_do_not ... ok
test token::tests::all_metrics_preserve_raw_empty_boundaries_and_case ... ok
test token::tests::monge_is_symmetric_and_repetitions_affect_directed_averages ... ok
test token::tests::monge_surrogate_roundtrip_matches_java_utf8_replacement ... ok
test token::tests::ngrams_match_upstream_fixtures_and_preserve_raw_spaces ... ok
test token::tests::java_whitespace_delimiters_and_exclusions_are_explicit ... ok
test token::tests::ngrams_use_utf16_units_without_normalization ... ok
test token::tests::raw_empty_and_whitespace_only_are_distinct_upstream_cases ... ok
test tests::all_names_and_default_arities_are_preserved ... ok
test token::tests::set_metrics_match_hand_computed_cardinality_formulas ... ok
test token::tests::whitespace_sequences_preserve_repetitions_and_punctuation ... ok
test token::tests::monge_accepts_all_five_inner_defaults_and_ngram_mode ... ok
test tests::literal_options_survive_foreign_transport_and_invalid_domains_are_refused ... ok
test tests::foreign_large_and_view_strings_use_utf16_reference_semantics ... ok
test tests::foreign_batches_preserve_nulls_slices_and_scalar_broadcast ... ok
test tests::compiled_scala_oracle_matches_all_exported_functions_through_arrow_ffi ... ok

test result: ok. 41 passed; 0 failed; 0 ignored; 0 measured; 0 filtered out; finished in 0.88s

All checks passed!
8 files already formatted
Success: no issues found in 8 source files
........................................................................ [ 64%]
........................................                                 [100%]
- generated xml file: /Volumes/Apo/graph-tests/workspaces/second-string-20261006/validation/gate-local.xml -
112 passed in 2.65s
........................................................................ [ 64%]
........................................                                 [100%]
- generated xml file: /Volumes/Apo/graph-tests/workspaces/second-string-20261006/validation/gate-process.xml -
112 passed in 6.09s
