[2026-10-06T19:24:11Z INFO sail_cli::spark::server] Starting the Spark Connect server on 127.0.0.1:62822...
[2026-10-06T19:24:11Z INFO sail_session::session_manager::actor::core] driver server is ready on port 62825
[2026-10-06T19:24:15Z INFO sail_session::session_manager::actor::handler] creating session 818a04f6-2015-4150-9e8a-2b4bb3139dc9
[2026-10-06T19:24:15Z INFO sail_session::extensions] bound native extension second_string@0.1.0:51b9b816c0daf6bff449970c0cd5604420f619ceeaf3ccb4e27c5e49f9c0a12e to session incarnation 54e7bdb1-9613-47a3-a829-1f3c20b8c700
[2026-10-06T19:24:15Z INFO sail_execution::driver::actor::handler] activating driver 1
[2026-10-06T19:24:15Z INFO sail_execution::driver::worker_pool::core] starting worker 1
[2026-10-06T19:24:15Z INFO sail_execution::driver::worker_pool::core] starting worker 2
[2026-10-06T19:24:15Z INFO sail_execution::worker_manager::process] extension process worker 1: pid=Some(1787), driver_pid=1771, session=818a04f6-2015-4150-9e8a-2b4bb3139dc9
[2026-10-06T19:24:15Z INFO sail_execution::worker_manager::process] extension process worker 2: pid=Some(1788), driver_pid=1771, session=818a04f6-2015-4150-9e8a-2b4bb3139dc9
[2026-10-06T19:24:16Z INFO sail_session::extensions] worker loaded native extension second_string@0.1.0:51b9b816c0daf6bff449970c0cd5604420f619ceeaf3ccb4e27c5e49f9c0a12e, pid=1788
[2026-10-06T19:24:16Z INFO sail_session::extensions] worker loaded native extension second_string@0.1.0:51b9b816c0daf6bff449970c0cd5604420f619ceeaf3ccb4e27c5e49f9c0a12e, pid=1787
[2026-10-06T19:24:16Z INFO sail_execution::worker::actor::handler] worker 2 server is ready on port 62928
[2026-10-06T19:24:16Z INFO sail_execution::worker::actor::handler] worker 1 server is ready on port 62929
[2026-10-06T19:24:16Z INFO sail_execution::driver::actor::handler] worker 2 is available at 127.0.0.1:62928
[2026-10-06T19:24:16Z WARN sail_execution::driver::task_assigner::core] worker 2 was not pending
[2026-10-06T19:24:16Z INFO sail_execution::driver::actor::handler] worker 1 is available at 127.0.0.1:62929
[2026-10-06T19:24:16Z WARN sail_execution::driver::task_assigner::core] worker 1 was not pending
[2026-10-06T19:24:16Z INFO sail_session::session_manager::actor::handler] removing session 818a04f6-2015-4150-9e8a-2b4bb3139dc9
[2026-10-06T19:24:16Z INFO sail_execution::driver::worker_pool::core] stopping worker 1
[2026-10-06T19:24:16Z INFO sail_execution::driver::worker_pool::core] stopping worker 2
