   Compiling sail-argentea-core v0.1.0 (/private/tmp/sail-argentea-done-check/examples/extensions/argentea)
    Finished `release` profile [optimized] target(s) in 1.04s
     Running tests/sssp.rs (/tmp/sail-argentea-done-target/release/deps/sssp-ca331a82754b4485)

running 5 tests
SSSP_DONE_COUNTERS algorithm=Reference vertices=16 partitions=1 relays=4 work_units=8 peak_admitted_bytes=2728
test done::done_publication_still_requires_local_eof_admission_and_cancellation_checks ... ok
test done::done_statistics_still_obey_the_shared_work_limit ... ok
test done::done_relays_reject_missing_replayed_foreign_and_nonempty_producers ... ok
SSSP_DONE_COUNTERS algorithm=Reference vertices=65536 partitions=1 relays=4 work_units=8 peak_admitted_bytes=2728
SSSP_DONE_COUNTERS algorithm=Reference vertices=65536 partitions=1 relays=4 work_units=8 peak_admitted_bytes=2728
SSSP_DONE_COUNTERS algorithm=Reference vertices=16 partitions=3 relays=4 work_units=72 peak_admitted_bytes=8120
SSSP_DONE_COUNTERS algorithm=Reference vertices=65536 partitions=3 relays=4 work_units=72 peak_admitted_bytes=8120
SSSP_DONE_COUNTERS algorithm=Reference vertices=65536 partitions=3 relays=4 work_units=72 peak_admitted_bytes=8120
SSSP_DONE_COUNTERS algorithm=Reference vertices=16 partitions=8 relays=4 work_units=512 peak_admitted_bytes=22720
SSSP_DONE_COUNTERS algorithm=Reference vertices=65536 partitions=8 relays=4 work_units=512 peak_admitted_bytes=22720
SSSP_DONE_COUNTERS algorithm=Reference vertices=65536 partitions=8 relays=4 work_units=512 peak_admitted_bytes=22720
SSSP_DONE_COUNTERS algorithm=Reference vertices=16 partitions=32 relays=4 work_units=8192 peak_admitted_bytes=115072
SSSP_DONE_COUNTERS algorithm=Reference vertices=65536 partitions=32 relays=4 work_units=8192 peak_admitted_bytes=115072
SSSP_DONE_COUNTERS algorithm=Reference vertices=65536 partitions=32 relays=4 work_units=8192 peak_admitted_bytes=115072
SSSP_DONE_COUNTERS algorithm=DeltaStar vertices=65536 partitions=1 relays=4 work_units=8 peak_admitted_bytes=2728
SSSP_DONE_COUNTERS algorithm=DeltaStar vertices=16 partitions=1 relays=4 work_units=8 peak_admitted_bytes=2728
SSSP_DONE_COUNTERS algorithm=DeltaStar vertices=65536 partitions=1 relays=4 work_units=8 peak_admitted_bytes=2728
SSSP_DONE_COUNTERS algorithm=DeltaStar vertices=65536 partitions=3 relays=4 work_units=72 peak_admitted_bytes=8120
SSSP_DONE_COUNTERS algorithm=DeltaStar vertices=16 partitions=3 relays=4 work_units=72 peak_admitted_bytes=8120
SSSP_DONE_COUNTERS algorithm=DeltaStar vertices=65536 partitions=3 relays=4 work_units=72 peak_admitted_bytes=8120
SSSP_DONE_COUNTERS algorithm=DeltaStar vertices=65536 partitions=8 relays=4 work_units=512 peak_admitted_bytes=22720
SSSP_DONE_COUNTERS algorithm=DeltaStar vertices=16 partitions=8 relays=4 work_units=512 peak_admitted_bytes=22720
SSSP_DONE_COUNTERS algorithm=DeltaStar vertices=65536 partitions=8 relays=4 work_units=512 peak_admitted_bytes=22720
SSSP_DONE_COUNTERS algorithm=DeltaStar vertices=65536 partitions=32 relays=4 work_units=8192 peak_admitted_bytes=115072
SSSP_DONE_COUNTERS algorithm=DeltaStar vertices=16 partitions=32 relays=4 work_units=8192 peak_admitted_bytes=115072
test done::done_relays_fit_partition_sized_headroom_with_exact_results ... ok
SSSP_DONE_COUNTERS algorithm=DeltaStar vertices=65536 partitions=32 relays=4 work_units=8192 peak_admitted_bytes=115072
test done::done_relay_cost_is_independent_of_vertex_count ... ok

test result: ok. 5 passed; 0 failed; 0 ignored; 0 measured; 11 filtered out; finished in 0.18s

