
PUBLISH grust-core
    Updating crates.io index
   Packaging grust-core v0.15.1 (/home/admin/src/grust-copepod-publish/crates/grust-core)
    Updating crates.io index
    Packaged 14 files, 291.8KiB (59.4KiB compressed)
   Uploading grust-core v0.15.1 (/home/admin/src/grust-copepod-publish/crates/grust-core)
    Uploaded grust-core v0.15.1 to registry `crates-io`
note: waiting for grust-core v0.15.1 to be available at registry `crates-io`
help: you may press ctrl-c to skip waiting; the crate should be available shortly
   Published grust-core v0.15.1 at registry `crates-io`

PUBLISH grust-procedures
    Updating crates.io index
   Packaging grust-procedures v0.15.1 (/home/admin/src/grust-copepod-publish/crates/grust-procedures)
    Updating crates.io index
    Packaged 19 files, 94.2KiB (22.4KiB compressed)
   Uploading grust-procedures v0.15.1 (/home/admin/src/grust-copepod-publish/crates/grust-procedures)
    Uploaded grust-procedures v0.15.1 to registry `crates-io`
note: waiting for grust-procedures v0.15.1 to be available at registry `crates-io`
help: you may press ctrl-c to skip waiting; the crate should be available shortly
   Published grust-procedures v0.15.1 at registry `crates-io`

PUBLISH grust-algorithms
    Updating crates.io index
   Packaging grust-algorithms v0.15.1 (/home/admin/src/grust-copepod-publish/crates/grust-algorithms)
    Updating crates.io index
    Packaged 27 files, 143.7KiB (35.1KiB compressed)
   Uploading grust-algorithms v0.15.1 (/home/admin/src/grust-copepod-publish/crates/grust-algorithms)
    Uploaded grust-algorithms v0.15.1 to registry `crates-io`
note: waiting for grust-algorithms v0.15.1 to be available at registry `crates-io`
help: you may press ctrl-c to skip waiting; the crate should be available shortly
   Published grust-algorithms v0.15.1 at registry `crates-io`

PUBLISH grust-arrow
    Updating crates.io index
   Packaging grust-arrow v0.15.1 (/home/admin/src/grust-copepod-publish/crates/grust-arrow)
    Updating crates.io index
    Packaged 22 files, 107.4KiB (28.7KiB compressed)
   Uploading grust-arrow v0.15.1 (/home/admin/src/grust-copepod-publish/crates/grust-arrow)
    Uploaded grust-arrow v0.15.1 to registry `crates-io`
note: waiting for grust-arrow v0.15.1 to be available at registry `crates-io`
help: you may press ctrl-c to skip waiting; the crate should be available shortly
   Published grust-arrow v0.15.1 at registry `crates-io`

PUBLISH grust-datafusion
    Updating crates.io index
   Packaging grust-datafusion v0.15.1 (/home/admin/src/grust-copepod-publish/crates/grust-datafusion)
    Updating crates.io index
    Packaged 8 files, 89.5KiB (24.0KiB compressed)
   Uploading grust-datafusion v0.15.1 (/home/admin/src/grust-copepod-publish/crates/grust-datafusion)
    Uploaded grust-datafusion v0.15.1 to registry `crates-io`
note: waiting for grust-datafusion v0.15.1 to be available at registry `crates-io`
help: you may press ctrl-c to skip waiting; the crate should be available shortly
   Published grust-datafusion v0.15.1 at registry `crates-io`

PUBLISH grust-memory
    Updating crates.io index
   Packaging grust-memory v0.15.1 (/home/admin/src/grust-copepod-publish/crates/grust-memory)
    Updating crates.io index
    Packaged 12 files, 200.7KiB (36.2KiB compressed)
   Uploading grust-memory v0.15.1 (/home/admin/src/grust-copepod-publish/crates/grust-memory)
    Uploaded grust-memory v0.15.1 to registry `crates-io`
note: waiting for grust-memory v0.15.1 to be available at registry `crates-io`
help: you may press ctrl-c to skip waiting; the crate should be available shortly
   Published grust-memory v0.15.1 at registry `crates-io`

PUBLISH grust-cypher
    Updating crates.io index
   Packaging grust-cypher v0.15.1 (/home/admin/src/grust-copepod-publish/crates/grust-cypher)
    Updating crates.io index
    Packaged 128 files, 2.5MiB (418.4KiB compressed)
   Uploading grust-cypher v0.15.1 (/home/admin/src/grust-copepod-publish/crates/grust-cypher)
    Uploaded grust-cypher v0.15.1 to registry `crates-io`
note: waiting for grust-cypher v0.15.1 to be available at registry `crates-io`
help: you may press ctrl-c to skip waiting; the crate should be available shortly
   Published grust-cypher v0.15.1 at registry `crates-io`

PUBLISH grust-algorithm-procedures
    Updating crates.io index
   Packaging grust-algorithm-procedures v0.15.1 (/home/admin/src/grust-copepod-publish/crates/grust-algorithm-procedures)
    Updating crates.io index
    Packaged 16 files, 76.9KiB (19.2KiB compressed)
   Uploading grust-algorithm-procedures v0.15.1 (/home/admin/src/grust-copepod-publish/crates/grust-algorithm-procedures)
    Uploaded grust-algorithm-procedures v0.15.1 to registry `crates-io`
note: waiting for grust-algorithm-procedures v0.15.1 to be available at registry `crates-io`
help: you may press ctrl-c to skip waiting; the crate should be available shortly
   Published grust-algorithm-procedures v0.15.1 at registry `crates-io`

PUBLISH grust-sql-core
    Updating crates.io index
   Packaging grust-sql-core v0.15.1 (/home/admin/src/grust-copepod-publish/crates/grust-sql-core)
    Updating crates.io index
    Packaged 5 files, 32.1KiB (7.8KiB compressed)
   Uploading grust-sql-core v0.15.1 (/home/admin/src/grust-copepod-publish/crates/grust-sql-core)
    Uploaded grust-sql-core v0.15.1 to registry `crates-io`
note: waiting for grust-sql-core v0.15.1 to be available at registry `crates-io`
help: you may press ctrl-c to skip waiting; the crate should be available shortly
   Published grust-sql-core v0.15.1 at registry `crates-io`

PUBLISH grust-cocoindex
    Updating crates.io index
   Packaging grust-cocoindex v0.15.1 (/home/admin/src/grust-copepod-publish/crates/grust-cocoindex)
    Updating crates.io index
    Packaged 6 files, 27.9KiB (6.4KiB compressed)
   Uploading grust-cocoindex v0.15.1 (/home/admin/src/grust-copepod-publish/crates/grust-cocoindex)
    Uploaded grust-cocoindex v0.15.1 to registry `crates-io`
note: waiting for grust-cocoindex v0.15.1 to be available at registry `crates-io`
help: you may press ctrl-c to skip waiting; the crate should be available shortly
   Published grust-cocoindex v0.15.1 at registry `crates-io`

PUBLISH grust-falkor
    Updating crates.io index
   Packaging grust-falkor v0.15.1 (/home/admin/src/grust-copepod-publish/crates/grust-falkor)
    Updating crates.io index
    Packaged 6 files, 48.5KiB (12.3KiB compressed)
   Uploading grust-falkor v0.15.1 (/home/admin/src/grust-copepod-publish/crates/grust-falkor)
    Uploaded grust-falkor v0.15.1 to registry `crates-io`
note: waiting for grust-falkor v0.15.1 to be available at registry `crates-io`
help: you may press ctrl-c to skip waiting; the crate should be available shortly
   Published grust-falkor v0.15.1 at registry `crates-io`

PUBLISH grust-lancedb
    Updating crates.io index
   Packaging grust-lancedb v0.15.1 (/home/admin/src/grust-copepod-publish/crates/grust-lancedb)
    Updating crates.io index
    Packaged 12 files, 240.0KiB (56.5KiB compressed)
   Uploading grust-lancedb v0.15.1 (/home/admin/src/grust-copepod-publish/crates/grust-lancedb)
    Uploaded grust-lancedb v0.15.1 to registry `crates-io`
note: waiting for grust-lancedb v0.15.1 to be available at registry `crates-io`
help: you may press ctrl-c to skip waiting; the crate should be available shortly
   Published grust-lancedb v0.15.1 at registry `crates-io`

PUBLISH grust-surreal
    Updating crates.io index
   Packaging grust-surreal v0.15.1 (/home/admin/src/grust-copepod-publish/crates/grust-surreal)
    Updating crates.io index
    Packaged 9 files, 246.2KiB (56.7KiB compressed)
   Uploading grust-surreal v0.15.1 (/home/admin/src/grust-copepod-publish/crates/grust-surreal)
    Uploaded grust-surreal v0.15.1 to registry `crates-io`
note: waiting for grust-surreal v0.15.1 to be available at registry `crates-io`
help: you may press ctrl-c to skip waiting; the crate should be available shortly
   Published grust-surreal v0.15.1 at registry `crates-io`

PUBLISH grust-postgres-core
    Updating crates.io index
   Packaging grust-postgres-core v0.15.1 (/home/admin/src/grust-copepod-publish/crates/grust-postgres-core)
    Updating crates.io index
    Packaged 9 files, 117.8KiB (29.1KiB compressed)
   Uploading grust-postgres-core v0.15.1 (/home/admin/src/grust-copepod-publish/crates/grust-postgres-core)
    Uploaded grust-postgres-core v0.15.1 to registry `crates-io`
note: waiting for grust-postgres-core v0.15.1 to be available at registry `crates-io`
help: you may press ctrl-c to skip waiting; the crate should be available shortly
   Published grust-postgres-core v0.15.1 at registry `crates-io`

PUBLISH grust-postgres
    Updating crates.io index
   Packaging grust-postgres v0.15.1 (/home/admin/src/grust-copepod-publish/crates/grust-postgres)
    Updating crates.io index
    Packaged 5 files, 29.8KiB (8.6KiB compressed)
   Uploading grust-postgres v0.15.1 (/home/admin/src/grust-copepod-publish/crates/grust-postgres)
    Uploaded grust-postgres v0.15.1 to registry `crates-io`
note: waiting for grust-postgres v0.15.1 to be available at registry `crates-io`
help: you may press ctrl-c to skip waiting; the crate should be available shortly
   Published grust-postgres v0.15.1 at registry `crates-io`

PUBLISH grust-postgres-pgq
    Updating crates.io index
   Packaging grust-postgres-pgq v0.15.1 (/home/admin/src/grust-copepod-publish/crates/grust-postgres-pgq)
    Updating crates.io index
    Packaged 6 files, 48.8KiB (13.4KiB compressed)
   Uploading grust-postgres-pgq v0.15.1 (/home/admin/src/grust-copepod-publish/crates/grust-postgres-pgq)
    Uploaded grust-postgres-pgq v0.15.1 to registry `crates-io`
note: waiting for grust-postgres-pgq v0.15.1 to be available at registry `crates-io`
help: you may press ctrl-c to skip waiting; the crate should be available shortly
   Published grust-postgres-pgq v0.15.1 at registry `crates-io`

PUBLISH grust-pggraph
    Updating crates.io index
   Packaging grust-pggraph v0.15.1 (/home/admin/src/grust-copepod-publish/crates/grust-pggraph)
    Updating crates.io index
    Packaged 6 files, 40.4KiB (11.4KiB compressed)
   Uploading grust-pggraph v0.15.1 (/home/admin/src/grust-copepod-publish/crates/grust-pggraph)
    Uploaded grust-pggraph v0.15.1 to registry `crates-io`
note: waiting for grust-pggraph v0.15.1 to be available at registry `crates-io`
help: you may press ctrl-c to skip waiting; the crate should be available shortly
   Published grust-pggraph v0.15.1 at registry `crates-io`

PUBLISH grust-sail
    Updating crates.io index
   Packaging grust-sail v0.15.1 (/home/admin/src/grust-copepod-publish/crates/grust-sail)
    Updating crates.io index
    Packaged 34 files, 794.3KiB (143.1KiB compressed)
   Uploading grust-sail v0.15.1 (/home/admin/src/grust-copepod-publish/crates/grust-sail)
    Uploaded grust-sail v0.15.1 to registry `crates-io`
note: waiting for grust-sail v0.15.1 to be available at registry `crates-io`
help: you may press ctrl-c to skip waiting; the crate should be available shortly
   Published grust-sail v0.15.1 at registry `crates-io`

PUBLISH grust-turso
    Updating crates.io index
   Packaging grust-turso v0.15.1 (/home/admin/src/grust-copepod-publish/crates/grust-turso)
    Updating crates.io index
    Packaged 16 files, 279.9KiB (64.5KiB compressed)
   Uploading grust-turso v0.15.1 (/home/admin/src/grust-copepod-publish/crates/grust-turso)
    Uploaded grust-turso v0.15.1 to registry `crates-io`
note: waiting for grust-turso v0.15.1 to be available at registry `crates-io`
help: you may press ctrl-c to skip waiting; the crate should be available shortly
   Published grust-turso v0.15.1 at registry `crates-io`

PUBLISH grust-graph
    Updating crates.io index
   Packaging grust-graph v0.15.1 (/home/admin/src/grust-copepod-publish/crates/grust)
    Updating crates.io index
    Packaged 18 files, 392.2KiB (97.9KiB compressed)
   Uploading grust-graph v0.15.1 (/home/admin/src/grust-copepod-publish/crates/grust)
    Uploaded grust-graph v0.15.1 to registry `crates-io`
note: waiting for grust-graph v0.15.1 to be available at registry `crates-io`
help: you may press ctrl-c to skip waiting; the crate should be available shortly
   Published grust-graph v0.15.1 at registry `crates-io`
