[2026-09-29T13:52:01Z INFO sail_cli::spark::server] Starting the Spark Connect server on 127.0.0.1:36419...
[2026-09-29T13:52:01Z INFO sail_session::session_manager::actor::core] driver server is ready on port 33823
[2026-09-29T13:52:02Z INFO sail_session::session_manager::actor::handler] creating session 7119bdd6-4b9c-453b-8ade-42453613346d
OpenBLAS WARNING - could not determine the L2 cache size on this system, assuming 256k
OpenBLAS WARNING - could not determine the L2 cache size on this system, assuming 256k
[2026-09-29T13:52:03Z INFO sail_session::extensions] bound native extension nutmeg@0.1.0:f92268cbf3a5b0bbc3a1e9e0fc733018cad00410a42c83b8228f417a5c232c9f to session incarnation 37ed25d8-afeb-4df3-8f92-b9addc6c491b
[2026-09-29T13:52:04Z INFO sail_session::extensions] bound native extension sedona@0.1.0:e8dc2c51c6e45ef94fb13370b76f0fd40936b3d79d368fc052afbb778d39c137 to session incarnation 37ed25d8-afeb-4df3-8f92-b9addc6c491b
[2026-09-29T13:52:04Z INFO sail_execution::driver::actor::handler] activating driver 1
[2026-09-29T13:52:04Z INFO sail_execution::driver::worker_pool::core] starting worker 1
[2026-09-29T13:52:04Z INFO sail_execution::driver::worker_pool::core] starting worker 2
[2026-09-29T13:52:04Z INFO sail_execution::worker_manager::process] extension process worker 1: pid=Some(166), driver_pid=50, session=7119bdd6-4b9c-453b-8ade-42453613346d
[2026-09-29T13:52:04Z INFO sail_execution::worker_manager::process] extension process worker 2: pid=Some(167), driver_pid=50, session=7119bdd6-4b9c-453b-8ade-42453613346d
[2026-09-29T13:52:05Z INFO sail_session::extensions] worker loaded native extension sedona@0.1.0:e8dc2c51c6e45ef94fb13370b76f0fd40936b3d79d368fc052afbb778d39c137, pid=166
[2026-09-29T13:52:05Z INFO sail_session::extensions] worker loaded native extension sedona@0.1.0:e8dc2c51c6e45ef94fb13370b76f0fd40936b3d79d368fc052afbb778d39c137, pid=167
[2026-09-29T13:52:06Z INFO sail_execution::worker::actor::handler] worker 2 server is ready on port 41117
[2026-09-29T13:52:06Z INFO sail_execution::worker::actor::handler] worker 1 server is ready on port 35667
[2026-09-29T13:52:06Z INFO sail_execution::driver::actor::handler] worker 1 is available at 127.0.0.1:35667
[2026-09-29T13:52:06Z WARN sail_execution::driver::task_assigner::core] worker 1 was not pending
[2026-09-29T13:52:06Z INFO sail_execution::driver::actor::handler] worker 2 is available at 127.0.0.1:41117
[2026-09-29T13:52:06Z WARN sail_execution::driver::task_assigner::core] worker 2 was not pending
[2026-09-29T14:01:57Z WARN sail_execution::driver::actor::handler] job 24 stage 0 partition 13 attempt 0 sequence 1199 is stale
[2026-09-29T14:10:10Z INFO sail_session::session_manager::actor::handler] removing session 7119bdd6-4b9c-453b-8ade-42453613346d
[2026-09-29T14:10:10Z INFO sail_execution::driver::worker_pool::core] stopping worker 1
[2026-09-29T14:10:10Z INFO sail_execution::driver::worker_pool::core] stopping worker 2
[2026-09-29T14:10:10Z WARN sail_common::utils::retry] retryable operation failed: error in Tonic status: code: 'Internal error', message: "invalid argument: driver 1 not found"
[2026-09-29T14:10:10Z WARN sail_common::utils::retry] retryable operation failed: error in Tonic status: code: 'Internal error', message: "invalid argument: driver 1 not found"
[2026-09-29T14:10:10Z INFO sail_cli::spark::server] Shutting down the Spark Connect server...
[2026-09-29T14:10:10Z ERROR sail_execution::driver::worker_pool::core] stop task job 31 stage 4 partition 31 attempt 0: failed in worker 1: error in Tonic status: code: 'Unknown error', message: "transport error", source: tonic::transport::Error(Transport, hyper::Error(Io, Kind(ConnectionReset)))
[2026-09-29T14:10:10Z ERROR sail_execution::driver::worker_pool::core] stop task job 31 stage 1 partition 27 attempt 0: failed in worker 1: error in Tonic status: code: 'Unknown error', message: "transport error", source: tonic::transport::Error(Transport, hyper::Error(Io, Kind(ConnectionReset)))
[2026-09-29T14:10:10Z ERROR sail_execution::driver::worker_pool::core] stop task job 31 stage 1 partition 29 attempt 0: failed in worker 1: error in Tonic status: code: 'Unknown error', message: "transport error", source: tonic::transport::Error(Transport, hyper::Error(Io, Kind(ConnectionReset)))
[2026-09-29T14:10:10Z ERROR sail_execution::driver::worker_pool::core] stop task job 31 stage 1 partition 25 attempt 0: failed in worker 1: error in Tonic status: code: 'Unknown error', message: "transport error", source: tonic::transport::Error(Transport, hyper::Error(Io, Kind(ConnectionReset)))
[2026-09-29T14:10:10Z ERROR sail_execution::driver::worker_pool::core] stop task job 31 stage 4 partition 13 attempt 0: failed in worker 1: error in Tonic status: code: 'Unknown error', message: "transport error", source: tonic::transport::Error(Transport, hyper::Error(Io, Kind(ConnectionReset)))
[2026-09-29T14:10:10Z ERROR sail_execution::driver::worker_pool::core] stop task job 31 stage 4 partition 21 attempt 0: failed in worker 1: error in Tonic status: code: 'Unknown error', message: "transport error", source: tonic::transport::Error(Transport, hyper::Error(Io, Kind(ConnectionReset)))
[2026-09-29T14:10:10Z ERROR sail_execution::driver::worker_pool::core] stop task job 31 stage 2 partition 59 attempt 0: failed in worker 1: error in Tonic status: code: 'Unknown error', message: "transport error", source: tonic::transport::Error(Transport, hyper::Error(Io, Kind(ConnectionReset)))
[2026-09-29T14:10:10Z ERROR sail_execution::driver::worker_pool::core] stop task job 31 stage 2 partition 55 attempt 0: failed in worker 1: error in Tonic status: code: 'Unknown error', message: "transport error", source: tonic::transport::Error(Transport, hyper::Error(Io, Kind(ConnectionReset)))
[2026-09-29T14:10:10Z ERROR sail_execution::driver::worker_pool::core] stop task job 31 stage 1 partition 23 attempt 0: failed in worker 1: error in Tonic status: code: 'Unknown error', message: "transport error", source: tonic::transport::Error(Transport, hyper::Error(Io, Kind(ConnectionReset)))
[2026-09-29T14:10:10Z ERROR sail_execution::driver::worker_pool::core] stop task job 31 stage 4 partition 11 attempt 0: failed in worker 1: error in Tonic status: code: 'Unknown error', message: "transport error", source: tonic::transport::Error(Transport, hyper::Error(Io, Kind(ConnectionReset)))
[2026-09-29T14:10:10Z ERROR sail_execution::driver::worker_pool::core] stop task job 31 stage 4 partition 9 attempt 0: failed in worker 1: error in Tonic status: code: 'Unknown error', message: "transport error", source: tonic::transport::Error(Transport, hyper::Error(Io, Kind(ConnectionReset)))
[2026-09-29T14:10:10Z ERROR sail_execution::driver::worker_pool::core] stop task job 31 stage 4 partition 7 attempt 0: failed in worker 1: error in Tonic status: code: 'Unknown error', message: "transport error", source: tonic::transport::Error(Transport, hyper::Error(Io, Kind(ConnectionReset)))
[2026-09-29T14:10:10Z ERROR sail_execution::driver::worker_pool::core] stop task job 31 stage 1 partition 21 attempt 0: failed in worker 1: error in Tonic status: code: 'Unknown error', message: "transport error", source: tonic::transport::Error(Transport, hyper::Error(Io, Kind(ConnectionReset)))
[2026-09-29T14:10:10Z ERROR sail_execution::driver::worker_pool::core] stop task job 31 stage 4 partition 3 attempt 0: failed in worker 1: error in Tonic status: code: 'Unknown error', message: "transport error", source: tonic::transport::Error(Transport, hyper::Error(Io, Kind(ConnectionReset)))
[2026-09-29T14:10:10Z ERROR sail_execution::driver::worker_pool::core] stop task job 31 stage 4 partition 17 attempt 0: failed in worker 1: error in Tonic status: code: 'Unknown error', message: "transport error", source: tonic::transport::Error(Transport, hyper::Error(Io, Kind(ConnectionReset)))
[2026-09-29T14:10:10Z ERROR sail_execution::driver::worker_pool::core] stop task job 31 stage 4 partition 19 attempt 0: failed in worker 1: error in Tonic status: code: 'Unknown error', message: "transport error", source: tonic::transport::Error(Transport, hyper::Error(Io, Kind(ConnectionReset)))
[2026-09-29T14:10:10Z ERROR sail_execution::driver::worker_pool::core] stop task job 31 stage 3 partition 19 attempt 0: failed in worker 1: error in Tonic status: code: 'Unknown error', message: "transport error", source: tonic::transport::Error(Transport, hyper::Error(Io, Kind(ConnectionReset)))
[2026-09-29T14:10:10Z ERROR sail_execution::driver::worker_pool::core] stop task job 31 stage 4 partition 15 attempt 0: failed in worker 1: error in Tonic status: code: 'Unknown error', message: "transport error", source: tonic::transport::Error(Transport, hyper::Error(Io, Kind(ConnectionReset)))
[2026-09-29T14:10:10Z ERROR sail_execution::driver::worker_pool::core] stop task job 31 stage 4 partition 1 attempt 0: failed in worker 1: error in Tonic status: code: 'Unknown error', message: "transport error", source: tonic::transport::Error(Transport, hyper::Error(Io, Kind(ConnectionReset)))
[2026-09-29T14:10:10Z ERROR sail_execution::driver::worker_pool::core] stop task job 31 stage 4 partition 27 attempt 0: failed in worker 1: error in Tonic status: code: 'Unknown error', message: "transport error", source: tonic::transport::Error(Transport, hyper::Error(Io, Kind(ConnectionReset)))
[2026-09-29T14:10:10Z ERROR sail_execution::driver::worker_pool::core] stop worker: failed in worker 1: error in Tonic status: code: 'Unknown error', message: "transport error", source: tonic::transport::Error(Transport, hyper::Error(Io, Kind(ConnectionReset)))
[2026-09-29T14:10:10Z ERROR sail_execution::driver::worker_pool::core] stop task job 31 stage 4 partition 25 attempt 0: failed in worker 1: error in Tonic status: code: 'Unknown error', message: "transport error", source: tonic::transport::Error(Transport, hyper::Error(Io, Kind(ConnectionReset)))
[2026-09-29T14:10:10Z ERROR sail_execution::driver::worker_pool::core] stop task job 31 stage 1 partition 13 attempt 0: failed in worker 1: error in Tonic status: code: 'Unknown error', message: "transport error", source: tonic::transport::Error(Transport, hyper::Error(Io, Kind(ConnectionReset)))
[2026-09-29T14:10:10Z ERROR sail_execution::driver::worker_pool::core] stop task job 31 stage 2 partition 43 attempt 0: failed in worker 1: error in Tonic status: code: 'Unknown error', message: "transport error", source: tonic::transport::Error(Transport, hyper::Error(Io, Kind(ConnectionReset)))
[2026-09-29T14:10:10Z ERROR sail_execution::driver::worker_pool::core] stop task job 31 stage 3 partition 31 attempt 0: failed in worker 1: error in Tonic status: code: 'Unknown error', message: "transport error", source: tonic::transport::Error(Transport, hyper::Error(Io, Kind(ConnectionReset)))
[2026-09-29T14:10:10Z ERROR sail_execution::driver::worker_pool::core] stop task job 31 stage 4 partition 29 attempt 0: failed in worker 1: error in Tonic status: code: 'Unknown error', message: "transport error", source: tonic::transport::Error(Transport, hyper::Error(Io, Kind(ConnectionReset)))
[2026-09-29T14:10:10Z ERROR sail_execution::driver::worker_pool::core] stop task job 31 stage 4 partition 23 attempt 0: failed in worker 1: error in Tonic status: code: 'Unknown error', message: "transport error", source: tonic::transport::Error(Transport, hyper::Error(Io, Kind(ConnectionReset)))
[2026-09-29T14:10:10Z ERROR sail_execution::driver::worker_pool::core] stop task job 31 stage 1 partition 11 attempt 0: failed in worker 1: error in Tonic status: code: 'Unknown error', message: "transport error", source: tonic::transport::Error(Transport, hyper::Error(Io, Kind(ConnectionReset)))
[2026-09-29T14:10:10Z ERROR sail_execution::driver::worker_pool::core] stop task job 31 stage 3 partition 29 attempt 0: failed in worker 1: error in Tonic status: code: 'Unknown error', message: "transport error", source: tonic::transport::Error(Transport, hyper::Error(Io, Kind(ConnectionReset)))
[2026-09-29T14:10:10Z ERROR sail_execution::driver::worker_pool::core] stop task job 31 stage 1 partition 1 attempt 0: failed in worker 1: error in Tonic status: code: 'Unknown error', message: "transport error", source: tonic::transport::Error(Transport, hyper::Error(Io, Kind(ConnectionReset)))
[2026-09-29T14:10:10Z ERROR sail_execution::driver::worker_pool::core] stop task job 31 stage 3 partition 9 attempt 0: failed in worker 1: error in Tonic status: code: 'Unknown error', message: "transport error", source: tonic::transport::Error(Transport, hyper::Error(Io, Kind(ConnectionReset)))
[2026-09-29T14:10:10Z ERROR sail_execution::driver::worker_pool::core] stop task job 31 stage 1 partition 7 attempt 0: failed in worker 1: error in Tonic status: code: 'Unknown error', message: "transport error", source: tonic::transport::Error(Transport, hyper::Error(Io, Kind(ConnectionReset)))
[2026-09-29T14:10:10Z ERROR sail_execution::driver::worker_pool::core] stop task job 31 stage 3 partition 11 attempt 0: failed in worker 1: error in Tonic status: code: 'Unknown error', message: "transport error", source: tonic::transport::Error(Transport, hyper::Error(Io, Kind(ConnectionReset)))
[2026-09-29T14:10:10Z ERROR sail_execution::driver::worker_pool::core] stop task job 31 stage 2 partition 53 attempt 0: failed in worker 1: error in Tonic status: code: 'Unknown error', message: "transport error", source: tonic::transport::Error(Transport, hyper::Error(Io, Kind(ConnectionReset)))
[2026-09-29T14:10:10Z ERROR sail_execution::driver::worker_pool::core] stop task job 31 stage 1 partition 3 attempt 0: failed in worker 1: error in Tonic status: code: 'Unknown error', message: "transport error", source: tonic::transport::Error(Transport, hyper::Error(Io, Kind(ConnectionReset)))
[2026-09-29T14:10:10Z ERROR sail_execution::driver::worker_pool::core] stop task job 31 stage 1 partition 9 attempt 0: failed in worker 1: error in Tonic status: code: 'Unknown error', message: "transport error", source: tonic::transport::Error(Transport, hyper::Error(Io, Kind(ConnectionReset)))
[2026-09-29T14:10:10Z ERROR sail_execution::driver::worker_pool::core] stop task job 31 stage 3 partition 7 attempt 0: failed in worker 1: error in Tonic status: code: 'Unknown error', message: "transport error", source: tonic::transport::Error(Transport, hyper::Error(Io, Kind(ConnectionReset)))
[2026-09-29T14:10:10Z ERROR sail_execution::driver::worker_pool::core] stop task job 31 stage 3 partition 27 attempt 0: failed in worker 1: error in Tonic status: code: 'Unknown error', message: "transport error", source: tonic::transport::Error(Transport, hyper::Error(Io, Kind(ConnectionReset)))
[2026-09-29T14:10:10Z ERROR sail_execution::driver::worker_pool::core] stop task job 31 stage 2 partition 61 attempt 0: failed in worker 1: error in Tonic status: code: 'Unknown error', message: "transport error", source: tonic::transport::Error(Transport, hyper::Error(Io, Kind(ConnectionReset)))
[2026-09-29T14:10:10Z ERROR sail_execution::driver::worker_pool::core] stop task job 31 stage 1 partition 5 attempt 0: failed in worker 1: error in Tonic status: code: 'Unknown error', message: "transport error", source: tonic::transport::Error(Transport, hyper::Error(Io, Kind(ConnectionReset)))
[2026-09-29T14:10:10Z ERROR sail_execution::driver::worker_pool::core] stop task job 31 stage 3 partition 25 attempt 0: failed in worker 1: error in Tonic status: code: 'Unknown error', message: "transport error", source: tonic::transport::Error(Transport, hyper::Error(Io, Kind(ConnectionReset)))
[2026-09-29T14:10:10Z ERROR sail_execution::driver::worker_pool::core] stop task job 31 stage 1 partition 15 attempt 0: failed in worker 1: error in Tonic status: code: 'Unknown error', message: "transport error", source: tonic::transport::Error(Transport, hyper::Error(Io, Kind(ConnectionReset)))
[2026-09-29T14:10:10Z ERROR sail_execution::driver::worker_pool::core] stop task job 31 stage 3 partition 3 attempt 0: failed in worker 1: error in Tonic status: code: 'Unknown error', message: "transport error", source: tonic::transport::Error(Transport, hyper::Error(Io, Kind(ConnectionReset)))
[2026-09-29T14:10:10Z ERROR sail_execution::driver::worker_pool::core] stop task job 31 stage 2 partition 63 attempt 0: failed in worker 1: error in Tonic status: code: 'Unknown error', message: "transport error", source: tonic::transport::Error(Transport, hyper::Error(Io, Kind(ConnectionReset)))
[2026-09-29T14:10:10Z ERROR sail_execution::driver::worker_pool::core] stop task job 31 stage 3 partition 23 attempt 0: failed in worker 1: error in Tonic status: code: 'Unknown error', message: "transport error", source: tonic::transport::Error(Transport, hyper::Error(Io, Kind(ConnectionReset)))
[2026-09-29T14:10:10Z ERROR sail_execution::driver::worker_pool::core] stop task job 31 stage 1 partition 17 attempt 0: failed in worker 1: error in Tonic status: code: 'Unknown error', message: "transport error", source: tonic::transport::Error(Transport, hyper::Error(Io, Kind(ConnectionReset)))
[2026-09-29T14:10:10Z ERROR sail_execution::driver::worker_pool::core] stop task job 31 stage 1 partition 31 attempt 0: failed in worker 1: error in Tonic status: code: 'Unknown error', message: "transport error", source: tonic::transport::Error(Transport, hyper::Error(Io, Kind(ConnectionReset)))
[2026-09-29T14:10:10Z ERROR sail_execution::driver::worker_pool::core] stop task job 31 stage 1 partition 19 attempt 0: failed in worker 1: error in Tonic status: code: 'Unknown error', message: "transport error", source: tonic::transport::Error(Transport, hyper::Error(Io, Kind(ConnectionReset)))
[2026-09-29T14:10:10Z ERROR sail_execution::driver::worker_pool::core] stop task job 31 stage 3 partition 5 attempt 0: failed in worker 1: error in Tonic status: code: 'Unknown error', message: "transport error", source: tonic::transport::Error(Transport, hyper::Error(Io, Kind(ConnectionReset)))
[2026-09-29T14:10:10Z ERROR sail_execution::driver::worker_pool::core] stop task job 31 stage 3 partition 15 attempt 0: failed in worker 1: error in Tonic status: code: 'Unknown error', message: "transport error", source: tonic::transport::Error(Transport, hyper::Error(Io, Kind(ConnectionReset)))
[2026-09-29T14:10:10Z ERROR sail_execution::driver::worker_pool::core] stop task job 31 stage 3 partition 17 attempt 0: failed in worker 1: error in Tonic status: code: 'Unknown error', message: "transport error", source: tonic::transport::Error(Transport, hyper::Error(Io, Kind(ConnectionReset)))
[2026-09-29T14:10:10Z ERROR sail_execution::driver::worker_pool::core] stop task job 31 stage 3 partition 21 attempt 0: failed in worker 1: error in Tonic status: code: 'Unknown error', message: "transport error", source: tonic::transport::Error(Transport, hyper::Error(Io, Kind(ConnectionReset)))
[2026-09-29T14:10:10Z ERROR sail_execution::driver::worker_pool::core] stop task job 31 stage 3 partition 13 attempt 0: failed in worker 1: error in Tonic status: code: 'Unknown error', message: "transport error", source: tonic::transport::Error(Transport, hyper::Error(Io, Kind(ConnectionReset)))
[2026-09-29T14:10:10Z ERROR sail_execution::driver::worker_pool::core] stop task job 31 stage 3 partition 1 attempt 0: failed in worker 1: error in Tonic status: code: 'Unknown error', message: "transport error", source: tonic::transport::Error(Transport, hyper::Error(Io, Kind(ConnectionReset)))
[2026-09-29T14:10:10Z ERROR sail_execution::driver::worker_pool::core] stop task job 31 stage 4 partition 5 attempt 0: failed in worker 1: error in Tonic status: code: 'Unknown error', message: "transport error", source: tonic::transport::Error(Transport, hyper::Error(Io, Kind(ConnectionReset)))
[2026-09-29T14:10:12Z INFO sail_execution::driver::actor::core] driver 1 has stopped
[2026-09-29T14:10:12Z ERROR sail_execution::driver::worker_pool::core] stop task job 31 stage 2 partition 46 attempt 0: failed in worker 2: error in Tonic status: code: 'Unknown error', message: "transport error", source: tonic::transport::Error(Transport, hyper::Error(Io, Custom { kind: BrokenPipe, error: "stream closed because of a broken pipe" }))
[2026-09-29T14:10:12Z ERROR sail_execution::driver::worker_pool::core] stop task job 31 stage 2 partition 54 attempt 0: failed in worker 2: error in Tonic status: code: 'Unknown error', message: "transport error", source: tonic::transport::Error(Transport, hyper::Error(Io, Custom { kind: BrokenPipe, error: "stream closed because of a broken pipe" }))
[2026-09-29T14:10:12Z ERROR sail_execution::driver::worker_pool::core] stop task job 31 stage 2 partition 44 attempt 0: failed in worker 2: error in Tonic status: code: 'Unknown error', message: "transport error", source: tonic::transport::Error(Transport, hyper::Error(Io, Custom { kind: BrokenPipe, error: "stream closed because of a broken pipe" }))
[2026-09-29T14:10:12Z ERROR sail_execution::driver::worker_pool::core] clean up job: failed in worker 2: error in Tonic status: code: 'Unknown error', message: "transport error", source: tonic::transport::Error(Transport, hyper::Error(Io, Custom { kind: BrokenPipe, error: "stream closed because of a broken pipe" }))
[2026-09-29T14:10:12Z ERROR sail_execution::driver::worker_pool::core] stop task job 31 stage 2 partition 50 attempt 0: failed in worker 2: error in Tonic status: code: 'Unknown error', message: "transport error", source: tonic::transport::Error(Transport, hyper::Error(Io, Custom { kind: BrokenPipe, error: "stream closed because of a broken pipe" }))
[2026-09-29T14:10:12Z ERROR sail_execution::driver::worker_pool::core] stop task job 31 stage 2 partition 36 attempt 0: failed in worker 2: error in Tonic status: code: 'Unknown error', message: "transport error", source: tonic::transport::Error(Transport, hyper::Error(Io, Custom { kind: BrokenPipe, error: "stream closed because of a broken pipe" }))
[2026-09-29T14:10:12Z ERROR sail_execution::driver::worker_pool::core] stop task job 31 stage 2 partition 52 attempt 0: failed in worker 2: error in Tonic status: code: 'Unknown error', message: "transport error", source: tonic::transport::Error(Transport, hyper::Error(Io, Custom { kind: BrokenPipe, error: "stream closed because of a broken pipe" }))
[2026-09-29T14:10:12Z WARN sail_common::actor] aborting 161 task(s) for DriverActor
[2026-09-29T14:10:16Z INFO sail_session::session_manager::actor::core] driver server has stopped
[2026-09-29T14:10:16Z WARN sail_common::actor] aborting 139 task(s) for SessionManagerActor
[2026-09-29T14:10:16Z INFO sail_cli::spark::server] The Spark Connect server has stopped.
