[2026-09-30T17:02:41Z INFO sail_cli::spark::server] Starting the Spark Connect server on 127.0.0.1:39851...
[2026-09-30T17:02:41Z INFO sail_session::session_manager::actor::core] driver server is ready on port 45447
[2026-09-30T17:02:41Z INFO sail_session::session_manager::actor::handler] creating session da6e4975-5895-4f49-9082-ece276f394f6
OpenBLAS WARNING - could not determine the L2 cache size on this system, assuming 256k
OpenBLAS WARNING - could not determine the L2 cache size on this system, assuming 256k
[2026-09-30T17:02:42Z INFO sail_session::extensions] bound native extension nutmeg@0.1.0:e5f0332e07d6164d20eec48da4e1d859913eb006481d8b98b1d409afeb3bb50f to session incarnation e3039abc-4ae8-4b4b-95ee-35f8f6f16fdb
[2026-09-30T17:02:43Z INFO sail_session::extensions] bound native extension sedona@0.1.0:e8dc2c51c6e45ef94fb13370b76f0fd40936b3d79d368fc052afbb778d39c137 to session incarnation e3039abc-4ae8-4b4b-95ee-35f8f6f16fdb
[2026-09-30T17:02:43Z INFO sail_execution::driver::actor::handler] activating driver 1
[2026-09-30T17:02:43Z INFO sail_execution::driver::worker_pool::core] starting worker 1
[2026-09-30T17:02:43Z INFO sail_execution::driver::worker_pool::core] starting worker 2
[2026-09-30T17:02:43Z INFO sail_execution::worker_manager::process] extension process worker 1: pid=Some(62), driver_pid=26, session=da6e4975-5895-4f49-9082-ece276f394f6
[2026-09-30T17:02:43Z INFO sail_execution::worker_manager::process] extension process worker 2: pid=Some(63), driver_pid=26, session=da6e4975-5895-4f49-9082-ece276f394f6
[2026-09-30T17:02:43Z INFO sail_session::extensions] worker loaded native extension sedona@0.1.0:e8dc2c51c6e45ef94fb13370b76f0fd40936b3d79d368fc052afbb778d39c137, pid=63
[2026-09-30T17:02:43Z INFO sail_session::extensions] worker loaded native extension sedona@0.1.0:e8dc2c51c6e45ef94fb13370b76f0fd40936b3d79d368fc052afbb778d39c137, pid=62
[2026-09-30T17:02:43Z INFO sail_execution::worker::actor::handler] worker 1 server is ready on port 46573
[2026-09-30T17:02:43Z INFO sail_execution::worker::actor::handler] worker 2 server is ready on port 45189
[2026-09-30T17:02:43Z INFO sail_execution::driver::actor::handler] worker 1 is available at 127.0.0.1:46573
[2026-09-30T17:02:43Z WARN sail_execution::driver::task_assigner::core] worker 1 was not pending
[2026-09-30T17:02:43Z INFO sail_execution::driver::actor::handler] worker 2 is available at 127.0.0.1:45189
[2026-09-30T17:02:43Z WARN sail_execution::driver::task_assigner::core] worker 2 was not pending
[2026-09-30T17:02:44Z WARN sail_execution::driver::actor::handler] job 8 stage 0 partition 1 attempt 0 sequence 58 is stale
[2026-09-30T17:02:49Z WARN sail_execution::driver::actor::handler] job 57 stage 0 partition 0 attempt 0 sequence 434 is stale
[2026-09-30T17:02:53Z WARN sail_execution::driver::actor::handler] job 78 stage 0 partition 1 attempt 0 sequence 452 is stale
[2026-09-30T17:03:01Z WARN sail_execution::driver::actor::handler] job 150 stage 0 partition 0 attempt 0 sequence 1078 is stale
[2026-09-30T17:03:01Z WARN sail_execution::driver::actor::handler] job 158 stage 0 partition 0 attempt 0 sequence 1136 is stale
[2026-09-30T17:03:02Z WARN sail_execution::driver::actor::handler] job 166 stage 0 partition 1 attempt 0 sequence 914 is stale
[2026-09-30T17:03:03Z WARN sail_execution::driver::actor::handler] job 182 stage 0 partition 1 attempt 0 sequence 998 is stale
[2026-09-30T17:03:04Z WARN sail_execution::driver::actor::handler] job 198 stage 0 partition 1 attempt 0 sequence 1083 is stale
[2026-09-30T17:03:06Z INFO sail_session::session_manager::actor::handler] removing session da6e4975-5895-4f49-9082-ece276f394f6
[2026-09-30T17:03:06Z INFO sail_execution::driver::worker_pool::core] stopping worker 1
[2026-09-30T17:03:06Z INFO sail_execution::driver::worker_pool::core] stopping worker 2
[2026-09-30T17:03:06Z WARN sail_common::actor] aborting 250 task(s) for TaskRunnerActor
[2026-09-30T17:03:06Z WARN sail_common::actor] aborting 228 task(s) for TaskRunnerActor
[2026-09-30T17:03:06Z INFO sail_execution::worker::actor::core] worker 2 server has stopped
[2026-09-30T17:03:06Z WARN sail_common::actor] aborting 1 task(s) for WorkerActor
[2026-09-30T17:03:06Z INFO sail_execution::worker::actor::core] worker 1 server has stopped
[2026-09-30T17:03:06Z WARN sail_common::actor] aborting 1 task(s) for WorkerActor
[2026-09-30T17:03:06Z INFO sail_cli::spark::server] Shutting down the Spark Connect server...
[2026-09-30T17:03:06Z INFO sail_execution::driver::actor::core] driver 1 has stopped
[2026-09-30T17:03:06Z WARN sail_common::actor] aborting 3849 task(s) for DriverActor
[2026-09-30T17:03:06Z INFO sail_session::session_manager::actor::core] driver server has stopped
[2026-09-30T17:03:06Z WARN sail_common::actor] aborting 947 task(s) for SessionManagerActor
[2026-09-30T17:03:06Z INFO sail_cli::spark::server] The Spark Connect server has stopped.
