    Updating crates.io index
   Packaging grust-core v0.14.0 (/home/admin/src/grust-acorn-publish/crates/grust-core)
    Updating crates.io index
    Packaged 14 files, 291.8KiB (59.4KiB compressed)
   Packaging grust-procedures v0.14.0 (/home/admin/src/grust-acorn-publish/crates/grust-procedures)
    Updating crates.io index
    Packaged 19 files, 94.2KiB (22.4KiB compressed)
   Packaging grust-algorithms v0.14.0 (/home/admin/src/grust-acorn-publish/crates/grust-algorithms)
    Updating crates.io index
    Packaged 27 files, 143.7KiB (35.1KiB compressed)
   Packaging grust-memory v0.14.0 (/home/admin/src/grust-acorn-publish/crates/grust-memory)
    Updating crates.io index
    Packaged 12 files, 200.7KiB (36.2KiB compressed)
   Packaging grust-cypher v0.14.0 (/home/admin/src/grust-acorn-publish/crates/grust-cypher)
    Updating crates.io index
    Packaged 127 files, 2.5MiB (417.8KiB compressed)
   Packaging grust-algorithm-procedures v0.14.0 (/home/admin/src/grust-acorn-publish/crates/grust-algorithm-procedures)
    Updating crates.io index
    Packaged 16 files, 76.9KiB (19.2KiB compressed)
   Packaging grust-arrow v0.14.0 (/home/admin/src/grust-acorn-publish/crates/grust-arrow)
    Updating crates.io index
    Packaged 7 files, 42.4KiB (12.5KiB compressed)
   Packaging grust-cocoindex v0.14.0 (/home/admin/src/grust-acorn-publish/crates/grust-cocoindex)
    Updating crates.io index
    Packaged 6 files, 27.9KiB (6.4KiB compressed)
   Packaging grust-falkor v0.14.0 (/home/admin/src/grust-acorn-publish/crates/grust-falkor)
    Updating crates.io index
    Packaged 6 files, 48.5KiB (12.3KiB compressed)
   Packaging grust-lancedb v0.14.0 (/home/admin/src/grust-acorn-publish/crates/grust-lancedb)
    Updating crates.io index
    Packaged 11 files, 234.9KiB (55.0KiB compressed)
   Packaging grust-sql-core v0.14.0 (/home/admin/src/grust-acorn-publish/crates/grust-sql-core)
    Updating crates.io index
    Packaged 5 files, 32.1KiB (7.8KiB compressed)
   Packaging grust-postgres-core v0.14.0 (/home/admin/src/grust-acorn-publish/crates/grust-postgres-core)
    Updating crates.io index
    Packaged 9 files, 117.8KiB (29.1KiB compressed)
   Packaging grust-pggraph v0.14.0 (/home/admin/src/grust-acorn-publish/crates/grust-pggraph)
    Updating crates.io index
    Packaged 6 files, 40.4KiB (11.4KiB compressed)
   Packaging grust-postgres v0.14.0 (/home/admin/src/grust-acorn-publish/crates/grust-postgres)
    Updating crates.io index
    Packaged 5 files, 29.8KiB (8.6KiB compressed)
   Packaging grust-postgres-pgq v0.14.0 (/home/admin/src/grust-acorn-publish/crates/grust-postgres-pgq)
    Updating crates.io index
    Packaged 6 files, 48.8KiB (13.4KiB compressed)
   Packaging grust-sail v0.14.0 (/home/admin/src/grust-acorn-publish/crates/grust-sail)
    Updating crates.io index
    Packaged 32 files, 781.9KiB (139.3KiB compressed)
   Packaging grust-surreal v0.14.0 (/home/admin/src/grust-acorn-publish/crates/grust-surreal)
    Updating crates.io index
    Packaged 9 files, 246.2KiB (56.7KiB compressed)
   Packaging grust-turso v0.14.0 (/home/admin/src/grust-acorn-publish/crates/grust-turso)
    Updating crates.io index
    Packaged 16 files, 279.9KiB (64.5KiB compressed)
   Packaging grust-graph v0.14.0 (/home/admin/src/grust-acorn-publish/crates/grust)
    Updating crates.io index
    Packaged 18 files, 367.2KiB (93.9KiB compressed)
   Uploading grust-core v0.14.0 (/home/admin/src/grust-acorn-publish/crates/grust-core)
    Uploaded grust-core v0.14.0 to registry `crates-io`
note: waiting for grust-core v0.14.0 to be available at registry `crates-io`.
      18 remaining crates to be published
   Published grust-core v0.14.0 at registry `crates-io`
   Uploading grust-arrow v0.14.0 (/home/admin/src/grust-acorn-publish/crates/grust-arrow)
    Uploaded grust-arrow v0.14.0 to registry `crates-io`
   Uploading grust-cocoindex v0.14.0 (/home/admin/src/grust-acorn-publish/crates/grust-cocoindex)
    Uploaded grust-cocoindex v0.14.0 to registry `crates-io`
   Uploading grust-falkor v0.14.0 (/home/admin/src/grust-acorn-publish/crates/grust-falkor)
    Uploaded grust-falkor v0.14.0 to registry `crates-io`
   Uploading grust-lancedb v0.14.0 (/home/admin/src/grust-acorn-publish/crates/grust-lancedb)
    Uploaded grust-lancedb v0.14.0 to registry `crates-io`
   Uploading grust-memory v0.14.0 (/home/admin/src/grust-acorn-publish/crates/grust-memory)
    Uploaded grust-memory v0.14.0 to registry `crates-io`
   Uploading grust-procedures v0.14.0 (/home/admin/src/grust-acorn-publish/crates/grust-procedures)
    Uploaded grust-procedures v0.14.0 to registry `crates-io`
   Uploading grust-sql-core v0.14.0 (/home/admin/src/grust-acorn-publish/crates/grust-sql-core)
    Uploaded grust-sql-core v0.14.0 to registry `crates-io`
   Uploading grust-surreal v0.14.0 (/home/admin/src/grust-acorn-publish/crates/grust-surreal)
    Uploaded grust-surreal v0.14.0 to registry `crates-io`
note: waiting for grust-arrow v0.14.0, grust-cocoindex v0.14.0, grust-falkor v0.14.0, grust-lancedb v0.14.0, grust-memory v0.14.0, grust-procedures v0.14.0, grust-sql-core v0.14.0, or grust-surreal v0.14.0 to be available at registry `crates-io`.
      10 remaining crates to be published
   Published grust-arrow v0.14.0, grust-cocoindex v0.14.0, grust-falkor v0.14.0, grust-lancedb v0.14.0, grust-memory v0.14.0, grust-procedures v0.14.0, grust-sql-core v0.14.0, and grust-surreal v0.14.0 at registry `crates-io`
   Uploading grust-algorithms v0.14.0 (/home/admin/src/grust-acorn-publish/crates/grust-algorithms)
    Uploaded grust-algorithms v0.14.0 to registry `crates-io`
   Uploading grust-cypher v0.14.0 (/home/admin/src/grust-acorn-publish/crates/grust-cypher)
    Uploaded grust-cypher v0.14.0 to registry `crates-io`
note: waiting for grust-algorithms v0.14.0 or grust-cypher v0.14.0 to be available at registry `crates-io`.
      8 remaining crates to be published
   Published grust-algorithms v0.14.0 at registry `crates-io`
note: waiting for grust-cypher v0.14.0 to be available at registry `crates-io`.
      8 remaining crates to be published
   Published grust-cypher v0.14.0 at registry `crates-io`
   Uploading grust-algorithm-procedures v0.14.0 (/home/admin/src/grust-acorn-publish/crates/grust-algorithm-procedures)
    Uploaded grust-algorithm-procedures v0.14.0 to registry `crates-io`
   Uploading grust-postgres-core v0.14.0 (/home/admin/src/grust-acorn-publish/crates/grust-postgres-core)
    Uploaded grust-postgres-core v0.14.0 to registry `crates-io`
   Uploading grust-sail v0.14.0 (/home/admin/src/grust-acorn-publish/crates/grust-sail)
    Uploaded grust-sail v0.14.0 to registry `crates-io`
   Uploading grust-turso v0.14.0 (/home/admin/src/grust-acorn-publish/crates/grust-turso)
    Uploaded grust-turso v0.14.0 to registry `crates-io`
note: waiting for grust-algorithm-procedures v0.14.0, grust-postgres-core v0.14.0, grust-sail v0.14.0, or grust-turso v0.14.0 to be available at registry `crates-io`.
      4 remaining crates to be published
   Published grust-algorithm-procedures v0.14.0, grust-postgres-core v0.14.0, grust-sail v0.14.0, and grust-turso v0.14.0 at registry `crates-io`
   Uploading grust-pggraph v0.14.0 (/home/admin/src/grust-acorn-publish/crates/grust-pggraph)
    Uploaded grust-pggraph v0.14.0 to registry `crates-io`
   Uploading grust-postgres v0.14.0 (/home/admin/src/grust-acorn-publish/crates/grust-postgres)
    Uploaded grust-postgres v0.14.0 to registry `crates-io`
   Uploading grust-postgres-pgq v0.14.0 (/home/admin/src/grust-acorn-publish/crates/grust-postgres-pgq)
    Uploaded grust-postgres-pgq v0.14.0 to registry `crates-io`
note: waiting for grust-pggraph v0.14.0, grust-postgres v0.14.0, or grust-postgres-pgq v0.14.0 to be available at registry `crates-io`.
      1 remaining crate to be published
   Published grust-pggraph v0.14.0, grust-postgres v0.14.0, and grust-postgres-pgq v0.14.0 at registry `crates-io`
   Uploading grust-graph v0.14.0 (/home/admin/src/grust-acorn-publish/crates/grust)
    Uploaded grust-graph v0.14.0 to registry `crates-io`
note: waiting for grust-graph v0.14.0 to be available at registry `crates-io`
help: you may press ctrl-c to skip waiting; the crate should be available shortly
   Published grust-graph v0.14.0 at registry `crates-io`
