[2026-09-30T17:04:10Z INFO sail_cli::spark::server] Starting the Spark Connect server on 127.0.0.1:49503...
[2026-09-30T17:04:10Z INFO sail_session::session_manager::actor::core] driver server is ready on port 45835
[2026-09-30T17:04:10Z INFO sail_session::session_manager::actor::handler] creating session 038c5ca3-c710-482b-994f-ce92a2e38866
OpenBLAS WARNING - could not determine the L2 cache size on this system, assuming 256k
OpenBLAS WARNING - could not determine the L2 cache size on this system, assuming 256k
[2026-09-30T17:04:11Z INFO sail_session::extensions] bound native extension nutmeg@0.1.0:e5f0332e07d6164d20eec48da4e1d859913eb006481d8b98b1d409afeb3bb50f to session incarnation f88ca407-6440-42be-ad41-c715c4cbc2af
[2026-09-30T17:04:12Z INFO sail_session::extensions] bound native extension sedona@0.1.0:e8dc2c51c6e45ef94fb13370b76f0fd40936b3d79d368fc052afbb778d39c137 to session incarnation f88ca407-6440-42be-ad41-c715c4cbc2af
[2026-09-30T17:04:12Z INFO sail_execution::driver::actor::handler] activating driver 1
[2026-09-30T17:04:12Z INFO sail_execution::driver::worker_pool::core] starting worker 1
[2026-09-30T17:04:12Z INFO sail_execution::driver::worker_pool::core] starting worker 2
[2026-09-30T17:04:12Z INFO sail_execution::worker_manager::process] extension process worker 2: pid=Some(63), driver_pid=27, session=038c5ca3-c710-482b-994f-ce92a2e38866
[2026-09-30T17:04:12Z INFO sail_execution::worker_manager::process] extension process worker 1: pid=Some(64), driver_pid=27, session=038c5ca3-c710-482b-994f-ce92a2e38866
[2026-09-30T17:04:12Z INFO sail_session::extensions] worker loaded native extension sedona@0.1.0:e8dc2c51c6e45ef94fb13370b76f0fd40936b3d79d368fc052afbb778d39c137, pid=63
[2026-09-30T17:04:12Z INFO sail_session::extensions] worker loaded native extension sedona@0.1.0:e8dc2c51c6e45ef94fb13370b76f0fd40936b3d79d368fc052afbb778d39c137, pid=64
[2026-09-30T17:04:12Z INFO sail_execution::worker::actor::handler] worker 2 server is ready on port 44181
[2026-09-30T17:04:12Z INFO sail_execution::worker::actor::handler] worker 1 server is ready on port 34181
[2026-09-30T17:04:12Z INFO sail_execution::driver::actor::handler] worker 2 is available at 127.0.0.1:44181
[2026-09-30T17:04:12Z WARN sail_execution::driver::task_assigner::core] worker 2 was not pending
[2026-09-30T17:04:12Z INFO sail_execution::driver::actor::handler] worker 1 is available at 127.0.0.1:34181
[2026-09-30T17:04:12Z WARN sail_execution::driver::task_assigner::core] worker 1 was not pending
[2026-09-30T17:04:13Z WARN sail_execution::driver::actor::handler] job 10 stage 0 partition 1 attempt 0 sequence 88 is stale
[2026-09-30T17:04:14Z WARN sail_execution::driver::actor::handler] job 41 stage 0 partition 1 attempt 0 sequence 269 is stale
[2026-09-30T17:04:16Z WARN sail_execution::driver::actor::handler] job 50 stage 0 partition 0 attempt 0 sequence 386 is stale
[2026-09-30T17:04:18Z WARN sail_execution::driver::actor::handler] job 68 stage 0 partition 0 attempt 0 sequence 526 is stale
[2026-09-30T17:04:19Z WARN sail_execution::driver::actor::handler] job 77 stage 1 partition 3 attempt 0 sequence 485 is stale
[2026-09-30T17:04:20Z WARN sail_execution::driver::actor::handler] job 86 stage 0 partition 1 attempt 0 sequence 536 is stale
[2026-09-30T17:04:20Z WARN sail_execution::driver::actor::handler] job 88 stage 1 partition 1 attempt 0 sequence 556 is stale
[2026-09-30T17:04:23Z WARN sail_execution::driver::actor::handler] job 113 stage 0 partition 0 attempt 0 sequence 863 is stale
[2026-09-30T17:04:28Z WARN sail_execution::driver::actor::handler] job 176 stage 0 partition 0 attempt 0 sequence 1323 is stale
[2026-09-30T17:04:28Z WARN sail_execution::driver::actor::handler] job 185 stage 0 partition 1 attempt 0 sequence 1111 is stale
[2026-09-30T17:04:31Z WARN sail_execution::driver::actor::handler] job 221 stage 0 partition 0 attempt 0 sequence 1654 is stale
[2026-09-30T17:04:32Z WARN sail_execution::driver::actor::handler] job 252 stage 4 partition 1 attempt 0 sequence 1499 is stale
[2026-09-30T17:04:32Z WARN sail_execution::driver::actor::handler] job 252 stage 0 partition 0 attempt 0 sequence 1884 is stale
[2026-09-30T17:04:32Z INFO sail_session::session_manager::actor::handler] removing session 038c5ca3-c710-482b-994f-ce92a2e38866
[2026-09-30T17:04:32Z INFO sail_execution::driver::worker_pool::core] stopping worker 1
[2026-09-30T17:04:32Z INFO sail_execution::driver::worker_pool::core] stopping worker 2
[2026-09-30T17:04:32Z WARN sail_common::actor] aborting 264 task(s) for TaskRunnerActor
[2026-09-30T17:04:32Z WARN sail_common::actor] aborting 246 task(s) for TaskRunnerActor
[2026-09-30T17:04:32Z INFO sail_execution::worker::actor::core] worker 1 server has stopped
[2026-09-30T17:04:32Z WARN sail_common::actor] aborting 1 task(s) for WorkerActor
[2026-09-30T17:04:32Z INFO sail_execution::worker::actor::core] worker 2 server has stopped
[2026-09-30T17:04:32Z WARN sail_common::actor] aborting 1 task(s) for WorkerActor
[2026-09-30T17:04:32Z INFO sail_cli::spark::server] Shutting down the Spark Connect server...
[2026-09-30T17:04:32Z INFO sail_execution::driver::actor::core] driver 1 has stopped
[2026-09-30T17:04:32Z WARN sail_common::actor] aborting 4447 task(s) for DriverActor
[2026-09-30T17:04:32Z INFO sail_session::session_manager::actor::core] driver server has stopped
[2026-09-30T17:04:32Z WARN sail_common::actor] aborting 1042 task(s) for SessionManagerActor
[2026-09-30T17:04:32Z INFO sail_cli::spark::server] The Spark Connect server has stopped.
