[2026-09-29T14:36:27Z INFO sail_cli::spark::server] Starting the Spark Connect server on 127.0.0.1:44829...
[2026-09-29T14:36:27Z INFO sail_session::session_manager::actor::core] driver server is ready on port 43255
[2026-09-29T14:36:27Z INFO sail_session::session_manager::actor::handler] creating session 0c0c013a-44aa-4314-930d-c7098984f0a5
OpenBLAS WARNING - could not determine the L2 cache size on this system, assuming 256k
OpenBLAS WARNING - could not determine the L2 cache size on this system, assuming 256k
[2026-09-29T14:36:28Z INFO sail_session::extensions] bound native extension nutmeg@0.1.0:f92268cbf3a5b0bbc3a1e9e0fc733018cad00410a42c83b8228f417a5c232c9f to session incarnation 3697d91a-0f34-4b40-8c4a-15f41159de9e
[2026-09-29T14:36:28Z INFO sail_session::extensions] bound native extension sedona@0.1.0:e8dc2c51c6e45ef94fb13370b76f0fd40936b3d79d368fc052afbb778d39c137 to session incarnation 3697d91a-0f34-4b40-8c4a-15f41159de9e
[2026-09-29T14:36:28Z INFO sail_execution::driver::actor::handler] activating driver 1
[2026-09-29T14:36:28Z INFO sail_execution::driver::worker_pool::core] starting worker 1
[2026-09-29T14:36:28Z INFO sail_execution::driver::worker_pool::core] starting worker 2
[2026-09-29T14:36:28Z INFO sail_execution::worker_manager::process] extension process worker 1: pid=Some(166), driver_pid=50, session=0c0c013a-44aa-4314-930d-c7098984f0a5
[2026-09-29T14:36:28Z INFO sail_execution::worker_manager::process] extension process worker 2: pid=Some(169), driver_pid=50, session=0c0c013a-44aa-4314-930d-c7098984f0a5
[2026-09-29T14:36:32Z INFO sail_session::extensions] worker loaded native extension sedona@0.1.0:e8dc2c51c6e45ef94fb13370b76f0fd40936b3d79d368fc052afbb778d39c137, pid=169
[2026-09-29T14:36:32Z INFO sail_session::extensions] worker loaded native extension sedona@0.1.0:e8dc2c51c6e45ef94fb13370b76f0fd40936b3d79d368fc052afbb778d39c137, pid=166
[2026-09-29T14:36:32Z INFO sail_execution::worker::actor::handler] worker 2 server is ready on port 32945
[2026-09-29T14:36:32Z INFO sail_execution::worker::actor::handler] worker 1 server is ready on port 46765
[2026-09-29T14:36:32Z INFO sail_execution::driver::actor::handler] worker 1 is available at 127.0.0.1:46765
[2026-09-29T14:36:32Z WARN sail_execution::driver::task_assigner::core] worker 1 was not pending
[2026-09-29T14:36:32Z INFO sail_execution::driver::actor::handler] worker 2 is available at 127.0.0.1:32945
[2026-09-29T14:36:32Z WARN sail_execution::driver::task_assigner::core] worker 2 was not pending
[2026-09-29T14:48:34Z INFO sail_session::session_manager::actor::handler] removing session 0c0c013a-44aa-4314-930d-c7098984f0a5
[2026-09-29T14:48:34Z INFO sail_execution::driver::worker_pool::core] stopping worker 1
[2026-09-29T14:48:34Z INFO sail_execution::driver::worker_pool::core] stopping worker 2
[2026-09-29T14:48:34Z INFO sail_cli::spark::server] Shutting down the Spark Connect server...
[2026-09-29T14:48:34Z ERROR sail_execution::driver::worker_pool::core] stop worker: failed in worker 1: error in Tonic status: code: 'Unknown error', message: "transport error", source: tonic::transport::Error(Transport, hyper::Error(Io, Kind(ConnectionReset)))
[2026-09-29T14:48:38Z INFO sail_execution::driver::actor::core] driver 1 has stopped
[2026-09-29T14:48:38Z ERROR sail_execution::driver::worker_pool::core] stop task job 31 stage 2 partition 32 attempt 0: failed in worker 2: error in Tonic status: code: 'Unknown error', message: "transport error", source: tonic::transport::Error(Transport, hyper::Error(Io, Kind(ConnectionReset)))
[2026-09-29T14:48:38Z ERROR sail_execution::driver::worker_pool::core] stop task job 31 stage 4 partition 2 attempt 0: failed in worker 2: error in Tonic status: code: 'Unknown error', message: "transport error", source: tonic::transport::Error(Transport, hyper::Error(Io, Kind(ConnectionReset)))
[2026-09-29T14:48:38Z ERROR sail_execution::driver::worker_pool::core] stop task job 31 stage 1 partition 24 attempt 0: failed in worker 2: error in Tonic status: code: 'Unknown error', message: "transport error", source: tonic::transport::Error(Transport, hyper::Error(Io, Kind(ConnectionReset)))
[2026-09-29T14:48:38Z ERROR sail_execution::driver::worker_pool::core] stop task job 31 stage 2 partition 34 attempt 0: failed in worker 2: error in Tonic status: code: 'Unknown error', message: "transport error", source: tonic::transport::Error(Transport, hyper::Error(Io, Kind(ConnectionReset)))
[2026-09-29T14:48:38Z ERROR sail_execution::driver::worker_pool::core] stop task job 31 stage 1 partition 0 attempt 0: failed in worker 2: error in Tonic status: code: 'Unknown error', message: "transport error", source: tonic::transport::Error(Transport, hyper::Error(Io, Kind(ConnectionReset)))
[2026-09-29T14:48:38Z ERROR sail_execution::driver::worker_pool::core] stop task job 31 stage 1 partition 6 attempt 0: failed in worker 2: error in Tonic status: code: 'Unknown error', message: "transport error", source: tonic::transport::Error(Transport, hyper::Error(Io, Kind(ConnectionReset)))
[2026-09-29T14:48:38Z ERROR sail_execution::driver::worker_pool::core] stop task job 31 stage 2 partition 62 attempt 0: failed in worker 2: error in Tonic status: code: 'Unknown error', message: "transport error", source: tonic::transport::Error(Transport, hyper::Error(Io, Kind(ConnectionReset)))
[2026-09-29T14:48:38Z ERROR sail_execution::driver::worker_pool::core] stop worker: failed in worker 2: error in Tonic status: code: 'Unknown error', message: "transport error", source: tonic::transport::Error(Transport, hyper::Error(Io, Kind(ConnectionReset)))
[2026-09-29T14:48:38Z ERROR sail_execution::driver::worker_pool::core] stop task job 31 stage 3 partition 30 attempt 0: failed in worker 2: error in Tonic status: code: 'Unknown error', message: "transport error", source: tonic::transport::Error(Transport, hyper::Error(Io, Kind(ConnectionReset)))
[2026-09-29T14:48:38Z ERROR sail_execution::driver::worker_pool::core] stop task job 31 stage 2 partition 44 attempt 0: failed in worker 2: error in Tonic status: code: 'Unknown error', message: "transport error", source: tonic::transport::Error(Transport, hyper::Error(Io, Kind(ConnectionReset)))
[2026-09-29T14:48:38Z ERROR sail_execution::driver::worker_pool::core] stop task job 31 stage 2 partition 46 attempt 0: failed in worker 2: error in Tonic status: code: 'Unknown error', message: "transport error", source: tonic::transport::Error(Transport, hyper::Error(Io, Kind(ConnectionReset)))
[2026-09-29T14:48:38Z ERROR sail_execution::driver::worker_pool::core] stop task job 31 stage 2 partition 42 attempt 0: failed in worker 2: error in Tonic status: code: 'Unknown error', message: "transport error", source: tonic::transport::Error(Transport, hyper::Error(Io, Kind(ConnectionReset)))
[2026-09-29T14:48:38Z ERROR sail_execution::driver::worker_pool::core] clean up job: failed in worker 2: error in Tonic status: code: 'Unknown error', message: "transport error", source: tonic::transport::Error(Transport, hyper::Error(Io, Kind(ConnectionReset)))
[2026-09-29T14:48:38Z ERROR sail_execution::driver::worker_pool::core] stop task job 31 stage 3 partition 28 attempt 0: failed in worker 2: error in Tonic status: code: 'Unknown error', message: "transport error", source: tonic::transport::Error(Transport, hyper::Error(Io, Kind(ConnectionReset)))
[2026-09-29T14:48:38Z ERROR sail_execution::driver::worker_pool::core] stop task job 31 stage 2 partition 54 attempt 0: failed in worker 2: error in Tonic status: code: 'Unknown error', message: "transport error", source: tonic::transport::Error(Transport, hyper::Error(Io, Kind(ConnectionReset)))
[2026-09-29T14:48:38Z ERROR sail_execution::driver::worker_pool::core] stop task job 31 stage 3 partition 20 attempt 0: failed in worker 2: error in Tonic status: code: 'Unknown error', message: "transport error", source: tonic::transport::Error(Transport, hyper::Error(Io, Kind(ConnectionReset)))
[2026-09-29T14:48:38Z ERROR sail_execution::driver::worker_pool::core] stop task job 31 stage 1 partition 22 attempt 0: failed in worker 2: error in Tonic status: code: 'Unknown error', message: "transport error", source: tonic::transport::Error(Transport, hyper::Error(Io, Kind(ConnectionReset)))
[2026-09-29T14:48:38Z ERROR sail_execution::driver::worker_pool::core] stop task job 31 stage 3 partition 4 attempt 0: failed in worker 2: error in Tonic status: code: 'Unknown error', message: "transport error", source: tonic::transport::Error(Transport, hyper::Error(Io, Kind(ConnectionReset)))
[2026-09-29T14:48:38Z ERROR sail_execution::driver::worker_pool::core] stop task job 31 stage 2 partition 40 attempt 0: failed in worker 2: error in Tonic status: code: 'Unknown error', message: "transport error", source: tonic::transport::Error(Transport, hyper::Error(Io, Kind(ConnectionReset)))
[2026-09-29T14:48:38Z ERROR sail_execution::driver::worker_pool::core] stop task job 31 stage 2 partition 60 attempt 0: failed in worker 2: error in Tonic status: code: 'Unknown error', message: "transport error", source: tonic::transport::Error(Transport, hyper::Error(Io, Kind(ConnectionReset)))
[2026-09-29T14:48:38Z ERROR sail_execution::driver::worker_pool::core] stop task job 31 stage 4 partition 14 attempt 0: failed in worker 2: error in Tonic status: code: 'Unknown error', message: "transport error", source: tonic::transport::Error(Transport, hyper::Error(Io, Kind(ConnectionReset)))
[2026-09-29T14:48:38Z ERROR sail_execution::driver::worker_pool::core] stop task job 31 stage 3 partition 26 attempt 0: failed in worker 2: error in Tonic status: code: 'Unknown error', message: "transport error", source: tonic::transport::Error(Transport, hyper::Error(Io, Kind(ConnectionReset)))
[2026-09-29T14:48:38Z ERROR sail_execution::driver::worker_pool::core] stop task job 31 stage 3 partition 18 attempt 0: failed in worker 2: error in Tonic status: code: 'Unknown error', message: "transport error", source: tonic::transport::Error(Transport, hyper::Error(Io, Kind(ConnectionReset)))
[2026-09-29T14:48:38Z ERROR sail_execution::driver::worker_pool::core] stop task job 31 stage 2 partition 38 attempt 0: failed in worker 2: error in Tonic status: code: 'Unknown error', message: "transport error", source: tonic::transport::Error(Transport, hyper::Error(Io, Kind(ConnectionReset)))
[2026-09-29T14:48:38Z ERROR sail_execution::driver::worker_pool::core] stop task job 31 stage 4 partition 12 attempt 0: failed in worker 2: error in Tonic status: code: 'Unknown error', message: "transport error", source: tonic::transport::Error(Transport, hyper::Error(Io, Kind(ConnectionReset)))
[2026-09-29T14:48:38Z ERROR sail_execution::driver::worker_pool::core] stop task job 31 stage 2 partition 58 attempt 0: failed in worker 2: error in Tonic status: code: 'Unknown error', message: "transport error", source: tonic::transport::Error(Transport, hyper::Error(Io, Kind(ConnectionReset)))
[2026-09-29T14:48:38Z ERROR sail_execution::driver::worker_pool::core] stop task job 31 stage 3 partition 2 attempt 0: failed in worker 2: error in Tonic status: code: 'Unknown error', message: "transport error", source: tonic::transport::Error(Transport, hyper::Error(Io, Kind(ConnectionReset)))
[2026-09-29T14:48:38Z ERROR sail_execution::driver::worker_pool::core] stop task job 31 stage 1 partition 20 attempt 0: failed in worker 2: error in Tonic status: code: 'Unknown error', message: "transport error", source: tonic::transport::Error(Transport, hyper::Error(Io, Kind(ConnectionReset)))
[2026-09-29T14:48:38Z ERROR sail_execution::driver::worker_pool::core] stop task job 31 stage 2 partition 36 attempt 0: failed in worker 2: error in Tonic status: code: 'Unknown error', message: "transport error", source: tonic::transport::Error(Transport, hyper::Error(Io, Kind(ConnectionReset)))
[2026-09-29T14:48:38Z ERROR sail_execution::driver::worker_pool::core] stop task job 31 stage 4 partition 16 attempt 0: failed in worker 2: error in Tonic status: code: 'Unknown error', message: "transport error", source: tonic::transport::Error(Transport, hyper::Error(Io, Kind(ConnectionReset)))
[2026-09-29T14:48:38Z ERROR sail_execution::driver::worker_pool::core] stop task job 31 stage 2 partition 50 attempt 0: failed in worker 2: error in Tonic status: code: 'Unknown error', message: "transport error", source: tonic::transport::Error(Transport, hyper::Error(Io, Kind(ConnectionReset)))
[2026-09-29T14:48:38Z ERROR sail_execution::driver::worker_pool::core] stop task job 31 stage 3 partition 16 attempt 0: failed in worker 2: error in Tonic status: code: 'Unknown error', message: "transport error", source: tonic::transport::Error(Transport, hyper::Error(Io, Kind(ConnectionReset)))
[2026-09-29T14:48:38Z ERROR sail_execution::driver::worker_pool::core] stop task job 31 stage 3 partition 24 attempt 0: failed in worker 2: error in Tonic status: code: 'Unknown error', message: "transport error", source: tonic::transport::Error(Transport, hyper::Error(Io, Kind(ConnectionReset)))
[2026-09-29T14:48:38Z ERROR sail_execution::driver::worker_pool::core] stop task job 31 stage 2 partition 56 attempt 0: failed in worker 2: error in Tonic status: code: 'Unknown error', message: "transport error", source: tonic::transport::Error(Transport, hyper::Error(Io, Kind(ConnectionReset)))
[2026-09-29T14:48:38Z ERROR sail_execution::driver::worker_pool::core] stop task job 31 stage 2 partition 48 attempt 0: failed in worker 2: error in Tonic status: code: 'Unknown error', message: "transport error", source: tonic::transport::Error(Transport, hyper::Error(Io, Kind(ConnectionReset)))
[2026-09-29T14:48:38Z ERROR sail_execution::driver::worker_pool::core] stop task job 31 stage 3 partition 14 attempt 0: failed in worker 2: error in Tonic status: code: 'Unknown error', message: "transport error", source: tonic::transport::Error(Transport, hyper::Error(Io, Kind(ConnectionReset)))
[2026-09-29T14:48:38Z ERROR sail_execution::driver::worker_pool::core] stop task job 31 stage 5 partition 0 attempt 0: failed in worker 2: error in Tonic status: code: 'Unknown error', message: "transport error", source: tonic::transport::Error(Transport, hyper::Error(Io, Kind(ConnectionReset)))
[2026-09-29T14:48:38Z ERROR sail_execution::driver::worker_pool::core] stop task job 31 stage 2 partition 52 attempt 0: failed in worker 2: error in Tonic status: code: 'Unknown error', message: "transport error", source: tonic::transport::Error(Transport, hyper::Error(Io, Kind(ConnectionReset)))
[2026-09-29T14:48:38Z ERROR sail_execution::driver::worker_pool::core] stop task job 31 stage 4 partition 0 attempt 0: failed in worker 2: error in Tonic status: code: 'Unknown error', message: "transport error", source: tonic::transport::Error(Transport, hyper::Error(Io, Kind(ConnectionReset)))
[2026-09-29T14:48:38Z ERROR sail_execution::driver::worker_pool::core] stop task job 31 stage 3 partition 22 attempt 0: failed in worker 2: error in Tonic status: code: 'Unknown error', message: "transport error", source: tonic::transport::Error(Transport, hyper::Error(Io, Kind(ConnectionReset)))
[2026-09-29T14:48:38Z ERROR sail_execution::driver::worker_pool::core] stop task job 31 stage 4 partition 30 attempt 0: failed in worker 2: error in Tonic status: code: 'Unknown error', message: "transport error", source: tonic::transport::Error(Transport, hyper::Error(Io, Kind(ConnectionReset)))
[2026-09-29T14:48:38Z ERROR sail_execution::driver::worker_pool::core] stop task job 31 stage 3 partition 12 attempt 0: failed in worker 2: error in Tonic status: code: 'Unknown error', message: "transport error", source: tonic::transport::Error(Transport, hyper::Error(Io, Kind(ConnectionReset)))
[2026-09-29T14:48:38Z ERROR sail_execution::driver::worker_pool::core] stop task job 31 stage 1 partition 10 attempt 0: failed in worker 2: error in Tonic status: code: 'Unknown error', message: "transport error", source: tonic::transport::Error(Transport, hyper::Error(Io, Kind(ConnectionReset)))
[2026-09-29T14:48:38Z ERROR sail_execution::driver::worker_pool::core] stop task job 31 stage 3 partition 8 attempt 0: failed in worker 2: error in Tonic status: code: 'Unknown error', message: "transport error", source: tonic::transport::Error(Transport, hyper::Error(Io, Kind(ConnectionReset)))
[2026-09-29T14:48:38Z ERROR sail_execution::driver::worker_pool::core] stop task job 31 stage 1 partition 8 attempt 0: failed in worker 2: error in Tonic status: code: 'Unknown error', message: "transport error", source: tonic::transport::Error(Transport, hyper::Error(Io, Kind(ConnectionReset)))
[2026-09-29T14:48:38Z ERROR sail_execution::driver::worker_pool::core] stop task job 31 stage 4 partition 28 attempt 0: failed in worker 2: error in Tonic status: code: 'Unknown error', message: "transport error", source: tonic::transport::Error(Transport, hyper::Error(Io, Kind(ConnectionReset)))
[2026-09-29T14:48:38Z ERROR sail_execution::driver::worker_pool::core] stop task job 31 stage 4 partition 10 attempt 0: failed in worker 2: error in Tonic status: code: 'Unknown error', message: "transport error", source: tonic::transport::Error(Transport, hyper::Error(Io, Kind(ConnectionReset)))
[2026-09-29T14:48:38Z ERROR sail_execution::driver::worker_pool::core] stop task job 31 stage 1 partition 12 attempt 0: failed in worker 2: error in Tonic status: code: 'Unknown error', message: "transport error", source: tonic::transport::Error(Transport, hyper::Error(Io, Kind(ConnectionReset)))
[2026-09-29T14:48:38Z ERROR sail_execution::driver::worker_pool::core] stop task job 31 stage 4 partition 22 attempt 0: failed in worker 2: error in Tonic status: code: 'Unknown error', message: "transport error", source: tonic::transport::Error(Transport, hyper::Error(Io, Kind(ConnectionReset)))
[2026-09-29T14:48:38Z ERROR sail_execution::driver::worker_pool::core] stop task job 31 stage 3 partition 0 attempt 0: failed in worker 2: error in Tonic status: code: 'Unknown error', message: "transport error", source: tonic::transport::Error(Transport, hyper::Error(Io, Kind(ConnectionReset)))
[2026-09-29T14:48:38Z ERROR sail_execution::driver::worker_pool::core] stop task job 31 stage 1 partition 2 attempt 0: failed in worker 2: error in Tonic status: code: 'Unknown error', message: "transport error", source: tonic::transport::Error(Transport, hyper::Error(Io, Kind(ConnectionReset)))
[2026-09-29T14:48:38Z ERROR sail_execution::driver::worker_pool::core] stop task job 31 stage 3 partition 6 attempt 0: failed in worker 2: error in Tonic status: code: 'Unknown error', message: "transport error", source: tonic::transport::Error(Transport, hyper::Error(Io, Kind(ConnectionReset)))
[2026-09-29T14:48:38Z ERROR sail_execution::driver::worker_pool::core] stop task job 31 stage 4 partition 18 attempt 0: failed in worker 2: error in Tonic status: code: 'Unknown error', message: "transport error", source: tonic::transport::Error(Transport, hyper::Error(Io, Kind(ConnectionReset)))
[2026-09-29T14:48:38Z ERROR sail_execution::driver::worker_pool::core] stop task job 31 stage 1 partition 14 attempt 0: failed in worker 2: error in Tonic status: code: 'Unknown error', message: "transport error", source: tonic::transport::Error(Transport, hyper::Error(Io, Kind(ConnectionReset)))
[2026-09-29T14:48:38Z ERROR sail_execution::driver::worker_pool::core] stop task job 31 stage 4 partition 24 attempt 0: failed in worker 2: error in Tonic status: code: 'Unknown error', message: "transport error", source: tonic::transport::Error(Transport, hyper::Error(Io, Kind(ConnectionReset)))
[2026-09-29T14:48:38Z ERROR sail_execution::driver::worker_pool::core] stop task job 31 stage 1 partition 18 attempt 0: failed in worker 2: error in Tonic status: code: 'Unknown error', message: "transport error", source: tonic::transport::Error(Transport, hyper::Error(Io, Kind(ConnectionReset)))
[2026-09-29T14:48:38Z ERROR sail_execution::driver::worker_pool::core] stop task job 31 stage 4 partition 4 attempt 0: failed in worker 2: error in Tonic status: code: 'Unknown error', message: "transport error", source: tonic::transport::Error(Transport, hyper::Error(Io, Kind(ConnectionReset)))
[2026-09-29T14:48:38Z ERROR sail_execution::driver::worker_pool::core] stop task job 31 stage 1 partition 28 attempt 0: failed in worker 2: error in Tonic status: code: 'Unknown error', message: "transport error", source: tonic::transport::Error(Transport, hyper::Error(Io, Kind(ConnectionReset)))
[2026-09-29T14:48:38Z ERROR sail_execution::driver::worker_pool::core] stop task job 31 stage 4 partition 26 attempt 0: failed in worker 2: error in Tonic status: code: 'Unknown error', message: "transport error", source: tonic::transport::Error(Transport, hyper::Error(Io, Kind(ConnectionReset)))
[2026-09-29T14:48:38Z ERROR sail_execution::driver::worker_pool::core] stop task job 31 stage 3 partition 10 attempt 0: failed in worker 2: error in Tonic status: code: 'Unknown error', message: "transport error", source: tonic::transport::Error(Transport, hyper::Error(Io, Kind(ConnectionReset)))
[2026-09-29T14:48:38Z ERROR sail_execution::driver::worker_pool::core] stop task job 31 stage 1 partition 26 attempt 0: failed in worker 2: error in Tonic status: code: 'Unknown error', message: "transport error", source: tonic::transport::Error(Transport, hyper::Error(Io, Kind(ConnectionReset)))
[2026-09-29T14:48:38Z ERROR sail_execution::driver::worker_pool::core] stop task job 31 stage 1 partition 4 attempt 0: failed in worker 2: error in Tonic status: code: 'Unknown error', message: "transport error", source: tonic::transport::Error(Transport, hyper::Error(Io, Kind(ConnectionReset)))
[2026-09-29T14:48:38Z ERROR sail_execution::driver::worker_pool::core] stop task job 31 stage 4 partition 6 attempt 0: failed in worker 2: error in Tonic status: code: 'Unknown error', message: "transport error", source: tonic::transport::Error(Transport, hyper::Error(Io, Kind(ConnectionReset)))
[2026-09-29T14:48:38Z ERROR sail_execution::driver::worker_pool::core] stop task job 31 stage 4 partition 8 attempt 0: failed in worker 2: error in Tonic status: code: 'Unknown error', message: "transport error", source: tonic::transport::Error(Transport, hyper::Error(Io, Kind(ConnectionReset)))
[2026-09-29T14:48:38Z ERROR sail_execution::driver::worker_pool::core] stop task job 31 stage 1 partition 16 attempt 0: failed in worker 2: error in Tonic status: code: 'Unknown error', message: "transport error", source: tonic::transport::Error(Transport, hyper::Error(Io, Kind(ConnectionReset)))
[2026-09-29T14:48:38Z ERROR sail_execution::driver::worker_pool::core] stop task job 31 stage 1 partition 30 attempt 0: failed in worker 2: error in Tonic status: code: 'Unknown error', message: "transport error", source: tonic::transport::Error(Transport, hyper::Error(Io, Kind(ConnectionReset)))
[2026-09-29T14:48:38Z WARN sail_common::actor] aborting 161 task(s) for DriverActor
[2026-09-29T14:48:40Z INFO sail_session::session_manager::actor::core] driver server has stopped
[2026-09-29T14:48:40Z WARN sail_common::actor] aborting 178 task(s) for SessionManagerActor
[2026-09-29T14:48:40Z INFO sail_cli::spark::server] The Spark Connect server has stopped.
