[2026-09-30T17:02:09Z INFO sail_cli::spark::server] Starting the Spark Connect server on 127.0.0.1:45545...
[2026-09-30T17:02:09Z INFO sail_session::session_manager::actor::core] driver server is ready on port 38293
[2026-09-30T17:02:09Z INFO sail_session::session_manager::actor::handler] creating session 9472d55a-8dbe-4bf8-82ce-3bb5104bb986
OpenBLAS WARNING - could not determine the L2 cache size on this system, assuming 256k
OpenBLAS WARNING - could not determine the L2 cache size on this system, assuming 256k
[2026-09-30T17:02:10Z INFO sail_session::extensions] bound native extension nutmeg@0.1.0:e5f0332e07d6164d20eec48da4e1d859913eb006481d8b98b1d409afeb3bb50f to session incarnation b41d0b4e-6776-4202-8d80-b99657abcfa9
[2026-09-30T17:02:10Z INFO sail_session::extensions] bound native extension sedona@0.1.0:e8dc2c51c6e45ef94fb13370b76f0fd40936b3d79d368fc052afbb778d39c137 to session incarnation b41d0b4e-6776-4202-8d80-b99657abcfa9
[2026-09-30T17:02:11Z INFO sail_execution::driver::actor::handler] activating driver 1
[2026-09-30T17:02:11Z INFO sail_execution::driver::worker_pool::core] starting worker 1
[2026-09-30T17:02:11Z INFO sail_execution::driver::worker_pool::core] starting worker 2
[2026-09-30T17:02:11Z INFO sail_execution::worker_manager::process] extension process worker 1: pid=Some(62), driver_pid=26, session=9472d55a-8dbe-4bf8-82ce-3bb5104bb986
[2026-09-30T17:02:11Z INFO sail_execution::worker_manager::process] extension process worker 2: pid=Some(63), driver_pid=26, session=9472d55a-8dbe-4bf8-82ce-3bb5104bb986
[2026-09-30T17:02:11Z INFO sail_session::extensions] worker loaded native extension sedona@0.1.0:e8dc2c51c6e45ef94fb13370b76f0fd40936b3d79d368fc052afbb778d39c137, pid=62
[2026-09-30T17:02:11Z INFO sail_session::extensions] worker loaded native extension sedona@0.1.0:e8dc2c51c6e45ef94fb13370b76f0fd40936b3d79d368fc052afbb778d39c137, pid=63
[2026-09-30T17:02:11Z INFO sail_execution::worker::actor::handler] worker 2 server is ready on port 44483
[2026-09-30T17:02:11Z INFO sail_execution::worker::actor::handler] worker 1 server is ready on port 39057
[2026-09-30T17:02:11Z INFO sail_execution::driver::actor::handler] worker 1 is available at 127.0.0.1:39057
[2026-09-30T17:02:11Z WARN sail_execution::driver::task_assigner::core] worker 1 was not pending
[2026-09-30T17:02:11Z INFO sail_execution::driver::actor::handler] worker 2 is available at 127.0.0.1:44483
[2026-09-30T17:02:11Z WARN sail_execution::driver::task_assigner::core] worker 2 was not pending
[2026-09-30T17:02:14Z WARN sail_execution::driver::actor::handler] job 23 stage 1 partition 3 attempt 0 sequence 199 is stale
[2026-09-30T17:02:18Z WARN sail_execution::driver::actor::handler] job 46 stage 0 partition 1 attempt 0 sequence 278 is stale
[2026-09-30T17:02:19Z WARN sail_execution::driver::actor::handler] job 54 stage 0 partition 0 attempt 0 sequence 405 is stale
[2026-09-30T17:02:21Z WARN sail_execution::driver::actor::handler] job 72 stage 1 partition 1 attempt 0 sequence 418 is stale
[2026-09-30T17:02:24Z WARN sail_execution::driver::actor::handler] job 94 stage 0 partition 1 attempt 0 sequence 532 is stale
[2026-09-30T17:02:24Z WARN sail_execution::driver::actor::handler] job 96 stage 1 partition 0 attempt 0 sequence 708 is stale
[2026-09-30T17:02:25Z WARN sail_execution::driver::actor::handler] job 102 stage 0 partition 1 attempt 0 sequence 574 is stale
[2026-09-30T17:02:26Z WARN sail_execution::driver::actor::handler] job 112 stage 1 partition 1 attempt 0 sequence 631 is stale
[2026-09-30T17:02:28Z WARN sail_execution::driver::actor::handler] job 134 stage 1 partition 3 attempt 0 sequence 744 is stale
[2026-09-30T17:02:28Z WARN sail_execution::driver::actor::handler] job 136 stage 1 partition 1 attempt 0 sequence 757 is stale
[2026-09-30T17:02:29Z WARN sail_execution::driver::actor::handler] job 142 stage 0 partition 1 attempt 0 sequence 786 is stale
[2026-09-30T17:02:30Z WARN sail_execution::driver::actor::handler] job 166 stage 0 partition 1 attempt 0 sequence 910 is stale
[2026-09-30T17:02:35Z INFO sail_session::session_manager::actor::handler] removing session 9472d55a-8dbe-4bf8-82ce-3bb5104bb986
[2026-09-30T17:02:35Z INFO sail_execution::driver::worker_pool::core] stopping worker 1
[2026-09-30T17:02:35Z INFO sail_execution::driver::worker_pool::core] stopping worker 2
[2026-09-30T17:02:35Z WARN sail_common::actor] aborting 216 task(s) for TaskRunnerActor
[2026-09-30T17:02:35Z INFO sail_cli::spark::server] Shutting down the Spark Connect server...
[2026-09-30T17:02:35Z ERROR sail_execution::driver::worker_pool::core] stop worker: failed in worker 1: error in Tonic status: code: 'Unknown error', message: "transport error", source: tonic::transport::Error(Transport, hyper::Error(Io, Kind(ConnectionReset)))
[2026-09-30T17:02:35Z INFO sail_execution::driver::actor::core] driver 1 has stopped
[2026-09-30T17:02:35Z WARN sail_common::actor] aborting 3849 task(s) for DriverActor
[2026-09-30T17:02:35Z INFO sail_session::session_manager::actor::core] driver server has stopped
[2026-09-30T17:02:35Z WARN sail_common::actor] aborting 946 task(s) for SessionManagerActor
[2026-09-30T17:02:35Z INFO sail_cli::spark::server] The Spark Connect server has stopped.
