Filesystem     Size    Used   Avail Capacity iused ifree %iused  Mounted on
/dev/disk26   5.5Ti   123Gi   5.3Ti     3%    675k  4.3G    0%   /Volumes/Apo
    Finished `dev` profile [unoptimized] target(s) in 0.15s
    Finished `test` profile [unoptimized] target(s) in 0.16s
     Running unittests src/lib.rs (/Volumes/Apo/graph-tests/workspaces/grust-v2-wave3-20261007/frontend-gate-target/debug/deps/grust_backend-327c93ed32bb2c6f)

running 3 tests
test tests::graph_operator_is_refused_without_fallback ... ok
test tests::unknown_storage_is_not_a_logical_group_name ... ok
test tests::dialect_quotes_identifiers_without_splitting_components ... ok

test result: ok. 3 passed; 0 failed; 0 ignored; 0 measured; 0 filtered out; finished in 0.00s

     Running unittests src/lib.rs (/Volumes/Apo/graph-tests/workspaces/grust-v2-wave3-20261007/frontend-gate-target/debug/deps/grust_cypher_frontend-035c2e0cf0b4361f)

running 5 tests
test tests::syntax_offsets_are_original_utf8_bytes ... ok
test tests::cypher_path_is_trail_and_star_one_is_materialized ... ok
test tests::optional_where_stays_inside_match ... ok
test tests::mixed_unions_remain_left_associative ... ok
test tests::refuse_incomplete_and_unfaithful_queries ... ok

test result: ok. 5 passed; 0 failed; 0 ignored; 0 measured; 0 filtered out; finished in 0.00s

     Running unittests src/lib.rs (/Volumes/Apo/graph-tests/workspaces/grust-v2-wave3-20261007/frontend-gate-target/debug/deps/grust_optimized_plan-29c7eeea8fb93593)

running 0 tests

test result: ok. 0 passed; 0 failed; 0 ignored; 0 measured; 0 filtered out; finished in 0.00s

     Running unittests src/lib.rs (/Volumes/Apo/graph-tests/workspaces/grust-v2-wave3-20261007/frontend-gate-target/debug/deps/grust_optimizer-314ca63a79b38926)

running 7 tests
test tests::baseline_preserves_plan_and_explain_names_schema_paths ... ok
test query::tests::missing_statistics_keeps_exact_tree ... ok
test query::tests::optional_join_boundary_is_preserved ... ok
test tests::unknown_is_not_zero_and_ties_are_stable ... ok
test query::tests::volatile_join_condition_is_never_reordered ... ok
test query::tests::unknown_rows_and_bounded_search_preserve_tree ... ok
test query::tests::costs_choose_smaller_intermediate_and_preserve_output_slots ... ok

test result: ok. 7 passed; 0 failed; 0 ignored; 0 measured; 0 filtered out; finished in 0.00s

     Running unittests src/lib.rs (/Volumes/Apo/graph-tests/workspaces/grust-v2-wave3-20261007/frontend-gate-target/debug/deps/grust_query_qualification-6b88c22bdcd926ef)

running 20 tests
test cypher_cases::tests::aggregate_calls_use_registered_contracts ... ok
test cypher_cases::tests::scalar_aggregate_name_collision_is_a_frontend_refusal ... ok
test provider_tests::bound_and_binding_admission_controls ... ok
test provider_tests::registered_relation_lowering_is_resolved_again ... ok
test tests::ambiguous_generic_overloads_refuse ... ok
test tests::numeric_generic_overloads_are_resolved_without_casts ... ok
test tests::inherited_property_conflicts_refuse ... ok
test tests::union_types_aliases_and_cap_domains_refuse ... ok
test tests::unsupported_plugin_does_not_execute_under_another_provider ... ok
test tests::parameter_literal_cannot_lie_about_its_type_or_nullability ... ok
test tests::parameter_value_mismatch_and_nonfinite_literals_refuse ... ok
test tests::unsupported_paths_unknown_graphs_and_labels_refuse ... ok
test tests::aggregation_scope_and_nesting_are_checked ... ok
test tests::property_scope_and_predicate_types_are_checked ... ok
test provider_tests::iterative_correlations_and_volatile_predicates_refuse ... ok
test provider_tests::provider_cycles_and_path_capabilities_are_explicit ... ok
test cypher_refusals::tests::all_refusals_stop_before_engine_execution ... ok
test cypher_cases::tests::source_queries_resolve_before_execution ... ok
test provider_tests::iterative_plans_require_the_program_adapter ... ok
test tests::every_result_fixture_resolves_and_emits ... ok

test result: ok. 20 passed; 0 failed; 0 ignored; 0 measured; 0 filtered out; finished in 0.02s

     Running unittests src/main.rs (/Volumes/Apo/graph-tests/workspaces/grust-v2-wave3-20261007/frontend-gate-target/debug/deps/grust_query_qualification-e9ed67cbeadc641d)

running 0 tests

test result: ok. 0 passed; 0 failed; 0 ignored; 0 measured; 0 filtered out; finished in 0.00s

     Running unittests src/lib.rs (/Volumes/Apo/graph-tests/workspaces/grust-v2-wave3-20261007/frontend-gate-target/debug/deps/grust_resolution-747904781a2ed308)

running 4 tests
test tests::no_cast_or_scalar_aggregate_confusion ... ok
test tests::ambiguity_is_refused_even_in_replaceable_registry ... ok
test tests::exact_binding_retains_provider_and_semantics ... ok
test tests::schema_paths_respect_endpoints_direction_and_inherited_labels ... ok

test result: ok. 4 passed; 0 failed; 0 ignored; 0 measured; 0 filtered out; finished in 0.00s

     Running unittests src/lib.rs (/Volumes/Apo/graph-tests/workspaces/grust-v2-wave3-20261007/frontend-gate-target/debug/deps/grust_resolved_plan-5a91506813093c50)

running 0 tests

test result: ok. 0 passed; 0 failed; 0 ignored; 0 measured; 0 filtered out; finished in 0.00s

    Finished `dev` profile [unoptimized] target(s) in 0.15s
    Finished `test` profile [unoptimized] target(s) in 0.15s
     Running unittests src/lib.rs (/Volumes/Apo/graph-tests/workspaces/grust-v2-wave3-20261007/frontend-gate-target/debug/deps/grust_backend-327c93ed32bb2c6f)

running 3 tests
test tests::graph_operator_is_refused_without_fallback ... ok
test tests::dialect_quotes_identifiers_without_splitting_components ... ok
test tests::unknown_storage_is_not_a_logical_group_name ... ok

test result: ok. 3 passed; 0 failed; 0 ignored; 0 measured; 0 filtered out; finished in 0.00s

     Running unittests src/lib.rs (/Volumes/Apo/graph-tests/workspaces/grust-v2-wave3-20261007/frontend-gate-target/debug/deps/grust_cypher_frontend-035c2e0cf0b4361f)

running 5 tests
test tests::syntax_offsets_are_original_utf8_bytes ... ok
test tests::optional_where_stays_inside_match ... ok
test tests::mixed_unions_remain_left_associative ... ok
test tests::cypher_path_is_trail_and_star_one_is_materialized ... ok
test tests::refuse_incomplete_and_unfaithful_queries ... ok

test result: ok. 5 passed; 0 failed; 0 ignored; 0 measured; 0 filtered out; finished in 0.00s

     Running unittests src/lib.rs (/Volumes/Apo/graph-tests/workspaces/grust-v2-wave3-20261007/frontend-gate-target/debug/deps/grust_optimized_plan-29c7eeea8fb93593)

running 0 tests

test result: ok. 0 passed; 0 failed; 0 ignored; 0 measured; 0 filtered out; finished in 0.00s

     Running unittests src/lib.rs (/Volumes/Apo/graph-tests/workspaces/grust-v2-wave3-20261007/frontend-gate-target/debug/deps/grust_optimizer-314ca63a79b38926)

running 7 tests
test tests::unknown_is_not_zero_and_ties_are_stable ... ok
test query::tests::optional_join_boundary_is_preserved ... ok
test query::tests::missing_statistics_keeps_exact_tree ... ok
test tests::baseline_preserves_plan_and_explain_names_schema_paths ... ok
test query::tests::volatile_join_condition_is_never_reordered ... ok
test query::tests::unknown_rows_and_bounded_search_preserve_tree ... ok
test query::tests::costs_choose_smaller_intermediate_and_preserve_output_slots ... ok

test result: ok. 7 passed; 0 failed; 0 ignored; 0 measured; 0 filtered out; finished in 0.00s

     Running unittests src/lib.rs (/Volumes/Apo/graph-tests/workspaces/grust-v2-wave3-20261007/frontend-gate-target/debug/deps/grust_query_qualification-6b88c22bdcd926ef)

running 20 tests
test cypher_cases::tests::aggregate_calls_use_registered_contracts ... ok
test cypher_cases::tests::scalar_aggregate_name_collision_is_a_frontend_refusal ... ok
test provider_tests::bound_and_binding_admission_controls ... ok
test provider_tests::registered_relation_lowering_is_resolved_again ... ok
test tests::ambiguous_generic_overloads_refuse ... ok
test tests::inherited_property_conflicts_refuse ... ok
test tests::numeric_generic_overloads_are_resolved_without_casts ... ok
test tests::parameter_literal_cannot_lie_about_its_type_or_nullability ... ok
test tests::unsupported_paths_unknown_graphs_and_labels_refuse ... ok
test tests::parameter_value_mismatch_and_nonfinite_literals_refuse ... ok
test tests::unsupported_plugin_does_not_execute_under_another_provider ... ok
test tests::union_types_aliases_and_cap_domains_refuse ... ok
test tests::aggregation_scope_and_nesting_are_checked ... ok
test tests::property_scope_and_predicate_types_are_checked ... ok
test provider_tests::iterative_correlations_and_volatile_predicates_refuse ... ok
test provider_tests::provider_cycles_and_path_capabilities_are_explicit ... ok
test cypher_refusals::tests::all_refusals_stop_before_engine_execution ... ok
test cypher_cases::tests::source_queries_resolve_before_execution ... ok
test provider_tests::iterative_plans_require_the_program_adapter ... ok
test tests::every_result_fixture_resolves_and_emits ... ok

test result: ok. 20 passed; 0 failed; 0 ignored; 0 measured; 0 filtered out; finished in 0.02s

     Running unittests src/main.rs (/Volumes/Apo/graph-tests/workspaces/grust-v2-wave3-20261007/frontend-gate-target/debug/deps/grust_query_qualification-e9ed67cbeadc641d)

running 0 tests

test result: ok. 0 passed; 0 failed; 0 ignored; 0 measured; 0 filtered out; finished in 0.00s

     Running unittests src/lib.rs (/Volumes/Apo/graph-tests/workspaces/grust-v2-wave3-20261007/frontend-gate-target/debug/deps/grust_resolution-747904781a2ed308)

running 4 tests
test tests::ambiguity_is_refused_even_in_replaceable_registry ... ok
test tests::no_cast_or_scalar_aggregate_confusion ... ok
test tests::exact_binding_retains_provider_and_semantics ... ok
test tests::schema_paths_respect_endpoints_direction_and_inherited_labels ... ok

test result: ok. 4 passed; 0 failed; 0 ignored; 0 measured; 0 filtered out; finished in 0.00s

     Running unittests src/lib.rs (/Volumes/Apo/graph-tests/workspaces/grust-v2-wave3-20261007/frontend-gate-target/debug/deps/grust_resolved_plan-5a91506813093c50)

running 0 tests

test result: ok. 0 passed; 0 failed; 0 ignored; 0 measured; 0 filtered out; finished in 0.00s

    Finished `release` profile [optimized] target(s) in 0.05s
     Running unittests src/lib.rs (/Volumes/Apo/graph-tests/workspaces/grust-v2-wave3-20261007/frontend-gate-target/release/deps/grust_backend-555a7c2b24b93e10)

running 3 tests
test tests::graph_operator_is_refused_without_fallback ... ok
test tests::dialect_quotes_identifiers_without_splitting_components ... ok
test tests::unknown_storage_is_not_a_logical_group_name ... ok

test result: ok. 3 passed; 0 failed; 0 ignored; 0 measured; 0 filtered out; finished in 0.00s

     Running unittests src/lib.rs (/Volumes/Apo/graph-tests/workspaces/grust-v2-wave3-20261007/frontend-gate-target/release/deps/grust_cypher_frontend-5640614cedd5e8ac)

running 5 tests
test tests::syntax_offsets_are_original_utf8_bytes ... ok
test tests::mixed_unions_remain_left_associative ... ok
test tests::cypher_path_is_trail_and_star_one_is_materialized ... ok
test tests::optional_where_stays_inside_match ... ok
test tests::refuse_incomplete_and_unfaithful_queries ... ok

test result: ok. 5 passed; 0 failed; 0 ignored; 0 measured; 0 filtered out; finished in 0.00s

     Running unittests src/lib.rs (/Volumes/Apo/graph-tests/workspaces/grust-v2-wave3-20261007/frontend-gate-target/release/deps/grust_optimized_plan-daf35e34f9daa22a)

running 0 tests

test result: ok. 0 passed; 0 failed; 0 ignored; 0 measured; 0 filtered out; finished in 0.00s

     Running unittests src/lib.rs (/Volumes/Apo/graph-tests/workspaces/grust-v2-wave3-20261007/frontend-gate-target/release/deps/grust_optimizer-c75ea37a301356ba)

running 7 tests
test tests::unknown_is_not_zero_and_ties_are_stable ... ok
test query::tests::optional_join_boundary_is_preserved ... ok
test query::tests::missing_statistics_keeps_exact_tree ... ok
test tests::baseline_preserves_plan_and_explain_names_schema_paths ... ok
test query::tests::volatile_join_condition_is_never_reordered ... ok
test query::tests::unknown_rows_and_bounded_search_preserve_tree ... ok
test query::tests::costs_choose_smaller_intermediate_and_preserve_output_slots ... ok

test result: ok. 7 passed; 0 failed; 0 ignored; 0 measured; 0 filtered out; finished in 0.00s

     Running unittests src/lib.rs (/Volumes/Apo/graph-tests/workspaces/grust-v2-wave3-20261007/frontend-gate-target/release/deps/grust_query_qualification-a3725301aa215929)

running 20 tests
test cypher_cases::tests::scalar_aggregate_name_collision_is_a_frontend_refusal ... ok
test cypher_cases::tests::aggregate_calls_use_registered_contracts ... ok
test provider_tests::bound_and_binding_admission_controls ... ok
test provider_tests::registered_relation_lowering_is_resolved_again ... ok
test tests::ambiguous_generic_overloads_refuse ... ok
test tests::numeric_generic_overloads_are_resolved_without_casts ... ok
test tests::inherited_property_conflicts_refuse ... ok
test provider_tests::provider_cycles_and_path_capabilities_are_explicit ... ok
test tests::parameter_literal_cannot_lie_about_its_type_or_nullability ... ok
test tests::parameter_value_mismatch_and_nonfinite_literals_refuse ... ok
test tests::unsupported_plugin_does_not_execute_under_another_provider ... ok
test tests::union_types_aliases_and_cap_domains_refuse ... ok
test tests::unsupported_paths_unknown_graphs_and_labels_refuse ... ok
test tests::property_scope_and_predicate_types_are_checked ... ok
test tests::aggregation_scope_and_nesting_are_checked ... ok
test provider_tests::iterative_correlations_and_volatile_predicates_refuse ... ok
test cypher_refusals::tests::all_refusals_stop_before_engine_execution ... ok
test cypher_cases::tests::source_queries_resolve_before_execution ... ok
test provider_tests::iterative_plans_require_the_program_adapter ... ok
test tests::every_result_fixture_resolves_and_emits ... ok

test result: ok. 20 passed; 0 failed; 0 ignored; 0 measured; 0 filtered out; finished in 0.01s

     Running unittests src/main.rs (/Volumes/Apo/graph-tests/workspaces/grust-v2-wave3-20261007/frontend-gate-target/release/deps/grust_query_qualification-a0dcdb666cce5b46)

running 0 tests

test result: ok. 0 passed; 0 failed; 0 ignored; 0 measured; 0 filtered out; finished in 0.00s

     Running unittests src/lib.rs (/Volumes/Apo/graph-tests/workspaces/grust-v2-wave3-20261007/frontend-gate-target/release/deps/grust_resolution-f6be79298e090598)

running 4 tests
test tests::schema_paths_respect_endpoints_direction_and_inherited_labels ... ok
test tests::exact_binding_retains_provider_and_semantics ... ok
test tests::ambiguity_is_refused_even_in_replaceable_registry ... ok
test tests::no_cast_or_scalar_aggregate_confusion ... ok

test result: ok. 4 passed; 0 failed; 0 ignored; 0 measured; 0 filtered out; finished in 0.00s

     Running unittests src/lib.rs (/Volumes/Apo/graph-tests/workspaces/grust-v2-wave3-20261007/frontend-gate-target/release/deps/grust_resolved_plan-dc4bc12d9e860539)

running 0 tests

test result: ok. 0 passed; 0 failed; 0 ignored; 0 measured; 0 filtered out; finished in 0.00s

   Compiling grust-query-qualification v0.3.0-draft (/Volumes/Apo/graph-tests/workspaces/grust-v2-wave3-20261007/frontend-gate/docs/reviews/grust-v2/wave-3/sketch/query-tests)
    Finished `release` profile [optimized] target(s) in 1.02s
     Running `/Volumes/Apo/graph-tests/workspaces/grust-v2-wave3-20261007/frontend-gate-target/release/grust-query-qualification`
property_filter_parameter resolved passed
property_filter_parameter optimized passed
outgoing_parallel_edges resolved passed
outgoing_parallel_edges optimized passed
either_direction_selfloop_once resolved passed
either_direction_selfloop_once optimized passed
repeated_binding resolved passed
repeated_binding optimized passed
optional_match resolved passed
optional_match optimized passed
optional_predicate_in_on resolved passed
optional_predicate_in_on optimized passed
polymorphic_missing_property resolved passed
polymorphic_missing_property optimized passed
aggregate_distinct_filter resolved passed
aggregate_distinct_filter optimized passed
union_all resolved passed
union_all optimized passed
union_distinct resolved passed
union_distinct optimized passed
unwind_null_element resolved passed
unwind_null_element optimized passed
sort_offset_limit resolved passed
sort_offset_limit optimized passed
plugin_scalar_case resolved passed
plugin_scalar_case optimized passed
in_list resolved passed
in_list optimized passed
struct_literal_escaping resolved passed
struct_literal_escaping optimized passed
known_infeasible_pattern resolved passed
known_infeasible_pattern optimized passed
explicit_inner_join resolved passed
explicit_inner_join optimized passed
explicit_left_join resolved passed
explicit_left_join optimized passed
explicit_right_join resolved passed
explicit_right_join optimized passed
explicit_full_join resolved passed
explicit_full_join optimized passed
semi_join resolved passed
semi_join optimized passed
anti_join resolved passed
anti_join optimized passed
cross_join resolved passed
cross_join optimized passed
grouped_aggregate resolved passed
grouped_aggregate optimized passed
fixed_two_hop_walk resolved passed
fixed_two_hop_walk optimized passed
fixed_two_hop_trail resolved passed
fixed_two_hop_trail optimized passed
fixed_two_hop_acyclic resolved passed
fixed_two_hop_acyclic optimized passed
incoming_label_boolean resolved passed
incoming_label_boolean optimized passed
untyped_null_comparison resolved passed
untyped_null_comparison optimized passed
arithmetic_unary resolved passed
arithmetic_unary optimized passed
entity_projection_property_scope resolved passed
entity_projection_property_scope optimized passed
nullable_entity_projection resolved passed
nullable_entity_projection optimized passed
null_only_projection resolved passed
null_only_projection optimized passed
null_union_type_promotion resolved passed
null_union_type_promotion optimized passed
empty_unwind resolved passed
empty_unwind optimized passed
simple_closed_path_no_edge_reuse resolved passed
simple_closed_path_no_edge_reuse optimized passed
entity_materialization resolved passed
entity_materialization optimized passed
programmatic_api_to_sail resolved passed
programmatic_api_to_sail optimized passed
bounded_walk_bag resolved passed
bounded_walk_bag optimized passed
bounded_all_shortest_ties resolved passed
bounded_all_shortest_ties optimized passed
bounded_shortest_one resolved passed
bounded_shortest_one optimized passed
bounded_any_one resolved passed
bounded_any_one optimized passed
zero_hop_vertices_and_empty_edges resolved passed
zero_hop_vertices_and_empty_edges optimized passed
optional_shortest_path_null resolved passed
optional_shortest_path_null optimized passed
relation_provider_filtered_input resolved passed
relation_provider_filtered_input optimized passed
bounded_trail_excludes_reused_selfloop resolved passed
bounded_trail_excludes_reused_selfloop optimized passed
    Finished `release` profile [optimized] target(s) in 0.05s
     Running `/Volumes/Apo/graph-tests/workspaces/grust-v2-wave3-20261007/frontend-gate-target/release/grust-query-qualification --iterative`
unbounded_shortest resolved passed
unbounded_shortest optimized passed
unbounded_all_shortest resolved passed
unbounded_all_shortest optimized passed
unbounded_eleven_hops resolved passed
unbounded_eleven_hops optimized passed
unbounded_acyclic_all resolved passed
unbounded_acyclic_all optimized passed
unbounded_trail_all resolved passed
unbounded_trail_all optimized passed
unbounded_simple_all resolved passed
unbounded_simple_all optimized passed
unbounded_min_two resolved passed
unbounded_min_two optimized passed
unbounded_zero_shortest resolved passed
unbounded_zero_shortest optimized passed
unbounded_incoming_shortest resolved passed
unbounded_incoming_shortest optimized passed
unbounded_optional resolved passed
unbounded_optional optimized passed
multiple_iterative_steps resolved passed
multiple_iterative_steps optimized passed
control row_limit passed
control disk_limit passed
control round_limit passed
control cancel_before_run passed
control cancel_after_frontier passed
control quoted_identifier_preserved passed
    Finished `release` profile [optimized] target(s) in 0.05s
     Running `/Volumes/Apo/graph-tests/workspaces/grust-v2-wave3-20261007/frontend-gate-target/release/grust-query-qualification --cypher`
cypher_anonymous_scopes resolved passed
cypher_anonymous_scopes optimized passed
cypher_shortest resolved passed
cypher_shortest optimized passed
cypher_parameter resolved passed
cypher_parameter optimized passed
cypher_optional_on resolved passed
cypher_optional_on optimized passed
cypher_multiset resolved passed
cypher_multiset optimized passed
cypher_distinct resolved passed
cypher_distinct optimized passed
cypher_with resolved passed
cypher_with optimized passed
cypher_aggregate_order resolved passed
cypher_aggregate_order optimized passed
cypher_count_optional resolved passed
cypher_count_optional optimized passed
cypher_unwind resolved passed
cypher_unwind optimized passed
cypher_union resolved passed
cypher_union optimized passed
cypher_case resolved passed
cypher_case optimized passed
cypher_simple_case resolved passed
cypher_simple_case optimized passed
cypher_quoted resolved passed
cypher_quoted optimized passed
cypher_incoming resolved passed
cypher_incoming optimized passed
cypher_trail resolved passed
cypher_trail optimized passed
cypher_star resolved passed
cypher_star optimized passed
cypher_scalar resolved passed
cypher_scalar optimized passed
cypher_bounded resolved passed
cypher_bounded optimized passed
cypher_unbounded_chain resolved passed
cypher_unbounded_chain optimized passed
control row_limit passed
control disk_limit passed
control round_limit passed
control cancel_before_run passed
control cancel_after_frontier passed
control quoted_identifier_preserved passed
    Finished `release` profile [optimized] target(s) in 0.05s
     Running `/Volumes/Apo/graph-tests/workspaces/grust-v2-wave3-20261007/frontend-gate-target/release/grust-query-qualification --cypher-refusals`
control managed_memory_pool passed
PASSED Cypher frontend source 0e85df70dd2f7f6a37dd1aee1fc2fd36d7f9f3f0: Rust default/all-features/release, native result bags and refusal controls
