[2026-10-03T20:31:41Z DEBUG sail_execution::worker::server] RunTaskBatchRequest { job_id: 1, stage: 0, tasks: [TaskAttempt { partition: 0, attempt: 0 }, TaskAttempt { partition: 2, attempt: 0 }, TaskAttempt { partition: 4, attempt: 0 }, TaskAttempt { partition: 6, attempt: 0 }, TaskAttempt { partition: 8, attempt: 0 }, TaskAttempt { partition: 10, attempt: 0 }, TaskAttempt { partition: 12, attempt: 0 }, TaskAttempt { partition: 14, attempt: 0 }], definition: [10, 30, 146, 1, 27, 10, 25, 10, 23, 16, 128, 128, 64, 24, 1, 32, 16, 42, 10, 10, 8, 10, 2, 35, 48, 18, 2, 82, 0, 50, 1, 0, 26, 20, 10, 12, 10, 10, 10, 6, 10, 4, 10, 2, 35, 48, 16, 16, 18, 4, 10, 2, 8, 1 (54 bytes)], peers: [WorkerLocation { worker_id: 1, host: "127.0.0.1", port: 55383 }, WorkerLocation { worker_id: 2, host: "127.0.0.1", port: 55382 }] }
[2026-10-03T20:31:41Z DEBUG sail_execution::worker::server] RunTaskBatchRequest { job_id: 1, stage: 1, tasks: [TaskAttempt { partition: 0, attempt: 0 }, TaskAttempt { partition: 2, attempt: 0 }, TaskAttempt { partition: 4, attempt: 0 }, TaskAttempt { partition: 6, attempt: 0 }, TaskAttempt { partition: 8, attempt: 0 }, TaskAttempt { partition: 10, attempt: 0 }, TaskAttempt { partition: 12, attempt: 0 }, TaskAttempt { partition: 14, attempt: 0 }], definition: [10, 202, 1, 34, 199, 1, 10, 154, 1, 66, 151, 1, 10, 6, 10, 4, 10, 2, 35, 48, 18, 25, 34, 23, 18, 4, 18, 2, 56, 1, 34, 5, 99, 111, 117, 110, 116, 66, 8, 99, 111, 117, 110, 116, 40, 49, 41, 24, 4, 34, 39, 146, 1, 36, 10, 34, 26, 32, 18, 14, 10, 0, 42, 10, 10, 8, 10, 2, 35, 48, 18, 2, 82, 0, 26, 12, 18, 10, 10, 6, 10, 4, 10, 2, 35, 48, 16, 16, 32, 1, 42, 2, 35, 48, 50, 15, 99, 111, 117, 110, 116, 40, 73, 110, 116, 54, 52, 40, 49, 41, 41, 58, 10, 10, 8, 10, 2, 35, 48, 18, 2, 82, 0, 74, 1, 0, 82, 0, ... (2244 bytes)], peers: [WorkerLocation { worker_id: 1, host: "127.0.0.1", port: 55383 }, WorkerLocation { worker_id: 2, host: "127.0.0.1", port: 55382 }] }
[2026-10-03T20:31:41Z DEBUG sail_execution::worker::server] RunTaskBatchRequest { job_id: 1, stage: 2, tasks: [TaskAttempt { partition: 0, attempt: 0 }], definition: [10, 242, 2, 234, 1, 238, 2, 10, 49, 146, 1, 46, 10, 44, 26, 42, 18, 34, 10, 0, 34, 5, 18, 3, 10, 1, 0, 42, 23, 10, 8, 10, 2, 105, 100, 18, 2, 82, 0, 10, 11, 10, 5, 99, 111, 117, 110, 116, 18, 2, 82, 0, 26, 2, 24, 1, 32, 1, 18, 169, 2, 10, 175, 1, 10, 8, 102, 105, 108, 101, 58, 47, 47, 47, 26, 125, 102, 105, 108, 101, 58, 47, 47, 47, 85, 115, 101, 114, 115, 47, 97, 108, 101, 120, 121, 47, 115, 114, 99, 47, 103, 114, 117, 115, 116, 45, 98, 101, 110, 99, 104, 109, 97, 114, 107, 45, 114, 117, 110, 115, 47, 115, 101, 109, 45, 99, 111, 109, ... (491 bytes)], peers: [WorkerLocation { worker_id: 1, host: "127.0.0.1", port: 55383 }, WorkerLocation { worker_id: 2, host: "127.0.0.1", port: 55382 }] }
[2026-10-03T20:31:41Z DEBUG sail_execution::worker::server] RunTaskBatchResponse
[2026-10-03T20:31:41Z DEBUG sail_execution::task_runner::actor::handler] worker_task_status worker_id=1 job_id=1 stage=0 partition=4 attempt=0 status=RUNNING
[2026-10-03T20:31:41Z DEBUG sail_execution::task_runner::actor::handler] worker_task_status worker_id=1 job_id=1 stage=0 partition=0 attempt=0 status=RUNNING
[2026-10-03T20:31:41Z DEBUG sail_execution::task_runner::actor::handler] worker_task_status worker_id=1 job_id=1 stage=0 partition=2 attempt=0 status=RUNNING
[2026-10-03T20:31:41Z DEBUG sail_execution::worker::server] RunTaskBatchResponse
[2026-10-03T20:31:41Z DEBUG sail_execution::task_runner::actor::handler] worker_task_status worker_id=1 job_id=1 stage=0 partition=8 attempt=0 status=RUNNING
[2026-10-03T20:31:41Z DEBUG sail_execution::worker::server] RunTaskBatchResponse
[2026-10-03T20:31:41Z DEBUG sail_execution::task_runner::actor::handler] worker_task_status worker_id=1 job_id=1 stage=1 partition=4 attempt=0 status=RUNNING
[2026-10-03T20:31:41Z DEBUG sail_execution::task_runner::actor::handler] worker_task_status worker_id=1 job_id=1 stage=0 partition=12 attempt=0 status=RUNNING
[2026-10-03T20:31:41Z DEBUG sail_execution::task_runner::actor::handler] worker_task_status worker_id=1 job_id=1 stage=1 partition=12 attempt=0 status=RUNNING
[2026-10-03T20:31:41Z DEBUG sail_execution::task_runner::actor::handler] worker_task_status worker_id=1 job_id=1 stage=0 partition=10 attempt=0 status=RUNNING
[2026-10-03T20:31:41Z DEBUG sail_execution::task_runner::actor::handler] worker_task_status worker_id=1 job_id=1 stage=1 partition=10 attempt=0 status=RUNNING
[2026-10-03T20:31:41Z DEBUG sail_execution::task_runner::actor::handler] worker_task_status worker_id=1 job_id=1 stage=0 partition=14 attempt=0 status=RUNNING
[2026-10-03T20:31:41Z DEBUG sail_execution::task_runner::actor::handler] worker_task_status worker_id=1 job_id=1 stage=0 partition=6 attempt=0 status=RUNNING
[2026-10-03T20:31:41Z DEBUG sail_execution::task_runner::actor::handler] worker_task_status worker_id=1 job_id=1 stage=2 partition=0 attempt=0 status=RUNNING
[2026-10-03T20:31:41Z DEBUG sail_execution::task_runner::actor::handler] worker_task_status worker_id=1 job_id=1 stage=1 partition=2 attempt=0 status=RUNNING
[2026-10-03T20:31:41Z DEBUG sail_execution::task_runner::actor::handler] worker_task_status worker_id=1 job_id=1 stage=1 partition=6 attempt=0 status=RUNNING
[2026-10-03T20:31:41Z DEBUG sail_execution::task_runner::actor::handler] worker_task_status worker_id=1 job_id=1 stage=1 partition=14 attempt=0 status=RUNNING
[2026-10-03T20:31:41Z DEBUG sail_execution::task_runner::actor::handler] worker_task_status worker_id=1 job_id=1 stage=1 partition=0 attempt=0 status=RUNNING
[2026-10-03T20:31:41Z DEBUG sail_execution::task_runner::preparation] job 1 stage 0 partition 0 attempt 0 execution plan
ShuffleWriteExec: partitioning=Hash([#0@0], 16)
  RangeExec: start=0, end=1048576, step=1, num_partitions=16, projection=[0]

[2026-10-03T20:31:41Z DEBUG sail_execution::task_runner::preparation] job 1 stage 0 partition 4 attempt 0 execution plan
ShuffleWriteExec: partitioning=Hash([#0@0], 16)
  RangeExec: start=0, end=1048576, step=1, num_partitions=16, projection=[0]

[2026-10-03T20:31:41Z DEBUG sail_execution::task_runner::preparation] job 1 stage 0 partition 8 attempt 0 execution plan
ShuffleWriteExec: partitioning=Hash([#0@0], 16)
  RangeExec: start=0, end=1048576, step=1, num_partitions=16, projection=[0]

[2026-10-03T20:31:41Z DEBUG sail_execution::task_runner::preparation] job 1 stage 0 partition 0 attempt 0 preparation wait=1.61839ms duration=565.771µs
[2026-10-03T20:31:41Z DEBUG sail_execution::task_runner::preparation] job 1 stage 0 partition 4 attempt 0 preparation wait=1.561389ms duration=656.028µs
[2026-10-03T20:31:41Z DEBUG sail_execution::task_runner::preparation] job 1 stage 0 partition 8 attempt 0 preparation wait=1.516939ms duration=445.345µs
[2026-10-03T20:31:41Z DEBUG sail_execution::task_runner::preparation] job 1 stage 0 partition 2 attempt 0 execution plan
ShuffleWriteExec: partitioning=Hash([#0@0], 16)
  RangeExec: start=0, end=1048576, step=1, num_partitions=16, projection=[0]

[2026-10-03T20:31:41Z DEBUG sail_execution::task_runner::preparation] job 1 stage 0 partition 2 attempt 0 preparation wait=1.822716ms duration=880.119µs
[2026-10-03T20:31:41Z DEBUG sail_execution::task_runner::preparation] job 1 stage 0 partition 10 attempt 0 execution plan
ShuffleWriteExec: partitioning=Hash([#0@0], 16)
  RangeExec: start=0, end=1048576, step=1, num_partitions=16, projection=[0]

[2026-10-03T20:31:41Z DEBUG sail_execution::task_runner::preparation] job 1 stage 1 partition 12 attempt 0 execution plan
ShuffleWriteExec: partitioning=RoundRobinBatch(1)
  ProjectionExec: expr=[#0@0 as id, count(Int64(1))@1 as count]
    AggregateExec: mode=SinglePartitioned, gby=[#0@0 as #0], aggr=[count(Int64(1))]
      ShuffleReadExec: partitioning=Hash([#0@0], 16)

[2026-10-03T20:31:41Z DEBUG sail_execution::task_runner::preparation] job 1 stage 1 partition 4 attempt 0 execution plan
ShuffleWriteExec: partitioning=RoundRobinBatch(1)
  ProjectionExec: expr=[#0@0 as id, count(Int64(1))@1 as count]
    AggregateExec: mode=SinglePartitioned, gby=[#0@0 as #0], aggr=[count(Int64(1))]
      ShuffleReadExec: partitioning=Hash([#0@0], 16)

[2026-10-03T20:31:41Z DEBUG sail_execution::task_runner::preparation] job 1 stage 0 partition 14 attempt 0 execution plan
ShuffleWriteExec: partitioning=Hash([#0@0], 16)
  RangeExec: start=0, end=1048576, step=1, num_partitions=16, projection=[0]

[2026-10-03T20:31:41Z DEBUG sail_execution::task_runner::preparation] job 1 stage 0 partition 14 attempt 0 preparation wait=1.937688ms duration=416.282µs
[2026-10-03T20:31:41Z DEBUG sail_execution::task_runner::preparation] job 1 stage 0 partition 10 attempt 0 preparation wait=1.665474ms duration=826.726µs
[2026-10-03T20:31:41Z DEBUG sail_execution::task_runner::preparation] job 1 stage 1 partition 2 attempt 0 execution plan
ShuffleWriteExec: partitioning=RoundRobinBatch(1)
  ProjectionExec: expr=[#0@0 as id, count(Int64(1))@1 as count]
    AggregateExec: mode=SinglePartitioned, gby=[#0@0 as #0], aggr=[count(Int64(1))]
      ShuffleReadExec: partitioning=Hash([#0@0], 16)

[2026-10-03T20:31:41Z DEBUG sail_execution::task_runner::preparation] job 1 stage 1 partition 12 attempt 0 preparation wait=1.618037ms duration=1.181734ms
[2026-10-03T20:31:41Z DEBUG sail_execution::task_runner::preparation] job 1 stage 0 partition 12 attempt 0 execution plan
ShuffleWriteExec: partitioning=Hash([#0@0], 16)
  RangeExec: start=0, end=1048576, step=1, num_partitions=16, projection=[0]

[2026-10-03T20:31:41Z DEBUG sail_execution::task_runner::preparation] job 1 stage 1 partition 0 attempt 0 execution plan
ShuffleWriteExec: partitioning=RoundRobinBatch(1)
  ProjectionExec: expr=[#0@0 as id, count(Int64(1))@1 as count]
    AggregateExec: mode=SinglePartitioned, gby=[#0@0 as #0], aggr=[count(Int64(1))]
      ShuffleReadExec: partitioning=Hash([#0@0], 16)

[2026-10-03T20:31:41Z DEBUG sail_execution::task_runner::actor::handler] worker_task_status worker_id=1 job_id=1 stage=1 partition=8 attempt=0 status=RUNNING
[2026-10-03T20:31:41Z DEBUG sail_execution::task_runner::preparation] job 1 stage 0 partition 12 attempt 0 preparation wait=1.69301ms duration=1.126521ms
[2026-10-03T20:31:41Z DEBUG sail_execution::task_runner::preparation] job 1 stage 1 partition 0 attempt 0 preparation wait=1.735632ms duration=507.327µs
[2026-10-03T20:31:41Z DEBUG sail_execution::task_runner::preparation] job 1 stage 1 partition 2 attempt 0 preparation wait=1.700202ms duration=607.119µs
[2026-10-03T20:31:41Z DEBUG sail_execution::task_runner::preparation] job 1 stage 0 partition 6 attempt 0 execution plan
ShuffleWriteExec: partitioning=Hash([#0@0], 16)
  RangeExec: start=0, end=1048576, step=1, num_partitions=16, projection=[0]

[2026-10-03T20:31:41Z DEBUG sail_execution::task_runner::preparation] job 1 stage 1 partition 10 attempt 0 execution plan
ShuffleWriteExec: partitioning=RoundRobinBatch(1)
  ProjectionExec: expr=[#0@0 as id, count(Int64(1))@1 as count]
    AggregateExec: mode=SinglePartitioned, gby=[#0@0 as #0], aggr=[count(Int64(1))]
      ShuffleReadExec: partitioning=Hash([#0@0], 16)

[2026-10-03T20:31:41Z DEBUG sail_execution::task_runner::preparation] job 1 stage 1 partition 14 attempt 0 execution plan
ShuffleWriteExec: partitioning=RoundRobinBatch(1)
  ProjectionExec: expr=[#0@0 as id, count(Int64(1))@1 as count]
    AggregateExec: mode=SinglePartitioned, gby=[#0@0 as #0], aggr=[count(Int64(1))]
      ShuffleReadExec: partitioning=Hash([#0@0], 16)

[2026-10-03T20:31:41Z DEBUG sail_execution::task_runner::preparation] job 1 stage 1 partition 10 attempt 0 preparation wait=1.822925ms duration=1.191835ms
[2026-10-03T20:31:41Z DEBUG sail_execution::task_runner::preparation] job 1 stage 1 partition 4 attempt 0 preparation wait=1.303798ms duration=1.628754ms
[2026-10-03T20:31:41Z DEBUG sail_execution::task_runner::preparation] job 1 stage 2 partition 0 attempt 0 execution plan
ShuffleWriteExec: partitioning=RoundRobinBatch(1)
  DataSinkExec: sink=ParquetSink(file_groups=[])
    ShuffleReadExec: partitioning=UnknownPartitioning(1)

[2026-10-03T20:31:41Z DEBUG sail_execution::task_runner::preparation] job 1 stage 1 partition 6 attempt 0 execution plan
ShuffleWriteExec: partitioning=RoundRobinBatch(1)
  ProjectionExec: expr=[#0@0 as id, count(Int64(1))@1 as count]
    AggregateExec: mode=SinglePartitioned, gby=[#0@0 as #0], aggr=[count(Int64(1))]
      ShuffleReadExec: partitioning=Hash([#0@0], 16)

[2026-10-03T20:31:41Z DEBUG sail_execution::task_runner::preparation] job 1 stage 0 partition 6 attempt 0 preparation wait=1.830454ms duration=1.018425ms
[2026-10-03T20:31:41Z DEBUG sail_execution::task_runner::preparation] job 1 stage 1 partition 14 attempt 0 preparation wait=2.083249ms duration=554.918µs
[2026-10-03T20:31:41Z DEBUG sail_execution::task_runner::preparation] job 1 stage 1 partition 8 attempt 0 execution plan
ShuffleWriteExec: partitioning=RoundRobinBatch(1)
  ProjectionExec: expr=[#0@0 as id, count(Int64(1))@1 as count]
    AggregateExec: mode=SinglePartitioned, gby=[#0@0 as #0], aggr=[count(Int64(1))]
      ShuffleReadExec: partitioning=Hash([#0@0], 16)

[2026-10-03T20:31:41Z DEBUG sail_execution::task_runner::preparation] job 1 stage 1 partition 6 attempt 0 preparation wait=2.086242ms duration=645.81µs
[2026-10-03T20:31:41Z DEBUG sail_execution::task_runner::preparation] job 1 stage 2 partition 0 attempt 0 preparation wait=2.055337ms duration=844.338µs
[2026-10-03T20:31:41Z DEBUG sail_execution::task_runner::preparation] job 1 stage 1 partition 8 attempt 0 preparation wait=2.062912ms duration=765.775µs
[2026-10-03T20:31:41Z DEBUG sail_execution::stream::service::server] TaskStreamKey { job_id: JobId(1), stage: 2, partition: 0, attempt: 0, channel: 0 }
[2026-10-03T20:31:41Z DEBUG sail_execution::stream::service::server] TaskStreamKey { job_id: JobId(1), stage: 0, partition: 6, attempt: 0, channel: 7 }
[2026-10-03T20:31:41Z DEBUG sail_execution::stream::service::server] TaskStreamKey { job_id: JobId(1), stage: 0, partition: 0, attempt: 0, channel: 13 }
[2026-10-03T20:31:41Z DEBUG sail_execution::stream::service::server] TaskStreamKey { job_id: JobId(1), stage: 0, partition: 12, attempt: 0, channel: 13 }
[2026-10-03T20:31:41Z DEBUG sail_execution::stream::service::server] TaskStreamKey { job_id: JobId(1), stage: 0, partition: 8, attempt: 0, channel: 7 }
[2026-10-03T20:31:41Z DEBUG sail_execution::stream::service::server] TaskStreamKey { job_id: JobId(1), stage: 0, partition: 0, attempt: 0, channel: 3 }
[2026-10-03T20:31:41Z DEBUG sail_execution::stream::service::server] TaskStreamKey { job_id: JobId(1), stage: 0, partition: 2, attempt: 0, channel: 3 }
[2026-10-03T20:31:41Z DEBUG sail_execution::stream::service::server] TaskStreamKey { job_id: JobId(1), stage: 0, partition: 4, attempt: 0, channel: 7 }
[2026-10-03T20:31:41Z DEBUG sail_execution::stream::service::server] TaskStreamKey { job_id: JobId(1), stage: 0, partition: 8, attempt: 0, channel: 15 }
[2026-10-03T20:31:41Z DEBUG sail_execution::stream::service::server] TaskStreamKey { job_id: JobId(1), stage: 0, partition: 12, attempt: 0, channel: 7 }
[2026-10-03T20:31:41Z DEBUG sail_execution::stream::service::server] TaskStreamKey { job_id: JobId(1), stage: 0, partition: 14, attempt: 0, channel: 3 }
[2026-10-03T20:31:41Z DEBUG sail_execution::stream::service::server] TaskStreamKey { job_id: JobId(1), stage: 0, partition: 2, attempt: 0, channel: 13 }
[2026-10-03T20:31:41Z DEBUG sail_execution::stream::service::server] TaskStreamKey { job_id: JobId(1), stage: 0, partition: 14, attempt: 0, channel: 7 }
[2026-10-03T20:31:41Z DEBUG sail_execution::stream::service::server] TaskStreamKey { job_id: JobId(1), stage: 0, partition: 4, attempt: 0, channel: 13 }
[2026-10-03T20:31:41Z DEBUG sail_execution::stream::service::server] TaskStreamKey { job_id: JobId(1), stage: 0, partition: 4, attempt: 0, channel: 15 }
[2026-10-03T20:31:41Z DEBUG sail_execution::stream::service::server] TaskStreamKey { job_id: JobId(1), stage: 0, partition: 8, attempt: 0, channel: 13 }
[2026-10-03T20:31:41Z DEBUG sail_execution::stream::service::server] TaskStreamKey { job_id: JobId(1), stage: 0, partition: 10, attempt: 0, channel: 13 }
[2026-10-03T20:31:41Z DEBUG sail_execution::stream::service::server] TaskStreamKey { job_id: JobId(1), stage: 0, partition: 10, attempt: 0, channel: 7 }
[2026-10-03T20:31:41Z DEBUG sail_execution::stream::service::server] TaskStreamKey { job_id: JobId(1), stage: 0, partition: 14, attempt: 0, channel: 11 }
[2026-10-03T20:31:41Z DEBUG sail_execution::stream::service::server] TaskStreamKey { job_id: JobId(1), stage: 0, partition: 4, attempt: 0, channel: 11 }
[2026-10-03T20:31:41Z DEBUG sail_execution::stream::service::server] TaskStreamKey { job_id: JobId(1), stage: 0, partition: 6, attempt: 0, channel: 13 }
[2026-10-03T20:31:41Z DEBUG sail_execution::stream::service::server] TaskStreamKey { job_id: JobId(1), stage: 0, partition: 12, attempt: 0, channel: 3 }
[2026-10-03T20:31:41Z DEBUG sail_execution::stream::service::server] TaskStreamKey { job_id: JobId(1), stage: 0, partition: 2, attempt: 0, channel: 15 }
[2026-10-03T20:31:41Z DEBUG sail_execution::stream::service::server] TaskStreamKey { job_id: JobId(1), stage: 0, partition: 12, attempt: 0, channel: 11 }
[2026-10-03T20:31:41Z DEBUG sail_execution::stream::service::server] TaskStreamKey { job_id: JobId(1), stage: 0, partition: 2, attempt: 0, channel: 7 }
[2026-10-03T20:31:41Z DEBUG sail_execution::stream::service::server] TaskStreamKey { job_id: JobId(1), stage: 0, partition: 2, attempt: 0, channel: 11 }
[2026-10-03T20:31:41Z DEBUG sail_execution::stream::service::server] TaskStreamKey { job_id: JobId(1), stage: 0, partition: 8, attempt: 0, channel: 3 }
[2026-10-03T20:31:41Z DEBUG sail_execution::stream::service::server] TaskStreamKey { job_id: JobId(1), stage: 0, partition: 0, attempt: 0, channel: 7 }
[2026-10-03T20:31:41Z DEBUG sail_execution::stream::service::server] TaskStreamKey { job_id: JobId(1), stage: 0, partition: 14, attempt: 0, channel: 13 }
[2026-10-03T20:31:41Z DEBUG sail_execution::stream::service::server] TaskStreamKey { job_id: JobId(1), stage: 0, partition: 10, attempt: 0, channel: 3 }
[2026-10-03T20:31:41Z DEBUG sail_execution::stream::service::server] TaskStreamKey { job_id: JobId(1), stage: 0, partition: 4, attempt: 0, channel: 3 }
[2026-10-03T20:31:41Z DEBUG sail_execution::stream::service::server] TaskStreamKey { job_id: JobId(1), stage: 0, partition: 6, attempt: 0, channel: 3 }
[2026-10-03T20:31:41Z DEBUG sail_execution::stream::service::server] TaskStreamKey { job_id: JobId(1), stage: 0, partition: 14, attempt: 0, channel: 15 }
[2026-10-03T20:31:41Z DEBUG sail_execution::stream::service::server] TaskStreamKey { job_id: JobId(1), stage: 0, partition: 6, attempt: 0, channel: 11 }
[2026-10-03T20:31:41Z DEBUG sail_execution::stream::service::server] TaskStreamKey { job_id: JobId(1), stage: 0, partition: 0, attempt: 0, channel: 9 }
[2026-10-03T20:31:41Z DEBUG sail_execution::stream::service::server] TaskStreamKey { job_id: JobId(1), stage: 0, partition: 10, attempt: 0, channel: 11 }
[2026-10-03T20:31:41Z DEBUG sail_execution::stream::service::server] TaskStreamKey { job_id: JobId(1), stage: 0, partition: 12, attempt: 0, channel: 15 }
[2026-10-03T20:31:41Z DEBUG sail_execution::stream::service::server] TaskStreamKey { job_id: JobId(1), stage: 0, partition: 6, attempt: 0, channel: 15 }
[2026-10-03T20:31:41Z DEBUG sail_execution::stream::service::server] TaskStreamKey { job_id: JobId(1), stage: 0, partition: 10, attempt: 0, channel: 15 }
[2026-10-03T20:31:41Z DEBUG sail_execution::stream::service::server] TaskStreamKey { job_id: JobId(1), stage: 0, partition: 0, attempt: 0, channel: 15 }
[2026-10-03T20:31:41Z DEBUG sail_execution::stream::service::server] TaskStreamKey { job_id: JobId(1), stage: 0, partition: 0, attempt: 0, channel: 11 }
[2026-10-03T20:31:41Z DEBUG sail_execution::stream::service::server] TaskStreamKey { job_id: JobId(1), stage: 0, partition: 2, attempt: 0, channel: 9 }
[2026-10-03T20:31:41Z DEBUG sail_execution::stream::service::server] TaskStreamKey { job_id: JobId(1), stage: 0, partition: 8, attempt: 0, channel: 11 }
[2026-10-03T20:31:41Z DEBUG sail_execution::stream::service::server] TaskStreamKey { job_id: JobId(1), stage: 0, partition: 8, attempt: 0, channel: 9 }
[2026-10-03T20:31:41Z DEBUG sail_execution::stream::service::server] TaskStreamKey { job_id: JobId(1), stage: 0, partition: 12, attempt: 0, channel: 1 }
[2026-10-03T20:31:41Z DEBUG sail_execution::stream::service::server] TaskStreamKey { job_id: JobId(1), stage: 0, partition: 14, attempt: 0, channel: 5 }
[2026-10-03T20:31:41Z DEBUG sail_execution::stream::service::server] TaskStreamKey { job_id: JobId(1), stage: 0, partition: 14, attempt: 0, channel: 9 }
[2026-10-03T20:31:41Z DEBUG sail_execution::stream::service::server] TaskStreamKey { job_id: JobId(1), stage: 0, partition: 12, attempt: 0, channel: 5 }
[2026-10-03T20:31:41Z DEBUG sail_execution::stream::service::server] TaskStreamKey { job_id: JobId(1), stage: 0, partition: 4, attempt: 0, channel: 1 }
[2026-10-03T20:31:41Z DEBUG sail_execution::stream::service::server] TaskStreamKey { job_id: JobId(1), stage: 0, partition: 8, attempt: 0, channel: 5 }
[2026-10-03T20:31:41Z DEBUG sail_execution::stream::service::server] TaskStreamKey { job_id: JobId(1), stage: 0, partition: 0, attempt: 0, channel: 5 }
[2026-10-03T20:31:41Z DEBUG sail_execution::stream::service::server] TaskStreamKey { job_id: JobId(1), stage: 0, partition: 10, attempt: 0, channel: 1 }
[2026-10-03T20:31:41Z DEBUG sail_execution::stream::service::server] TaskStreamKey { job_id: JobId(1), stage: 0, partition: 6, attempt: 0, channel: 1 }
[2026-10-03T20:31:41Z DEBUG sail_execution::stream::service::server] TaskStreamKey { job_id: JobId(1), stage: 0, partition: 4, attempt: 0, channel: 9 }
[2026-10-03T20:31:41Z DEBUG sail_execution::stream::service::server] TaskStreamKey { job_id: JobId(1), stage: 0, partition: 6, attempt: 0, channel: 5 }
[2026-10-03T20:31:41Z DEBUG sail_execution::stream::service::server] TaskStreamKey { job_id: JobId(1), stage: 0, partition: 2, attempt: 0, channel: 1 }
[2026-10-03T20:31:41Z DEBUG sail_execution::stream::service::server] TaskStreamKey { job_id: JobId(1), stage: 0, partition: 10, attempt: 0, channel: 5 }
[2026-10-03T20:31:41Z DEBUG sail_execution::stream::service::server] TaskStreamKey { job_id: JobId(1), stage: 0, partition: 12, attempt: 0, channel: 9 }
[2026-10-03T20:31:41Z DEBUG sail_execution::stream::service::server] TaskStreamKey { job_id: JobId(1), stage: 0, partition: 0, attempt: 0, channel: 1 }
[2026-10-03T20:31:41Z DEBUG sail_execution::stream::service::server] TaskStreamKey { job_id: JobId(1), stage: 0, partition: 8, attempt: 0, channel: 1 }
[2026-10-03T20:31:41Z DEBUG sail_execution::stream::service::server] TaskStreamKey { job_id: JobId(1), stage: 0, partition: 6, attempt: 0, channel: 9 }
[2026-10-03T20:31:41Z DEBUG sail_execution::stream::service::server] TaskStreamKey { job_id: JobId(1), stage: 0, partition: 14, attempt: 0, channel: 1 }
[2026-10-03T20:31:41Z DEBUG sail_execution::stream::service::server] TaskStreamKey { job_id: JobId(1), stage: 0, partition: 10, attempt: 0, channel: 9 }
[2026-10-03T20:31:41Z DEBUG sail_execution::stream::service::server] TaskStreamKey { job_id: JobId(1), stage: 0, partition: 2, attempt: 0, channel: 5 }
[2026-10-03T20:31:41Z DEBUG sail_execution::stream::service::server] TaskStreamKey { job_id: JobId(1), stage: 0, partition: 4, attempt: 0, channel: 5 }
[2026-10-03T20:31:41Z DEBUG sail_execution::task_runner::actor::handler] worker_task_status worker_id=1 job_id=1 stage=0 partition=2 attempt=0 status=SUCCEEDED
[2026-10-03T20:31:41Z DEBUG sail_execution::task_runner::actor::handler] worker_task_status worker_id=1 job_id=1 stage=0 partition=14 attempt=0 status=SUCCEEDED
[2026-10-03T20:31:41Z WARN sail_execution::diagnostics] execution_failure pid=55514 event=task_execution_error key=TaskKey { job_id: JobId(1), stage: 1, partition: 6, attempt: 0 } error_chain=Resources exhausted: Failed to allocate additional 256.0 KB for SingleHashAggregateStream[6] with 0.0 B already allocated for this reservation - 127.8 KB remain available for the total memory pool: greedy(used: 896.2 KB, pool_size: 1024.0 KB)
[2026-10-03T20:31:41Z WARN sail_execution::task_runner::actor::handler] task_failure pid=55514 session_id=b9d09997-cc57-4e6d-9a61-48b29d64d912 worker_id=Some(WorkerId(1)) key=TaskKey { job_id: JobId(1), stage: 1, partition: 6, attempt: 0 } message=task error: Resources exhausted: Failed to allocate additional 256.0 KB for SingleHashAggregateStream[6] with 0.0 B already allocated for this reservation - 127.8 KB remain available for the total memory pool: greedy(used: 896.2 KB, pool_size: 1024.0 KB) cause=Failed to allocate additional 256.0 KB for SingleHashAggregateStream[6] with 0.0 B already allocated for this reservation - 127.8 KB remain available for the total memory pool: greedy(used: 896.2 KB, pool_size: 1024.0 KB)
[2026-10-03T20:31:41Z DEBUG sail_execution::task_runner::actor::handler] worker_task_status worker_id=1 job_id=1 stage=1 partition=6 attempt=0 status=FAILED
[2026-10-03T20:31:41Z DEBUG sail_execution::worker::server] StopTaskRequest { job_id: 1, stage: 0, partition: 0, attempt: 0 }
[2026-10-03T20:31:41Z WARN sail_execution::diagnostics] execution_failure pid=55514 event=task_execution_error key=TaskKey { job_id: JobId(1), stage: 1, partition: 4, attempt: 0 } error_chain=Resources exhausted: Failed to allocate additional 256.0 KB for SingleHashAggregateStream[4] with 0.0 B already allocated for this reservation - 127.8 KB remain available for the total memory pool: greedy(used: 896.2 KB, pool_size: 1024.0 KB)
[2026-10-03T20:31:41Z DEBUG sail_execution::worker::server] StopTaskRequest { job_id: 1, stage: 0, partition: 12, attempt: 0 }
[2026-10-03T20:31:41Z DEBUG sail_execution::worker::server] StopTaskRequest { job_id: 1, stage: 1, partition: 0, attempt: 0 }
[2026-10-03T20:31:41Z DEBUG sail_execution::worker::server] StopTaskResponse
[2026-10-03T20:31:41Z DEBUG sail_execution::worker::server] StopTaskRequest { job_id: 1, stage: 0, partition: 10, attempt: 0 }
[2026-10-03T20:31:41Z DEBUG sail_execution::worker::server] StopTaskRequest { job_id: 1, stage: 2, partition: 0, attempt: 0 }
[2026-10-03T20:31:41Z DEBUG sail_execution::worker::server] StopTaskRequest { job_id: 1, stage: 0, partition: 4, attempt: 0 }
[2026-10-03T20:31:41Z DEBUG sail_execution::worker::server] StopTaskResponse
[2026-10-03T20:31:41Z DEBUG sail_execution::worker::server] StopTaskResponse
[2026-10-03T20:31:41Z DEBUG sail_execution::worker::server] StopTaskRequest { job_id: 1, stage: 0, partition: 6, attempt: 0 }
[2026-10-03T20:31:41Z DEBUG sail_execution::worker::server] StopTaskRequest { job_id: 1, stage: 1, partition: 10, attempt: 0 }
[2026-10-03T20:31:41Z DEBUG sail_execution::worker::server] StopTaskRequest { job_id: 1, stage: 0, partition: 8, attempt: 0 }
[2026-10-03T20:31:41Z DEBUG sail_execution::worker::server] StopTaskResponse
[2026-10-03T20:31:41Z DEBUG sail_execution::worker::server] StopTaskRequest { job_id: 1, stage: 1, partition: 6, attempt: 0 }
[2026-10-03T20:31:41Z DEBUG sail_execution::worker::server] StopTaskResponse
[2026-10-03T20:31:41Z DEBUG sail_execution::worker::server] StopTaskRequest { job_id: 1, stage: 1, partition: 4, attempt: 0 }
[2026-10-03T20:31:41Z DEBUG sail_execution::worker::server] StopTaskRequest { job_id: 1, stage: 1, partition: 2, attempt: 0 }
[2026-10-03T20:31:41Z DEBUG sail_execution::worker::server] StopTaskResponse
[2026-10-03T20:31:41Z DEBUG sail_execution::worker::server] StopTaskRequest { job_id: 1, stage: 1, partition: 12, attempt: 0 }
[2026-10-03T20:31:41Z WARN sail_execution::task_runner::actor::handler] task_failure pid=55514 session_id=b9d09997-cc57-4e6d-9a61-48b29d64d912 worker_id=Some(WorkerId(1)) key=TaskKey { job_id: JobId(1), stage: 1, partition: 4, attempt: 0 } message=task error: Resources exhausted: Failed to allocate additional 256.0 KB for SingleHashAggregateStream[4] with 0.0 B already allocated for this reservation - 127.8 KB remain available for the total memory pool: greedy(used: 896.2 KB, pool_size: 1024.0 KB) cause=Failed to allocate additional 256.0 KB for SingleHashAggregateStream[4] with 0.0 B already allocated for this reservation - 127.8 KB remain available for the total memory pool: greedy(used: 896.2 KB, pool_size: 1024.0 KB)
[2026-10-03T20:31:41Z WARN sail_execution::diagnostics] execution_failure pid=55514 event=task_execution_error key=TaskKey { job_id: JobId(1), stage: 1, partition: 2, attempt: 0 } error_chain=Resources exhausted: Failed to allocate additional 256.0 KB for SingleHashAggregateStream[2] with 0.0 B already allocated for this reservation - 127.9 KB remain available for the total memory pool: greedy(used: 896.1 KB, pool_size: 1024.0 KB)
[2026-10-03T20:31:41Z DEBUG sail_execution::worker::server] StopTaskRequest { job_id: 1, stage: 1, partition: 8, attempt: 0 }
[2026-10-03T20:31:41Z DEBUG sail_execution::worker::server] StopTaskResponse
[2026-10-03T20:31:41Z DEBUG sail_execution::worker::server] StopTaskRequest { job_id: 1, stage: 1, partition: 14, attempt: 0 }
[2026-10-03T20:31:41Z DEBUG sail_execution::worker::server] StopTaskResponse
[2026-10-03T20:31:41Z DEBUG sail_execution::task_runner::actor::handler] worker_task_status worker_id=1 job_id=1 stage=1 partition=4 attempt=0 status=FAILED
[2026-10-03T20:31:41Z DEBUG sail_execution::worker::server] CleanUpJobRequest { job_id: 1, stage: None }
[2026-10-03T20:31:41Z DEBUG sail_execution::worker::server] StopTaskResponse
[2026-10-03T20:31:41Z DEBUG sail_execution::task_runner::actor::handler] worker_task_status worker_id=1 job_id=1 stage=0 partition=0 attempt=0 status=SUCCEEDED
[2026-10-03T20:31:41Z DEBUG sail_execution::worker::server] StopTaskResponse
[2026-10-03T20:31:41Z DEBUG sail_execution::worker::server] StopTaskResponse
[2026-10-03T20:31:41Z DEBUG sail_execution::worker::server] StopTaskResponse
[2026-10-03T20:31:41Z DEBUG sail_execution::task_runner::actor::handler] worker_task_status worker_id=1 job_id=1 stage=0 partition=12 attempt=0 status=SUCCEEDED
[2026-10-03T20:31:41Z DEBUG sail_execution::task_runner::actor::handler] worker_task_status worker_id=1 job_id=1 stage=0 partition=10 attempt=0 status=SUCCEEDED
[2026-10-03T20:31:41Z DEBUG sail_execution::worker::server] StopTaskResponse
[2026-10-03T20:31:41Z DEBUG sail_execution::worker::server] StopTaskResponse
[2026-10-03T20:31:41Z DEBUG sail_execution::worker::server] StopTaskResponse
[2026-10-03T20:31:41Z DEBUG sail_execution::task_runner::actor::handler] worker_task_status worker_id=1 job_id=1 stage=0 partition=8 attempt=0 status=SUCCEEDED
[2026-10-03T20:31:41Z DEBUG sail_execution::task_runner::actor::handler] worker_task_status worker_id=1 job_id=1 stage=0 partition=6 attempt=0 status=SUCCEEDED
[2026-10-03T20:31:41Z DEBUG sail_execution::task_runner::actor::handler] worker_task_status worker_id=1 job_id=1 stage=0 partition=4 attempt=0 status=SUCCEEDED
[2026-10-03T20:31:41Z WARN sail_execution::diagnostics] execution_failure pid=55514 event=task_execution_error key=TaskKey { job_id: JobId(1), stage: 1, partition: 12, attempt: 0 } error_chain=Resources exhausted: Failed to allocate additional 256.0 KB for SingleHashAggregateStream[12] with 0.0 B already allocated for this reservation - 64.0 KB remain available for the total memory pool: greedy(used: 960.0 KB, pool_size: 1024.0 KB)
[2026-10-03T20:31:41Z DEBUG sail_execution::worker::server] CleanUpJobResponse
[2026-10-03T20:31:41Z WARN sail_execution::task_runner::actor::handler] task_failure pid=55514 session_id=b9d09997-cc57-4e6d-9a61-48b29d64d912 worker_id=Some(WorkerId(1)) key=TaskKey { job_id: JobId(1), stage: 1, partition: 2, attempt: 0 } message=task error: Resources exhausted: Failed to allocate additional 256.0 KB for SingleHashAggregateStream[2] with 0.0 B already allocated for this reservation - 127.9 KB remain available for the total memory pool: greedy(used: 896.1 KB, pool_size: 1024.0 KB) cause=Failed to allocate additional 256.0 KB for SingleHashAggregateStream[2] with 0.0 B already allocated for this reservation - 127.9 KB remain available for the total memory pool: greedy(used: 896.1 KB, pool_size: 1024.0 KB)
[2026-10-03T20:31:41Z DEBUG sail_execution::task_runner::actor::handler] worker_task_status worker_id=1 job_id=1 stage=1 partition=2 attempt=0 status=FAILED
[2026-10-03T20:31:41Z DEBUG sail_execution::task_runner::actor::handler] worker_task_status worker_id=1 job_id=1 stage=2 partition=0 attempt=0 status=CANCELED
[2026-10-03T20:31:41Z WARN sail_execution::task_runner::actor::handler] task_failure pid=55514 session_id=b9d09997-cc57-4e6d-9a61-48b29d64d912 worker_id=Some(WorkerId(1)) key=TaskKey { job_id: JobId(1), stage: 1, partition: 12, attempt: 0 } message=task error: Resources exhausted: Failed to allocate additional 256.0 KB for SingleHashAggregateStream[12] with 0.0 B already allocated for this reservation - 64.0 KB remain available for the total memory pool: greedy(used: 960.0 KB, pool_size: 1024.0 KB) cause=Failed to allocate additional 256.0 KB for SingleHashAggregateStream[12] with 0.0 B already allocated for this reservation - 64.0 KB remain available for the total memory pool: greedy(used: 960.0 KB, pool_size: 1024.0 KB)
[2026-10-03T20:31:41Z DEBUG sail_execution::task_runner::actor::handler] worker_task_status worker_id=1 job_id=1 stage=1 partition=12 attempt=0 status=FAILED
[2026-10-03T20:31:41Z WARN sail_execution::diagnostics] execution_failure pid=55514 event=task_execution_error key=TaskKey { job_id: JobId(1), stage: 1, partition: 14, attempt: 0 } error_chain=Resources exhausted: Failed to allocate additional 256.0 KB for SingleHashAggregateStream[14] with 0.0 B already allocated for this reservation - 64.0 KB remain available for the total memory pool: greedy(used: 960.0 KB, pool_size: 1024.0 KB)
[2026-10-03T20:31:41Z WARN sail_execution::task_runner::actor::handler] task_failure pid=55514 session_id=b9d09997-cc57-4e6d-9a61-48b29d64d912 worker_id=Some(WorkerId(1)) key=TaskKey { job_id: JobId(1), stage: 1, partition: 14, attempt: 0 } message=task error: Resources exhausted: Failed to allocate additional 256.0 KB for SingleHashAggregateStream[14] with 0.0 B already allocated for this reservation - 64.0 KB remain available for the total memory pool: greedy(used: 960.0 KB, pool_size: 1024.0 KB) cause=Failed to allocate additional 256.0 KB for SingleHashAggregateStream[14] with 0.0 B already allocated for this reservation - 64.0 KB remain available for the total memory pool: greedy(used: 960.0 KB, pool_size: 1024.0 KB)
[2026-10-03T20:31:41Z DEBUG sail_execution::task_runner::actor::handler] worker_task_status worker_id=1 job_id=1 stage=1 partition=14 attempt=0 status=FAILED
