{
  "scope": "dry plan; no Docker or workload",
  "runs": [
    {
      "order": 1,
      "phase": "warmup",
      "host": "A",
      "configuration": "pair16k-20260930201356-01-a.json",
      "configuration_sha256": "ea46b643191ed3028be5944956755020fd6d915cf689025a8adf6d28b386d2c5",
      "configuration_fingerprint": "546828f50b2ae19aa760d4f5baba6c281a1085fad54a95ac5f6fbfc05d5de350",
      "binary_sha256": "40a78182a420152e8e3651f9cdb38a4196eaf8bc7aead092d10e258a17ac3497",
      "cell_id": "pair16k-20260930201356-01-a-r1-weighted16k-pecan-sssp-frontier",
      "cell_output": "/targets/sail-stream-experiments-20260930/pecan-gate3/cells/pair16k-20260930201356-01-a-r1-weighted16k-pecan-sssp-frontier"
    },
    {
      "order": 2,
      "phase": "warmup",
      "host": "B",
      "configuration": "pair16k-20260930201356-02-b.json",
      "configuration_sha256": "d0db66f24036f1644293fec129b90f4f7a5c13d39b19f8c778276de8f82caf83",
      "configuration_fingerprint": "a06817652aa6874216c15a6ec60cac1fe35fd9889268840b930159dd0fb33b69",
      "binary_sha256": "5b7f506c19afd76a28b84c1459397b4ab30ff4cfc761f4195789425b963facec",
      "cell_id": "pair16k-20260930201356-02-b-r1-weighted16k-pecan-sssp-frontier",
      "cell_output": "/targets/sail-stream-experiments-20260930/pecan-gate3/cells/pair16k-20260930201356-02-b-r1-weighted16k-pecan-sssp-frontier"
    },
    {
      "order": 3,
      "phase": "measurement",
      "host": "A",
      "configuration": "pair16k-20260930201356-03-a.json",
      "configuration_sha256": "ecb63e3c0cada304822fcfaff2327d682708139501fe1e8f5091ac29ebce7a1e",
      "configuration_fingerprint": "5e171ecc165669f4e756a76d007bf9780b946607e2106ea6f9c43200619ac319",
      "binary_sha256": "40a78182a420152e8e3651f9cdb38a4196eaf8bc7aead092d10e258a17ac3497",
      "cell_id": "pair16k-20260930201356-03-a-r1-weighted16k-pecan-sssp-frontier",
      "cell_output": "/targets/sail-stream-experiments-20260930/pecan-gate3/cells/pair16k-20260930201356-03-a-r1-weighted16k-pecan-sssp-frontier"
    },
    {
      "order": 4,
      "phase": "measurement",
      "host": "B",
      "configuration": "pair16k-20260930201356-04-b.json",
      "configuration_sha256": "a37c3ae7bbc94be07898060e5b8bed8bcd20a47f6754a34bbdf99be2752b5b7f",
      "configuration_fingerprint": "6d8635b8b700cacbf49f0c48946dfb0af0b4a5040b1ca42e7abdec395aac2ad4",
      "binary_sha256": "5b7f506c19afd76a28b84c1459397b4ab30ff4cfc761f4195789425b963facec",
      "cell_id": "pair16k-20260930201356-04-b-r1-weighted16k-pecan-sssp-frontier",
      "cell_output": "/targets/sail-stream-experiments-20260930/pecan-gate3/cells/pair16k-20260930201356-04-b-r1-weighted16k-pecan-sssp-frontier"
    },
    {
      "order": 5,
      "phase": "measurement",
      "host": "B",
      "configuration": "pair16k-20260930201356-05-b.json",
      "configuration_sha256": "337e776244720b06aaac73cab7f8ea048ede7d38675332f6cb462ed4ba5f0083",
      "configuration_fingerprint": "9226611a8ab2e9330dcd843d2f05dc875005c054fc7160af83350f5edca6c912",
      "binary_sha256": "5b7f506c19afd76a28b84c1459397b4ab30ff4cfc761f4195789425b963facec",
      "cell_id": "pair16k-20260930201356-05-b-r1-weighted16k-pecan-sssp-frontier",
      "cell_output": "/targets/sail-stream-experiments-20260930/pecan-gate3/cells/pair16k-20260930201356-05-b-r1-weighted16k-pecan-sssp-frontier"
    },
    {
      "order": 6,
      "phase": "measurement",
      "host": "A",
      "configuration": "pair16k-20260930201356-06-a.json",
      "configuration_sha256": "54c1e7bfe2b9c9a8eb442a4075a86761c03aaa1a2f13fec5f9ced4440d9227b9",
      "configuration_fingerprint": "69b6982c5278073c6a20ef48f96513be43b3877706491de02e4dfbf4c341dea5",
      "binary_sha256": "40a78182a420152e8e3651f9cdb38a4196eaf8bc7aead092d10e258a17ac3497",
      "cell_id": "pair16k-20260930201356-06-a-r1-weighted16k-pecan-sssp-frontier",
      "cell_output": "/targets/sail-stream-experiments-20260930/pecan-gate3/cells/pair16k-20260930201356-06-a-r1-weighted16k-pecan-sssp-frontier"
    }
  ],
  "resource_fingerprint": "2756b53ada1b10d0c4eedf9d20a54e38b611db7607fd7c9a8fa4eca1e52eb399"
}
