[2026-09-30T17:05:11Z INFO sail_cli::spark::server] Starting the Spark Connect server on 127.0.0.1:55147...
[2026-09-30T17:05:11Z INFO sail_session::session_manager::actor::core] driver server is ready on port 33965
[2026-09-30T17:05:11Z INFO sail_session::session_manager::actor::handler] creating session c07bf8ed-a729-4ff3-84ee-c70b31222282
OpenBLAS WARNING - could not determine the L2 cache size on this system, assuming 256k
OpenBLAS WARNING - could not determine the L2 cache size on this system, assuming 256k
[2026-09-30T17:05:12Z INFO sail_session::extensions] bound native extension nutmeg@0.1.0:e5f0332e07d6164d20eec48da4e1d859913eb006481d8b98b1d409afeb3bb50f to session incarnation 961fbcd0-771a-4871-a4ac-12679ecd8ef2
[2026-09-30T17:05:12Z INFO sail_session::extensions] bound native extension sedona@0.1.0:e8dc2c51c6e45ef94fb13370b76f0fd40936b3d79d368fc052afbb778d39c137 to session incarnation 961fbcd0-771a-4871-a4ac-12679ecd8ef2
[2026-09-30T17:05:12Z INFO sail_execution::driver::actor::handler] activating driver 1
[2026-09-30T17:05:12Z INFO sail_execution::driver::worker_pool::core] starting worker 1
[2026-09-30T17:05:12Z INFO sail_execution::driver::worker_pool::core] starting worker 2
[2026-09-30T17:05:12Z INFO sail_execution::worker_manager::process] extension process worker 1: pid=Some(62), driver_pid=26, session=c07bf8ed-a729-4ff3-84ee-c70b31222282
[2026-09-30T17:05:12Z INFO sail_execution::worker_manager::process] extension process worker 2: pid=Some(63), driver_pid=26, session=c07bf8ed-a729-4ff3-84ee-c70b31222282
[2026-09-30T17:05:12Z INFO sail_session::extensions] worker loaded native extension sedona@0.1.0:e8dc2c51c6e45ef94fb13370b76f0fd40936b3d79d368fc052afbb778d39c137, pid=63
[2026-09-30T17:05:12Z INFO sail_session::extensions] worker loaded native extension sedona@0.1.0:e8dc2c51c6e45ef94fb13370b76f0fd40936b3d79d368fc052afbb778d39c137, pid=62
[2026-09-30T17:05:13Z INFO sail_execution::worker::actor::handler] worker 2 server is ready on port 46617
[2026-09-30T17:05:13Z INFO sail_execution::driver::actor::handler] worker 2 is available at 127.0.0.1:46617
[2026-09-30T17:05:13Z WARN sail_execution::driver::task_assigner::core] worker 2 was not pending
[2026-09-30T17:05:13Z INFO sail_execution::worker::actor::handler] worker 1 server is ready on port 43407
[2026-09-30T17:05:13Z INFO sail_execution::driver::actor::handler] worker 1 is available at 127.0.0.1:43407
[2026-09-30T17:05:13Z WARN sail_execution::driver::task_assigner::core] worker 1 was not pending
[2026-09-30T17:05:13Z WARN sail_execution::driver::actor::handler] job 10 stage 0 partition 0 attempt 0 sequence 95 is stale
[2026-09-30T17:05:13Z WARN sail_execution::driver::actor::handler] job 11 stage 0 partition 0 attempt 0 sequence 104 is stale
[2026-09-30T17:05:13Z WARN sail_execution::driver::actor::handler] job 12 stage 0 partition 1 attempt 0 sequence 112 is stale
[2026-09-30T17:05:17Z WARN sail_execution::driver::actor::handler] job 54 stage 0 partition 0 attempt 0 sequence 404 is stale
[2026-09-30T17:05:19Z WARN sail_execution::driver::actor::handler] job 62 stage 0 partition 0 attempt 0 sequence 465 is stale
[2026-09-30T17:05:20Z WARN sail_execution::driver::actor::handler] job 72 stage 1 partition 0 attempt 0 sequence 538 is stale
[2026-09-30T17:05:23Z WARN sail_execution::driver::actor::handler] job 102 stage 0 partition 0 attempt 0 sequence 742 is stale
[2026-09-30T17:05:29Z WARN sail_execution::driver::actor::handler] job 166 stage 0 partition 1 attempt 0 sequence 910 is stale
[2026-09-30T17:05:31Z WARN sail_execution::driver::actor::handler] job 206 stage 0 partition 1 attempt 0 sequence 1124 is stale
[2026-09-30T17:05:31Z WARN sail_execution::driver::actor::handler] job 208 stage 1 partition 1 attempt 0 sequence 1135 is stale
[2026-09-30T17:05:32Z WARN sail_execution::driver::actor::handler] job 222 stage 1 partition 0 attempt 0 sequence 1554 is stale
[2026-09-30T17:05:32Z WARN sail_execution::driver::actor::handler] job 228 stage 4 partition 3 attempt 0 sequence 1260 is stale
[2026-09-30T17:05:32Z INFO sail_session::session_manager::actor::handler] removing session c07bf8ed-a729-4ff3-84ee-c70b31222282
[2026-09-30T17:05:32Z INFO sail_execution::driver::worker_pool::core] stopping worker 1
[2026-09-30T17:05:32Z INFO sail_execution::driver::worker_pool::core] stopping worker 2
[2026-09-30T17:05:32Z WARN sail_common::actor] aborting 220 task(s) for TaskRunnerActor
[2026-09-30T17:05:32Z WARN sail_common::actor] aborting 174 task(s) for TaskRunnerActor
[2026-09-30T17:05:32Z INFO sail_execution::worker::actor::core] worker 1 server has stopped
[2026-09-30T17:05:32Z WARN sail_common::actor] aborting 1 task(s) for WorkerActor
[2026-09-30T17:05:32Z INFO sail_execution::worker::actor::core] worker 2 server has stopped
[2026-09-30T17:05:32Z WARN sail_common::actor] aborting 1 task(s) for WorkerActor
[2026-09-30T17:05:33Z INFO sail_cli::spark::server] Shutting down the Spark Connect server...
[2026-09-30T17:05:33Z INFO sail_execution::driver::actor::core] driver 1 has stopped
[2026-09-30T17:05:33Z WARN sail_common::actor] aborting 3847 task(s) for DriverActor
[2026-09-30T17:05:33Z INFO sail_session::session_manager::actor::core] driver server has stopped
[2026-09-30T17:05:33Z WARN sail_common::actor] aborting 946 task(s) for SessionManagerActor
[2026-09-30T17:05:33Z INFO sail_cli::spark::server] The Spark Connect server has stopped.
