{
  "output": "/Users/alexy/src/grust/docs/reviews/sail-stream-experiments-2026-09-30/logging03-monitor/observation-20260930T220458591359Z.json",
  "returncode": 0,
  "error": null,
  "state": {
    "Dead": false,
    "Error": "",
    "ExitCode": 0,
    "FinishedAt": "0001-01-01T00:00:00Z",
    "OOMKilled": false,
    "Paused": false,
    "Pid": 185523,
    "Restarting": false,
    "Running": true,
    "StartedAt": "2026-09-30T22:01:57.384672011Z",
    "Status": "running"
  },
  "processes": 5,
  "sail_processes": 0,
  "log_errors": [
    {
      "offset": 216,
      "line_utf8": "[2026-09-30T22:02:25Z DEBUG tonic::transport::server] failed serving connection: connection error: connection closed before reading preface\n",
      "truncated": false
    }
  ]
}
