DOCUMENTATION_SOURCE_GUARD PASSED candidate-before 7bb00a299db9a24c35a47022614d6f572309b9a2 05dee18176579b3628a41759bf9d2ae10609a67b
DOCUMENTATION_SOURCE_GUARD PASSED candidate-after 7bb00a299db9a24c35a47022614d6f572309b9a2 05dee18176579b3628a41759bf9d2ae10609a67b
[detached HEAD 7387b98] docs: retain interim Sail replay observations and audit boundaries
 118 files changed, 17429 insertions(+), 19 deletions(-)
 create mode 100644 docs/reviews/sail-stream-experiments-2026-09-30/documentation-closed-activation.json
 create mode 100644 docs/reviews/sail-stream-experiments-2026-09-30/documentation-closed-publication/audit-pin.json
 create mode 100644 docs/reviews/sail-stream-experiments-2026-09-30/documentation-closed-publication/candidate-after-receipt.json
 create mode 100644 docs/reviews/sail-stream-experiments-2026-09-30/documentation-closed-publication/candidate-gate.log
 create mode 100644 docs/reviews/sail-stream-experiments-2026-09-30/documentation-closed-publication/candidate-prose-adjustment.json
 create mode 100644 docs/reviews/sail-stream-experiments-2026-09-30/documentation-closed-publication/collection.json
 create mode 100644 docs/reviews/sail-stream-experiments-2026-09-30/documentation-closed-publication/commit-and-gate.log
 create mode 100644 docs/reviews/sail-stream-experiments-2026-09-30/documentation-closed-publication/commit-message.txt
 create mode 100644 docs/reviews/sail-stream-experiments-2026-09-30/documentation-closed-publication/commit_and_gate.sh
 create mode 100644 docs/reviews/sail-stream-experiments-2026-09-30/documentation-closed-publication/delivery.json
 create mode 100644 docs/reviews/sail-stream-experiments-2026-09-30/documentation-closed-publication/exact-after-receipt.json
 create mode 100644 docs/reviews/sail-stream-experiments-2026-09-30/documentation-closed-publication/exact-gate.log
 create mode 100644 docs/reviews/sail-stream-experiments-2026-09-30/documentation-closed-publication/frozen-before-exclusion-scope-clarification.json
 create mode 100644 docs/reviews/sail-stream-experiments-2026-09-30/documentation-closed-publication/frozen.json
 create mode 100644 docs/reviews/sail-stream-experiments-2026-09-30/documentation-closed-publication/guard.py
 create mode 100644 docs/reviews/sail-stream-experiments-2026-09-30/documentation-closed-publication/independent-audit.json
 create mode 100644 docs/reviews/sail-stream-experiments-2026-09-30/documentation-closed-publication/independent-privacy-scan.json
 create mode 100644 docs/reviews/sail-stream-experiments-2026-09-30/documentation-closed-publication/independent_audit.py
 create mode 100644 docs/reviews/sail-stream-experiments-2026-09-30/documentation-closed-publication/independent_scan.py
 create mode 100644 docs/reviews/sail-stream-experiments-2026-09-30/documentation-closed-publication/preliminary-gate.log
 create mode 100644 docs/reviews/sail-stream-experiments-2026-09-30/documentation-closed-publication/preparation.json
 create mode 100644 docs/reviews/sail-stream-experiments-2026-09-30/documentation-closed-publication/prepare_snapshot.py
 create mode 100644 docs/reviews/sail-stream-experiments-2026-09-30/documentation-closed-publication/publish.py
 create mode 100644 docs/reviews/sail-stream-experiments-2026-09-30/documentation-closed-publication/push.stderr
 create mode 100644 docs/reviews/sail-stream-experiments-2026-09-30/documentation-closed-publication/push.stdout
 create mode 100644 docs/reviews/sail-stream-experiments-2026-09-30/documentation-closed-publication/shared-preservation.json
 create mode 100644 docs/reviews/sail-stream-experiments-2026-09-30/documentation-interim-stopped-publication/collection.json
 create mode 100644 docs/reviews/sail-stream-experiments-2026-09-30/documentation-interim-stopped-publication/commit-message.txt
 create mode 100644 docs/reviews/sail-stream-experiments-2026-09-30/documentation-interim-stopped-publication/commit_and_gate.sh
 create mode 100644 docs/reviews/sail-stream-experiments-2026-09-30/documentation-interim-stopped-publication/concurrent-commit-observation.json
 create mode 100644 docs/reviews/sail-stream-experiments-2026-09-30/documentation-interim-stopped-publication/frozen.json
 create mode 100644 docs/reviews/sail-stream-experiments-2026-09-30/documentation-interim-stopped-publication/guard.py
 create mode 100644 docs/reviews/sail-stream-experiments-2026-09-30/documentation-interim-stopped-publication/independent-audit-attempt01.json
 create mode 100644 docs/reviews/sail-stream-experiments-2026-09-30/documentation-interim-stopped-publication/independent-audit.json
 create mode 100644 docs/reviews/sail-stream-experiments-2026-09-30/documentation-interim-stopped-publication/independent-documentation-gate.log
 create mode 100644 docs/reviews/sail-stream-experiments-2026-09-30/documentation-interim-stopped-publication/independent-privacy-scan.json
 create mode 100644 docs/reviews/sail-stream-experiments-2026-09-30/documentation-interim-stopped-publication/independent_audit.py
 create mode 100644 docs/reviews/sail-stream-experiments-2026-09-30/documentation-interim-stopped-publication/independent_scan.py
 create mode 100644 docs/reviews/sail-stream-experiments-2026-09-30/documentation-interim-stopped-publication/orchestration-preparation.json
 create mode 100644 docs/reviews/sail-stream-experiments-2026-09-30/documentation-interim-stopped-publication/orchestration-syntax.json
 create mode 100644 docs/reviews/sail-stream-experiments-2026-09-30/documentation-interim-stopped-publication/preliminary-gate.log
 create mode 100644 docs/reviews/sail-stream-experiments-2026-09-30/documentation-interim-stopped-publication/preparation-attempt01.json
 create mode 100644 docs/reviews/sail-stream-experiments-2026-09-30/documentation-interim-stopped-publication/preparation.json
 create mode 100644 docs/reviews/sail-stream-experiments-2026-09-30/documentation-interim-stopped-publication/prepare-attempt01.py
 create mode 100644 docs/reviews/sail-stream-experiments-2026-09-30/documentation-interim-stopped-publication/prepare_snapshot.py
 create mode 100644 docs/reviews/sail-stream-experiments-2026-09-30/documentation-interim-stopped-publication/publish.py
 create mode 100644 docs/reviews/sail-stream-experiments-2026-09-30/documentation-interim-stopped-publication/shared-guard-stop.json
 create mode 100644 docs/reviews/sail-stream-experiments-2026-09-30/logging02-monitor/README.md
 create mode 100644 docs/reviews/sail-stream-experiments-2026-09-30/logging02-monitor/capture_executables.py
 create mode 100644 docs/reviews/sail-stream-experiments-2026-09-30/logging02-monitor/capture_executables_attempt01.py
 create mode 100644 docs/reviews/sail-stream-experiments-2026-09-30/logging02-monitor/capture_host_snapshot.py
 create mode 100644 docs/reviews/sail-stream-experiments-2026-09-30/logging02-monitor/executable-identity-20260930T201123530215Z.json
 create mode 100644 docs/reviews/sail-stream-experiments-2026-09-30/logging02-monitor/executable-identity-20260930T201136793716Z.json
 create mode 100644 docs/reviews/sail-stream-experiments-2026-09-30/logging02-monitor/host-before.json
 create mode 100644 docs/reviews/sail-stream-experiments-2026-09-30/logging02-monitor/host-clock-control-20260930T203858016163Z.json
 create mode 100644 docs/reviews/sail-stream-experiments-2026-09-30/logging02-monitor/host-control-20260930T204454196825Z.json
 create mode 100644 docs/reviews/sail-stream-experiments-2026-09-30/logging02-monitor/host-memory-comparison.json
 create mode 100644 docs/reviews/sail-stream-experiments-2026-09-30/logging02-monitor/host-memory-control-20260930T204036159002Z.json
 create mode 100644 docs/reviews/sail-stream-experiments-2026-09-30/logging02-monitor/host-observer-processes-20260930T204306455226Z.json
 create mode 100644 docs/reviews/sail-stream-experiments-2026-09-30/logging02-monitor/identity-audit.json
 create mode 100644 docs/reviews/sail-stream-experiments-2026-09-30/logging02-monitor/initial-host-inventory.json
 create mode 100644 docs/reviews/sail-stream-experiments-2026-09-30/logging02-monitor/initial-identity-fetch.json
 create mode 100644 docs/reviews/sail-stream-experiments-2026-09-30/logging02-monitor/monitor_cycle.py
 create mode 100644 docs/reviews/sail-stream-experiments-2026-09-30/logging02-monitor/observation-20260930T200923589965Z.json
 create mode 100644 docs/reviews/sail-stream-experiments-2026-09-30/logging02-monitor/observation-20260930T201203322023Z.json
 create mode 100644 docs/reviews/sail-stream-experiments-2026-09-30/logging02-monitor/observation-20260930T201304795184Z.json
 create mode 100644 docs/reviews/sail-stream-experiments-2026-09-30/logging02-monitor/observation-20260930T201424622583Z.json
 create mode 100644 docs/reviews/sail-stream-experiments-2026-09-30/logging02-monitor/observation-20260930T201524666045Z.json
 create mode 100644 docs/reviews/sail-stream-experiments-2026-09-30/logging02-monitor/observation-20260930T201624692751Z.json
 create mode 100644 docs/reviews/sail-stream-experiments-2026-09-30/logging02-monitor/observation-20260930T201724644126Z.json
 create mode 100644 docs/reviews/sail-stream-experiments-2026-09-30/logging02-monitor/observation-20260930T201824662579Z.json
 create mode 100644 docs/reviews/sail-stream-experiments-2026-09-30/logging02-monitor/observation-20260930T201924664018Z.json
 create mode 100644 docs/reviews/sail-stream-experiments-2026-09-30/logging02-monitor/observation-20260930T202024693761Z.json
 create mode 100644 docs/reviews/sail-stream-experiments-2026-09-30/logging02-monitor/observation-20260930T202124698587Z.json
 create mode 100644 docs/reviews/sail-stream-experiments-2026-09-30/logging02-monitor/observation-20260930T202224697868Z.json
 create mode 100644 docs/reviews/sail-stream-experiments-2026-09-30/logging02-monitor/observation-20260930T202324720750Z.json
 create mode 100644 docs/reviews/sail-stream-experiments-2026-09-30/logging02-monitor/observation-20260930T202507353018Z.json
 create mode 100644 docs/reviews/sail-stream-experiments-2026-09-30/logging02-monitor/observation-20260930T202607381153Z.json
 create mode 100644 docs/reviews/sail-stream-experiments-2026-09-30/logging02-monitor/observation-20260930T202707408518Z.json
 create mode 100644 docs/reviews/sail-stream-experiments-2026-09-30/logging02-monitor/observation-20260930T202807412148Z.json
 create mode 100644 docs/reviews/sail-stream-experiments-2026-09-30/logging02-monitor/observation-20260930T202907412859Z.json
 create mode 100644 docs/reviews/sail-stream-experiments-2026-09-30/logging02-monitor/observation-20260930T203007464359Z.json
 create mode 100644 docs/reviews/sail-stream-experiments-2026-09-30/logging02-monitor/observation-20260930T203107439073Z.json
 create mode 100644 docs/reviews/sail-stream-experiments-2026-09-30/logging02-monitor/observation-20260930T203207452462Z.json
 create mode 100644 docs/reviews/sail-stream-experiments-2026-09-30/logging02-monitor/observation-20260930T203307539775Z.json
 create mode 100644 docs/reviews/sail-stream-experiments-2026-09-30/logging02-monitor/observation-20260930T203407615787Z.json
 create mode 100644 docs/reviews/sail-stream-experiments-2026-09-30/logging02-monitor/observation-20260930T203507689639Z.json
 create mode 100644 docs/reviews/sail-stream-experiments-2026-09-30/logging02-monitor/observation-20260930T203607768121Z.json
 create mode 100644 docs/reviews/sail-stream-experiments-2026-09-30/logging02-monitor/observation-20260930T203707846227Z.json
 create mode 100644 docs/reviews/sail-stream-experiments-2026-09-30/logging02-monitor/observation-20260930T203807920959Z.json
 create mode 100644 docs/reviews/sail-stream-experiments-2026-09-30/logging02-monitor/observation-20260930T203907987373Z.json
 create mode 100644 docs/reviews/sail-stream-experiments-2026-09-30/logging02-monitor/observation-20260930T204008045395Z.json
 create mode 100644 docs/reviews/sail-stream-experiments-2026-09-30/logging02-monitor/observation-20260930T204108056578Z.json
 create mode 100644 docs/reviews/sail-stream-experiments-2026-09-30/logging02-monitor/observation-20260930T205039810557Z.json
 create mode 100644 docs/reviews/sail-stream-experiments-2026-09-30/logging02-monitor/observation-20260930T205638787925Z.json
 create mode 100644 docs/reviews/sail-stream-experiments-2026-09-30/logging02-monitor/observe.py
 create mode 100644 docs/reviews/sail-stream-experiments-2026-09-30/logging02-monitor/observe_attempt01.py
 create mode 100644 docs/reviews/sail-stream-experiments-2026-09-30/logging02-monitor/observe_attempt02.py
 create mode 100644 docs/reviews/sail-stream-experiments-2026-09-30/logging02-monitor/observe_attempt03.py
 create mode 100644 docs/reviews/sail-stream-experiments-2026-09-30/logging02-monitor/observer-loop-stop.json
 create mode 100644 docs/reviews/sail-stream-experiments-2026-09-30/logging02-monitor/observer-loop-stop02.json
 create mode 100644 docs/reviews/sail-stream-experiments-2026-09-30/logging02-monitor/one-shot-2051-summary.json
 create mode 100644 docs/reviews/sail-stream-experiments-2026-09-30/logging02-monitor/process-identity-01.json
 create mode 100644 docs/reviews/sail-stream-experiments-2026-09-30/logging02-monitor/serialized-monitor-authorization.json
 create mode 100644 docs/reviews/sail-stream-experiments-2026-09-30/logging03-prelaunch-audit/audit.py
 create mode 100644 docs/reviews/sail-stream-experiments-2026-09-30/logging03-prelaunch-audit/host-memory-boundary.json
 create mode 100644 docs/reviews/sail-stream-experiments-2026-09-30/logging03-prelaunch-audit/receipt.json
 create mode 100644 docs/reviews/sail-stream-experiments-2026-09-30/sampler-observation-audit/measurement-source-excerpt.txt
 create mode 100644 docs/reviews/sail-stream-experiments-2026-09-30/sampler-observation-audit/receipt.json
 create mode 100644 docs/reviews/sail-stream-experiments-2026-09-30/scheduler-starvation-source-audit/monitor-ping-audit.json
 create mode 100644 docs/reviews/sail-stream-experiments-2026-09-30/scheduler-starvation-source-audit/source-audit.json
 create mode 100644 docs/reviews/sail-stream-experiments-2026-09-30/sem-review2/latest-7bb-input-control/probe.py
 create mode 100644 docs/reviews/sail-stream-experiments-2026-09-30/sem-review2/latest-7bb-input-control/receipt.json
 create mode 100644 docs/reviews/sail-stream-experiments-2026-09-30/sem-review2/latest-7bb-source-audit/receipt.json
DOCUMENTATION_SOURCE_GUARD PASSED exact-before 7387b985f242164281c7d94a1560bbfcfa8d8fe5 05dee18176579b3628a41759bf9d2ae10609a67b
DOCUMENTATION_SOURCE_GUARD PASSED exact-after 7387b985f242164281c7d94a1560bbfcfa8d8fe5 05dee18176579b3628a41759bf9d2ae10609a67b
