[2026-10-03T20:23:55Z INFO sail_execution::worker::actor::handler] worker 2 server is ready on port 55250
[2026-10-03T20:23:55Z DEBUG sail_execution::worker::server] CleanUpJobRequest { job_id: 1, stage: None }
[2026-10-03T20:23:55Z DEBUG sail_execution::worker::server] CleanUpJobResponse
[2026-10-03T20:23:55Z DEBUG sail_execution::worker::server] CleanUpJobRequest { job_id: 2, stage: None }
[2026-10-03T20:23:55Z DEBUG sail_execution::worker::server] CleanUpJobResponse
[2026-10-03T20:23:55Z DEBUG sail_execution::worker::server] CleanUpJobRequest { job_id: 3, stage: None }
[2026-10-03T20:23:55Z DEBUG sail_execution::worker::server] CleanUpJobResponse
[2026-10-03T20:23:55Z DEBUG sail_execution::worker::server] RunTaskBatchRequest { job_id: 4, stage: 1, tasks: [TaskAttempt { partition: 0, attempt: 0 }, TaskAttempt { partition: 2, attempt: 0 }, TaskAttempt { partition: 4, attempt: 0 }, TaskAttempt { partition: 6, attempt: 0 }, TaskAttempt { partition: 8, attempt: 0 }, TaskAttempt { partition: 10, attempt: 0 }, TaskAttempt { partition: 12, attempt: 0 }, TaskAttempt { partition: 14, attempt: 0 }], definition: [10, 47, 34, 45, 10, 31, 146, 1, 28, 10, 26, 26, 24, 18, 16, 10, 0, 42, 12, 10, 10, 10, 2, 35, 49, 18, 2, 82, 0, 24, 1, 26, 2, 8, 16, 32, 1, 18, 6, 10, 4, 10, 2, 35, 49, 26, 2, 105, 100, 18, 131, 1, 18, 128, 1, 18, 126, 10, 4, 10, 2, 8, 1, 10, 6, 10, 4, 8, 1, 32, 1, 10, 6, 10, 4, 8, 1, 32, 2, 10, 6, 10, 4, 8, 1, 32, 3, 10, 6, 10, 4, 8, 1, 32, 4, 10, 6, 10, 4, 8, 1, 32, 5, 10, 6, 10, 4, 8, 1, 32, 6, 10, 6, 10, 4, 8, 1, 32, 7, 10, 6, 10, 4, 8, 1, 32, 8, 10, ... (197 bytes)], peers: [WorkerLocation { worker_id: 1, host: "127.0.0.1", port: 55251 }, WorkerLocation { worker_id: 2, host: "127.0.0.1", port: 55250 }] }
[2026-10-03T20:23:55Z DEBUG sail_execution::worker::server] RunTaskBatchRequest { job_id: 4, stage: 2, tasks: [TaskAttempt { partition: 0, attempt: 0 }], definition: [10, 247, 2, 234, 1, 243, 2, 10, 31, 146, 1, 28, 10, 26, 26, 24, 18, 16, 10, 0, 42, 12, 10, 10, 10, 2, 105, 100, 18, 2, 82, 0, 24, 1, 26, 2, 24, 1, 32, 1, 18, 192, 2, 10, 198, 1, 10, 8, 102, 105, 108, 101, 58, 47, 47, 47, 26, 158, 1, 102, 105, 108, 101, 58, 47, 47, 47, 85, 115, 101, 114, 115, 47, 97, 108, 101, 120, 121, 47, 115, 114, 99, 47, 103, 114, 117, 115, 116, 45, 98, 101, 110, 99, 104, 109, 97, 114, 107, 45, 114, 117, 110, 115, 47, 115, 101, 109, 45, 99, 111, 109, 112, 108, 101, 116, 105, 111, 110, 45, 50, 48, 50, 54, 49, 48, 48, 51, 47, ... (496 bytes)], peers: [WorkerLocation { worker_id: 1, host: "127.0.0.1", port: 55251 }, WorkerLocation { worker_id: 2, host: "127.0.0.1", port: 55250 }] }
[2026-10-03T20:23:55Z DEBUG sail_execution::worker::server] RunTaskBatchResponse
[2026-10-03T20:23:55Z DEBUG sail_execution::worker::server] RunTaskBatchResponse
[2026-10-03T20:23:55Z DEBUG sail_execution::task_runner::actor::handler] worker_task_status worker_id=2 job_id=4 stage=1 partition=6 attempt=0 status=RUNNING
[2026-10-03T20:23:55Z DEBUG sail_execution::task_runner::actor::handler] worker_task_status worker_id=2 job_id=4 stage=1 partition=14 attempt=0 status=RUNNING
[2026-10-03T20:23:55Z DEBUG sail_execution::task_runner::actor::handler] worker_task_status worker_id=2 job_id=4 stage=2 partition=0 attempt=0 status=RUNNING
[2026-10-03T20:23:55Z DEBUG sail_execution::task_runner::actor::handler] worker_task_status worker_id=2 job_id=4 stage=1 partition=8 attempt=0 status=RUNNING
[2026-10-03T20:23:55Z DEBUG sail_execution::task_runner::actor::handler] worker_task_status worker_id=2 job_id=4 stage=1 partition=0 attempt=0 status=RUNNING
[2026-10-03T20:23:55Z DEBUG sail_execution::task_runner::actor::handler] worker_task_status worker_id=2 job_id=4 stage=1 partition=10 attempt=0 status=RUNNING
[2026-10-03T20:23:55Z DEBUG sail_execution::task_runner::actor::handler] worker_task_status worker_id=2 job_id=4 stage=1 partition=12 attempt=0 status=RUNNING
[2026-10-03T20:23:55Z DEBUG sail_execution::task_runner::actor::handler] worker_task_status worker_id=2 job_id=4 stage=1 partition=4 attempt=0 status=RUNNING
[2026-10-03T20:23:55Z DEBUG sail_execution::task_runner::actor::handler] worker_task_status worker_id=2 job_id=4 stage=1 partition=2 attempt=0 status=RUNNING
[2026-10-03T20:23:55Z DEBUG sail_execution::task_runner::preparation] job 4 stage 1 partition 12 attempt 0 execution plan
ShuffleWriteExec: partitioning=RoundRobinBatch(1)
  ProjectionExec: expr=[#1@0 as id]
    ShuffleReadExec: partitioning=RoundRobinBatch(16)

[2026-10-03T20:23:55Z DEBUG sail_execution::task_runner::preparation] job 4 stage 1 partition 6 attempt 0 execution plan
ShuffleWriteExec: partitioning=RoundRobinBatch(1)
  ProjectionExec: expr=[#1@0 as id]
    ShuffleReadExec: partitioning=RoundRobinBatch(16)

[2026-10-03T20:23:55Z DEBUG sail_execution::task_runner::preparation] job 4 stage 1 partition 14 attempt 0 execution plan
ShuffleWriteExec: partitioning=RoundRobinBatch(1)
  ProjectionExec: expr=[#1@0 as id]
    ShuffleReadExec: partitioning=RoundRobinBatch(16)

[2026-10-03T20:23:55Z DEBUG sail_execution::task_runner::preparation] job 4 stage 1 partition 2 attempt 0 execution plan
ShuffleWriteExec: partitioning=RoundRobinBatch(1)
  ProjectionExec: expr=[#1@0 as id]
    ShuffleReadExec: partitioning=RoundRobinBatch(16)

[2026-10-03T20:23:55Z DEBUG sail_execution::task_runner::preparation] job 4 stage 1 partition 10 attempt 0 execution plan
ShuffleWriteExec: partitioning=RoundRobinBatch(1)
  ProjectionExec: expr=[#1@0 as id]
    ShuffleReadExec: partitioning=RoundRobinBatch(16)

[2026-10-03T20:23:55Z DEBUG sail_execution::task_runner::preparation] job 4 stage 1 partition 2 attempt 0 preparation wait=626.846µs duration=392.136µs
[2026-10-03T20:23:55Z DEBUG sail_execution::task_runner::preparation] job 4 stage 1 partition 0 attempt 0 execution plan
ShuffleWriteExec: partitioning=RoundRobinBatch(1)
  ProjectionExec: expr=[#1@0 as id]
    ShuffleReadExec: partitioning=RoundRobinBatch(16)

[2026-10-03T20:23:55Z DEBUG sail_execution::task_runner::preparation] job 4 stage 1 partition 10 attempt 0 preparation wait=1.169903ms duration=1.125239ms
[2026-10-03T20:23:55Z DEBUG sail_execution::task_runner::preparation] job 4 stage 1 partition 8 attempt 0 execution plan
ShuffleWriteExec: partitioning=RoundRobinBatch(1)
  ProjectionExec: expr=[#1@0 as id]
    ShuffleReadExec: partitioning=RoundRobinBatch(16)

[2026-10-03T20:23:55Z DEBUG sail_execution::task_runner::preparation] job 4 stage 2 partition 0 attempt 0 execution plan
ShuffleWriteExec: partitioning=RoundRobinBatch(1)
  DataSinkExec: sink=ParquetSink(file_groups=[])
    ShuffleReadExec: partitioning=UnknownPartitioning(1)

[2026-10-03T20:23:55Z DEBUG sail_execution::task_runner::preparation] job 4 stage 1 partition 8 attempt 0 preparation wait=1.079027ms duration=1.38362ms
[2026-10-03T20:23:55Z DEBUG sail_execution::task_runner::preparation] job 4 stage 1 partition 12 attempt 0 preparation wait=855.156µs duration=1.254836ms
[2026-10-03T20:23:55Z DEBUG sail_execution::task_runner::preparation] job 4 stage 2 partition 0 attempt 0 preparation wait=1.024496ms duration=1.565025ms
[2026-10-03T20:23:55Z DEBUG sail_execution::task_runner::preparation] job 4 stage 1 partition 6 attempt 0 preparation wait=710.9µs duration=1.763769ms
[2026-10-03T20:23:55Z DEBUG sail_execution::task_runner::preparation] job 4 stage 1 partition 4 attempt 0 execution plan
ShuffleWriteExec: partitioning=RoundRobinBatch(1)
  ProjectionExec: expr=[#1@0 as id]
    ShuffleReadExec: partitioning=RoundRobinBatch(16)

[2026-10-03T20:23:55Z DEBUG sail_execution::task_runner::preparation] job 4 stage 1 partition 14 attempt 0 preparation wait=781.301µs duration=1.586484ms
[2026-10-03T20:23:55Z DEBUG sail_execution::task_runner::preparation] job 4 stage 1 partition 0 attempt 0 preparation wait=1.297155ms duration=1.041902ms
[2026-10-03T20:23:55Z DEBUG sail_execution::task_runner::preparation] job 4 stage 1 partition 4 attempt 0 preparation wait=958.47µs duration=1.085121ms
[2026-10-03T20:23:55Z DEBUG sail_execution::stream::service::server] TaskStreamKey { job_id: JobId(4), stage: 2, partition: 0, attempt: 0, channel: 0 }
[2026-10-03T20:23:55Z DEBUG sail_execution::task_runner::actor::handler] worker_task_status worker_id=2 job_id=4 stage=1 partition=4 attempt=0 status=SUCCEEDED
[2026-10-03T20:23:55Z DEBUG sail_execution::task_runner::actor::handler] worker_task_status worker_id=2 job_id=4 stage=1 partition=2 attempt=0 status=SUCCEEDED
[2026-10-03T20:23:55Z DEBUG sail_execution::task_runner::actor::handler] worker_task_status worker_id=2 job_id=4 stage=1 partition=12 attempt=0 status=SUCCEEDED
[2026-10-03T20:23:55Z DEBUG sail_execution::task_runner::actor::handler] worker_task_status worker_id=2 job_id=4 stage=1 partition=0 attempt=0 status=SUCCEEDED
[2026-10-03T20:23:55Z DEBUG sail_execution::task_runner::actor::handler] worker_task_status worker_id=2 job_id=4 stage=1 partition=14 attempt=0 status=SUCCEEDED
[2026-10-03T20:23:55Z DEBUG sail_execution::task_runner::actor::handler] worker_task_status worker_id=2 job_id=4 stage=1 partition=8 attempt=0 status=SUCCEEDED
[2026-10-03T20:23:55Z DEBUG sail_execution::task_runner::actor::handler] worker_task_status worker_id=2 job_id=4 stage=1 partition=10 attempt=0 status=SUCCEEDED
[2026-10-03T20:23:55Z DEBUG sail_execution::task_runner::actor::handler] worker_task_status worker_id=2 job_id=4 stage=1 partition=6 attempt=0 status=SUCCEEDED
[2026-10-03T20:23:55Z DEBUG sail_execution::task_runner::actor::handler] worker_task_status worker_id=2 job_id=4 stage=2 partition=0 attempt=0 status=SUCCEEDED
[2026-10-03T20:23:55Z DEBUG sail_execution::worker::server] CleanUpJobRequest { job_id: 4, stage: Some(1) }
[2026-10-03T20:23:55Z DEBUG sail_execution::worker::server] CleanUpJobResponse
[2026-10-03T20:23:55Z DEBUG sail_execution::worker::server] CleanUpJobRequest { job_id: 4, stage: None }
[2026-10-03T20:23:55Z DEBUG sail_execution::worker::server] CleanUpJobResponse
[2026-10-03T20:23:55Z DEBUG sail_execution::worker::server] CleanUpJobRequest { job_id: 5, stage: None }
[2026-10-03T20:23:55Z DEBUG sail_execution::worker::server] CleanUpJobResponse
[2026-10-03T20:23:55Z DEBUG sail_execution::worker::server] RunTaskBatchRequest { job_id: 6, stage: 1, tasks: [TaskAttempt { partition: 9, attempt: 0 }, TaskAttempt { partition: 11, attempt: 0 }, TaskAttempt { partition: 13, attempt: 0 }, TaskAttempt { partition: 15, attempt: 0 }, TaskAttempt { partition: 1, attempt: 0 }, TaskAttempt { partition: 3, attempt: 0 }, TaskAttempt { partition: 5, attempt: 0 }, TaskAttempt { partition: 7, attempt: 0 }], definition: [10, 75, 34, 73, 10, 43, 146, 1, 40, 10, 38, 26, 36, 18, 28, 10, 0, 42, 24, 10, 10, 10, 2, 35, 50, 18, 2, 82, 0, 24, 1, 10, 10, 10, 2, 35, 51, 18, 2, 82, 0, 24, 1, 26, 2, 8, 16, 32, 1, 18, 6, 10, 4, 10, 2, 35, 50, 18, 8, 10, 6, 10, 2, 35, 51, 16, 1, 26, 3, 115, 114, 99, 26, 3, 100, 115, 116, 18, 246, 7, 18, 243, 7, 18, 240, 7, 10, 46, 10, 2, 8, 1, 10, 4, 8, 2, 16, 1, 10, 4, 8, 1, 16, 2, 10, 4, 8, 2, 16, 3, 10, 4, 8, 1, 16, 4, 10, 4, 8, 2, 16, 5, 10, 4, 8, 1, 16, 6, ... (1108 bytes)], peers: [] }
[2026-10-03T20:23:55Z DEBUG sail_execution::worker::server] RunTaskBatchRequest { job_id: 6, stage: 0, tasks: [TaskAttempt { partition: 1, attempt: 0 }, TaskAttempt { partition: 3, attempt: 0 }, TaskAttempt { partition: 5, attempt: 0 }, TaskAttempt { partition: 7, attempt: 0 }], definition: [10, 214, 16, 146, 1, 210, 16, 10, 207, 16, 162, 3, 203, 16, 10, 197, 15, 10, 230, 1, 10, 227, 1, 10, 99, 86, 111, 108, 117, 109, 101, 115, 47, 65, 112, 111, 47, 103, 114, 97, 112, 104, 45, 116, 101, 115, 116, 115, 47, 114, 101, 115, 117, 108, 116, 115, 47, 115, 101, 109, 45, 99, 111, 109, 112, 108, 101, 116, 105, 111, 110, 45, 50, 48, 50, 54, 49, 48, 48, 51, 47, 88, 50, 45, 110, 97, 116, 105, 118, 101, 48, 51, 47, 102, 105, 120, 116, 117, 114, 101, 48, 49, 47, 101, 100, 103, 101, 115, 47, 112, 97, 114, 116, 45, 48, 48, 46, 112, 97, 114, 113, 117, 101, 116, 16, 164, 48, 24, ... (2151 bytes)], peers: [] }
[2026-10-03T20:23:55Z DEBUG sail_execution::task_runner::actor::handler] worker_task_status worker_id=2 job_id=6 stage=1 partition=13 attempt=0 status=RUNNING
[2026-10-03T20:23:55Z DEBUG sail_execution::task_runner::actor::handler] worker_task_status worker_id=2 job_id=6 stage=1 partition=9 attempt=0 status=RUNNING
[2026-10-03T20:23:55Z DEBUG sail_execution::task_runner::actor::handler] worker_task_status worker_id=2 job_id=6 stage=1 partition=3 attempt=0 status=RUNNING
[2026-10-03T20:23:55Z DEBUG sail_execution::task_runner::actor::handler] worker_task_status worker_id=2 job_id=6 stage=0 partition=1 attempt=0 status=RUNNING
[2026-10-03T20:23:55Z DEBUG sail_execution::task_runner::preparation] job 6 stage 1 partition 13 attempt 0 execution plan
ShuffleWriteExec: partitioning=RoundRobinBatch(1)
  ProjectionExec: expr=[#2@0 as src, #3@1 as dst]
    ShuffleReadExec: partitioning=RoundRobinBatch(16)

[2026-10-03T20:23:55Z DEBUG sail_execution::worker::server] RunTaskBatchResponse
[2026-10-03T20:23:55Z DEBUG sail_execution::task_runner::preparation] job 6 stage 1 partition 11 attempt 0 execution plan
ShuffleWriteExec: partitioning=RoundRobinBatch(1)
  ProjectionExec: expr=[#2@0 as src, #3@1 as dst]
    ShuffleReadExec: partitioning=RoundRobinBatch(16)

[2026-10-03T20:23:55Z DEBUG sail_execution::task_runner::preparation] job 6 stage 1 partition 9 attempt 0 execution plan
ShuffleWriteExec: partitioning=RoundRobinBatch(1)
  ProjectionExec: expr=[#2@0 as src, #3@1 as dst]
    ShuffleReadExec: partitioning=RoundRobinBatch(16)

[2026-10-03T20:23:55Z DEBUG sail_execution::worker::server] RunTaskBatchResponse
[2026-10-03T20:23:55Z DEBUG sail_execution::task_runner::preparation] job 6 stage 1 partition 5 attempt 0 execution plan
ShuffleWriteExec: partitioning=RoundRobinBatch(1)
  ProjectionExec: expr=[#2@0 as src, #3@1 as dst]
    ShuffleReadExec: partitioning=RoundRobinBatch(16)

[2026-10-03T20:23:55Z DEBUG sail_execution::task_runner::actor::handler] worker_task_status worker_id=2 job_id=6 stage=1 partition=5 attempt=0 status=RUNNING
[2026-10-03T20:23:55Z DEBUG sail_execution::task_runner::preparation] job 6 stage 1 partition 5 attempt 0 preparation wait=38.331µs duration=194.744µs
[2026-10-03T20:23:55Z DEBUG sail_execution::task_runner::actor::handler] worker_task_status worker_id=2 job_id=6 stage=1 partition=11 attempt=0 status=RUNNING
[2026-10-03T20:23:55Z DEBUG sail_execution::task_runner::preparation] job 6 stage 1 partition 13 attempt 0 preparation wait=50.814µs duration=124.075µs
[2026-10-03T20:23:55Z DEBUG sail_execution::task_runner::preparation] job 6 stage 1 partition 9 attempt 0 preparation wait=129.171µs duration=116.286µs
[2026-10-03T20:23:55Z DEBUG sail_execution::task_runner::preparation] job 6 stage 1 partition 7 attempt 0 execution plan
ShuffleWriteExec: partitioning=RoundRobinBatch(1)
  ProjectionExec: expr=[#2@0 as src, #3@1 as dst]
    ShuffleReadExec: partitioning=RoundRobinBatch(16)

[2026-10-03T20:23:55Z DEBUG sail_execution::task_runner::preparation] job 6 stage 1 partition 1 attempt 0 execution plan
ShuffleWriteExec: partitioning=RoundRobinBatch(1)
  ProjectionExec: expr=[#2@0 as src, #3@1 as dst]
    ShuffleReadExec: partitioning=RoundRobinBatch(16)

[2026-10-03T20:23:55Z DEBUG sail_execution::task_runner::preparation] job 6 stage 1 partition 7 attempt 0 preparation wait=299.886µs duration=100.07µs
[2026-10-03T20:23:55Z DEBUG sail_execution::task_runner::preparation] job 6 stage 1 partition 3 attempt 0 execution plan
ShuffleWriteExec: partitioning=RoundRobinBatch(1)
  ProjectionExec: expr=[#2@0 as src, #3@1 as dst]
    ShuffleReadExec: partitioning=RoundRobinBatch(16)

[2026-10-03T20:23:55Z DEBUG sail_execution::task_runner::preparation] job 6 stage 1 partition 11 attempt 0 preparation wait=48.389µs duration=92.014µs
[2026-10-03T20:23:55Z DEBUG sail_execution::task_runner::actor::handler] worker_task_status worker_id=2 job_id=6 stage=1 partition=1 attempt=0 status=RUNNING
[2026-10-03T20:23:55Z DEBUG sail_execution::task_runner::preparation] job 6 stage 0 partition 1 attempt 0 execution plan
ShuffleWriteExec: partitioning=RoundRobinRow(16)
  DataSourceExec: file_groups={8 groups: [[Volumes/Apo/graph-tests/results/sem-completion-20261003/X2-native03/fixture01/edges/part-00.parquet], [Volumes/Apo/graph-tests/results/sem-completion-20261003/X2-native03/fixture01/edges/part-01.parquet], [Volumes/Apo/graph-tests/results/sem-completion-20261003/X2-native03/fixture01/edges/part-02.parquet], [Volumes/Apo/graph-tests/results/sem-completion-20261003/X2-native03/fixture01/edges/part-03.parquet], [Volumes/Apo/graph-tests/results/sem-completion-20261003/X2-native03/fixture01/edges/part-04.parquet], [Volumes/Apo/graph-tests/results/sem-completion-20261003/X2-native03/fixture01/edges/part-05.parquet], [Volumes/Apo/graph-tests/results/sem-completion-20261003/X2-native03/fixture01/edges/part-06.parquet], [Volumes/Apo/graph-tests/results/sem-completion-20261003/X2-native03/fixture01/edges/part-07.parquet]]}, projection=[src@0 as #2, dst@1 as #3], file_type=parquet

[2026-10-03T20:23:55Z DEBUG sail_execution::task_runner::preparation] job 6 stage 1 partition 1 attempt 0 preparation wait=231.514µs duration=213.881µs
[2026-10-03T20:23:55Z DEBUG sail_execution::task_runner::preparation] job 6 stage 0 partition 7 attempt 0 execution plan
ShuffleWriteExec: partitioning=RoundRobinRow(16)
  DataSourceExec: file_groups={8 groups: [[Volumes/Apo/graph-tests/results/sem-completion-20261003/X2-native03/fixture01/edges/part-00.parquet], [Volumes/Apo/graph-tests/results/sem-completion-20261003/X2-native03/fixture01/edges/part-01.parquet], [Volumes/Apo/graph-tests/results/sem-completion-20261003/X2-native03/fixture01/edges/part-02.parquet], [Volumes/Apo/graph-tests/results/sem-completion-20261003/X2-native03/fixture01/edges/part-03.parquet], [Volumes/Apo/graph-tests/results/sem-completion-20261003/X2-native03/fixture01/edges/part-04.parquet], [Volumes/Apo/graph-tests/results/sem-completion-20261003/X2-native03/fixture01/edges/part-05.parquet], [Volumes/Apo/graph-tests/results/sem-completion-20261003/X2-native03/fixture01/edges/part-06.parquet], [Volumes/Apo/graph-tests/results/sem-completion-20261003/X2-native03/fixture01/edges/part-07.parquet]]}, projection=[src@0 as #2, dst@1 as #3], file_type=parquet

[2026-10-03T20:23:55Z DEBUG sail_execution::task_runner::preparation] job 6 stage 0 partition 1 attempt 0 preparation wait=32.767µs duration=701.109µs
[2026-10-03T20:23:55Z DEBUG sail_execution::task_runner::preparation] job 6 stage 1 partition 3 attempt 0 preparation wait=312.536µs duration=300.569µs
[2026-10-03T20:23:55Z DEBUG sail_execution::task_runner::actor::handler] worker_task_status worker_id=2 job_id=6 stage=1 partition=7 attempt=0 status=RUNNING
[2026-10-03T20:23:55Z DEBUG sail_execution::task_runner::preparation] job 6 stage 0 partition 5 attempt 0 execution plan
ShuffleWriteExec: partitioning=RoundRobinRow(16)
  DataSourceExec: file_groups={8 groups: [[Volumes/Apo/graph-tests/results/sem-completion-20261003/X2-native03/fixture01/edges/part-00.parquet], [Volumes/Apo/graph-tests/results/sem-completion-20261003/X2-native03/fixture01/edges/part-01.parquet], [Volumes/Apo/graph-tests/results/sem-completion-20261003/X2-native03/fixture01/edges/part-02.parquet], [Volumes/Apo/graph-tests/results/sem-completion-20261003/X2-native03/fixture01/edges/part-03.parquet], [Volumes/Apo/graph-tests/results/sem-completion-20261003/X2-native03/fixture01/edges/part-04.parquet], [Volumes/Apo/graph-tests/results/sem-completion-20261003/X2-native03/fixture01/edges/part-05.parquet], [Volumes/Apo/graph-tests/results/sem-completion-20261003/X2-native03/fixture01/edges/part-06.parquet], [Volumes/Apo/graph-tests/results/sem-completion-20261003/X2-native03/fixture01/edges/part-07.parquet]]}, projection=[src@0 as #2, dst@1 as #3], file_type=parquet

[2026-10-03T20:23:55Z DEBUG sail_execution::task_runner::actor::handler] worker_task_status worker_id=2 job_id=6 stage=1 partition=15 attempt=0 status=RUNNING
[2026-10-03T20:23:55Z DEBUG sail_execution::task_runner::actor::handler] worker_task_status worker_id=2 job_id=6 stage=0 partition=7 attempt=0 status=RUNNING
[2026-10-03T20:23:55Z DEBUG sail_execution::task_runner::preparation] job 6 stage 0 partition 7 attempt 0 preparation wait=342.913µs duration=362.855µs
[2026-10-03T20:23:55Z DEBUG sail_execution::task_runner::actor::handler] worker_task_status worker_id=2 job_id=6 stage=0 partition=5 attempt=0 status=RUNNING
[2026-10-03T20:23:55Z DEBUG sail_execution::task_runner::actor::handler] worker_task_status worker_id=2 job_id=6 stage=0 partition=3 attempt=0 status=RUNNING
[2026-10-03T20:23:55Z DEBUG sail_execution::task_runner::preparation] job 6 stage 0 partition 5 attempt 0 preparation wait=408.612µs duration=372.373µs
[2026-10-03T20:23:55Z DEBUG sail_execution::task_runner::preparation] job 6 stage 0 partition 3 attempt 0 execution plan
ShuffleWriteExec: partitioning=RoundRobinRow(16)
  DataSourceExec: file_groups={8 groups: [[Volumes/Apo/graph-tests/results/sem-completion-20261003/X2-native03/fixture01/edges/part-00.parquet], [Volumes/Apo/graph-tests/results/sem-completion-20261003/X2-native03/fixture01/edges/part-01.parquet], [Volumes/Apo/graph-tests/results/sem-completion-20261003/X2-native03/fixture01/edges/part-02.parquet], [Volumes/Apo/graph-tests/results/sem-completion-20261003/X2-native03/fixture01/edges/part-03.parquet], [Volumes/Apo/graph-tests/results/sem-completion-20261003/X2-native03/fixture01/edges/part-04.parquet], [Volumes/Apo/graph-tests/results/sem-completion-20261003/X2-native03/fixture01/edges/part-05.parquet], [Volumes/Apo/graph-tests/results/sem-completion-20261003/X2-native03/fixture01/edges/part-06.parquet], [Volumes/Apo/graph-tests/results/sem-completion-20261003/X2-native03/fixture01/edges/part-07.parquet]]}, projection=[src@0 as #2, dst@1 as #3], file_type=parquet

[2026-10-03T20:23:55Z DEBUG sail_execution::task_runner::preparation] job 6 stage 0 partition 3 attempt 0 preparation wait=1.728119ms duration=367.283µs
[2026-10-03T20:23:55Z DEBUG sail_execution::task_runner::preparation] job 6 stage 1 partition 15 attempt 0 execution plan
ShuffleWriteExec: partitioning=RoundRobinBatch(1)
  ProjectionExec: expr=[#2@0 as src, #3@1 as dst]
    ShuffleReadExec: partitioning=RoundRobinBatch(16)

[2026-10-03T20:23:55Z DEBUG sail_execution::task_runner::preparation] job 6 stage 1 partition 15 attempt 0 preparation wait=2.133345ms duration=93.835µs
[2026-10-03T20:23:55Z DEBUG sail_execution::task_runner::actor::handler] worker_task_status worker_id=2 job_id=6 stage=0 partition=1 attempt=0 status=SUCCEEDED
[2026-10-03T20:23:55Z DEBUG sail_execution::task_runner::actor::handler] worker_task_status worker_id=2 job_id=6 stage=0 partition=5 attempt=0 status=SUCCEEDED
[2026-10-03T20:23:55Z DEBUG sail_execution::task_runner::actor::handler] worker_task_status worker_id=2 job_id=6 stage=0 partition=7 attempt=0 status=SUCCEEDED
[2026-10-03T20:23:55Z DEBUG sail_execution::task_runner::actor::handler] worker_task_status worker_id=2 job_id=6 stage=0 partition=3 attempt=0 status=SUCCEEDED
[2026-10-03T20:23:55Z DEBUG sail_execution::stream::service::server] TaskStreamKey { job_id: JobId(6), stage: 0, partition: 3, attempt: 0, channel: 8 }
[2026-10-03T20:23:55Z DEBUG sail_execution::stream::service::server] TaskStreamKey { job_id: JobId(6), stage: 1, partition: 13, attempt: 0, channel: 0 }
[2026-10-03T20:23:55Z DEBUG sail_execution::stream::service::server] TaskStreamKey { job_id: JobId(6), stage: 0, partition: 7, attempt: 0, channel: 12 }
[2026-10-03T20:23:55Z DEBUG sail_execution::stream::service::server] TaskStreamKey { job_id: JobId(6), stage: 1, partition: 3, attempt: 0, channel: 0 }
[2026-10-03T20:23:55Z DEBUG sail_execution::stream::service::server] TaskStreamKey { job_id: JobId(6), stage: 0, partition: 1, attempt: 0, channel: 12 }
[2026-10-03T20:23:55Z DEBUG sail_execution::stream::service::server] TaskStreamKey { job_id: JobId(6), stage: 0, partition: 5, attempt: 0, channel: 12 }
[2026-10-03T20:23:55Z DEBUG sail_execution::stream::service::server] TaskStreamKey { job_id: JobId(6), stage: 0, partition: 5, attempt: 0, channel: 6 }
[2026-10-03T20:23:55Z DEBUG sail_execution::stream::service::server] TaskStreamKey { job_id: JobId(6), stage: 0, partition: 3, attempt: 0, channel: 6 }
[2026-10-03T20:23:55Z DEBUG sail_execution::stream::service::server] TaskStreamKey { job_id: JobId(6), stage: 0, partition: 3, attempt: 0, channel: 2 }
[2026-10-03T20:23:55Z DEBUG sail_execution::stream::service::server] TaskStreamKey { job_id: JobId(6), stage: 1, partition: 15, attempt: 0, channel: 0 }
[2026-10-03T20:23:55Z DEBUG sail_execution::stream::service::server] TaskStreamKey { job_id: JobId(6), stage: 1, partition: 7, attempt: 0, channel: 0 }
[2026-10-03T20:23:55Z DEBUG sail_execution::stream::service::server] TaskStreamKey { job_id: JobId(6), stage: 0, partition: 1, attempt: 0, channel: 6 }
[2026-10-03T20:23:55Z DEBUG sail_execution::stream::service::server] TaskStreamKey { job_id: JobId(6), stage: 0, partition: 3, attempt: 0, channel: 12 }
[2026-10-03T20:23:55Z DEBUG sail_execution::task_runner::actor::handler] worker_task_status worker_id=2 job_id=6 stage=1 partition=9 attempt=0 status=SUCCEEDED
[2026-10-03T20:23:55Z DEBUG sail_execution::task_runner::actor::handler] worker_task_status worker_id=2 job_id=6 stage=1 partition=1 attempt=0 status=SUCCEEDED
[2026-10-03T20:23:55Z DEBUG sail_execution::task_runner::actor::handler] worker_task_status worker_id=2 job_id=6 stage=1 partition=5 attempt=0 status=SUCCEEDED
[2026-10-03T20:23:55Z DEBUG sail_execution::task_runner::actor::handler] worker_task_status worker_id=2 job_id=6 stage=1 partition=7 attempt=0 status=SUCCEEDED
[2026-10-03T20:23:55Z DEBUG sail_execution::stream::service::server] TaskStreamKey { job_id: JobId(6), stage: 0, partition: 5, attempt: 0, channel: 2 }
[2026-10-03T20:23:55Z DEBUG sail_execution::task_runner::actor::handler] worker_task_status worker_id=2 job_id=6 stage=1 partition=11 attempt=0 status=SUCCEEDED
[2026-10-03T20:23:55Z DEBUG sail_execution::stream::service::server] TaskStreamKey { job_id: JobId(6), stage: 0, partition: 7, attempt: 0, channel: 2 }
[2026-10-03T20:23:55Z DEBUG sail_execution::stream::service::server] TaskStreamKey { job_id: JobId(6), stage: 0, partition: 1, attempt: 0, channel: 2 }
[2026-10-03T20:23:55Z DEBUG sail_execution::task_runner::actor::handler] worker_task_status worker_id=2 job_id=6 stage=1 partition=13 attempt=0 status=SUCCEEDED
[2026-10-03T20:23:55Z DEBUG sail_execution::stream::service::server] TaskStreamKey { job_id: JobId(6), stage: 0, partition: 7, attempt: 0, channel: 8 }
[2026-10-03T20:23:55Z DEBUG sail_execution::stream::service::server] TaskStreamKey { job_id: JobId(6), stage: 0, partition: 1, attempt: 0, channel: 10 }
[2026-10-03T20:23:55Z DEBUG sail_execution::stream::service::server] TaskStreamKey { job_id: JobId(6), stage: 0, partition: 7, attempt: 0, channel: 10 }
[2026-10-03T20:23:55Z DEBUG sail_execution::stream::service::server] TaskStreamKey { job_id: JobId(6), stage: 0, partition: 1, attempt: 0, channel: 0 }
[2026-10-03T20:23:55Z DEBUG sail_execution::stream::service::server] TaskStreamKey { job_id: JobId(6), stage: 0, partition: 3, attempt: 0, channel: 10 }
[2026-10-03T20:23:55Z DEBUG sail_execution::stream::service::server] TaskStreamKey { job_id: JobId(6), stage: 0, partition: 7, attempt: 0, channel: 4 }
[2026-10-03T20:23:55Z DEBUG sail_execution::stream::service::server] TaskStreamKey { job_id: JobId(6), stage: 1, partition: 9, attempt: 0, channel: 0 }
[2026-10-03T20:23:55Z DEBUG sail_execution::stream::service::server] TaskStreamKey { job_id: JobId(6), stage: 0, partition: 5, attempt: 0, channel: 8 }
[2026-10-03T20:23:55Z DEBUG sail_execution::stream::service::server] TaskStreamKey { job_id: JobId(6), stage: 0, partition: 5, attempt: 0, channel: 4 }
[2026-10-03T20:23:55Z DEBUG sail_execution::stream::service::server] TaskStreamKey { job_id: JobId(6), stage: 0, partition: 5, attempt: 0, channel: 10 }
[2026-10-03T20:23:55Z DEBUG sail_execution::stream::service::server] TaskStreamKey { job_id: JobId(6), stage: 1, partition: 1, attempt: 0, channel: 0 }
[2026-10-03T20:23:55Z DEBUG sail_execution::stream::service::server] TaskStreamKey { job_id: JobId(6), stage: 0, partition: 1, attempt: 0, channel: 8 }
[2026-10-03T20:23:55Z DEBUG sail_execution::stream::service::server] TaskStreamKey { job_id: JobId(6), stage: 1, partition: 11, attempt: 0, channel: 0 }
[2026-10-03T20:23:55Z DEBUG sail_execution::stream::service::server] TaskStreamKey { job_id: JobId(6), stage: 0, partition: 3, attempt: 0, channel: 4 }
[2026-10-03T20:23:55Z DEBUG sail_execution::stream::service::server] TaskStreamKey { job_id: JobId(6), stage: 0, partition: 3, attempt: 0, channel: 0 }
[2026-10-03T20:23:55Z DEBUG sail_execution::stream::service::server] TaskStreamKey { job_id: JobId(6), stage: 1, partition: 5, attempt: 0, channel: 0 }
[2026-10-03T20:23:55Z DEBUG sail_execution::stream::service::server] TaskStreamKey { job_id: JobId(6), stage: 0, partition: 5, attempt: 0, channel: 0 }
[2026-10-03T20:23:55Z DEBUG sail_execution::stream::service::server] TaskStreamKey { job_id: JobId(6), stage: 0, partition: 7, attempt: 0, channel: 6 }
[2026-10-03T20:23:55Z DEBUG sail_execution::task_runner::actor::handler] worker_task_status worker_id=2 job_id=6 stage=1 partition=15 attempt=0 status=SUCCEEDED
[2026-10-03T20:23:55Z DEBUG sail_execution::task_runner::actor::handler] worker_task_status worker_id=2 job_id=6 stage=1 partition=3 attempt=0 status=SUCCEEDED
[2026-10-03T20:23:55Z DEBUG sail_execution::stream::service::server] TaskStreamKey { job_id: JobId(6), stage: 0, partition: 1, attempt: 0, channel: 14 }
[2026-10-03T20:23:55Z DEBUG sail_execution::stream::service::server] TaskStreamKey { job_id: JobId(6), stage: 0, partition: 1, attempt: 0, channel: 4 }
[2026-10-03T20:23:55Z DEBUG sail_execution::stream::service::server] TaskStreamKey { job_id: JobId(6), stage: 0, partition: 5, attempt: 0, channel: 14 }
[2026-10-03T20:23:55Z DEBUG sail_execution::stream::service::server] TaskStreamKey { job_id: JobId(6), stage: 0, partition: 7, attempt: 0, channel: 0 }
[2026-10-03T20:23:55Z DEBUG sail_execution::stream::service::server] TaskStreamKey { job_id: JobId(6), stage: 0, partition: 7, attempt: 0, channel: 14 }
[2026-10-03T20:23:55Z DEBUG sail_execution::stream::service::server] TaskStreamKey { job_id: JobId(6), stage: 0, partition: 3, attempt: 0, channel: 14 }
[2026-10-03T20:23:55Z DEBUG sail_execution::worker::server] CleanUpJobRequest { job_id: 6, stage: Some(0) }
[2026-10-03T20:23:55Z DEBUG sail_execution::worker::server] CleanUpJobResponse
[2026-10-03T20:23:55Z DEBUG sail_execution::worker::server] CleanUpJobRequest { job_id: 6, stage: Some(1) }
[2026-10-03T20:23:55Z DEBUG sail_execution::worker::server] CleanUpJobResponse
[2026-10-03T20:23:55Z DEBUG sail_execution::worker::server] CleanUpJobRequest { job_id: 6, stage: None }
[2026-10-03T20:23:55Z DEBUG sail_execution::worker::server] CleanUpJobResponse
[2026-10-03T20:23:55Z DEBUG sail_execution::worker::server] CleanUpJobRequest { job_id: 7, stage: None }
[2026-10-03T20:23:55Z DEBUG sail_execution::worker::server] CleanUpJobResponse
[2026-10-03T20:23:55Z DEBUG sail_execution::worker::server] RunTaskBatchRequest { job_id: 8, stage: 0, tasks: [TaskAttempt { partition: 1, attempt: 0 }], definition: [10, 218, 10, 154, 1, 214, 10, 10, 168, 5, 146, 1, 164, 5, 10, 161, 5, 162, 3, 157, 5, 10, 151, 4, 10, 201, 2, 10, 198, 2, 10, 180, 1, 85, 115, 101, 114, 115, 47, 97, 108, 101, 120, 121, 47, 115, 114, 99, 47, 103, 114, 117, 115, 116, 45, 98, 101, 110, 99, 104, 109, 97, 114, 107, 45, 114, 117, 110, 115, 47, 115, 101, 109, 45, 99, 111, 109, 112, 108, 101, 116, 105, 111, 110, 45, 50, 48, 50, 54, 49, 48, 48, 51, 47, 120, 50, 45, 110, 97, 116, 105, 118, 101, 48, 51, 47, 120, 50, 45, 114, 101, 102, 101, 114, 101, 110, 99, 101, 45, 112, 49, 54, 45, 48, 49, 47, 115, 116, ... (1387 bytes)], peers: [] }
[2026-10-03T20:23:55Z DEBUG sail_execution::worker::server] RunTaskBatchResponse
[2026-10-03T20:23:55Z DEBUG sail_execution::task_runner::actor::handler] worker_task_status worker_id=2 job_id=8 stage=0 partition=1 attempt=0 status=RUNNING
[2026-10-03T20:23:55Z DEBUG sail_execution::worker::server] RunTaskBatchRequest { job_id: 8, stage: 1, tasks: [TaskAttempt { partition: 15, attempt: 0 }, TaskAttempt { partition: 1, attempt: 0 }, TaskAttempt { partition: 3, attempt: 0 }, TaskAttempt { partition: 5, attempt: 0 }, TaskAttempt { partition: 7, attempt: 0 }, TaskAttempt { partition: 9, attempt: 0 }, TaskAttempt { partition: 11, attempt: 0 }, TaskAttempt { partition: 13, attempt: 0 }], definition: [10, 75, 34, 73, 10, 43, 146, 1, 40, 10, 38, 26, 36, 18, 28, 10, 0, 42, 24, 10, 10, 10, 2, 35, 48, 18, 2, 82, 0, 24, 1, 10, 10, 10, 2, 35, 49, 18, 2, 82, 0, 24, 1, 26, 2, 8, 16, 32, 1, 18, 6, 10, 4, 10, 2, 35, 48, 18, 8, 10, 6, 10, 2, 35, 49, 16, 1, 26, 3, 115, 114, 99, 26, 3, 100, 115, 116, 18, 130, 2, 18, 255, 1, 18, 252, 1, 10, 10, 10, 2, 8, 1, 10, 4, 8, 2, 16, 1, 10, 14, 10, 4, 8, 1, 32, 1, 10, 6, 8, 2, 16, 1, 32, 1, 10, 14, 10, 4, 8, 1, 32, 2, 10, 6, 8, 2, 16, 1, ... (352 bytes)], peers: [] }
[2026-10-03T20:23:55Z DEBUG sail_execution::worker::server] RunTaskBatchResponse
[2026-10-03T20:23:55Z DEBUG sail_execution::task_runner::actor::handler] worker_task_status worker_id=2 job_id=8 stage=1 partition=5 attempt=0 status=RUNNING
[2026-10-03T20:23:55Z DEBUG sail_execution::task_runner::actor::handler] worker_task_status worker_id=2 job_id=8 stage=1 partition=7 attempt=0 status=RUNNING
[2026-10-03T20:23:55Z DEBUG sail_execution::task_runner::preparation] job 8 stage 0 partition 1 attempt 0 execution plan
ShuffleWriteExec: partitioning=RoundRobinRow(16)
  UnionExec
    DataSourceExec: file_groups={1 group: [[Users/alexy/src/grust-benchmark-runs/sem-completion-20261003/x2-native03/x2-reference-p16-01/staging/f7b8a2fd-e036-48df-b4df-3f4558853bc0/stage-00001/NV1riu6w76VATcIs_0.zst.parquet]]}, projection=[src@0 as #0, dst@1 as #1], file_type=parquet
    DataSourceExec: file_groups={1 group: [[Users/alexy/src/grust-benchmark-runs/sem-completion-20261003/x2-native03/x2-reference-p16-01/staging/f7b8a2fd-e036-48df-b4df-3f4558853bc0/stage-00001/NV1riu6w76VATcIs_0.zst.parquet]]}, projection=[dst@1 as #0, src@0 as #1], file_type=parquet

[2026-10-03T20:23:55Z DEBUG sail_execution::task_runner::preparation] job 8 stage 1 partition 11 attempt 0 execution plan
ShuffleWriteExec: partitioning=RoundRobinBatch(1)
  ProjectionExec: expr=[#0@0 as src, #1@1 as dst]
    ShuffleReadExec: partitioning=RoundRobinBatch(16)

[2026-10-03T20:23:55Z DEBUG sail_execution::task_runner::preparation] job 8 stage 1 partition 3 attempt 0 execution plan
ShuffleWriteExec: partitioning=RoundRobinBatch(1)
  ProjectionExec: expr=[#0@0 as src, #1@1 as dst]
    ShuffleReadExec: partitioning=RoundRobinBatch(16)

[2026-10-03T20:23:55Z DEBUG sail_execution::task_runner::preparation] job 8 stage 1 partition 5 attempt 0 execution plan
ShuffleWriteExec: partitioning=RoundRobinBatch(1)
  ProjectionExec: expr=[#0@0 as src, #1@1 as dst]
    ShuffleReadExec: partitioning=RoundRobinBatch(16)

[2026-10-03T20:23:55Z DEBUG sail_execution::task_runner::preparation] job 8 stage 1 partition 1 attempt 0 execution plan
ShuffleWriteExec: partitioning=RoundRobinBatch(1)
  ProjectionExec: expr=[#0@0 as src, #1@1 as dst]
    ShuffleReadExec: partitioning=RoundRobinBatch(16)

[2026-10-03T20:23:55Z DEBUG sail_execution::task_runner::preparation] job 8 stage 1 partition 5 attempt 0 preparation wait=39.234µs duration=157µs
[2026-10-03T20:23:55Z DEBUG sail_execution::task_runner::actor::handler] worker_task_status worker_id=2 job_id=8 stage=1 partition=9 attempt=0 status=RUNNING
[2026-10-03T20:23:55Z DEBUG sail_execution::task_runner::preparation] job 8 stage 1 partition 13 attempt 0 execution plan
ShuffleWriteExec: partitioning=RoundRobinBatch(1)
  ProjectionExec: expr=[#0@0 as src, #1@1 as dst]
    ShuffleReadExec: partitioning=RoundRobinBatch(16)

[2026-10-03T20:23:55Z DEBUG sail_execution::task_runner::actor::handler] worker_task_status worker_id=2 job_id=8 stage=1 partition=1 attempt=0 status=RUNNING
[2026-10-03T20:23:55Z DEBUG sail_execution::task_runner::preparation] job 8 stage 1 partition 7 attempt 0 execution plan
ShuffleWriteExec: partitioning=RoundRobinBatch(1)
  ProjectionExec: expr=[#0@0 as src, #1@1 as dst]
    ShuffleReadExec: partitioning=RoundRobinBatch(16)

[2026-10-03T20:23:55Z DEBUG sail_execution::task_runner::preparation] job 8 stage 1 partition 11 attempt 0 preparation wait=14.959µs duration=65.191µs
[2026-10-03T20:23:55Z DEBUG sail_execution::task_runner::preparation] job 8 stage 1 partition 7 attempt 0 preparation wait=22.996µs duration=255.22µs
[2026-10-03T20:23:55Z DEBUG sail_execution::task_runner::preparation] job 8 stage 1 partition 3 attempt 0 preparation wait=13.502µs duration=76.592µs
[2026-10-03T20:23:55Z DEBUG sail_execution::task_runner::preparation] job 8 stage 1 partition 9 attempt 0 execution plan
ShuffleWriteExec: partitioning=RoundRobinBatch(1)
  ProjectionExec: expr=[#0@0 as src, #1@1 as dst]
    ShuffleReadExec: partitioning=RoundRobinBatch(16)

[2026-10-03T20:23:55Z DEBUG sail_execution::task_runner::preparation] job 8 stage 1 partition 1 attempt 0 preparation wait=25.041µs duration=153.839µs
[2026-10-03T20:23:55Z DEBUG sail_execution::task_runner::preparation] job 8 stage 1 partition 15 attempt 0 execution plan
ShuffleWriteExec: partitioning=RoundRobinBatch(1)
  ProjectionExec: expr=[#0@0 as src, #1@1 as dst]
    ShuffleReadExec: partitioning=RoundRobinBatch(16)

[2026-10-03T20:23:55Z DEBUG sail_execution::task_runner::actor::handler] worker_task_status worker_id=2 job_id=8 stage=1 partition=11 attempt=0 status=RUNNING
[2026-10-03T20:23:55Z DEBUG sail_execution::task_runner::preparation] job 8 stage 1 partition 15 attempt 0 preparation wait=16.264µs duration=344.977µs
[2026-10-03T20:23:55Z DEBUG sail_execution::task_runner::actor::handler] worker_task_status worker_id=2 job_id=8 stage=1 partition=13 attempt=0 status=RUNNING
[2026-10-03T20:23:55Z DEBUG sail_execution::task_runner::preparation] job 8 stage 1 partition 9 attempt 0 preparation wait=22.971µs duration=326.742µs
[2026-10-03T20:23:55Z DEBUG sail_execution::task_runner::preparation] job 8 stage 1 partition 13 attempt 0 preparation wait=14.247µs duration=191.255µs
[2026-10-03T20:23:55Z DEBUG sail_execution::task_runner::preparation] job 8 stage 0 partition 1 attempt 0 preparation wait=13.291µs duration=341.067µs
[2026-10-03T20:23:55Z DEBUG sail_execution::task_runner::actor::handler] worker_task_status worker_id=2 job_id=8 stage=1 partition=15 attempt=0 status=RUNNING
[2026-10-03T20:23:55Z DEBUG sail_execution::task_runner::actor::handler] worker_task_status worker_id=2 job_id=8 stage=1 partition=3 attempt=0 status=RUNNING
[2026-10-03T20:23:55Z DEBUG sail_execution::stream::service::server] TaskStreamKey { job_id: JobId(8), stage: 0, partition: 1, attempt: 0, channel: 2 }
[2026-10-03T20:23:55Z DEBUG sail_execution::stream::service::server] TaskStreamKey { job_id: JobId(8), stage: 0, partition: 1, attempt: 0, channel: 14 }
[2026-10-03T20:23:55Z DEBUG sail_execution::stream::service::server] TaskStreamKey { job_id: JobId(8), stage: 0, partition: 1, attempt: 0, channel: 0 }
[2026-10-03T20:23:55Z DEBUG sail_execution::stream::service::server] TaskStreamKey { job_id: JobId(8), stage: 0, partition: 1, attempt: 0, channel: 8 }
[2026-10-03T20:23:55Z DEBUG sail_execution::stream::service::server] TaskStreamKey { job_id: JobId(8), stage: 0, partition: 1, attempt: 0, channel: 4 }
[2026-10-03T20:23:55Z DEBUG sail_execution::stream::service::server] TaskStreamKey { job_id: JobId(8), stage: 0, partition: 1, attempt: 0, channel: 10 }
[2026-10-03T20:23:55Z DEBUG sail_execution::stream::service::server] TaskStreamKey { job_id: JobId(8), stage: 0, partition: 1, attempt: 0, channel: 12 }
[2026-10-03T20:23:55Z DEBUG sail_execution::stream::service::server] TaskStreamKey { job_id: JobId(8), stage: 1, partition: 7, attempt: 0, channel: 0 }
[2026-10-03T20:23:55Z DEBUG sail_execution::stream::service::server] TaskStreamKey { job_id: JobId(8), stage: 0, partition: 1, attempt: 0, channel: 6 }
[2026-10-03T20:23:55Z DEBUG sail_execution::stream::service::server] TaskStreamKey { job_id: JobId(8), stage: 1, partition: 5, attempt: 0, channel: 0 }
[2026-10-03T20:23:55Z DEBUG sail_execution::stream::service::server] TaskStreamKey { job_id: JobId(8), stage: 1, partition: 3, attempt: 0, channel: 0 }
[2026-10-03T20:23:55Z DEBUG sail_execution::stream::service::server] TaskStreamKey { job_id: JobId(8), stage: 1, partition: 9, attempt: 0, channel: 0 }
[2026-10-03T20:23:55Z DEBUG sail_execution::stream::service::server] TaskStreamKey { job_id: JobId(8), stage: 1, partition: 15, attempt: 0, channel: 0 }
[2026-10-03T20:23:55Z DEBUG sail_execution::stream::service::server] TaskStreamKey { job_id: JobId(8), stage: 1, partition: 11, attempt: 0, channel: 0 }
[2026-10-03T20:23:55Z DEBUG sail_execution::stream::service::server] TaskStreamKey { job_id: JobId(8), stage: 1, partition: 13, attempt: 0, channel: 0 }
[2026-10-03T20:23:55Z DEBUG sail_execution::task_runner::actor::handler] worker_task_status worker_id=2 job_id=8 stage=0 partition=1 attempt=0 status=SUCCEEDED
[2026-10-03T20:23:55Z DEBUG sail_execution::task_runner::actor::handler] worker_task_status worker_id=2 job_id=8 stage=1 partition=1 attempt=0 status=SUCCEEDED
[2026-10-03T20:23:55Z DEBUG sail_execution::stream::service::server] TaskStreamKey { job_id: JobId(8), stage: 1, partition: 1, attempt: 0, channel: 0 }
[2026-10-03T20:23:55Z DEBUG sail_execution::task_runner::actor::handler] worker_task_status worker_id=2 job_id=8 stage=1 partition=5 attempt=0 status=SUCCEEDED
[2026-10-03T20:23:55Z DEBUG sail_execution::task_runner::actor::handler] worker_task_status worker_id=2 job_id=8 stage=1 partition=7 attempt=0 status=SUCCEEDED
[2026-10-03T20:23:55Z DEBUG sail_execution::task_runner::actor::handler] worker_task_status worker_id=2 job_id=8 stage=1 partition=13 attempt=0 status=SUCCEEDED
[2026-10-03T20:23:55Z DEBUG sail_execution::task_runner::actor::handler] worker_task_status worker_id=2 job_id=8 stage=1 partition=3 attempt=0 status=SUCCEEDED
[2026-10-03T20:23:55Z DEBUG sail_execution::task_runner::actor::handler] worker_task_status worker_id=2 job_id=8 stage=1 partition=9 attempt=0 status=SUCCEEDED
[2026-10-03T20:23:55Z DEBUG sail_execution::task_runner::actor::handler] worker_task_status worker_id=2 job_id=8 stage=1 partition=11 attempt=0 status=SUCCEEDED
[2026-10-03T20:23:55Z DEBUG sail_execution::task_runner::actor::handler] worker_task_status worker_id=2 job_id=8 stage=1 partition=15 attempt=0 status=SUCCEEDED
[2026-10-03T20:23:55Z DEBUG sail_execution::worker::server] CleanUpJobRequest { job_id: 8, stage: Some(0) }
[2026-10-03T20:23:55Z DEBUG sail_execution::worker::server] CleanUpJobResponse
[2026-10-03T20:23:55Z DEBUG sail_execution::worker::server] CleanUpJobRequest { job_id: 8, stage: Some(1) }
[2026-10-03T20:23:55Z DEBUG sail_execution::worker::server] CleanUpJobResponse
[2026-10-03T20:23:55Z DEBUG sail_execution::worker::server] CleanUpJobRequest { job_id: 8, stage: None }
[2026-10-03T20:23:55Z DEBUG sail_execution::worker::server] CleanUpJobResponse
[2026-10-03T20:23:55Z DEBUG sail_execution::worker::server] CleanUpJobRequest { job_id: 9, stage: None }
[2026-10-03T20:23:55Z DEBUG sail_execution::worker::server] CleanUpJobResponse
[2026-10-03T20:23:55Z DEBUG sail_execution::worker::server] RunTaskBatchRequest { job_id: 10, stage: 2, tasks: [TaskAttempt { partition: 0, attempt: 0 }], definition: [10, 227, 4, 234, 1, 223, 4, 10, 226, 1, 146, 1, 222, 1, 10, 219, 1, 26, 216, 1, 18, 207, 1, 10, 54, 10, 34, 10, 6, 10, 4, 10, 2, 105, 100, 10, 10, 10, 8, 10, 4, 104, 111, 112, 115, 16, 2, 10, 12, 10, 10, 10, 6, 112, 97, 114, 101, 110, 116, 16, 3, 10, 16, 10, 14, 10, 12, 10, 8, 100, 105, 115, 116, 97, 110, 99, 101, 16, 1, 18, 16, 10, 6, 10, 4, 10, 2, 105, 100, 18, 6, 10, 4, 10, 2, 56, 0, 18, 20, 10, 10, 10, 8, 10, 4, 104, 111, 112, 115, 16, 2, 18, 6, 10, 4, 10, 2, 56, 0, 18, 22, 10, 12, 10, 10, 10, 6, 112, ... (732 bytes)], peers: [] }
[2026-10-03T20:23:55Z DEBUG sail_execution::worker::server] RunTaskBatchRequest { job_id: 10, stage: 1, tasks: [TaskAttempt { partition: 0, attempt: 0 }, TaskAttempt { partition: 2, attempt: 0 }, TaskAttempt { partition: 4, attempt: 0 }, TaskAttempt { partition: 6, attempt: 0 }, TaskAttempt { partition: 8, attempt: 0 }, TaskAttempt { partition: 10, attempt: 0 }, TaskAttempt { partition: 12, attempt: 0 }, TaskAttempt { partition: 14, attempt: 0 }], definition: [10, 134, 2, 34, 131, 2, 10, 190, 1, 146, 1, 186, 1, 10, 183, 1, 26, 180, 1, 18, 171, 1, 10, 42, 10, 28, 10, 6, 10, 4, 10, 2, 35, 49, 10, 8, 10, 6, 10, 2, 35, 51, 16, 2, 10, 8, 10, 6, 10, 2, 35, 52, 16, 3, 10, 10, 10, 8, 10, 6, 10, 2, 35, 50, 16, 1, 18, 16, 10, 6, 10, 4, 10, 2, 35, 49, 18, 6, 10, 4, 10, 2, 56, 0, 18, 18, 10, 8, 10, 6, 10, 2, 35, 51, 16, 2, 18, 6, 10, 4, 10, 2, 56, 0, 18, 18, 10, 8, 10, 6, 10, 2, 35, 52, 16, 3, 18, 6, 10, 4, 10, 2, 56, 0, 18, 25, 10, 8, ... (413 bytes)], peers: [] }
[2026-10-03T20:23:55Z DEBUG sail_execution::worker::server] RunTaskBatchResponse
[2026-10-03T20:23:55Z DEBUG sail_execution::task_runner::actor::handler] worker_task_status worker_id=2 job_id=10 stage=2 partition=0 attempt=0 status=RUNNING
[2026-10-03T20:23:55Z DEBUG sail_execution::task_runner::actor::handler] worker_task_status worker_id=2 job_id=10 stage=1 partition=2 attempt=0 status=RUNNING
[2026-10-03T20:23:55Z DEBUG sail_execution::task_runner::actor::handler] worker_task_status worker_id=2 job_id=10 stage=1 partition=0 attempt=0 status=RUNNING
[2026-10-03T20:23:55Z DEBUG sail_execution::task_runner::preparation] job 10 stage 2 partition 0 attempt 0 execution plan
ShuffleWriteExec: partitioning=RoundRobinBatch(1)
  DataSinkExec: sink=ParquetSink(file_groups=[])
    ShuffleReadExec: partitioning=UnknownPartitioning(1)

[2026-10-03T20:23:55Z DEBUG sail_execution::worker::server] RunTaskBatchResponse
[2026-10-03T20:23:55Z DEBUG sail_execution::task_runner::actor::handler] worker_task_status worker_id=2 job_id=10 stage=1 partition=4 attempt=0 status=RUNNING
[2026-10-03T20:23:55Z DEBUG sail_execution::task_runner::preparation] job 10 stage 1 partition 0 attempt 0 execution plan
ShuffleWriteExec: partitioning=RoundRobinBatch(1)
  ProjectionExec: expr=[#1@0 as id, #2@1 as distance, #3@2 as hops, #4@3 as parent]
    ShuffleReadExec: partitioning=RoundRobinBatch(16)

[2026-10-03T20:23:55Z DEBUG sail_execution::task_runner::preparation] job 10 stage 1 partition 2 attempt 0 execution plan
ShuffleWriteExec: partitioning=RoundRobinBatch(1)
  ProjectionExec: expr=[#1@0 as id, #2@1 as distance, #3@2 as hops, #4@3 as parent]
    ShuffleReadExec: partitioning=RoundRobinBatch(16)

[2026-10-03T20:23:55Z DEBUG sail_execution::task_runner::preparation] job 10 stage 1 partition 0 attempt 0 preparation wait=126.954µs duration=101.5µs
[2026-10-03T20:23:55Z DEBUG sail_execution::task_runner::preparation] job 10 stage 1 partition 2 attempt 0 preparation wait=26.636µs duration=267.032µs
[2026-10-03T20:23:55Z DEBUG sail_execution::task_runner::actor::handler] worker_task_status worker_id=2 job_id=10 stage=1 partition=6 attempt=0 status=RUNNING
[2026-10-03T20:23:55Z DEBUG sail_execution::task_runner::preparation] job 10 stage 1 partition 4 attempt 0 execution plan
ShuffleWriteExec: partitioning=RoundRobinBatch(1)
  ProjectionExec: expr=[#1@0 as id, #2@1 as distance, #3@2 as hops, #4@3 as parent]
    ShuffleReadExec: partitioning=RoundRobinBatch(16)

[2026-10-03T20:23:55Z DEBUG sail_execution::task_runner::preparation] job 10 stage 1 partition 4 attempt 0 preparation wait=284.198µs duration=102.705µs
[2026-10-03T20:23:55Z DEBUG sail_execution::task_runner::preparation] job 10 stage 2 partition 0 attempt 0 preparation wait=30.499µs duration=164.312µs
[2026-10-03T20:23:55Z DEBUG sail_execution::task_runner::actor::handler] worker_task_status worker_id=2 job_id=10 stage=1 partition=14 attempt=0 status=RUNNING
[2026-10-03T20:23:55Z DEBUG sail_execution::task_runner::preparation] job 10 stage 1 partition 6 attempt 0 execution plan
ShuffleWriteExec: partitioning=RoundRobinBatch(1)
  ProjectionExec: expr=[#1@0 as id, #2@1 as distance, #3@2 as hops, #4@3 as parent]
    ShuffleReadExec: partitioning=RoundRobinBatch(16)

[2026-10-03T20:23:55Z DEBUG sail_execution::task_runner::actor::handler] worker_task_status worker_id=2 job_id=10 stage=1 partition=8 attempt=0 status=RUNNING
[2026-10-03T20:23:55Z DEBUG sail_execution::task_runner::preparation] job 10 stage 1 partition 14 attempt 0 execution plan
ShuffleWriteExec: partitioning=RoundRobinBatch(1)
  ProjectionExec: expr=[#1@0 as id, #2@1 as distance, #3@2 as hops, #4@3 as parent]
    ShuffleReadExec: partitioning=RoundRobinBatch(16)

[2026-10-03T20:23:55Z DEBUG sail_execution::task_runner::preparation] job 10 stage 1 partition 14 attempt 0 preparation wait=398.723µs duration=172.276µs
[2026-10-03T20:23:55Z DEBUG sail_execution::task_runner::actor::handler] worker_task_status worker_id=2 job_id=10 stage=1 partition=10 attempt=0 status=RUNNING
[2026-10-03T20:23:55Z DEBUG sail_execution::task_runner::actor::handler] worker_task_status worker_id=2 job_id=10 stage=1 partition=12 attempt=0 status=RUNNING
[2026-10-03T20:23:55Z DEBUG sail_execution::task_runner::preparation] job 10 stage 1 partition 6 attempt 0 preparation wait=282.521µs duration=245.787µs
[2026-10-03T20:23:55Z DEBUG sail_execution::stream::service::server] TaskStreamKey { job_id: JobId(10), stage: 2, partition: 0, attempt: 0, channel: 0 }
[2026-10-03T20:23:55Z DEBUG sail_execution::task_runner::preparation] job 10 stage 1 partition 12 attempt 0 execution plan
ShuffleWriteExec: partitioning=RoundRobinBatch(1)
  ProjectionExec: expr=[#1@0 as id, #2@1 as distance, #3@2 as hops, #4@3 as parent]
    ShuffleReadExec: partitioning=RoundRobinBatch(16)

[2026-10-03T20:23:55Z DEBUG sail_execution::task_runner::actor::handler] worker_task_status worker_id=2 job_id=10 stage=1 partition=6 attempt=0 status=SUCCEEDED
[2026-10-03T20:23:55Z DEBUG sail_execution::task_runner::preparation] job 10 stage 1 partition 12 attempt 0 preparation wait=2.275911ms duration=109.12µs
[2026-10-03T20:23:55Z DEBUG sail_execution::task_runner::actor::handler] worker_task_status worker_id=2 job_id=10 stage=1 partition=4 attempt=0 status=SUCCEEDED
[2026-10-03T20:23:55Z DEBUG sail_execution::task_runner::preparation] job 10 stage 1 partition 8 attempt 0 execution plan
ShuffleWriteExec: partitioning=RoundRobinBatch(1)
  ProjectionExec: expr=[#1@0 as id, #2@1 as distance, #3@2 as hops, #4@3 as parent]
    ShuffleReadExec: partitioning=RoundRobinBatch(16)

[2026-10-03T20:23:55Z DEBUG sail_execution::task_runner::actor::handler] worker_task_status worker_id=2 job_id=10 stage=1 partition=14 attempt=0 status=SUCCEEDED
[2026-10-03T20:23:55Z DEBUG sail_execution::task_runner::actor::handler] worker_task_status worker_id=2 job_id=10 stage=1 partition=0 attempt=0 status=SUCCEEDED
[2026-10-03T20:23:55Z DEBUG sail_execution::task_runner::preparation] job 10 stage 1 partition 8 attempt 0 preparation wait=2.36347ms duration=197.686µs
[2026-10-03T20:23:55Z DEBUG sail_execution::task_runner::actor::handler] worker_task_status worker_id=2 job_id=10 stage=1 partition=2 attempt=0 status=SUCCEEDED
[2026-10-03T20:23:55Z DEBUG sail_execution::task_runner::preparation] job 10 stage 1 partition 10 attempt 0 execution plan
ShuffleWriteExec: partitioning=RoundRobinBatch(1)
  ProjectionExec: expr=[#1@0 as id, #2@1 as distance, #3@2 as hops, #4@3 as parent]
    ShuffleReadExec: partitioning=RoundRobinBatch(16)

[2026-10-03T20:23:55Z DEBUG sail_execution::task_runner::preparation] job 10 stage 1 partition 10 attempt 0 preparation wait=3.131305ms duration=131.25µs
[2026-10-03T20:23:55Z DEBUG sail_execution::task_runner::actor::handler] worker_task_status worker_id=2 job_id=10 stage=1 partition=8 attempt=0 status=SUCCEEDED
[2026-10-03T20:23:55Z DEBUG sail_execution::task_runner::actor::handler] worker_task_status worker_id=2 job_id=10 stage=1 partition=12 attempt=0 status=SUCCEEDED
[2026-10-03T20:23:55Z DEBUG sail_execution::task_runner::actor::handler] worker_task_status worker_id=2 job_id=10 stage=1 partition=10 attempt=0 status=SUCCEEDED
[2026-10-03T20:23:55Z DEBUG sail_execution::task_runner::actor::handler] worker_task_status worker_id=2 job_id=10 stage=2 partition=0 attempt=0 status=SUCCEEDED
[2026-10-03T20:23:55Z DEBUG sail_execution::worker::server] CleanUpJobRequest { job_id: 10, stage: Some(1) }
[2026-10-03T20:23:55Z DEBUG sail_execution::worker::server] CleanUpJobResponse
[2026-10-03T20:23:55Z DEBUG sail_execution::worker::server] CleanUpJobRequest { job_id: 10, stage: None }
[2026-10-03T20:23:55Z DEBUG sail_execution::worker::server] CleanUpJobResponse
[2026-10-03T20:23:55Z DEBUG sail_execution::worker::server] CleanUpJobRequest { job_id: 11, stage: None }
[2026-10-03T20:23:55Z DEBUG sail_execution::worker::server] CleanUpJobResponse
[2026-10-03T20:23:55Z DEBUG sail_execution::worker::server] CleanUpJobRequest { job_id: 12, stage: None }
[2026-10-03T20:23:55Z DEBUG sail_execution::worker::server] CleanUpJobResponse
[2026-10-03T20:23:55Z DEBUG sail_execution::worker::server] StopWorkerRequest
[2026-10-03T20:23:55Z DEBUG sail_execution::worker::server] StopWorkerResponse
[2026-10-03T20:23:55Z WARN sail_common::actor] aborting 11 task(s) for TaskRunnerActor
[2026-10-03T20:23:55Z INFO sail_execution::worker::actor::core] worker 2 server has stopped
