[2026-10-03T20:23:55Z INFO sail_execution::worker::actor::handler] worker 1 server is ready on port 55251
[2026-10-03T20:23:55Z DEBUG sail_execution::worker::server] RunTaskBatchRequest { job_id: 1, stage: 1, tasks: [TaskAttempt { partition: 0, attempt: 0 }], definition: [10, 142, 5, 34, 139, 5, 10, 178, 3, 34, 175, 3, 10, 214, 1, 130, 2, 210, 1, 10, 207, 1, 146, 1, 203, 1, 10, 200, 1, 26, 197, 1, 18, 188, 1, 10, 0, 42, 183, 1, 10, 10, 10, 4, 107, 105, 110, 100, 18, 2, 114, 0, 10, 12, 10, 4, 112, 97, 116, 104, 18, 2, 114, 0, 24, 1, 10, 12, 10, 4, 115, 105, 122, 101, 18, 2, 82, 0, 24, 1, 10, 13, 10, 5, 118, 97, 108, 117, 101, 18, 2, 18, 0, 24, 1, 10, 13, 10, 5, 99, 111, 117, 110, 116, 18, 2, 82, 0, 24, 1, 10, 20, 10, 12, 99, 97, 112, 97, 98, 105, 108, 105, 116, 105, 101, 115, 18, 2, ... (681 bytes)], peers: [WorkerLocation { worker_id: 1, host: "127.0.0.1", port: 55251 }, WorkerLocation { worker_id: 2, host: "127.0.0.1", port: 55250 }] }
[2026-10-03T20:23:55Z DEBUG sail_execution::worker::server] RunTaskBatchResponse
[2026-10-03T20:23:55Z DEBUG sail_execution::task_runner::actor::handler] worker_task_status worker_id=1 job_id=1 stage=1 partition=0 attempt=0 status=RUNNING
[2026-10-03T20:23:55Z DEBUG sail_execution::task_runner::preparation] job 1 stage 1 partition 0 attempt 0 execution plan
ShuffleWriteExec: partitioning=RoundRobinBatch(1)
  ProjectionExec: expr=[#0@0 as kind, #1@1 as path, #2@2 as size, #3@3 as value, #4@4 as count, #5@5 as capabilities, #6@6 as token, #7@7 as truncated, #8@8 as engine, #9@9 as protocol_version, #10@10 as lease_seconds]
    ProjectionExec: expr=[kind@0 as #0, path@1 as #1, size@2 as #2, value@3 as #3, count@4 as #4, capabilities@5 as #5, token@6 as #6, truncated@7 as #7, engine@8 as #8, protocol_version@9 as #9, lease_seconds@10 as #10]
      CooperativeExec
        ShuffleReadExec: partitioning=UnknownPartitioning(1)

[2026-10-03T20:23:55Z DEBUG sail_execution::task_runner::preparation] job 1 stage 1 partition 0 attempt 0 preparation wait=141.541µs duration=965.201µs
[2026-10-03T20:23:55Z DEBUG sail_execution::stream::service::server] TaskStreamKey { job_id: JobId(1), stage: 1, partition: 0, attempt: 0, channel: 0 }
[2026-10-03T20:23:55Z DEBUG sail_execution::task_runner::actor::handler] worker_task_status worker_id=1 job_id=1 stage=1 partition=0 attempt=0 status=SUCCEEDED
[2026-10-03T20:23:55Z DEBUG sail_execution::worker::server] CleanUpJobRequest { job_id: 1, stage: None }
[2026-10-03T20:23:55Z DEBUG sail_execution::worker::server] CleanUpJobResponse
[2026-10-03T20:23:55Z DEBUG sail_execution::worker::server] RunTaskBatchRequest { job_id: 2, stage: 1, tasks: [TaskAttempt { partition: 0, attempt: 0 }], definition: [10, 142, 5, 34, 139, 5, 10, 178, 3, 34, 175, 3, 10, 214, 1, 130, 2, 210, 1, 10, 207, 1, 146, 1, 203, 1, 10, 200, 1, 26, 197, 1, 18, 188, 1, 10, 0, 42, 183, 1, 10, 10, 10, 4, 107, 105, 110, 100, 18, 2, 114, 0, 10, 12, 10, 4, 112, 97, 116, 104, 18, 2, 114, 0, 24, 1, 10, 12, 10, 4, 115, 105, 122, 101, 18, 2, 82, 0, 24, 1, 10, 13, 10, 5, 118, 97, 108, 117, 101, 18, 2, 18, 0, 24, 1, 10, 13, 10, 5, 99, 111, 117, 110, 116, 18, 2, 82, 0, 24, 1, 10, 20, 10, 12, 99, 97, 112, 97, 98, 105, 108, 105, 116, 105, 101, 115, 18, 2, ... (681 bytes)], peers: [] }
[2026-10-03T20:23:55Z DEBUG sail_execution::worker::server] RunTaskBatchResponse
[2026-10-03T20:23:55Z DEBUG sail_execution::task_runner::actor::handler] worker_task_status worker_id=1 job_id=2 stage=1 partition=0 attempt=0 status=RUNNING
[2026-10-03T20:23:55Z DEBUG sail_execution::task_runner::preparation] job 2 stage 1 partition 0 attempt 0 execution plan
ShuffleWriteExec: partitioning=RoundRobinBatch(1)
  ProjectionExec: expr=[#0@0 as kind, #1@1 as path, #2@2 as size, #3@3 as value, #4@4 as count, #5@5 as capabilities, #6@6 as token, #7@7 as truncated, #8@8 as engine, #9@9 as protocol_version, #10@10 as lease_seconds]
    ProjectionExec: expr=[kind@0 as #0, path@1 as #1, size@2 as #2, value@3 as #3, count@4 as #4, capabilities@5 as #5, token@6 as #6, truncated@7 as #7, engine@8 as #8, protocol_version@9 as #9, lease_seconds@10 as #10]
      CooperativeExec
        ShuffleReadExec: partitioning=UnknownPartitioning(1)

[2026-10-03T20:23:55Z DEBUG sail_execution::task_runner::preparation] job 2 stage 1 partition 0 attempt 0 preparation wait=16.491µs duration=299.563µs
[2026-10-03T20:23:55Z DEBUG sail_execution::stream::service::server] TaskStreamKey { job_id: JobId(2), stage: 1, partition: 0, attempt: 0, channel: 0 }
[2026-10-03T20:23:55Z DEBUG sail_execution::task_runner::actor::handler] worker_task_status worker_id=1 job_id=2 stage=1 partition=0 attempt=0 status=SUCCEEDED
[2026-10-03T20:23:55Z DEBUG sail_execution::worker::server] CleanUpJobRequest { job_id: 2, stage: None }
[2026-10-03T20:23:55Z DEBUG sail_execution::worker::server] CleanUpJobResponse
[2026-10-03T20:23:55Z DEBUG sail_execution::worker::server] RunTaskBatchRequest { job_id: 3, stage: 1, tasks: [TaskAttempt { partition: 0, attempt: 0 }], definition: [10, 142, 5, 34, 139, 5, 10, 178, 3, 34, 175, 3, 10, 214, 1, 130, 2, 210, 1, 10, 207, 1, 146, 1, 203, 1, 10, 200, 1, 26, 197, 1, 18, 188, 1, 10, 0, 42, 183, 1, 10, 10, 10, 4, 107, 105, 110, 100, 18, 2, 114, 0, 10, 12, 10, 4, 112, 97, 116, 104, 18, 2, 114, 0, 24, 1, 10, 12, 10, 4, 115, 105, 122, 101, 18, 2, 82, 0, 24, 1, 10, 13, 10, 5, 118, 97, 108, 117, 101, 18, 2, 18, 0, 24, 1, 10, 13, 10, 5, 99, 111, 117, 110, 116, 18, 2, 82, 0, 24, 1, 10, 20, 10, 12, 99, 97, 112, 97, 98, 105, 108, 105, 116, 105, 101, 115, 18, 2, ... (681 bytes)], peers: [] }
[2026-10-03T20:23:55Z DEBUG sail_execution::worker::server] RunTaskBatchResponse
[2026-10-03T20:23:55Z DEBUG sail_execution::task_runner::actor::handler] worker_task_status worker_id=1 job_id=3 stage=1 partition=0 attempt=0 status=RUNNING
[2026-10-03T20:23:55Z DEBUG sail_execution::task_runner::preparation] job 3 stage 1 partition 0 attempt 0 execution plan
ShuffleWriteExec: partitioning=RoundRobinBatch(1)
  ProjectionExec: expr=[#0@0 as kind, #1@1 as path, #2@2 as size, #3@3 as value, #4@4 as count, #5@5 as capabilities, #6@6 as token, #7@7 as truncated, #8@8 as engine, #9@9 as protocol_version, #10@10 as lease_seconds]
    ProjectionExec: expr=[kind@0 as #0, path@1 as #1, size@2 as #2, value@3 as #3, count@4 as #4, capabilities@5 as #5, token@6 as #6, truncated@7 as #7, engine@8 as #8, protocol_version@9 as #9, lease_seconds@10 as #10]
      CooperativeExec
        ShuffleReadExec: partitioning=UnknownPartitioning(1)

[2026-10-03T20:23:55Z DEBUG sail_execution::task_runner::preparation] job 3 stage 1 partition 0 attempt 0 preparation wait=13.466µs duration=166.364µs
[2026-10-03T20:23:55Z DEBUG sail_execution::stream::service::server] TaskStreamKey { job_id: JobId(3), stage: 1, partition: 0, attempt: 0, channel: 0 }
[2026-10-03T20:23:55Z DEBUG sail_execution::task_runner::actor::handler] worker_task_status worker_id=1 job_id=3 stage=1 partition=0 attempt=0 status=SUCCEEDED
[2026-10-03T20:23:55Z DEBUG sail_execution::worker::server] CleanUpJobRequest { job_id: 3, stage: None }
[2026-10-03T20:23:55Z DEBUG sail_execution::worker::server] CleanUpJobResponse
[2026-10-03T20:23:55Z DEBUG sail_execution::worker::server] RunTaskBatchRequest { job_id: 4, stage: 0, tasks: [TaskAttempt { partition: 0, attempt: 0 }], definition: [10, 191, 3, 146, 1, 187, 3, 10, 184, 3, 162, 3, 180, 3, 10, 174, 2, 10, 185, 1, 10, 182, 1, 10, 94, 86, 111, 108, 117, 109, 101, 115, 47, 65, 112, 111, 47, 103, 114, 97, 112, 104, 45, 116, 101, 115, 116, 115, 47, 114, 101, 115, 117, 108, 116, 115, 47, 115, 101, 109, 45, 99, 111, 109, 112, 108, 101, 116, 105, 111, 110, 45, 50, 48, 50, 54, 49, 48, 48, 51, 47, 88, 50, 45, 110, 97, 116, 105, 118, 101, 48, 51, 47, 102, 105, 120, 116, 117, 114, 101, 48, 49, 47, 118, 101, 114, 116, 105, 99, 101, 115, 46, 112, 97, 114, 113, 117, 101, 116, 16, 130, 180, 1, 24, 128, 196, 202, 133, ... (464 bytes)], peers: [] }
[2026-10-03T20:23:55Z DEBUG sail_execution::worker::server] RunTaskBatchRequest { job_id: 4, stage: 1, tasks: [TaskAttempt { partition: 15, attempt: 0 }, TaskAttempt { partition: 1, attempt: 0 }, TaskAttempt { partition: 3, attempt: 0 }, TaskAttempt { partition: 5, attempt: 0 }, TaskAttempt { partition: 7, attempt: 0 }, TaskAttempt { partition: 9, attempt: 0 }, TaskAttempt { partition: 11, attempt: 0 }, TaskAttempt { partition: 13, attempt: 0 }], definition: [10, 47, 34, 45, 10, 31, 146, 1, 28, 10, 26, 26, 24, 18, 16, 10, 0, 42, 12, 10, 10, 10, 2, 35, 49, 18, 2, 82, 0, 24, 1, 26, 2, 8, 16, 32, 1, 18, 6, 10, 4, 10, 2, 35, 49, 26, 2, 105, 100, 18, 131, 1, 18, 128, 1, 18, 126, 10, 4, 10, 2, 8, 1, 10, 6, 10, 4, 8, 1, 32, 1, 10, 6, 10, 4, 8, 1, 32, 2, 10, 6, 10, 4, 8, 1, 32, 3, 10, 6, 10, 4, 8, 1, 32, 4, 10, 6, 10, 4, 8, 1, 32, 5, 10, 6, 10, 4, 8, 1, 32, 6, 10, 6, 10, 4, 8, 1, 32, 7, 10, 6, 10, 4, 8, 1, 32, 8, 10, ... (197 bytes)], peers: [] }
[2026-10-03T20:23:55Z DEBUG sail_execution::worker::server] RunTaskBatchResponse
[2026-10-03T20:23:55Z DEBUG sail_execution::task_runner::actor::handler] worker_task_status worker_id=1 job_id=4 stage=0 partition=0 attempt=0 status=RUNNING
[2026-10-03T20:23:55Z DEBUG sail_execution::task_runner::actor::handler] worker_task_status worker_id=1 job_id=4 stage=1 partition=15 attempt=0 status=RUNNING
[2026-10-03T20:23:55Z DEBUG sail_execution::task_runner::actor::handler] worker_task_status worker_id=1 job_id=4 stage=1 partition=1 attempt=0 status=RUNNING
[2026-10-03T20:23:55Z DEBUG sail_execution::task_runner::actor::handler] worker_task_status worker_id=1 job_id=4 stage=1 partition=5 attempt=0 status=RUNNING
[2026-10-03T20:23:55Z DEBUG sail_execution::task_runner::actor::handler] worker_task_status worker_id=1 job_id=4 stage=1 partition=9 attempt=0 status=RUNNING
[2026-10-03T20:23:55Z DEBUG sail_execution::task_runner::actor::handler] worker_task_status worker_id=1 job_id=4 stage=1 partition=13 attempt=0 status=RUNNING
[2026-10-03T20:23:55Z DEBUG sail_execution::worker::server] RunTaskBatchResponse
[2026-10-03T20:23:55Z DEBUG sail_execution::task_runner::preparation] job 4 stage 0 partition 0 attempt 0 execution plan
ShuffleWriteExec: partitioning=RoundRobinRow(16)
  DataSourceExec: file_groups={1 group: [[Volumes/Apo/graph-tests/results/sem-completion-20261003/X2-native03/fixture01/vertices.parquet]]}, projection=[id@0 as #1], file_type=parquet

[2026-10-03T20:23:55Z DEBUG sail_execution::task_runner::preparation] job 4 stage 0 partition 0 attempt 0 preparation wait=16.902µs duration=1.165501ms
[2026-10-03T20:23:55Z DEBUG sail_execution::task_runner::actor::handler] worker_task_status worker_id=1 job_id=4 stage=1 partition=7 attempt=0 status=RUNNING
[2026-10-03T20:23:55Z DEBUG sail_execution::task_runner::preparation] job 4 stage 1 partition 1 attempt 0 execution plan
ShuffleWriteExec: partitioning=RoundRobinBatch(1)
  ProjectionExec: expr=[#1@0 as id]
    ShuffleReadExec: partitioning=RoundRobinBatch(16)

[2026-10-03T20:23:55Z DEBUG sail_execution::task_runner::preparation] job 4 stage 1 partition 15 attempt 0 execution plan
ShuffleWriteExec: partitioning=RoundRobinBatch(1)
  ProjectionExec: expr=[#1@0 as id]
    ShuffleReadExec: partitioning=RoundRobinBatch(16)

[2026-10-03T20:23:55Z DEBUG sail_execution::task_runner::preparation] job 4 stage 1 partition 1 attempt 0 preparation wait=1.012162ms duration=305.317µs
[2026-10-03T20:23:55Z DEBUG sail_execution::task_runner::actor::handler] worker_task_status worker_id=1 job_id=4 stage=1 partition=11 attempt=0 status=RUNNING
[2026-10-03T20:23:55Z DEBUG sail_execution::task_runner::preparation] job 4 stage 1 partition 5 attempt 0 execution plan
ShuffleWriteExec: partitioning=RoundRobinBatch(1)
  ProjectionExec: expr=[#1@0 as id]
    ShuffleReadExec: partitioning=RoundRobinBatch(16)

[2026-10-03T20:23:55Z DEBUG sail_execution::task_runner::preparation] job 4 stage 1 partition 15 attempt 0 preparation wait=1.068733ms duration=288.063µs
[2026-10-03T20:23:55Z DEBUG sail_execution::task_runner::preparation] job 4 stage 1 partition 5 attempt 0 preparation wait=1.0782ms duration=383.85µs
[2026-10-03T20:23:55Z DEBUG sail_execution::task_runner::preparation] job 4 stage 1 partition 9 attempt 0 execution plan
ShuffleWriteExec: partitioning=RoundRobinBatch(1)
  ProjectionExec: expr=[#1@0 as id]
    ShuffleReadExec: partitioning=RoundRobinBatch(16)

[2026-10-03T20:23:55Z DEBUG sail_execution::task_runner::preparation] job 4 stage 1 partition 9 attempt 0 preparation wait=1.355354ms duration=214.303µs
[2026-10-03T20:23:55Z DEBUG sail_execution::task_runner::actor::handler] worker_task_status worker_id=1 job_id=4 stage=1 partition=3 attempt=0 status=RUNNING
[2026-10-03T20:23:55Z DEBUG sail_execution::task_runner::preparation] job 4 stage 1 partition 13 attempt 0 execution plan
ShuffleWriteExec: partitioning=RoundRobinBatch(1)
  ProjectionExec: expr=[#1@0 as id]
    ShuffleReadExec: partitioning=RoundRobinBatch(16)

[2026-10-03T20:23:55Z DEBUG sail_execution::task_runner::preparation] job 4 stage 1 partition 13 attempt 0 preparation wait=1.37629ms duration=328.587µs
[2026-10-03T20:23:55Z DEBUG sail_execution::task_runner::preparation] job 4 stage 1 partition 7 attempt 0 execution plan
ShuffleWriteExec: partitioning=RoundRobinBatch(1)
  ProjectionExec: expr=[#1@0 as id]
    ShuffleReadExec: partitioning=RoundRobinBatch(16)

[2026-10-03T20:23:55Z DEBUG sail_execution::task_runner::preparation] job 4 stage 1 partition 3 attempt 0 execution plan
ShuffleWriteExec: partitioning=RoundRobinBatch(1)
  ProjectionExec: expr=[#1@0 as id]
    ShuffleReadExec: partitioning=RoundRobinBatch(16)

[2026-10-03T20:23:55Z DEBUG sail_execution::task_runner::preparation] job 4 stage 1 partition 7 attempt 0 preparation wait=612.25µs duration=346.908µs
[2026-10-03T20:23:55Z DEBUG sail_execution::task_runner::preparation] job 4 stage 1 partition 3 attempt 0 preparation wait=614.803µs duration=300.849µs
[2026-10-03T20:23:55Z DEBUG sail_execution::task_runner::preparation] job 4 stage 1 partition 11 attempt 0 execution plan
ShuffleWriteExec: partitioning=RoundRobinBatch(1)
  ProjectionExec: expr=[#1@0 as id]
    ShuffleReadExec: partitioning=RoundRobinBatch(16)

[2026-10-03T20:23:55Z DEBUG sail_execution::task_runner::preparation] job 4 stage 1 partition 11 attempt 0 preparation wait=613.941µs duration=439.639µs
[2026-10-03T20:23:55Z DEBUG sail_execution::task_runner::actor::handler] worker_task_status worker_id=1 job_id=4 stage=0 partition=0 attempt=0 status=SUCCEEDED
[2026-10-03T20:23:55Z DEBUG sail_execution::task_runner::actor::handler] worker_task_status worker_id=1 job_id=4 stage=1 partition=7 attempt=0 status=SUCCEEDED
[2026-10-03T20:23:55Z DEBUG sail_execution::task_runner::actor::handler] worker_task_status worker_id=1 job_id=4 stage=1 partition=5 attempt=0 status=SUCCEEDED
[2026-10-03T20:23:55Z DEBUG sail_execution::task_runner::actor::handler] worker_task_status worker_id=1 job_id=4 stage=1 partition=15 attempt=0 status=SUCCEEDED
[2026-10-03T20:23:55Z DEBUG sail_execution::task_runner::actor::handler] worker_task_status worker_id=1 job_id=4 stage=1 partition=3 attempt=0 status=SUCCEEDED
[2026-10-03T20:23:55Z DEBUG sail_execution::task_runner::actor::handler] worker_task_status worker_id=1 job_id=4 stage=1 partition=11 attempt=0 status=SUCCEEDED
[2026-10-03T20:23:55Z DEBUG sail_execution::task_runner::actor::handler] worker_task_status worker_id=1 job_id=4 stage=1 partition=9 attempt=0 status=SUCCEEDED
[2026-10-03T20:23:55Z DEBUG sail_execution::task_runner::actor::handler] worker_task_status worker_id=1 job_id=4 stage=1 partition=13 attempt=0 status=SUCCEEDED
[2026-10-03T20:23:55Z DEBUG sail_execution::task_runner::actor::handler] worker_task_status worker_id=1 job_id=4 stage=1 partition=1 attempt=0 status=SUCCEEDED
[2026-10-03T20:23:55Z DEBUG sail_execution::stream::service::server] TaskStreamKey { job_id: JobId(4), stage: 0, partition: 0, attempt: 0, channel: 4 }
[2026-10-03T20:23:55Z DEBUG sail_execution::stream::service::server] TaskStreamKey { job_id: JobId(4), stage: 0, partition: 0, attempt: 0, channel: 2 }
[2026-10-03T20:23:55Z DEBUG sail_execution::stream::service::server] TaskStreamKey { job_id: JobId(4), stage: 1, partition: 7, attempt: 0, channel: 0 }
[2026-10-03T20:23:55Z DEBUG sail_execution::stream::service::server] TaskStreamKey { job_id: JobId(4), stage: 0, partition: 0, attempt: 0, channel: 0 }
[2026-10-03T20:23:55Z DEBUG sail_execution::stream::service::server] TaskStreamKey { job_id: JobId(4), stage: 1, partition: 1, attempt: 0, channel: 0 }
[2026-10-03T20:23:55Z DEBUG sail_execution::stream::service::server] TaskStreamKey { job_id: JobId(4), stage: 0, partition: 0, attempt: 0, channel: 10 }
[2026-10-03T20:23:55Z DEBUG sail_execution::stream::service::server] TaskStreamKey { job_id: JobId(4), stage: 0, partition: 0, attempt: 0, channel: 6 }
[2026-10-03T20:23:55Z DEBUG sail_execution::stream::service::server] TaskStreamKey { job_id: JobId(4), stage: 0, partition: 0, attempt: 0, channel: 12 }
[2026-10-03T20:23:55Z DEBUG sail_execution::stream::service::server] TaskStreamKey { job_id: JobId(4), stage: 0, partition: 0, attempt: 0, channel: 14 }
[2026-10-03T20:23:55Z DEBUG sail_execution::stream::service::server] TaskStreamKey { job_id: JobId(4), stage: 0, partition: 0, attempt: 0, channel: 8 }
[2026-10-03T20:23:55Z DEBUG sail_execution::stream::service::server] TaskStreamKey { job_id: JobId(4), stage: 1, partition: 5, attempt: 0, channel: 0 }
[2026-10-03T20:23:55Z DEBUG sail_execution::stream::service::server] TaskStreamKey { job_id: JobId(4), stage: 1, partition: 3, attempt: 0, channel: 0 }
[2026-10-03T20:23:55Z DEBUG sail_execution::stream::service::server] TaskStreamKey { job_id: JobId(4), stage: 1, partition: 9, attempt: 0, channel: 0 }
[2026-10-03T20:23:55Z DEBUG sail_execution::stream::service::server] TaskStreamKey { job_id: JobId(4), stage: 1, partition: 11, attempt: 0, channel: 0 }
[2026-10-03T20:23:55Z DEBUG sail_execution::stream::service::server] TaskStreamKey { job_id: JobId(4), stage: 1, partition: 13, attempt: 0, channel: 0 }
[2026-10-03T20:23:55Z DEBUG sail_execution::stream::service::server] TaskStreamKey { job_id: JobId(4), stage: 1, partition: 15, attempt: 0, channel: 0 }
[2026-10-03T20:23:55Z DEBUG sail_execution::worker::server] CleanUpJobRequest { job_id: 4, stage: Some(0) }
[2026-10-03T20:23:55Z DEBUG sail_execution::worker::server] CleanUpJobResponse
[2026-10-03T20:23:55Z DEBUG sail_execution::worker::server] CleanUpJobRequest { job_id: 4, stage: Some(1) }
[2026-10-03T20:23:55Z DEBUG sail_execution::worker::server] CleanUpJobResponse
[2026-10-03T20:23:55Z DEBUG sail_execution::worker::server] CleanUpJobRequest { job_id: 4, stage: None }
[2026-10-03T20:23:55Z DEBUG sail_execution::worker::server] CleanUpJobResponse
[2026-10-03T20:23:55Z DEBUG sail_execution::worker::server] RunTaskBatchRequest { job_id: 5, stage: 1, tasks: [TaskAttempt { partition: 0, attempt: 0 }], definition: [10, 142, 5, 34, 139, 5, 10, 178, 3, 34, 175, 3, 10, 214, 1, 130, 2, 210, 1, 10, 207, 1, 146, 1, 203, 1, 10, 200, 1, 26, 197, 1, 18, 188, 1, 10, 0, 42, 183, 1, 10, 10, 10, 4, 107, 105, 110, 100, 18, 2, 114, 0, 10, 12, 10, 4, 112, 97, 116, 104, 18, 2, 114, 0, 24, 1, 10, 12, 10, 4, 115, 105, 122, 101, 18, 2, 82, 0, 24, 1, 10, 13, 10, 5, 118, 97, 108, 117, 101, 18, 2, 18, 0, 24, 1, 10, 13, 10, 5, 99, 111, 117, 110, 116, 18, 2, 82, 0, 24, 1, 10, 20, 10, 12, 99, 97, 112, 97, 98, 105, 108, 105, 116, 105, 101, 115, 18, 2, ... (681 bytes)], peers: [] }
[2026-10-03T20:23:55Z DEBUG sail_execution::worker::server] RunTaskBatchResponse
[2026-10-03T20:23:55Z DEBUG sail_execution::task_runner::actor::handler] worker_task_status worker_id=1 job_id=5 stage=1 partition=0 attempt=0 status=RUNNING
[2026-10-03T20:23:55Z DEBUG sail_execution::task_runner::preparation] job 5 stage 1 partition 0 attempt 0 execution plan
ShuffleWriteExec: partitioning=RoundRobinBatch(1)
  ProjectionExec: expr=[#0@0 as kind, #1@1 as path, #2@2 as size, #3@3 as value, #4@4 as count, #5@5 as capabilities, #6@6 as token, #7@7 as truncated, #8@8 as engine, #9@9 as protocol_version, #10@10 as lease_seconds]
    ProjectionExec: expr=[kind@0 as #0, path@1 as #1, size@2 as #2, value@3 as #3, count@4 as #4, capabilities@5 as #5, token@6 as #6, truncated@7 as #7, engine@8 as #8, protocol_version@9 as #9, lease_seconds@10 as #10]
      CooperativeExec
        ShuffleReadExec: partitioning=UnknownPartitioning(1)

[2026-10-03T20:23:55Z DEBUG sail_execution::task_runner::preparation] job 5 stage 1 partition 0 attempt 0 preparation wait=17.514µs duration=217.784µs
[2026-10-03T20:23:55Z DEBUG sail_execution::stream::service::server] TaskStreamKey { job_id: JobId(5), stage: 1, partition: 0, attempt: 0, channel: 0 }
[2026-10-03T20:23:55Z DEBUG sail_execution::task_runner::actor::handler] worker_task_status worker_id=1 job_id=5 stage=1 partition=0 attempt=0 status=SUCCEEDED
[2026-10-03T20:23:55Z DEBUG sail_execution::worker::server] CleanUpJobRequest { job_id: 5, stage: None }
[2026-10-03T20:23:55Z DEBUG sail_execution::worker::server] CleanUpJobResponse
[2026-10-03T20:23:55Z DEBUG sail_execution::worker::server] RunTaskBatchRequest { job_id: 6, stage: 0, tasks: [TaskAttempt { partition: 0, attempt: 0 }, TaskAttempt { partition: 2, attempt: 0 }, TaskAttempt { partition: 4, attempt: 0 }, TaskAttempt { partition: 6, attempt: 0 }], definition: [10, 214, 16, 146, 1, 210, 16, 10, 207, 16, 162, 3, 203, 16, 10, 197, 15, 10, 230, 1, 10, 227, 1, 10, 99, 86, 111, 108, 117, 109, 101, 115, 47, 65, 112, 111, 47, 103, 114, 97, 112, 104, 45, 116, 101, 115, 116, 115, 47, 114, 101, 115, 117, 108, 116, 115, 47, 115, 101, 109, 45, 99, 111, 109, 112, 108, 101, 116, 105, 111, 110, 45, 50, 48, 50, 54, 49, 48, 48, 51, 47, 88, 50, 45, 110, 97, 116, 105, 118, 101, 48, 51, 47, 102, 105, 120, 116, 117, 114, 101, 48, 49, 47, 101, 100, 103, 101, 115, 47, 112, 97, 114, 116, 45, 48, 48, 46, 112, 97, 114, 113, 117, 101, 116, 16, 164, 48, 24, ... (2151 bytes)], peers: [] }
[2026-10-03T20:23:55Z DEBUG sail_execution::worker::server] RunTaskBatchResponse
[2026-10-03T20:23:55Z DEBUG sail_execution::task_runner::actor::handler] worker_task_status worker_id=1 job_id=6 stage=0 partition=2 attempt=0 status=RUNNING
[2026-10-03T20:23:55Z DEBUG sail_execution::task_runner::actor::handler] worker_task_status worker_id=1 job_id=6 stage=0 partition=6 attempt=0 status=RUNNING
[2026-10-03T20:23:55Z DEBUG sail_execution::task_runner::actor::handler] worker_task_status worker_id=1 job_id=6 stage=0 partition=0 attempt=0 status=RUNNING
[2026-10-03T20:23:55Z DEBUG sail_execution::worker::server] RunTaskBatchRequest { job_id: 6, stage: 2, tasks: [TaskAttempt { partition: 0, attempt: 0 }], definition: [10, 147, 3, 234, 1, 143, 3, 10, 45, 146, 1, 42, 10, 40, 26, 38, 18, 30, 10, 0, 42, 26, 10, 11, 10, 3, 115, 114, 99, 18, 2, 82, 0, 24, 1, 10, 11, 10, 3, 100, 115, 116, 18, 2, 82, 0, 24, 1, 26, 2, 24, 1, 32, 1, 18, 206, 2, 10, 212, 1, 10, 8, 102, 105, 108, 101, 58, 47, 47, 47, 26, 158, 1, 102, 105, 108, 101, 58, 47, 47, 47, 85, 115, 101, 114, 115, 47, 97, 108, 101, 120, 121, 47, 115, 114, 99, 47, 103, 114, 117, 115, 116, 45, 98, 101, 110, 99, 104, 109, 97, 114, 107, 45, 114, 117, 110, 115, 47, 115, 101, 109, 45, 99, 111, 109, 112, 108, 101, ... (524 bytes)], peers: [] }
[2026-10-03T20:23:55Z DEBUG sail_execution::task_runner::actor::handler] worker_task_status worker_id=1 job_id=6 stage=0 partition=4 attempt=0 status=RUNNING
[2026-10-03T20:23:55Z DEBUG sail_execution::worker::server] RunTaskBatchRequest { job_id: 6, stage: 1, tasks: [TaskAttempt { partition: 8, attempt: 0 }, TaskAttempt { partition: 10, attempt: 0 }, TaskAttempt { partition: 12, attempt: 0 }, TaskAttempt { partition: 14, attempt: 0 }, TaskAttempt { partition: 0, attempt: 0 }, TaskAttempt { partition: 2, attempt: 0 }, TaskAttempt { partition: 4, attempt: 0 }, TaskAttempt { partition: 6, attempt: 0 }], definition: [10, 75, 34, 73, 10, 43, 146, 1, 40, 10, 38, 26, 36, 18, 28, 10, 0, 42, 24, 10, 10, 10, 2, 35, 50, 18, 2, 82, 0, 24, 1, 10, 10, 10, 2, 35, 51, 18, 2, 82, 0, 24, 1, 26, 2, 8, 16, 32, 1, 18, 6, 10, 4, 10, 2, 35, 50, 18, 8, 10, 6, 10, 2, 35, 51, 16, 1, 26, 3, 115, 114, 99, 26, 3, 100, 115, 116, 18, 246, 7, 18, 243, 7, 18, 240, 7, 10, 46, 10, 2, 8, 1, 10, 4, 8, 2, 16, 1, 10, 4, 8, 1, 16, 2, 10, 4, 8, 2, 16, 3, 10, 4, 8, 1, 16, 4, 10, 4, 8, 2, 16, 5, 10, 4, 8, 1, 16, 6, ... (1108 bytes)], peers: [] }
[2026-10-03T20:23:55Z DEBUG sail_execution::task_runner::preparation] job 6 stage 0 partition 2 attempt 0 execution plan
ShuffleWriteExec: partitioning=RoundRobinRow(16)
  DataSourceExec: file_groups={8 groups: [[Volumes/Apo/graph-tests/results/sem-completion-20261003/X2-native03/fixture01/edges/part-00.parquet], [Volumes/Apo/graph-tests/results/sem-completion-20261003/X2-native03/fixture01/edges/part-01.parquet], [Volumes/Apo/graph-tests/results/sem-completion-20261003/X2-native03/fixture01/edges/part-02.parquet], [Volumes/Apo/graph-tests/results/sem-completion-20261003/X2-native03/fixture01/edges/part-03.parquet], [Volumes/Apo/graph-tests/results/sem-completion-20261003/X2-native03/fixture01/edges/part-04.parquet], [Volumes/Apo/graph-tests/results/sem-completion-20261003/X2-native03/fixture01/edges/part-05.parquet], [Volumes/Apo/graph-tests/results/sem-completion-20261003/X2-native03/fixture01/edges/part-06.parquet], [Volumes/Apo/graph-tests/results/sem-completion-20261003/X2-native03/fixture01/edges/part-07.parquet]]}, projection=[src@0 as #2, dst@1 as #3], file_type=parquet

[2026-10-03T20:23:55Z DEBUG sail_execution::task_runner::preparation] job 6 stage 0 partition 6 attempt 0 execution plan
ShuffleWriteExec: partitioning=RoundRobinRow(16)
  DataSourceExec: file_groups={8 groups: [[Volumes/Apo/graph-tests/results/sem-completion-20261003/X2-native03/fixture01/edges/part-00.parquet], [Volumes/Apo/graph-tests/results/sem-completion-20261003/X2-native03/fixture01/edges/part-01.parquet], [Volumes/Apo/graph-tests/results/sem-completion-20261003/X2-native03/fixture01/edges/part-02.parquet], [Volumes/Apo/graph-tests/results/sem-completion-20261003/X2-native03/fixture01/edges/part-03.parquet], [Volumes/Apo/graph-tests/results/sem-completion-20261003/X2-native03/fixture01/edges/part-04.parquet], [Volumes/Apo/graph-tests/results/sem-completion-20261003/X2-native03/fixture01/edges/part-05.parquet], [Volumes/Apo/graph-tests/results/sem-completion-20261003/X2-native03/fixture01/edges/part-06.parquet], [Volumes/Apo/graph-tests/results/sem-completion-20261003/X2-native03/fixture01/edges/part-07.parquet]]}, projection=[src@0 as #2, dst@1 as #3], file_type=parquet

[2026-10-03T20:23:55Z DEBUG sail_execution::task_runner::preparation] job 6 stage 0 partition 4 attempt 0 execution plan
ShuffleWriteExec: partitioning=RoundRobinRow(16)
  DataSourceExec: file_groups={8 groups: [[Volumes/Apo/graph-tests/results/sem-completion-20261003/X2-native03/fixture01/edges/part-00.parquet], [Volumes/Apo/graph-tests/results/sem-completion-20261003/X2-native03/fixture01/edges/part-01.parquet], [Volumes/Apo/graph-tests/results/sem-completion-20261003/X2-native03/fixture01/edges/part-02.parquet], [Volumes/Apo/graph-tests/results/sem-completion-20261003/X2-native03/fixture01/edges/part-03.parquet], [Volumes/Apo/graph-tests/results/sem-completion-20261003/X2-native03/fixture01/edges/part-04.parquet], [Volumes/Apo/graph-tests/results/sem-completion-20261003/X2-native03/fixture01/edges/part-05.parquet], [Volumes/Apo/graph-tests/results/sem-completion-20261003/X2-native03/fixture01/edges/part-06.parquet], [Volumes/Apo/graph-tests/results/sem-completion-20261003/X2-native03/fixture01/edges/part-07.parquet]]}, projection=[src@0 as #2, dst@1 as #3], file_type=parquet

[2026-10-03T20:23:55Z DEBUG sail_execution::task_runner::preparation] job 6 stage 2 partition 0 attempt 0 execution plan
ShuffleWriteExec: partitioning=RoundRobinBatch(1)
  DataSinkExec: sink=ParquetSink(file_groups=[])
    ShuffleReadExec: partitioning=UnknownPartitioning(1)

[2026-10-03T20:23:55Z DEBUG sail_execution::task_runner::preparation] job 6 stage 0 partition 4 attempt 0 preparation wait=19.969µs duration=456.324µs
[2026-10-03T20:23:55Z DEBUG sail_execution::worker::server] RunTaskBatchResponse
[2026-10-03T20:23:55Z DEBUG sail_execution::task_runner::actor::handler] worker_task_status worker_id=1 job_id=6 stage=2 partition=0 attempt=0 status=RUNNING
[2026-10-03T20:23:55Z DEBUG sail_execution::task_runner::preparation] job 6 stage 1 partition 12 attempt 0 execution plan
ShuffleWriteExec: partitioning=RoundRobinBatch(1)
  ProjectionExec: expr=[#2@0 as src, #3@1 as dst]
    ShuffleReadExec: partitioning=RoundRobinBatch(16)

[2026-10-03T20:23:55Z DEBUG sail_execution::task_runner::preparation] job 6 stage 0 partition 0 attempt 0 execution plan
ShuffleWriteExec: partitioning=RoundRobinRow(16)
  DataSourceExec: file_groups={8 groups: [[Volumes/Apo/graph-tests/results/sem-completion-20261003/X2-native03/fixture01/edges/part-00.parquet], [Volumes/Apo/graph-tests/results/sem-completion-20261003/X2-native03/fixture01/edges/part-01.parquet], [Volumes/Apo/graph-tests/results/sem-completion-20261003/X2-native03/fixture01/edges/part-02.parquet], [Volumes/Apo/graph-tests/results/sem-completion-20261003/X2-native03/fixture01/edges/part-03.parquet], [Volumes/Apo/graph-tests/results/sem-completion-20261003/X2-native03/fixture01/edges/part-04.parquet], [Volumes/Apo/graph-tests/results/sem-completion-20261003/X2-native03/fixture01/edges/part-05.parquet], [Volumes/Apo/graph-tests/results/sem-completion-20261003/X2-native03/fixture01/edges/part-06.parquet], [Volumes/Apo/graph-tests/results/sem-completion-20261003/X2-native03/fixture01/edges/part-07.parquet]]}, projection=[src@0 as #2, dst@1 as #3], file_type=parquet

[2026-10-03T20:23:55Z DEBUG sail_execution::task_runner::preparation] job 6 stage 2 partition 0 attempt 0 preparation wait=43.208µs duration=155.346µs
[2026-10-03T20:23:55Z DEBUG sail_execution::task_runner::preparation] job 6 stage 0 partition 0 attempt 0 preparation wait=39.21µs duration=628.471µs
[2026-10-03T20:23:55Z DEBUG sail_execution::task_runner::preparation] job 6 stage 0 partition 2 attempt 0 preparation wait=22.03µs duration=429.487µs
[2026-10-03T20:23:55Z DEBUG sail_execution::task_runner::actor::handler] worker_task_status worker_id=1 job_id=6 stage=1 partition=8 attempt=0 status=RUNNING
[2026-10-03T20:23:55Z DEBUG sail_execution::task_runner::preparation] job 6 stage 1 partition 2 attempt 0 execution plan
ShuffleWriteExec: partitioning=RoundRobinBatch(1)
  ProjectionExec: expr=[#2@0 as src, #3@1 as dst]
    ShuffleReadExec: partitioning=RoundRobinBatch(16)

[2026-10-03T20:23:55Z DEBUG sail_execution::task_runner::preparation] job 6 stage 1 partition 12 attempt 0 preparation wait=198.589µs duration=75.337µs
[2026-10-03T20:23:55Z DEBUG sail_execution::task_runner::preparation] job 6 stage 1 partition 2 attempt 0 preparation wait=244.543µs duration=249.976µs
[2026-10-03T20:23:55Z DEBUG sail_execution::task_runner::preparation] job 6 stage 0 partition 6 attempt 0 preparation wait=49.583µs duration=425.801µs
[2026-10-03T20:23:55Z DEBUG sail_execution::task_runner::preparation] job 6 stage 1 partition 6 attempt 0 execution plan
ShuffleWriteExec: partitioning=RoundRobinBatch(1)
  ProjectionExec: expr=[#2@0 as src, #3@1 as dst]
    ShuffleReadExec: partitioning=RoundRobinBatch(16)

[2026-10-03T20:23:55Z DEBUG sail_execution::task_runner::preparation] job 6 stage 1 partition 10 attempt 0 execution plan
ShuffleWriteExec: partitioning=RoundRobinBatch(1)
  ProjectionExec: expr=[#2@0 as src, #3@1 as dst]
    ShuffleReadExec: partitioning=RoundRobinBatch(16)

[2026-10-03T20:23:55Z DEBUG sail_execution::worker::server] RunTaskBatchResponse
[2026-10-03T20:23:55Z DEBUG sail_execution::task_runner::actor::handler] worker_task_status worker_id=1 job_id=6 stage=1 partition=12 attempt=0 status=RUNNING
[2026-10-03T20:23:55Z DEBUG sail_execution::task_runner::preparation] job 6 stage 1 partition 8 attempt 0 execution plan
ShuffleWriteExec: partitioning=RoundRobinBatch(1)
  ProjectionExec: expr=[#2@0 as src, #3@1 as dst]
    ShuffleReadExec: partitioning=RoundRobinBatch(16)

[2026-10-03T20:23:55Z DEBUG sail_execution::task_runner::preparation] job 6 stage 1 partition 6 attempt 0 preparation wait=270.428µs duration=332.333µs
[2026-10-03T20:23:55Z DEBUG sail_execution::task_runner::preparation] job 6 stage 1 partition 10 attempt 0 preparation wait=337.724µs duration=395.572µs
[2026-10-03T20:23:55Z DEBUG sail_execution::task_runner::actor::handler] worker_task_status worker_id=1 job_id=6 stage=1 partition=2 attempt=0 status=RUNNING
[2026-10-03T20:23:55Z DEBUG sail_execution::task_runner::preparation] job 6 stage 1 partition 8 attempt 0 preparation wait=185.066µs duration=699.202µs
[2026-10-03T20:23:55Z DEBUG sail_execution::task_runner::actor::handler] worker_task_status worker_id=1 job_id=6 stage=1 partition=10 attempt=0 status=RUNNING
[2026-10-03T20:23:55Z DEBUG sail_execution::task_runner::actor::handler] worker_task_status worker_id=1 job_id=6 stage=1 partition=0 attempt=0 status=RUNNING
[2026-10-03T20:23:55Z DEBUG sail_execution::task_runner::actor::handler] worker_task_status worker_id=1 job_id=6 stage=1 partition=4 attempt=0 status=RUNNING
[2026-10-03T20:23:55Z DEBUG sail_execution::task_runner::actor::handler] worker_task_status worker_id=1 job_id=6 stage=1 partition=14 attempt=0 status=RUNNING
[2026-10-03T20:23:55Z DEBUG sail_execution::task_runner::actor::handler] worker_task_status worker_id=1 job_id=6 stage=1 partition=6 attempt=0 status=RUNNING
[2026-10-03T20:23:55Z DEBUG sail_execution::stream::service::server] TaskStreamKey { job_id: JobId(6), stage: 2, partition: 0, attempt: 0, channel: 0 }
[2026-10-03T20:23:55Z DEBUG sail_execution::stream::service::server] TaskStreamKey { job_id: JobId(6), stage: 0, partition: 2, attempt: 0, channel: 9 }
[2026-10-03T20:23:55Z DEBUG sail_execution::stream::service::server] TaskStreamKey { job_id: JobId(6), stage: 0, partition: 0, attempt: 0, channel: 9 }
[2026-10-03T20:23:55Z DEBUG sail_execution::task_runner::preparation] job 6 stage 1 partition 4 attempt 0 execution plan
ShuffleWriteExec: partitioning=RoundRobinBatch(1)
  ProjectionExec: expr=[#2@0 as src, #3@1 as dst]
    ShuffleReadExec: partitioning=RoundRobinBatch(16)

[2026-10-03T20:23:55Z DEBUG sail_execution::task_runner::preparation] job 6 stage 1 partition 4 attempt 0 preparation wait=2.01752ms duration=73.247µs
[2026-10-03T20:23:55Z DEBUG sail_execution::task_runner::preparation] job 6 stage 1 partition 0 attempt 0 execution plan
ShuffleWriteExec: partitioning=RoundRobinBatch(1)
  ProjectionExec: expr=[#2@0 as src, #3@1 as dst]
    ShuffleReadExec: partitioning=RoundRobinBatch(16)

[2026-10-03T20:23:55Z DEBUG sail_execution::task_runner::preparation] job 6 stage 1 partition 0 attempt 0 preparation wait=2.106795ms duration=76.195µs
[2026-10-03T20:23:55Z DEBUG sail_execution::stream::service::server] TaskStreamKey { job_id: JobId(6), stage: 0, partition: 4, attempt: 0, channel: 9 }
[2026-10-03T20:23:55Z DEBUG sail_execution::stream::service::server] TaskStreamKey { job_id: JobId(6), stage: 0, partition: 6, attempt: 0, channel: 9 }
[2026-10-03T20:23:55Z DEBUG sail_execution::stream::service::server] TaskStreamKey { job_id: JobId(6), stage: 0, partition: 0, attempt: 0, channel: 1 }
[2026-10-03T20:23:55Z DEBUG sail_execution::stream::service::server] TaskStreamKey { job_id: JobId(6), stage: 0, partition: 2, attempt: 0, channel: 1 }
[2026-10-03T20:23:55Z DEBUG sail_execution::stream::service::server] TaskStreamKey { job_id: JobId(6), stage: 0, partition: 0, attempt: 0, channel: 5 }
[2026-10-03T20:23:55Z DEBUG sail_execution::stream::service::server] TaskStreamKey { job_id: JobId(6), stage: 0, partition: 2, attempt: 0, channel: 5 }
[2026-10-03T20:23:55Z DEBUG sail_execution::stream::service::server] TaskStreamKey { job_id: JobId(6), stage: 0, partition: 6, attempt: 0, channel: 5 }
[2026-10-03T20:23:55Z DEBUG sail_execution::stream::service::server] TaskStreamKey { job_id: JobId(6), stage: 0, partition: 4, attempt: 0, channel: 1 }
[2026-10-03T20:23:55Z DEBUG sail_execution::stream::service::server] TaskStreamKey { job_id: JobId(6), stage: 0, partition: 0, attempt: 0, channel: 7 }
[2026-10-03T20:23:55Z DEBUG sail_execution::stream::service::server] TaskStreamKey { job_id: JobId(6), stage: 0, partition: 4, attempt: 0, channel: 5 }
[2026-10-03T20:23:55Z DEBUG sail_execution::stream::service::server] TaskStreamKey { job_id: JobId(6), stage: 0, partition: 6, attempt: 0, channel: 1 }
[2026-10-03T20:23:55Z DEBUG sail_execution::task_runner::preparation] job 6 stage 1 partition 14 attempt 0 execution plan
ShuffleWriteExec: partitioning=RoundRobinBatch(1)
  ProjectionExec: expr=[#2@0 as src, #3@1 as dst]
    ShuffleReadExec: partitioning=RoundRobinBatch(16)

[2026-10-03T20:23:55Z DEBUG sail_execution::task_runner::actor::handler] worker_task_status worker_id=1 job_id=6 stage=0 partition=4 attempt=0 status=SUCCEEDED
[2026-10-03T20:23:55Z DEBUG sail_execution::stream::service::server] TaskStreamKey { job_id: JobId(6), stage: 0, partition: 2, attempt: 0, channel: 11 }
[2026-10-03T20:23:55Z DEBUG sail_execution::task_runner::preparation] job 6 stage 1 partition 14 attempt 0 preparation wait=2.957887ms duration=169.999µs
[2026-10-03T20:23:55Z DEBUG sail_execution::task_runner::actor::handler] worker_task_status worker_id=1 job_id=6 stage=0 partition=6 attempt=0 status=SUCCEEDED
[2026-10-03T20:23:55Z DEBUG sail_execution::stream::service::server] TaskStreamKey { job_id: JobId(6), stage: 0, partition: 4, attempt: 0, channel: 7 }
[2026-10-03T20:23:55Z DEBUG sail_execution::stream::service::server] TaskStreamKey { job_id: JobId(6), stage: 0, partition: 2, attempt: 0, channel: 7 }
[2026-10-03T20:23:55Z DEBUG sail_execution::stream::service::server] TaskStreamKey { job_id: JobId(6), stage: 0, partition: 6, attempt: 0, channel: 11 }
[2026-10-03T20:23:55Z DEBUG sail_execution::task_runner::actor::handler] worker_task_status worker_id=1 job_id=6 stage=0 partition=2 attempt=0 status=SUCCEEDED
[2026-10-03T20:23:55Z DEBUG sail_execution::stream::service::server] TaskStreamKey { job_id: JobId(6), stage: 0, partition: 6, attempt: 0, channel: 7 }
[2026-10-03T20:23:55Z DEBUG sail_execution::stream::service::server] TaskStreamKey { job_id: JobId(6), stage: 0, partition: 0, attempt: 0, channel: 13 }
[2026-10-03T20:23:55Z DEBUG sail_execution::task_runner::actor::handler] worker_task_status worker_id=1 job_id=6 stage=0 partition=0 attempt=0 status=SUCCEEDED
[2026-10-03T20:23:55Z DEBUG sail_execution::stream::service::server] TaskStreamKey { job_id: JobId(6), stage: 0, partition: 2, attempt: 0, channel: 13 }
[2026-10-03T20:23:55Z DEBUG sail_execution::stream::service::server] TaskStreamKey { job_id: JobId(6), stage: 0, partition: 4, attempt: 0, channel: 11 }
[2026-10-03T20:23:55Z DEBUG sail_execution::stream::service::server] TaskStreamKey { job_id: JobId(6), stage: 0, partition: 0, attempt: 0, channel: 11 }
[2026-10-03T20:23:55Z DEBUG sail_execution::stream::service::server] TaskStreamKey { job_id: JobId(6), stage: 0, partition: 4, attempt: 0, channel: 13 }
[2026-10-03T20:23:55Z DEBUG sail_execution::stream::service::server] TaskStreamKey { job_id: JobId(6), stage: 0, partition: 6, attempt: 0, channel: 13 }
[2026-10-03T20:23:55Z DEBUG sail_execution::stream::service::server] TaskStreamKey { job_id: JobId(6), stage: 0, partition: 0, attempt: 0, channel: 3 }
[2026-10-03T20:23:55Z DEBUG sail_execution::stream::service::server] TaskStreamKey { job_id: JobId(6), stage: 0, partition: 4, attempt: 0, channel: 3 }
[2026-10-03T20:23:55Z DEBUG sail_execution::stream::service::server] TaskStreamKey { job_id: JobId(6), stage: 0, partition: 6, attempt: 0, channel: 15 }
[2026-10-03T20:23:55Z DEBUG sail_execution::stream::service::server] TaskStreamKey { job_id: JobId(6), stage: 0, partition: 0, attempt: 0, channel: 15 }
[2026-10-03T20:23:55Z DEBUG sail_execution::stream::service::server] TaskStreamKey { job_id: JobId(6), stage: 0, partition: 2, attempt: 0, channel: 15 }
[2026-10-03T20:23:55Z DEBUG sail_execution::stream::service::server] TaskStreamKey { job_id: JobId(6), stage: 0, partition: 2, attempt: 0, channel: 3 }
[2026-10-03T20:23:55Z DEBUG sail_execution::stream::service::server] TaskStreamKey { job_id: JobId(6), stage: 0, partition: 6, attempt: 0, channel: 3 }
[2026-10-03T20:23:55Z DEBUG sail_execution::stream::service::server] TaskStreamKey { job_id: JobId(6), stage: 0, partition: 4, attempt: 0, channel: 15 }
[2026-10-03T20:23:55Z DEBUG sail_execution::task_runner::actor::handler] worker_task_status worker_id=1 job_id=6 stage=1 partition=12 attempt=0 status=SUCCEEDED
[2026-10-03T20:23:55Z DEBUG sail_execution::task_runner::actor::handler] worker_task_status worker_id=1 job_id=6 stage=1 partition=2 attempt=0 status=SUCCEEDED
[2026-10-03T20:23:55Z DEBUG sail_execution::task_runner::actor::handler] worker_task_status worker_id=1 job_id=6 stage=1 partition=8 attempt=0 status=SUCCEEDED
[2026-10-03T20:23:55Z DEBUG sail_execution::task_runner::actor::handler] worker_task_status worker_id=1 job_id=6 stage=1 partition=10 attempt=0 status=SUCCEEDED
[2026-10-03T20:23:55Z DEBUG sail_execution::task_runner::actor::handler] worker_task_status worker_id=1 job_id=6 stage=1 partition=6 attempt=0 status=SUCCEEDED
[2026-10-03T20:23:55Z DEBUG sail_execution::task_runner::actor::handler] worker_task_status worker_id=1 job_id=6 stage=1 partition=4 attempt=0 status=SUCCEEDED
[2026-10-03T20:23:55Z DEBUG sail_execution::task_runner::actor::handler] worker_task_status worker_id=1 job_id=6 stage=1 partition=0 attempt=0 status=SUCCEEDED
[2026-10-03T20:23:55Z DEBUG sail_execution::task_runner::actor::handler] worker_task_status worker_id=1 job_id=6 stage=1 partition=14 attempt=0 status=SUCCEEDED
[2026-10-03T20:23:55Z DEBUG sail_execution::worker::server] CleanUpJobRequest { job_id: 6, stage: Some(0) }
[2026-10-03T20:23:55Z DEBUG sail_execution::worker::server] CleanUpJobResponse
[2026-10-03T20:23:55Z DEBUG sail_execution::task_runner::actor::handler] worker_task_status worker_id=1 job_id=6 stage=2 partition=0 attempt=0 status=SUCCEEDED
[2026-10-03T20:23:55Z DEBUG sail_execution::worker::server] CleanUpJobRequest { job_id: 6, stage: Some(1) }
[2026-10-03T20:23:55Z DEBUG sail_execution::worker::server] CleanUpJobResponse
[2026-10-03T20:23:55Z DEBUG sail_execution::worker::server] CleanUpJobRequest { job_id: 6, stage: None }
[2026-10-03T20:23:55Z DEBUG sail_execution::worker::server] CleanUpJobResponse
[2026-10-03T20:23:55Z DEBUG sail_execution::worker::server] RunTaskBatchRequest { job_id: 7, stage: 1, tasks: [TaskAttempt { partition: 0, attempt: 0 }], definition: [10, 142, 5, 34, 139, 5, 10, 178, 3, 34, 175, 3, 10, 214, 1, 130, 2, 210, 1, 10, 207, 1, 146, 1, 203, 1, 10, 200, 1, 26, 197, 1, 18, 188, 1, 10, 0, 42, 183, 1, 10, 10, 10, 4, 107, 105, 110, 100, 18, 2, 114, 0, 10, 12, 10, 4, 112, 97, 116, 104, 18, 2, 114, 0, 24, 1, 10, 12, 10, 4, 115, 105, 122, 101, 18, 2, 82, 0, 24, 1, 10, 13, 10, 5, 118, 97, 108, 117, 101, 18, 2, 18, 0, 24, 1, 10, 13, 10, 5, 99, 111, 117, 110, 116, 18, 2, 82, 0, 24, 1, 10, 20, 10, 12, 99, 97, 112, 97, 98, 105, 108, 105, 116, 105, 101, 115, 18, 2, ... (681 bytes)], peers: [] }
[2026-10-03T20:23:55Z DEBUG sail_execution::worker::server] RunTaskBatchResponse
[2026-10-03T20:23:55Z DEBUG sail_execution::task_runner::actor::handler] worker_task_status worker_id=1 job_id=7 stage=1 partition=0 attempt=0 status=RUNNING
[2026-10-03T20:23:55Z DEBUG sail_execution::task_runner::preparation] job 7 stage 1 partition 0 attempt 0 execution plan
ShuffleWriteExec: partitioning=RoundRobinBatch(1)
  ProjectionExec: expr=[#0@0 as kind, #1@1 as path, #2@2 as size, #3@3 as value, #4@4 as count, #5@5 as capabilities, #6@6 as token, #7@7 as truncated, #8@8 as engine, #9@9 as protocol_version, #10@10 as lease_seconds]
    ProjectionExec: expr=[kind@0 as #0, path@1 as #1, size@2 as #2, value@3 as #3, count@4 as #4, capabilities@5 as #5, token@6 as #6, truncated@7 as #7, engine@8 as #8, protocol_version@9 as #9, lease_seconds@10 as #10]
      CooperativeExec
        ShuffleReadExec: partitioning=UnknownPartitioning(1)

[2026-10-03T20:23:55Z DEBUG sail_execution::task_runner::preparation] job 7 stage 1 partition 0 attempt 0 preparation wait=15.585µs duration=169.928µs
[2026-10-03T20:23:55Z DEBUG sail_execution::stream::service::server] TaskStreamKey { job_id: JobId(7), stage: 1, partition: 0, attempt: 0, channel: 0 }
[2026-10-03T20:23:55Z DEBUG sail_execution::task_runner::actor::handler] worker_task_status worker_id=1 job_id=7 stage=1 partition=0 attempt=0 status=SUCCEEDED
[2026-10-03T20:23:55Z DEBUG sail_execution::worker::server] CleanUpJobRequest { job_id: 7, stage: None }
[2026-10-03T20:23:55Z DEBUG sail_execution::worker::server] CleanUpJobResponse
[2026-10-03T20:23:55Z DEBUG sail_execution::worker::server] RunTaskBatchRequest { job_id: 8, stage: 0, tasks: [TaskAttempt { partition: 0, attempt: 0 }], definition: [10, 218, 10, 154, 1, 214, 10, 10, 168, 5, 146, 1, 164, 5, 10, 161, 5, 162, 3, 157, 5, 10, 151, 4, 10, 201, 2, 10, 198, 2, 10, 180, 1, 85, 115, 101, 114, 115, 47, 97, 108, 101, 120, 121, 47, 115, 114, 99, 47, 103, 114, 117, 115, 116, 45, 98, 101, 110, 99, 104, 109, 97, 114, 107, 45, 114, 117, 110, 115, 47, 115, 101, 109, 45, 99, 111, 109, 112, 108, 101, 116, 105, 111, 110, 45, 50, 48, 50, 54, 49, 48, 48, 51, 47, 120, 50, 45, 110, 97, 116, 105, 118, 101, 48, 51, 47, 120, 50, 45, 114, 101, 102, 101, 114, 101, 110, 99, 101, 45, 112, 49, 54, 45, 48, 49, 47, 115, 116, ... (1387 bytes)], peers: [] }
[2026-10-03T20:23:55Z DEBUG sail_execution::worker::server] RunTaskBatchResponse
[2026-10-03T20:23:55Z DEBUG sail_execution::task_runner::actor::handler] worker_task_status worker_id=1 job_id=8 stage=0 partition=0 attempt=0 status=RUNNING
[2026-10-03T20:23:55Z DEBUG sail_execution::worker::server] RunTaskBatchRequest { job_id: 8, stage: 2, tasks: [TaskAttempt { partition: 0, attempt: 0 }], definition: [10, 147, 3, 234, 1, 143, 3, 10, 45, 146, 1, 42, 10, 40, 26, 38, 18, 30, 10, 0, 42, 26, 10, 11, 10, 3, 115, 114, 99, 18, 2, 82, 0, 24, 1, 10, 11, 10, 3, 100, 115, 116, 18, 2, 82, 0, 24, 1, 26, 2, 24, 1, 32, 1, 18, 206, 2, 10, 212, 1, 10, 8, 102, 105, 108, 101, 58, 47, 47, 47, 26, 158, 1, 102, 105, 108, 101, 58, 47, 47, 47, 85, 115, 101, 114, 115, 47, 97, 108, 101, 120, 121, 47, 115, 114, 99, 47, 103, 114, 117, 115, 116, 45, 98, 101, 110, 99, 104, 109, 97, 114, 107, 45, 114, 117, 110, 115, 47, 115, 101, 109, 45, 99, 111, 109, 112, 108, 101, ... (524 bytes)], peers: [] }
[2026-10-03T20:23:55Z DEBUG sail_execution::worker::server] RunTaskBatchRequest { job_id: 8, stage: 1, tasks: [TaskAttempt { partition: 14, attempt: 0 }, TaskAttempt { partition: 0, attempt: 0 }, TaskAttempt { partition: 2, attempt: 0 }, TaskAttempt { partition: 4, attempt: 0 }, TaskAttempt { partition: 6, attempt: 0 }, TaskAttempt { partition: 8, attempt: 0 }, TaskAttempt { partition: 10, attempt: 0 }, TaskAttempt { partition: 12, attempt: 0 }], definition: [10, 75, 34, 73, 10, 43, 146, 1, 40, 10, 38, 26, 36, 18, 28, 10, 0, 42, 24, 10, 10, 10, 2, 35, 48, 18, 2, 82, 0, 24, 1, 10, 10, 10, 2, 35, 49, 18, 2, 82, 0, 24, 1, 26, 2, 8, 16, 32, 1, 18, 6, 10, 4, 10, 2, 35, 48, 18, 8, 10, 6, 10, 2, 35, 49, 16, 1, 26, 3, 115, 114, 99, 26, 3, 100, 115, 116, 18, 130, 2, 18, 255, 1, 18, 252, 1, 10, 10, 10, 2, 8, 1, 10, 4, 8, 2, 16, 1, 10, 14, 10, 4, 8, 1, 32, 1, 10, 6, 8, 2, 16, 1, 32, 1, 10, 14, 10, 4, 8, 1, 32, 2, 10, 6, 8, 2, 16, 1, ... (352 bytes)], peers: [] }
[2026-10-03T20:23:55Z DEBUG sail_execution::worker::server] RunTaskBatchResponse
[2026-10-03T20:23:55Z DEBUG sail_execution::task_runner::actor::handler] worker_task_status worker_id=1 job_id=8 stage=2 partition=0 attempt=0 status=RUNNING
[2026-10-03T20:23:55Z DEBUG sail_execution::task_runner::actor::handler] worker_task_status worker_id=1 job_id=8 stage=1 partition=0 attempt=0 status=RUNNING
[2026-10-03T20:23:55Z DEBUG sail_execution::worker::server] RunTaskBatchResponse
[2026-10-03T20:23:55Z DEBUG sail_execution::task_runner::preparation] job 8 stage 0 partition 0 attempt 0 execution plan
ShuffleWriteExec: partitioning=RoundRobinRow(16)
  UnionExec
    DataSourceExec: file_groups={1 group: [[Users/alexy/src/grust-benchmark-runs/sem-completion-20261003/x2-native03/x2-reference-p16-01/staging/f7b8a2fd-e036-48df-b4df-3f4558853bc0/stage-00001/NV1riu6w76VATcIs_0.zst.parquet]]}, projection=[src@0 as #0, dst@1 as #1], file_type=parquet
    DataSourceExec: file_groups={1 group: [[Users/alexy/src/grust-benchmark-runs/sem-completion-20261003/x2-native03/x2-reference-p16-01/staging/f7b8a2fd-e036-48df-b4df-3f4558853bc0/stage-00001/NV1riu6w76VATcIs_0.zst.parquet]]}, projection=[dst@1 as #0, src@0 as #1], file_type=parquet

[2026-10-03T20:23:55Z DEBUG sail_execution::task_runner::actor::handler] worker_task_status worker_id=1 job_id=8 stage=1 partition=14 attempt=0 status=RUNNING
[2026-10-03T20:23:55Z DEBUG sail_execution::task_runner::preparation] job 8 stage 1 partition 0 attempt 0 execution plan
ShuffleWriteExec: partitioning=RoundRobinBatch(1)
  ProjectionExec: expr=[#0@0 as src, #1@1 as dst]
    ShuffleReadExec: partitioning=RoundRobinBatch(16)

[2026-10-03T20:23:55Z DEBUG sail_execution::task_runner::preparation] job 8 stage 1 partition 14 attempt 0 execution plan
ShuffleWriteExec: partitioning=RoundRobinBatch(1)
  ProjectionExec: expr=[#0@0 as src, #1@1 as dst]
    ShuffleReadExec: partitioning=RoundRobinBatch(16)

[2026-10-03T20:23:55Z DEBUG sail_execution::task_runner::preparation] job 8 stage 1 partition 0 attempt 0 preparation wait=28.966µs duration=162.93µs
[2026-10-03T20:23:55Z DEBUG sail_execution::task_runner::preparation] job 8 stage 1 partition 2 attempt 0 execution plan
ShuffleWriteExec: partitioning=RoundRobinBatch(1)
  ProjectionExec: expr=[#0@0 as src, #1@1 as dst]
    ShuffleReadExec: partitioning=RoundRobinBatch(16)

[2026-10-03T20:23:55Z DEBUG sail_execution::task_runner::preparation] job 8 stage 1 partition 6 attempt 0 execution plan
ShuffleWriteExec: partitioning=RoundRobinBatch(1)
  ProjectionExec: expr=[#0@0 as src, #1@1 as dst]
    ShuffleReadExec: partitioning=RoundRobinBatch(16)

[2026-10-03T20:23:55Z DEBUG sail_execution::task_runner::preparation] job 8 stage 1 partition 10 attempt 0 execution plan
ShuffleWriteExec: partitioning=RoundRobinBatch(1)
  ProjectionExec: expr=[#0@0 as src, #1@1 as dst]
    ShuffleReadExec: partitioning=RoundRobinBatch(16)

[2026-10-03T20:23:55Z DEBUG sail_execution::task_runner::preparation] job 8 stage 1 partition 8 attempt 0 execution plan
ShuffleWriteExec: partitioning=RoundRobinBatch(1)
  ProjectionExec: expr=[#0@0 as src, #1@1 as dst]
    ShuffleReadExec: partitioning=RoundRobinBatch(16)

[2026-10-03T20:23:55Z DEBUG sail_execution::task_runner::preparation] job 8 stage 2 partition 0 attempt 0 execution plan
ShuffleWriteExec: partitioning=RoundRobinBatch(1)
  DataSinkExec: sink=ParquetSink(file_groups=[])
    ShuffleReadExec: partitioning=UnknownPartitioning(1)

[2026-10-03T20:23:55Z DEBUG sail_execution::task_runner::preparation] job 8 stage 1 partition 4 attempt 0 execution plan
ShuffleWriteExec: partitioning=RoundRobinBatch(1)
  ProjectionExec: expr=[#0@0 as src, #1@1 as dst]
    ShuffleReadExec: partitioning=RoundRobinBatch(16)

[2026-10-03T20:23:55Z DEBUG sail_execution::task_runner::preparation] job 8 stage 0 partition 0 attempt 0 preparation wait=25.513µs duration=318.324µs
[2026-10-03T20:23:55Z DEBUG sail_execution::task_runner::preparation] job 8 stage 1 partition 4 attempt 0 preparation wait=21.032µs duration=328.499µs
[2026-10-03T20:23:55Z DEBUG sail_execution::task_runner::preparation] job 8 stage 1 partition 12 attempt 0 execution plan
ShuffleWriteExec: partitioning=RoundRobinBatch(1)
  ProjectionExec: expr=[#0@0 as src, #1@1 as dst]
    ShuffleReadExec: partitioning=RoundRobinBatch(16)

[2026-10-03T20:23:55Z DEBUG sail_execution::task_runner::preparation] job 8 stage 1 partition 14 attempt 0 preparation wait=17.195µs duration=191.345µs
[2026-10-03T20:23:55Z DEBUG sail_execution::task_runner::preparation] job 8 stage 1 partition 2 attempt 0 preparation wait=44.121µs duration=200.289µs
[2026-10-03T20:23:55Z DEBUG sail_execution::task_runner::preparation] job 8 stage 1 partition 6 attempt 0 preparation wait=22.392µs duration=250.623µs
[2026-10-03T20:23:55Z DEBUG sail_execution::task_runner::preparation] job 8 stage 1 partition 10 attempt 0 preparation wait=38.936µs duration=236.256µs
[2026-10-03T20:23:55Z DEBUG sail_execution::task_runner::preparation] job 8 stage 1 partition 8 attempt 0 preparation wait=26.93µs duration=231.294µs
[2026-10-03T20:23:55Z DEBUG sail_execution::task_runner::preparation] job 8 stage 2 partition 0 attempt 0 preparation wait=12.71µs duration=328.614µs
[2026-10-03T20:23:55Z DEBUG sail_execution::stream::service::server] TaskStreamKey { job_id: JobId(8), stage: 2, partition: 0, attempt: 0, channel: 0 }
[2026-10-03T20:23:55Z DEBUG sail_execution::task_runner::preparation] job 8 stage 1 partition 12 attempt 0 preparation wait=35.807µs duration=356.158µs
[2026-10-03T20:23:55Z DEBUG sail_execution::task_runner::actor::handler] worker_task_status worker_id=1 job_id=8 stage=1 partition=6 attempt=0 status=RUNNING
[2026-10-03T20:23:55Z DEBUG sail_execution::task_runner::actor::handler] worker_task_status worker_id=1 job_id=8 stage=1 partition=4 attempt=0 status=RUNNING
[2026-10-03T20:23:55Z DEBUG sail_execution::task_runner::actor::handler] worker_task_status worker_id=1 job_id=8 stage=1 partition=2 attempt=0 status=RUNNING
[2026-10-03T20:23:55Z DEBUG sail_execution::task_runner::actor::handler] worker_task_status worker_id=1 job_id=8 stage=1 partition=10 attempt=0 status=RUNNING
[2026-10-03T20:23:55Z DEBUG sail_execution::task_runner::actor::handler] worker_task_status worker_id=1 job_id=8 stage=1 partition=12 attempt=0 status=RUNNING
[2026-10-03T20:23:55Z DEBUG sail_execution::task_runner::actor::handler] worker_task_status worker_id=1 job_id=8 stage=1 partition=8 attempt=0 status=RUNNING
[2026-10-03T20:23:55Z DEBUG sail_execution::stream::service::server] TaskStreamKey { job_id: JobId(8), stage: 0, partition: 0, attempt: 0, channel: 1 }
[2026-10-03T20:23:55Z DEBUG sail_execution::stream::service::server] TaskStreamKey { job_id: JobId(8), stage: 0, partition: 0, attempt: 0, channel: 13 }
[2026-10-03T20:23:55Z DEBUG sail_execution::stream::service::server] TaskStreamKey { job_id: JobId(8), stage: 0, partition: 0, attempt: 0, channel: 15 }
[2026-10-03T20:23:55Z DEBUG sail_execution::stream::service::server] TaskStreamKey { job_id: JobId(8), stage: 0, partition: 0, attempt: 0, channel: 5 }
[2026-10-03T20:23:55Z DEBUG sail_execution::stream::service::server] TaskStreamKey { job_id: JobId(8), stage: 0, partition: 0, attempt: 0, channel: 7 }
[2026-10-03T20:23:55Z DEBUG sail_execution::stream::service::server] TaskStreamKey { job_id: JobId(8), stage: 0, partition: 0, attempt: 0, channel: 11 }
[2026-10-03T20:23:55Z DEBUG sail_execution::stream::service::server] TaskStreamKey { job_id: JobId(8), stage: 0, partition: 0, attempt: 0, channel: 9 }
[2026-10-03T20:23:55Z DEBUG sail_execution::stream::service::server] TaskStreamKey { job_id: JobId(8), stage: 0, partition: 0, attempt: 0, channel: 3 }
[2026-10-03T20:23:55Z DEBUG sail_execution::task_runner::actor::handler] worker_task_status worker_id=1 job_id=8 stage=0 partition=0 attempt=0 status=SUCCEEDED
[2026-10-03T20:23:55Z DEBUG sail_execution::task_runner::actor::handler] worker_task_status worker_id=1 job_id=8 stage=1 partition=6 attempt=0 status=SUCCEEDED
[2026-10-03T20:23:55Z DEBUG sail_execution::task_runner::actor::handler] worker_task_status worker_id=1 job_id=8 stage=1 partition=8 attempt=0 status=SUCCEEDED
[2026-10-03T20:23:55Z DEBUG sail_execution::task_runner::actor::handler] worker_task_status worker_id=1 job_id=8 stage=1 partition=14 attempt=0 status=SUCCEEDED
[2026-10-03T20:23:55Z DEBUG sail_execution::task_runner::actor::handler] worker_task_status worker_id=1 job_id=8 stage=1 partition=0 attempt=0 status=SUCCEEDED
[2026-10-03T20:23:55Z DEBUG sail_execution::task_runner::actor::handler] worker_task_status worker_id=1 job_id=8 stage=1 partition=10 attempt=0 status=SUCCEEDED
[2026-10-03T20:23:55Z DEBUG sail_execution::task_runner::actor::handler] worker_task_status worker_id=1 job_id=8 stage=1 partition=12 attempt=0 status=SUCCEEDED
[2026-10-03T20:23:55Z DEBUG sail_execution::task_runner::actor::handler] worker_task_status worker_id=1 job_id=8 stage=1 partition=4 attempt=0 status=SUCCEEDED
[2026-10-03T20:23:55Z DEBUG sail_execution::task_runner::actor::handler] worker_task_status worker_id=1 job_id=8 stage=1 partition=2 attempt=0 status=SUCCEEDED
[2026-10-03T20:23:55Z DEBUG sail_execution::worker::server] CleanUpJobRequest { job_id: 8, stage: Some(0) }
[2026-10-03T20:23:55Z DEBUG sail_execution::worker::server] CleanUpJobResponse
[2026-10-03T20:23:55Z DEBUG sail_execution::task_runner::actor::handler] worker_task_status worker_id=1 job_id=8 stage=2 partition=0 attempt=0 status=SUCCEEDED
[2026-10-03T20:23:55Z DEBUG sail_execution::worker::server] CleanUpJobRequest { job_id: 8, stage: Some(1) }
[2026-10-03T20:23:55Z DEBUG sail_execution::worker::server] CleanUpJobResponse
[2026-10-03T20:23:55Z DEBUG sail_execution::worker::server] CleanUpJobRequest { job_id: 8, stage: None }
[2026-10-03T20:23:55Z DEBUG sail_execution::worker::server] CleanUpJobResponse
[2026-10-03T20:23:55Z DEBUG sail_execution::worker::server] RunTaskBatchRequest { job_id: 9, stage: 1, tasks: [TaskAttempt { partition: 0, attempt: 0 }], definition: [10, 142, 5, 34, 139, 5, 10, 178, 3, 34, 175, 3, 10, 214, 1, 130, 2, 210, 1, 10, 207, 1, 146, 1, 203, 1, 10, 200, 1, 26, 197, 1, 18, 188, 1, 10, 0, 42, 183, 1, 10, 10, 10, 4, 107, 105, 110, 100, 18, 2, 114, 0, 10, 12, 10, 4, 112, 97, 116, 104, 18, 2, 114, 0, 24, 1, 10, 12, 10, 4, 115, 105, 122, 101, 18, 2, 82, 0, 24, 1, 10, 13, 10, 5, 118, 97, 108, 117, 101, 18, 2, 18, 0, 24, 1, 10, 13, 10, 5, 99, 111, 117, 110, 116, 18, 2, 82, 0, 24, 1, 10, 20, 10, 12, 99, 97, 112, 97, 98, 105, 108, 105, 116, 105, 101, 115, 18, 2, ... (681 bytes)], peers: [] }
[2026-10-03T20:23:55Z DEBUG sail_execution::worker::server] RunTaskBatchResponse
[2026-10-03T20:23:55Z DEBUG sail_execution::task_runner::actor::handler] worker_task_status worker_id=1 job_id=9 stage=1 partition=0 attempt=0 status=RUNNING
[2026-10-03T20:23:55Z DEBUG sail_execution::task_runner::preparation] job 9 stage 1 partition 0 attempt 0 execution plan
ShuffleWriteExec: partitioning=RoundRobinBatch(1)
  ProjectionExec: expr=[#0@0 as kind, #1@1 as path, #2@2 as size, #3@3 as value, #4@4 as count, #5@5 as capabilities, #6@6 as token, #7@7 as truncated, #8@8 as engine, #9@9 as protocol_version, #10@10 as lease_seconds]
    ProjectionExec: expr=[kind@0 as #0, path@1 as #1, size@2 as #2, value@3 as #3, count@4 as #4, capabilities@5 as #5, token@6 as #6, truncated@7 as #7, engine@8 as #8, protocol_version@9 as #9, lease_seconds@10 as #10]
      CooperativeExec
        ShuffleReadExec: partitioning=UnknownPartitioning(1)

[2026-10-03T20:23:55Z DEBUG sail_execution::task_runner::preparation] job 9 stage 1 partition 0 attempt 0 preparation wait=23.03µs duration=178.363µs
[2026-10-03T20:23:55Z DEBUG sail_execution::stream::service::server] TaskStreamKey { job_id: JobId(9), stage: 1, partition: 0, attempt: 0, channel: 0 }
[2026-10-03T20:23:55Z DEBUG sail_execution::task_runner::actor::handler] worker_task_status worker_id=1 job_id=9 stage=1 partition=0 attempt=0 status=SUCCEEDED
[2026-10-03T20:23:55Z DEBUG sail_execution::worker::server] CleanUpJobRequest { job_id: 9, stage: None }
[2026-10-03T20:23:55Z DEBUG sail_execution::worker::server] CleanUpJobResponse
[2026-10-03T20:23:55Z DEBUG sail_execution::worker::server] RunTaskBatchRequest { job_id: 10, stage: 0, tasks: [TaskAttempt { partition: 0, attempt: 0 }], definition: [10, 79, 34, 77, 10, 28, 146, 1, 25, 10, 23, 10, 21, 16, 1, 24, 1, 32, 1, 42, 10, 10, 8, 10, 2, 35, 48, 18, 2, 82, 0, 50, 1, 0, 18, 4, 18, 2, 56, 0, 18, 11, 18, 9, 105, 0, 0, 0, 0, 0, 0, 0, 0, 18, 4, 18, 2, 56, 0, 18, 4, 18, 2, 56, 0, 26, 2, 35, 49, 26, 2, 35, 50, 26, 2, 35, 51, 26, 2, 35, 52, 26, 12, 10, 4, 26, 2, 8, 16, 18, 4, 10, 2, 8, 1 (95 bytes)], peers: [] }
[2026-10-03T20:23:55Z DEBUG sail_execution::worker::server] RunTaskBatchResponse
[2026-10-03T20:23:55Z DEBUG sail_execution::task_runner::actor::handler] worker_task_status worker_id=1 job_id=10 stage=0 partition=0 attempt=0 status=RUNNING
[2026-10-03T20:23:55Z DEBUG sail_execution::worker::server] RunTaskBatchRequest { job_id: 10, stage: 1, tasks: [TaskAttempt { partition: 15, attempt: 0 }, TaskAttempt { partition: 1, attempt: 0 }, TaskAttempt { partition: 3, attempt: 0 }, TaskAttempt { partition: 5, attempt: 0 }, TaskAttempt { partition: 7, attempt: 0 }, TaskAttempt { partition: 9, attempt: 0 }, TaskAttempt { partition: 11, attempt: 0 }, TaskAttempt { partition: 13, attempt: 0 }], definition: [10, 134, 2, 34, 131, 2, 10, 190, 1, 146, 1, 186, 1, 10, 183, 1, 26, 180, 1, 18, 171, 1, 10, 42, 10, 28, 10, 6, 10, 4, 10, 2, 35, 49, 10, 8, 10, 6, 10, 2, 35, 51, 16, 2, 10, 8, 10, 6, 10, 2, 35, 52, 16, 3, 10, 10, 10, 8, 10, 6, 10, 2, 35, 50, 16, 1, 18, 16, 10, 6, 10, 4, 10, 2, 35, 49, 18, 6, 10, 4, 10, 2, 56, 0, 18, 18, 10, 8, 10, 6, 10, 2, 35, 51, 16, 2, 18, 6, 10, 4, 10, 2, 56, 0, 18, 18, 10, 8, 10, 6, 10, 2, 35, 52, 16, 3, 18, 6, 10, 4, 10, 2, 56, 0, 18, 25, 10, 8, ... (413 bytes)], peers: [] }
[2026-10-03T20:23:55Z DEBUG sail_execution::worker::server] RunTaskBatchResponse
[2026-10-03T20:23:55Z DEBUG sail_execution::task_runner::preparation] job 10 stage 0 partition 0 attempt 0 execution plan
ShuffleWriteExec: partitioning=RoundRobinRow(16)
  ProjectionExec: expr=[0 as #1, 0 as #2, 0 as #3, 0 as #4]
    RangeExec: start=0, end=1, step=1, num_partitions=1, projection=[0]

[2026-10-03T20:23:55Z DEBUG sail_execution::task_runner::preparation] job 10 stage 1 partition 15 attempt 0 execution plan
ShuffleWriteExec: partitioning=RoundRobinBatch(1)
  ProjectionExec: expr=[#1@0 as id, #2@1 as distance, #3@2 as hops, #4@3 as parent]
    ShuffleReadExec: partitioning=RoundRobinBatch(16)

[2026-10-03T20:23:55Z DEBUG sail_execution::task_runner::preparation] job 10 stage 1 partition 7 attempt 0 execution plan
ShuffleWriteExec: partitioning=RoundRobinBatch(1)
  ProjectionExec: expr=[#1@0 as id, #2@1 as distance, #3@2 as hops, #4@3 as parent]
    ShuffleReadExec: partitioning=RoundRobinBatch(16)

[2026-10-03T20:23:55Z DEBUG sail_execution::task_runner::preparation] job 10 stage 1 partition 15 attempt 0 preparation wait=30.301µs duration=144.351µs
[2026-10-03T20:23:55Z DEBUG sail_execution::task_runner::preparation] job 10 stage 1 partition 7 attempt 0 preparation wait=46.404µs duration=122.589µs
[2026-10-03T20:23:55Z DEBUG sail_execution::task_runner::preparation] job 10 stage 0 partition 0 attempt 0 preparation wait=22.276µs duration=288.009µs
[2026-10-03T20:23:55Z DEBUG sail_execution::task_runner::preparation] job 10 stage 1 partition 3 attempt 0 execution plan
ShuffleWriteExec: partitioning=RoundRobinBatch(1)
  ProjectionExec: expr=[#1@0 as id, #2@1 as distance, #3@2 as hops, #4@3 as parent]
    ShuffleReadExec: partitioning=RoundRobinBatch(16)

[2026-10-03T20:23:55Z DEBUG sail_execution::task_runner::preparation] job 10 stage 1 partition 5 attempt 0 execution plan
ShuffleWriteExec: partitioning=RoundRobinBatch(1)
  ProjectionExec: expr=[#1@0 as id, #2@1 as distance, #3@2 as hops, #4@3 as parent]
    ShuffleReadExec: partitioning=RoundRobinBatch(16)

[2026-10-03T20:23:55Z DEBUG sail_execution::task_runner::preparation] job 10 stage 1 partition 3 attempt 0 preparation wait=56.467µs duration=280.695µs
[2026-10-03T20:23:55Z DEBUG sail_execution::task_runner::preparation] job 10 stage 1 partition 13 attempt 0 execution plan
ShuffleWriteExec: partitioning=RoundRobinBatch(1)
  ProjectionExec: expr=[#1@0 as id, #2@1 as distance, #3@2 as hops, #4@3 as parent]
    ShuffleReadExec: partitioning=RoundRobinBatch(16)

[2026-10-03T20:23:55Z DEBUG sail_execution::task_runner::actor::handler] worker_task_status worker_id=1 job_id=10 stage=1 partition=15 attempt=0 status=RUNNING
[2026-10-03T20:23:55Z DEBUG sail_execution::task_runner::preparation] job 10 stage 1 partition 13 attempt 0 preparation wait=95.344µs duration=351.475µs
[2026-10-03T20:23:55Z DEBUG sail_execution::task_runner::preparation] job 10 stage 1 partition 1 attempt 0 execution plan
ShuffleWriteExec: partitioning=RoundRobinBatch(1)
  ProjectionExec: expr=[#1@0 as id, #2@1 as distance, #3@2 as hops, #4@3 as parent]
    ShuffleReadExec: partitioning=RoundRobinBatch(16)

[2026-10-03T20:23:55Z DEBUG sail_execution::task_runner::preparation] job 10 stage 1 partition 9 attempt 0 execution plan
ShuffleWriteExec: partitioning=RoundRobinBatch(1)
  ProjectionExec: expr=[#1@0 as id, #2@1 as distance, #3@2 as hops, #4@3 as parent]
    ShuffleReadExec: partitioning=RoundRobinBatch(16)

[2026-10-03T20:23:55Z DEBUG sail_execution::task_runner::preparation] job 10 stage 1 partition 9 attempt 0 preparation wait=78.898µs duration=516.285µs
[2026-10-03T20:23:55Z DEBUG sail_execution::task_runner::preparation] job 10 stage 1 partition 11 attempt 0 execution plan
ShuffleWriteExec: partitioning=RoundRobinBatch(1)
  ProjectionExec: expr=[#1@0 as id, #2@1 as distance, #3@2 as hops, #4@3 as parent]
    ShuffleReadExec: partitioning=RoundRobinBatch(16)

[2026-10-03T20:23:55Z DEBUG sail_execution::task_runner::actor::handler] worker_task_status worker_id=1 job_id=10 stage=1 partition=7 attempt=0 status=RUNNING
[2026-10-03T20:23:55Z DEBUG sail_execution::task_runner::preparation] job 10 stage 1 partition 1 attempt 0 preparation wait=61.565µs duration=439.798µs
[2026-10-03T20:23:55Z DEBUG sail_execution::task_runner::actor::handler] worker_task_status worker_id=1 job_id=10 stage=1 partition=5 attempt=0 status=RUNNING
[2026-10-03T20:23:55Z DEBUG sail_execution::task_runner::preparation] job 10 stage 1 partition 11 attempt 0 preparation wait=54.868µs duration=688.901µs
[2026-10-03T20:23:55Z DEBUG sail_execution::task_runner::preparation] job 10 stage 1 partition 5 attempt 0 preparation wait=33.204µs duration=359.752µs
[2026-10-03T20:23:55Z DEBUG sail_execution::task_runner::actor::handler] worker_task_status worker_id=1 job_id=10 stage=1 partition=11 attempt=0 status=RUNNING
[2026-10-03T20:23:55Z DEBUG sail_execution::task_runner::actor::handler] worker_task_status worker_id=1 job_id=10 stage=1 partition=3 attempt=0 status=RUNNING
[2026-10-03T20:23:55Z DEBUG sail_execution::task_runner::actor::handler] worker_task_status worker_id=1 job_id=10 stage=1 partition=13 attempt=0 status=RUNNING
[2026-10-03T20:23:55Z DEBUG sail_execution::task_runner::actor::handler] worker_task_status worker_id=1 job_id=10 stage=1 partition=9 attempt=0 status=RUNNING
[2026-10-03T20:23:55Z DEBUG sail_execution::task_runner::actor::handler] worker_task_status worker_id=1 job_id=10 stage=1 partition=1 attempt=0 status=RUNNING
[2026-10-03T20:23:55Z DEBUG sail_execution::stream::service::server] TaskStreamKey { job_id: JobId(10), stage: 0, partition: 0, attempt: 0, channel: 4 }
[2026-10-03T20:23:55Z DEBUG sail_execution::stream::service::server] TaskStreamKey { job_id: JobId(10), stage: 1, partition: 1, attempt: 0, channel: 0 }
[2026-10-03T20:23:55Z DEBUG sail_execution::stream::service::server] TaskStreamKey { job_id: JobId(10), stage: 0, partition: 0, attempt: 0, channel: 0 }
[2026-10-03T20:23:55Z DEBUG sail_execution::stream::service::server] TaskStreamKey { job_id: JobId(10), stage: 0, partition: 0, attempt: 0, channel: 14 }
[2026-10-03T20:23:55Z DEBUG sail_execution::stream::service::server] TaskStreamKey { job_id: JobId(10), stage: 0, partition: 0, attempt: 0, channel: 6 }
[2026-10-03T20:23:55Z DEBUG sail_execution::task_runner::actor::handler] worker_task_status worker_id=1 job_id=10 stage=0 partition=0 attempt=0 status=SUCCEEDED
[2026-10-03T20:23:55Z DEBUG sail_execution::task_runner::actor::handler] worker_task_status worker_id=1 job_id=10 stage=1 partition=7 attempt=0 status=SUCCEEDED
[2026-10-03T20:23:55Z DEBUG sail_execution::task_runner::actor::handler] worker_task_status worker_id=1 job_id=10 stage=1 partition=5 attempt=0 status=SUCCEEDED
[2026-10-03T20:23:55Z DEBUG sail_execution::task_runner::actor::handler] worker_task_status worker_id=1 job_id=10 stage=1 partition=1 attempt=0 status=SUCCEEDED
[2026-10-03T20:23:55Z DEBUG sail_execution::task_runner::actor::handler] worker_task_status worker_id=1 job_id=10 stage=1 partition=3 attempt=0 status=SUCCEEDED
[2026-10-03T20:23:55Z DEBUG sail_execution::task_runner::actor::handler] worker_task_status worker_id=1 job_id=10 stage=1 partition=9 attempt=0 status=SUCCEEDED
[2026-10-03T20:23:55Z DEBUG sail_execution::stream::service::server] TaskStreamKey { job_id: JobId(10), stage: 1, partition: 15, attempt: 0, channel: 0 }
[2026-10-03T20:23:55Z DEBUG sail_execution::stream::service::server] TaskStreamKey { job_id: JobId(10), stage: 1, partition: 3, attempt: 0, channel: 0 }
[2026-10-03T20:23:55Z DEBUG sail_execution::stream::service::server] TaskStreamKey { job_id: JobId(10), stage: 1, partition: 11, attempt: 0, channel: 0 }
[2026-10-03T20:23:55Z DEBUG sail_execution::stream::service::server] TaskStreamKey { job_id: JobId(10), stage: 1, partition: 7, attempt: 0, channel: 0 }
[2026-10-03T20:23:55Z DEBUG sail_execution::stream::service::server] TaskStreamKey { job_id: JobId(10), stage: 0, partition: 0, attempt: 0, channel: 2 }
[2026-10-03T20:23:55Z DEBUG sail_execution::stream::service::server] TaskStreamKey { job_id: JobId(10), stage: 1, partition: 9, attempt: 0, channel: 0 }
[2026-10-03T20:23:55Z DEBUG sail_execution::stream::service::server] TaskStreamKey { job_id: JobId(10), stage: 1, partition: 13, attempt: 0, channel: 0 }
[2026-10-03T20:23:55Z DEBUG sail_execution::task_runner::actor::handler] worker_task_status worker_id=1 job_id=10 stage=1 partition=11 attempt=0 status=SUCCEEDED
[2026-10-03T20:23:55Z DEBUG sail_execution::stream::service::server] TaskStreamKey { job_id: JobId(10), stage: 1, partition: 5, attempt: 0, channel: 0 }
[2026-10-03T20:23:55Z DEBUG sail_execution::task_runner::actor::handler] worker_task_status worker_id=1 job_id=10 stage=1 partition=15 attempt=0 status=SUCCEEDED
[2026-10-03T20:23:55Z DEBUG sail_execution::task_runner::actor::handler] worker_task_status worker_id=1 job_id=10 stage=1 partition=13 attempt=0 status=SUCCEEDED
[2026-10-03T20:23:55Z DEBUG sail_execution::stream::service::server] TaskStreamKey { job_id: JobId(10), stage: 0, partition: 0, attempt: 0, channel: 8 }
[2026-10-03T20:23:55Z DEBUG sail_execution::stream::service::server] TaskStreamKey { job_id: JobId(10), stage: 0, partition: 0, attempt: 0, channel: 12 }
[2026-10-03T20:23:55Z DEBUG sail_execution::stream::service::server] TaskStreamKey { job_id: JobId(10), stage: 0, partition: 0, attempt: 0, channel: 10 }
[2026-10-03T20:23:55Z DEBUG sail_execution::worker::server] CleanUpJobRequest { job_id: 10, stage: Some(0) }
[2026-10-03T20:23:55Z DEBUG sail_execution::worker::server] CleanUpJobResponse
[2026-10-03T20:23:55Z DEBUG sail_execution::worker::server] CleanUpJobRequest { job_id: 10, stage: Some(1) }
[2026-10-03T20:23:55Z DEBUG sail_execution::worker::server] CleanUpJobResponse
[2026-10-03T20:23:55Z DEBUG sail_execution::worker::server] CleanUpJobRequest { job_id: 10, stage: None }
[2026-10-03T20:23:55Z DEBUG sail_execution::worker::server] CleanUpJobResponse
[2026-10-03T20:23:55Z DEBUG sail_execution::worker::server] RunTaskBatchRequest { job_id: 11, stage: 1, tasks: [TaskAttempt { partition: 0, attempt: 0 }], definition: [10, 142, 5, 34, 139, 5, 10, 178, 3, 34, 175, 3, 10, 214, 1, 130, 2, 210, 1, 10, 207, 1, 146, 1, 203, 1, 10, 200, 1, 26, 197, 1, 18, 188, 1, 10, 0, 42, 183, 1, 10, 10, 10, 4, 107, 105, 110, 100, 18, 2, 114, 0, 10, 12, 10, 4, 112, 97, 116, 104, 18, 2, 114, 0, 24, 1, 10, 12, 10, 4, 115, 105, 122, 101, 18, 2, 82, 0, 24, 1, 10, 13, 10, 5, 118, 97, 108, 117, 101, 18, 2, 18, 0, 24, 1, 10, 13, 10, 5, 99, 111, 117, 110, 116, 18, 2, 82, 0, 24, 1, 10, 20, 10, 12, 99, 97, 112, 97, 98, 105, 108, 105, 116, 105, 101, 115, 18, 2, ... (681 bytes)], peers: [] }
[2026-10-03T20:23:55Z DEBUG sail_execution::worker::server] RunTaskBatchResponse
[2026-10-03T20:23:55Z DEBUG sail_execution::task_runner::actor::handler] worker_task_status worker_id=1 job_id=11 stage=1 partition=0 attempt=0 status=RUNNING
[2026-10-03T20:23:55Z DEBUG sail_execution::task_runner::preparation] job 11 stage 1 partition 0 attempt 0 execution plan
ShuffleWriteExec: partitioning=RoundRobinBatch(1)
  ProjectionExec: expr=[#0@0 as kind, #1@1 as path, #2@2 as size, #3@3 as value, #4@4 as count, #5@5 as capabilities, #6@6 as token, #7@7 as truncated, #8@8 as engine, #9@9 as protocol_version, #10@10 as lease_seconds]
    ProjectionExec: expr=[kind@0 as #0, path@1 as #1, size@2 as #2, value@3 as #3, count@4 as #4, capabilities@5 as #5, token@6 as #6, truncated@7 as #7, engine@8 as #8, protocol_version@9 as #9, lease_seconds@10 as #10]
      CooperativeExec
        ShuffleReadExec: partitioning=UnknownPartitioning(1)

[2026-10-03T20:23:55Z DEBUG sail_execution::task_runner::preparation] job 11 stage 1 partition 0 attempt 0 preparation wait=17.421µs duration=160.923µs
[2026-10-03T20:23:55Z DEBUG sail_execution::stream::service::server] TaskStreamKey { job_id: JobId(11), stage: 1, partition: 0, attempt: 0, channel: 0 }
[2026-10-03T20:23:55Z DEBUG sail_execution::task_runner::actor::handler] worker_task_status worker_id=1 job_id=11 stage=1 partition=0 attempt=0 status=SUCCEEDED
[2026-10-03T20:23:55Z DEBUG sail_execution::worker::server] CleanUpJobRequest { job_id: 11, stage: None }
[2026-10-03T20:23:55Z DEBUG sail_execution::worker::server] CleanUpJobResponse
[2026-10-03T20:23:55Z DEBUG sail_execution::worker::server] CleanUpJobRequest { job_id: 12, stage: None }
[2026-10-03T20:23:55Z DEBUG sail_execution::worker::server] CleanUpJobResponse
[2026-10-03T20:23:55Z DEBUG sail_execution::worker::server] StopWorkerRequest
[2026-10-03T20:23:55Z DEBUG sail_execution::worker::server] StopWorkerResponse
[2026-10-03T20:23:55Z WARN sail_common::actor] aborting 2 task(s) for TaskRunnerActor
[2026-10-03T20:23:55Z INFO sail_execution::worker::actor::core] worker 1 server has stopped
