    Finished `release` profile [optimized] target(s) in 0.10s
    Finished `release` profile [optimized] target(s) in 0.10s
     Running unittests src/lib.rs (/Volumes/Apo/graph-tests/workspaces/grust-v2-wave3-20261007/gate-target/release/deps/grust_backend-aaa213e43fda7120)

running 3 tests
test tests::graph_operator_is_refused_without_fallback ... ok
test tests::dialect_quotes_identifiers_without_splitting_components ... ok
test tests::unknown_storage_is_not_a_logical_group_name ... ok

test result: ok. 3 passed; 0 failed; 0 ignored; 0 measured; 0 filtered out; finished in 0.00s

     Running unittests src/lib.rs (/Volumes/Apo/graph-tests/workspaces/grust-v2-wave3-20261007/gate-target/release/deps/grust_optimized_plan-762367e750e280b5)

running 0 tests

test result: ok. 0 passed; 0 failed; 0 ignored; 0 measured; 0 filtered out; finished in 0.00s

     Running unittests src/lib.rs (/Volumes/Apo/graph-tests/workspaces/grust-v2-wave3-20261007/gate-target/release/deps/grust_optimizer-929c22db8a1cbc61)

running 2 tests
test tests::unknown_is_not_zero_and_ties_are_stable ... ok
test tests::baseline_preserves_plan_and_explain_names_schema_paths ... ok

test result: ok. 2 passed; 0 failed; 0 ignored; 0 measured; 0 filtered out; finished in 0.00s

     Running unittests src/lib.rs (/Volumes/Apo/graph-tests/workspaces/grust-v2-wave3-20261007/gate-target/release/deps/grust_resolution-e719651252740bf8)

running 4 tests
test tests::schema_paths_respect_endpoints_direction_and_inherited_labels ... ok
test tests::exact_binding_retains_provider_and_semantics ... ok
test tests::ambiguity_is_refused_even_in_replaceable_registry ... ok
test tests::no_cast_or_scalar_aggregate_confusion ... ok

test result: ok. 4 passed; 0 failed; 0 ignored; 0 measured; 0 filtered out; finished in 0.00s

     Running unittests src/lib.rs (/Volumes/Apo/graph-tests/workspaces/grust-v2-wave3-20261007/gate-target/release/deps/grust_resolved_plan-f2c420418bad6e89)

running 0 tests

test result: ok. 0 passed; 0 failed; 0 ignored; 0 measured; 0 filtered out; finished in 0.00s

    Finished `release` profile [optimized] target(s) in 0.00s
     Running unittests src/lib.rs (/Volumes/Apo/graph-tests/workspaces/grust-v2-wave3-20261007/gate-target/release/deps/grust_backend-aaa213e43fda7120)

running 3 tests
test tests::unknown_storage_is_not_a_logical_group_name ... ok
test tests::dialect_quotes_identifiers_without_splitting_components ... ok
test tests::graph_operator_is_refused_without_fallback ... ok

test result: ok. 3 passed; 0 failed; 0 ignored; 0 measured; 0 filtered out; finished in 0.00s

     Running unittests src/lib.rs (/Volumes/Apo/graph-tests/workspaces/grust-v2-wave3-20261007/gate-target/release/deps/grust_optimized_plan-762367e750e280b5)

running 0 tests

test result: ok. 0 passed; 0 failed; 0 ignored; 0 measured; 0 filtered out; finished in 0.00s

     Running unittests src/lib.rs (/Volumes/Apo/graph-tests/workspaces/grust-v2-wave3-20261007/gate-target/release/deps/grust_optimizer-929c22db8a1cbc61)

running 2 tests
test tests::baseline_preserves_plan_and_explain_names_schema_paths ... ok
test tests::unknown_is_not_zero_and_ties_are_stable ... ok

test result: ok. 2 passed; 0 failed; 0 ignored; 0 measured; 0 filtered out; finished in 0.00s

     Running unittests src/lib.rs (/Volumes/Apo/graph-tests/workspaces/grust-v2-wave3-20261007/gate-target/release/deps/grust_resolution-e719651252740bf8)

running 4 tests
test tests::schema_paths_respect_endpoints_direction_and_inherited_labels ... ok
test tests::ambiguity_is_refused_even_in_replaceable_registry ... ok
test tests::exact_binding_retains_provider_and_semantics ... ok
test tests::no_cast_or_scalar_aggregate_confusion ... ok

test result: ok. 4 passed; 0 failed; 0 ignored; 0 measured; 0 filtered out; finished in 0.00s

     Running unittests src/lib.rs (/Volumes/Apo/graph-tests/workspaces/grust-v2-wave3-20261007/gate-target/release/deps/grust_resolved_plan-f2c420418bad6e89)

running 0 tests

test result: ok. 0 passed; 0 failed; 0 ignored; 0 measured; 0 filtered out; finished in 0.00s

