[2026-09-30T17:01:42Z INFO sail_cli::spark::server] Starting the Spark Connect server on 127.0.0.1:56133...
[2026-09-30T17:01:42Z INFO sail_session::session_manager::actor::core] driver server is ready on port 36757
[2026-09-30T17:01:42Z INFO sail_session::session_manager::actor::handler] creating session cc3bfaed-59fd-444b-ba16-444f300abb03
OpenBLAS WARNING - could not determine the L2 cache size on this system, assuming 256k
OpenBLAS WARNING - could not determine the L2 cache size on this system, assuming 256k
[2026-09-30T17:01:43Z INFO sail_session::extensions] bound native extension nutmeg@0.1.0:e5f0332e07d6164d20eec48da4e1d859913eb006481d8b98b1d409afeb3bb50f to session incarnation 82356131-b71d-4c5c-94b1-7e16661f6ded
[2026-09-30T17:01:43Z INFO sail_session::extensions] bound native extension sedona@0.1.0:e8dc2c51c6e45ef94fb13370b76f0fd40936b3d79d368fc052afbb778d39c137 to session incarnation 82356131-b71d-4c5c-94b1-7e16661f6ded
[2026-09-30T17:01:43Z INFO sail_execution::driver::actor::handler] activating driver 1
[2026-09-30T17:01:43Z INFO sail_execution::driver::worker_pool::core] starting worker 1
[2026-09-30T17:01:43Z INFO sail_execution::driver::worker_pool::core] starting worker 2
[2026-09-30T17:01:43Z INFO sail_execution::worker_manager::process] extension process worker 1: pid=Some(62), driver_pid=26, session=cc3bfaed-59fd-444b-ba16-444f300abb03
[2026-09-30T17:01:43Z INFO sail_execution::worker_manager::process] extension process worker 2: pid=Some(63), driver_pid=26, session=cc3bfaed-59fd-444b-ba16-444f300abb03
[2026-09-30T17:01:44Z INFO sail_session::extensions] worker loaded native extension sedona@0.1.0:e8dc2c51c6e45ef94fb13370b76f0fd40936b3d79d368fc052afbb778d39c137, pid=62
[2026-09-30T17:01:44Z INFO sail_session::extensions] worker loaded native extension sedona@0.1.0:e8dc2c51c6e45ef94fb13370b76f0fd40936b3d79d368fc052afbb778d39c137, pid=63
[2026-09-30T17:01:44Z INFO sail_execution::worker::actor::handler] worker 2 server is ready on port 34675
[2026-09-30T17:01:44Z INFO sail_execution::worker::actor::handler] worker 1 server is ready on port 36367
[2026-09-30T17:01:44Z INFO sail_execution::driver::actor::handler] worker 2 is available at 127.0.0.1:34675
[2026-09-30T17:01:44Z WARN sail_execution::driver::task_assigner::core] worker 2 was not pending
[2026-09-30T17:01:44Z INFO sail_execution::driver::actor::handler] worker 1 is available at 127.0.0.1:36367
[2026-09-30T17:01:44Z WARN sail_execution::driver::task_assigner::core] worker 1 was not pending
[2026-09-30T17:01:50Z WARN sail_execution::driver::actor::handler] job 74 stage 0 partition 1 attempt 0 sequence 456 is stale
[2026-09-30T17:01:50Z WARN sail_execution::driver::actor::handler] job 76 stage 0 partition 1 attempt 0 sequence 471 is stale
[2026-09-30T17:01:55Z WARN sail_execution::driver::actor::handler] job 122 stage 1 partition 0 attempt 0 sequence 931 is stale
[2026-09-30T17:01:56Z WARN sail_execution::driver::actor::handler] job 131 stage 1 partition 3 attempt 0 sequence 797 is stale
[2026-09-30T17:01:57Z WARN sail_execution::driver::actor::handler] job 149 stage 0 partition 1 attempt 0 sequence 900 is stale
[2026-09-30T17:01:58Z WARN sail_execution::driver::actor::handler] job 160 stage 1 partition 0 attempt 0 sequence 1213 is stale
[2026-09-30T17:01:59Z WARN sail_execution::driver::actor::handler] job 167 stage 1 partition 3 attempt 0 sequence 1007 is stale
[2026-09-30T17:02:01Z WARN sail_execution::driver::actor::handler] job 202 stage 0 partition 2 attempt 0 sequence 1506 is stale
[2026-09-30T17:02:02Z WARN sail_execution::driver::actor::handler] job 214 stage 2 partition 1 attempt 0 sequence 1278 is stale
[2026-09-30T17:02:02Z WARN sail_execution::driver::actor::handler] job 229 stage 0 partition 4 attempt 0 sequence 1703 is stale
[2026-09-30T17:02:03Z WARN sail_execution::driver::actor::handler] job 230 stage 0 partition 1 attempt 0 sequence 1372 is stale
[2026-09-30T17:02:03Z WARN sail_execution::driver::actor::handler] job 251 stage 2 partition 1 attempt 0 sequence 1481 is stale
[2026-09-30T17:02:04Z INFO sail_session::session_manager::actor::handler] removing session cc3bfaed-59fd-444b-ba16-444f300abb03
[2026-09-30T17:02:04Z INFO sail_execution::driver::worker_pool::core] stopping worker 1
[2026-09-30T17:02:04Z INFO sail_execution::driver::worker_pool::core] stopping worker 2
[2026-09-30T17:02:04Z WARN sail_common::actor] aborting 261 task(s) for TaskRunnerActor
[2026-09-30T17:02:04Z WARN sail_common::actor] aborting 220 task(s) for TaskRunnerActor
[2026-09-30T17:02:04Z INFO sail_execution::worker::actor::core] worker 1 server has stopped
[2026-09-30T17:02:04Z INFO sail_execution::worker::actor::core] worker 2 server has stopped
[2026-09-30T17:02:04Z WARN sail_common::actor] aborting 1 task(s) for WorkerActor
[2026-09-30T17:02:04Z WARN sail_common::actor] aborting 1 task(s) for WorkerActor
[2026-09-30T17:02:04Z INFO sail_cli::spark::server] Shutting down the Spark Connect server...
[2026-09-30T17:02:04Z INFO sail_execution::driver::actor::core] driver 1 has stopped
[2026-09-30T17:02:04Z WARN sail_common::actor] aborting 4447 task(s) for DriverActor
[2026-09-30T17:02:04Z INFO sail_session::session_manager::actor::core] driver server has stopped
[2026-09-30T17:02:04Z WARN sail_common::actor] aborting 1043 task(s) for SessionManagerActor
[2026-09-30T17:02:04Z INFO sail_cli::spark::server] The Spark Connect server has stopped.
