[2026-09-30T17:03:13Z INFO sail_cli::spark::server] Starting the Spark Connect server on 127.0.0.1:59907...
[2026-09-30T17:03:13Z INFO sail_session::session_manager::actor::core] driver server is ready on port 36199
[2026-09-30T17:03:13Z INFO sail_session::session_manager::actor::handler] creating session 110baa66-657c-4221-955e-9bb4400f9546
OpenBLAS WARNING - could not determine the L2 cache size on this system, assuming 256k
OpenBLAS WARNING - could not determine the L2 cache size on this system, assuming 256k
[2026-09-30T17:03:14Z INFO sail_session::extensions] bound native extension nutmeg@0.1.0:e5f0332e07d6164d20eec48da4e1d859913eb006481d8b98b1d409afeb3bb50f to session incarnation f7649a28-a2fb-4c58-a83c-ff4aef88706d
[2026-09-30T17:03:14Z INFO sail_session::extensions] bound native extension sedona@0.1.0:e8dc2c51c6e45ef94fb13370b76f0fd40936b3d79d368fc052afbb778d39c137 to session incarnation f7649a28-a2fb-4c58-a83c-ff4aef88706d
[2026-09-30T17:03:14Z INFO sail_execution::driver::actor::handler] activating driver 1
[2026-09-30T17:03:14Z INFO sail_execution::driver::worker_pool::core] starting worker 1
[2026-09-30T17:03:14Z INFO sail_execution::driver::worker_pool::core] starting worker 2
[2026-09-30T17:03:14Z INFO sail_execution::worker_manager::process] extension process worker 2: pid=Some(62), driver_pid=26, session=110baa66-657c-4221-955e-9bb4400f9546
[2026-09-30T17:03:14Z INFO sail_execution::worker_manager::process] extension process worker 1: pid=Some(63), driver_pid=26, session=110baa66-657c-4221-955e-9bb4400f9546
[2026-09-30T17:03:14Z INFO sail_session::extensions] worker loaded native extension sedona@0.1.0:e8dc2c51c6e45ef94fb13370b76f0fd40936b3d79d368fc052afbb778d39c137, pid=62
[2026-09-30T17:03:14Z INFO sail_session::extensions] worker loaded native extension sedona@0.1.0:e8dc2c51c6e45ef94fb13370b76f0fd40936b3d79d368fc052afbb778d39c137, pid=63
[2026-09-30T17:03:14Z INFO sail_execution::worker::actor::handler] worker 2 server is ready on port 39645
[2026-09-30T17:03:14Z INFO sail_execution::driver::actor::handler] worker 2 is available at 127.0.0.1:39645
[2026-09-30T17:03:14Z WARN sail_execution::driver::task_assigner::core] worker 2 was not pending
[2026-09-30T17:03:14Z INFO sail_execution::worker::actor::handler] worker 1 server is ready on port 37935
[2026-09-30T17:03:15Z INFO sail_execution::driver::actor::handler] worker 1 is available at 127.0.0.1:37935
[2026-09-30T17:03:15Z WARN sail_execution::driver::task_assigner::core] worker 1 was not pending
[2026-09-30T17:03:16Z WARN sail_execution::driver::actor::handler] job 19 stage 1 partition 1 attempt 0 sequence 150 is stale
[2026-09-30T17:03:16Z WARN sail_execution::driver::actor::handler] job 32 stage 1 partition 1 attempt 0 sequence 268 is stale
[2026-09-30T17:03:23Z WARN sail_execution::driver::actor::handler] job 88 stage 1 partition 1 attempt 0 sequence 552 is stale
[2026-09-30T17:03:29Z WARN sail_execution::driver::actor::handler] job 149 stage 1 partition 2 attempt 0 sequence 1127 is stale
[2026-09-30T17:03:29Z WARN sail_execution::driver::actor::handler] job 158 stage 0 partition 0 attempt 0 sequence 1190 is stale
[2026-09-30T17:03:29Z WARN sail_execution::driver::actor::handler] job 160 stage 1 partition 1 attempt 0 sequence 967 is stale
[2026-09-30T17:03:34Z WARN sail_execution::driver::actor::handler] job 250 stage 0 partition 0 attempt 0 sequence 1855 is stale
[2026-09-30T17:03:35Z WARN sail_execution::driver::actor::handler] job 252 stage 0 partition 1 attempt 0 sequence 1492 is stale
[2026-09-30T17:03:35Z INFO sail_session::session_manager::actor::handler] removing session 110baa66-657c-4221-955e-9bb4400f9546
[2026-09-30T17:03:35Z INFO sail_execution::driver::worker_pool::core] stopping worker 1
[2026-09-30T17:03:35Z INFO sail_execution::driver::worker_pool::core] stopping worker 2
[2026-09-30T17:03:35Z WARN sail_common::actor] aborting 289 task(s) for TaskRunnerActor
[2026-09-30T17:03:35Z WARN sail_common::actor] aborting 273 task(s) for TaskRunnerActor
[2026-09-30T17:03:35Z INFO sail_execution::worker::actor::core] worker 1 server has stopped
[2026-09-30T17:03:35Z WARN sail_common::actor] aborting 1 task(s) for WorkerActor
[2026-09-30T17:03:35Z INFO sail_execution::worker::actor::core] worker 2 server has stopped
[2026-09-30T17:03:35Z WARN sail_common::actor] aborting 1 task(s) for WorkerActor
[2026-09-30T17:03:35Z INFO sail_cli::spark::server] Shutting down the Spark Connect server...
[2026-09-30T17:03:35Z INFO sail_execution::driver::actor::core] driver 1 has stopped
[2026-09-30T17:03:35Z WARN sail_common::actor] aborting 4449 task(s) for DriverActor
[2026-09-30T17:03:35Z INFO sail_session::session_manager::actor::core] driver server has stopped
[2026-09-30T17:03:35Z WARN sail_common::actor] aborting 1043 task(s) for SessionManagerActor
[2026-09-30T17:03:35Z INFO sail_cli::spark::server] The Spark Connect server has stopped.
