Filesystem     Size    Used   Avail Capacity iused ifree %iused  Mounted on
/dev/disk26   5.5Ti   123Gi   5.3Ti     3%    673k  4.3G    0%   /Volumes/Apo
   Compiling proc-macro2 v1.0.107
    Checking grust-lpg v0.2.0-draft (/Volumes/Apo/graph-tests/workspaces/grust-v2-wave3-20261007/frontend-gate/docs/reviews/grust-v2/wave-2/sketch/lpg)
   Compiling unicode-ident v1.0.26
   Compiling quote v1.0.47
   Compiling serde_core v1.0.229
   Compiling serde v1.0.229
   Compiling zmij v1.0.23
   Compiling thiserror v2.0.21
    Checking memchr v2.8.3
   Compiling libc v0.2.190
    Checking equivalent v1.0.2
   Compiling serde_json v1.0.151
    Checking itoa v1.0.18
    Checking hashbrown v0.17.1
    Checking unsafe-libyaml v0.2.11
    Checking ryu v1.0.23
   Compiling getrandom v0.4.3
    Checking cfg-if v1.0.5
    Checking grust-functions v0.2.0-draft (/Volumes/Apo/graph-tests/workspaces/grust-v2-wave3-20261007/frontend-gate/docs/reviews/grust-v2/wave-2/sketch/functions)
    Checking grust-unresolved-plan v0.2.0-draft (/Volumes/Apo/graph-tests/workspaces/grust-v2-wave3-20261007/frontend-gate/docs/reviews/grust-v2/wave-2/sketch/unresolved-plan)
    Checking grust-resolved-plan v0.3.0-draft (/Volumes/Apo/graph-tests/workspaces/grust-v2-wave3-20261007/frontend-gate/docs/reviews/grust-v2/wave-3/sketch/resolved-plan)
    Checking grust-syntax v0.2.0-draft (/Volumes/Apo/graph-tests/workspaces/grust-v2-wave3-20261007/frontend-gate/docs/reviews/grust-v2/wave-2/sketch/syntax)
    Checking grust-programmatic v0.2.0-draft (/Volumes/Apo/graph-tests/workspaces/grust-v2-wave3-20261007/frontend-gate/docs/reviews/grust-v2/wave-2/sketch/programmatic)
    Checking grust-optimized-plan v0.3.0-draft (/Volumes/Apo/graph-tests/workspaces/grust-v2-wave3-20261007/frontend-gate/docs/reviews/grust-v2/wave-3/sketch/optimized-plan)
    Checking grust-resolution v0.3.0-draft (/Volumes/Apo/graph-tests/workspaces/grust-v2-wave3-20261007/frontend-gate/docs/reviews/grust-v2/wave-3/sketch/resolution)
    Checking indexmap v2.14.2
    Checking grust-optimizer v0.3.0-draft (/Volumes/Apo/graph-tests/workspaces/grust-v2-wave3-20261007/frontend-gate/docs/reviews/grust-v2/wave-3/sketch/optimizer)
    Checking grust-backend v0.3.0-draft (/Volumes/Apo/graph-tests/workspaces/grust-v2-wave3-20261007/frontend-gate/docs/reviews/grust-v2/wave-3/sketch/backend)
   Compiling syn v3.0.6
    Checking uuid v1.27.0
   Compiling serde_derive v1.0.229
   Compiling thiserror-impl v2.0.21
   Compiling async-trait v0.1.92
    Checking serde_yaml v0.9.34+deprecated
    Checking quick-xml v0.40.1
    Checking grust-core v0.23.0 (/Volumes/Apo/graph-tests/workspaces/grust-v2-wave3-20261007/frontend-gate/crates/grust-core)
    Checking grust-procedures v0.23.0 (/Volumes/Apo/graph-tests/workspaces/grust-v2-wave3-20261007/frontend-gate/crates/grust-procedures)
    Checking grust-cypher v0.23.0 (/Volumes/Apo/graph-tests/workspaces/grust-v2-wave3-20261007/frontend-gate/crates/grust-cypher)
    Checking grust-cypher-frontend v0.3.0-draft (/Volumes/Apo/graph-tests/workspaces/grust-v2-wave3-20261007/frontend-gate/docs/reviews/grust-v2/wave-3/sketch/cypher-frontend)
    Checking grust-query-qualification v0.3.0-draft (/Volumes/Apo/graph-tests/workspaces/grust-v2-wave3-20261007/frontend-gate/docs/reviews/grust-v2/wave-3/sketch/query-tests)
    Finished `dev` profile [unoptimized] target(s) in 19.10s
   Compiling grust-lpg v0.2.0-draft (/Volumes/Apo/graph-tests/workspaces/grust-v2-wave3-20261007/frontend-gate/docs/reviews/grust-v2/wave-2/sketch/lpg)
   Compiling itoa v1.0.18
   Compiling hashbrown v0.17.1
   Compiling equivalent v1.0.2
   Compiling memchr v2.8.3
   Compiling unsafe-libyaml v0.2.11
   Compiling ryu v1.0.23
   Compiling cfg-if v1.0.5
   Compiling serde_core v1.0.229
   Compiling zmij v1.0.23
   Compiling libc v0.2.190
   Compiling thiserror v2.0.21
   Compiling grust-functions v0.2.0-draft (/Volumes/Apo/graph-tests/workspaces/grust-v2-wave3-20261007/frontend-gate/docs/reviews/grust-v2/wave-2/sketch/functions)
   Compiling grust-unresolved-plan v0.2.0-draft (/Volumes/Apo/graph-tests/workspaces/grust-v2-wave3-20261007/frontend-gate/docs/reviews/grust-v2/wave-2/sketch/unresolved-plan)
   Compiling grust-resolved-plan v0.3.0-draft (/Volumes/Apo/graph-tests/workspaces/grust-v2-wave3-20261007/frontend-gate/docs/reviews/grust-v2/wave-3/sketch/resolved-plan)
   Compiling grust-syntax v0.2.0-draft (/Volumes/Apo/graph-tests/workspaces/grust-v2-wave3-20261007/frontend-gate/docs/reviews/grust-v2/wave-2/sketch/syntax)
   Compiling grust-programmatic v0.2.0-draft (/Volumes/Apo/graph-tests/workspaces/grust-v2-wave3-20261007/frontend-gate/docs/reviews/grust-v2/wave-2/sketch/programmatic)
   Compiling indexmap v2.14.2
   Compiling grust-optimized-plan v0.3.0-draft (/Volumes/Apo/graph-tests/workspaces/grust-v2-wave3-20261007/frontend-gate/docs/reviews/grust-v2/wave-3/sketch/optimized-plan)
   Compiling grust-resolution v0.3.0-draft (/Volumes/Apo/graph-tests/workspaces/grust-v2-wave3-20261007/frontend-gate/docs/reviews/grust-v2/wave-3/sketch/resolution)
   Compiling grust-backend v0.3.0-draft (/Volumes/Apo/graph-tests/workspaces/grust-v2-wave3-20261007/frontend-gate/docs/reviews/grust-v2/wave-3/sketch/backend)
   Compiling grust-optimizer v0.3.0-draft (/Volumes/Apo/graph-tests/workspaces/grust-v2-wave3-20261007/frontend-gate/docs/reviews/grust-v2/wave-3/sketch/optimizer)
   Compiling getrandom v0.4.3
   Compiling uuid v1.27.0
   Compiling serde v1.0.229
   Compiling serde_json v1.0.151
   Compiling serde_yaml v0.9.34+deprecated
   Compiling quick-xml v0.40.1
   Compiling grust-core v0.23.0 (/Volumes/Apo/graph-tests/workspaces/grust-v2-wave3-20261007/frontend-gate/crates/grust-core)
   Compiling grust-procedures v0.23.0 (/Volumes/Apo/graph-tests/workspaces/grust-v2-wave3-20261007/frontend-gate/crates/grust-procedures)
   Compiling grust-cypher v0.23.0 (/Volumes/Apo/graph-tests/workspaces/grust-v2-wave3-20261007/frontend-gate/crates/grust-cypher)
   Compiling grust-cypher-frontend v0.3.0-draft (/Volumes/Apo/graph-tests/workspaces/grust-v2-wave3-20261007/frontend-gate/docs/reviews/grust-v2/wave-3/sketch/cypher-frontend)
   Compiling grust-query-qualification v0.3.0-draft (/Volumes/Apo/graph-tests/workspaces/grust-v2-wave3-20261007/frontend-gate/docs/reviews/grust-v2/wave-3/sketch/query-tests)
    Finished `test` profile [unoptimized] target(s) in 15.83s
     Running unittests src/lib.rs (/Volumes/Apo/graph-tests/workspaces/grust-v2-wave3-20261007/frontend-gate-target/debug/deps/grust_backend-327c93ed32bb2c6f)

running 3 tests
test tests::dialect_quotes_identifiers_without_splitting_components ... ok
test tests::graph_operator_is_refused_without_fallback ... ok
test tests::unknown_storage_is_not_a_logical_group_name ... ok

test result: ok. 3 passed; 0 failed; 0 ignored; 0 measured; 0 filtered out; finished in 0.00s

     Running unittests src/lib.rs (/Volumes/Apo/graph-tests/workspaces/grust-v2-wave3-20261007/frontend-gate-target/debug/deps/grust_cypher_frontend-035c2e0cf0b4361f)

running 5 tests
test tests::syntax_offsets_are_original_utf8_bytes ... ok
test tests::optional_where_stays_inside_match ... ok
test tests::cypher_path_is_trail_and_star_one_is_materialized ... ok
test tests::mixed_unions_remain_left_associative ... ok
test tests::refuse_incomplete_and_unfaithful_queries ... ok

test result: ok. 5 passed; 0 failed; 0 ignored; 0 measured; 0 filtered out; finished in 0.00s

     Running unittests src/lib.rs (/Volumes/Apo/graph-tests/workspaces/grust-v2-wave3-20261007/frontend-gate-target/debug/deps/grust_optimized_plan-29c7eeea8fb93593)

running 0 tests

test result: ok. 0 passed; 0 failed; 0 ignored; 0 measured; 0 filtered out; finished in 0.00s

     Running unittests src/lib.rs (/Volumes/Apo/graph-tests/workspaces/grust-v2-wave3-20261007/frontend-gate-target/debug/deps/grust_optimizer-314ca63a79b38926)

running 7 tests
test tests::unknown_is_not_zero_and_ties_are_stable ... ok
test tests::baseline_preserves_plan_and_explain_names_schema_paths ... ok
test query::tests::missing_statistics_keeps_exact_tree ... ok
test query::tests::optional_join_boundary_is_preserved ... ok
test query::tests::volatile_join_condition_is_never_reordered ... ok
test query::tests::unknown_rows_and_bounded_search_preserve_tree ... ok
test query::tests::costs_choose_smaller_intermediate_and_preserve_output_slots ... ok

test result: ok. 7 passed; 0 failed; 0 ignored; 0 measured; 0 filtered out; finished in 0.00s

     Running unittests src/lib.rs (/Volumes/Apo/graph-tests/workspaces/grust-v2-wave3-20261007/frontend-gate-target/debug/deps/grust_query_qualification-6b88c22bdcd926ef)

running 20 tests
test cypher_cases::tests::scalar_aggregate_name_collision_is_a_frontend_refusal ... ok
test cypher_cases::tests::aggregate_calls_use_registered_contracts ... ok
test provider_tests::bound_and_binding_admission_controls ... ok
test tests::numeric_generic_overloads_are_resolved_without_casts ... ok
test tests::inherited_property_conflicts_refuse ... ok
test provider_tests::registered_relation_lowering_is_resolved_again ... ok
test tests::ambiguous_generic_overloads_refuse ... ok
test tests::unsupported_plugin_does_not_execute_under_another_provider ... ok
test tests::parameter_literal_cannot_lie_about_its_type_or_nullability ... ok
test tests::unsupported_paths_unknown_graphs_and_labels_refuse ... ok
test tests::parameter_value_mismatch_and_nonfinite_literals_refuse ... ok
test tests::union_types_aliases_and_cap_domains_refuse ... ok
test tests::aggregation_scope_and_nesting_are_checked ... ok
test tests::property_scope_and_predicate_types_are_checked ... ok
test provider_tests::iterative_correlations_and_volatile_predicates_refuse ... ok
test provider_tests::provider_cycles_and_path_capabilities_are_explicit ... ok
test cypher_refusals::tests::all_refusals_stop_before_engine_execution ... ok
test cypher_cases::tests::source_queries_resolve_before_execution ... ok
test provider_tests::iterative_plans_require_the_program_adapter ... ok
test tests::every_result_fixture_resolves_and_emits ... ok

test result: ok. 20 passed; 0 failed; 0 ignored; 0 measured; 0 filtered out; finished in 0.02s

     Running unittests src/main.rs (/Volumes/Apo/graph-tests/workspaces/grust-v2-wave3-20261007/frontend-gate-target/debug/deps/grust_query_qualification-e9ed67cbeadc641d)

running 0 tests

test result: ok. 0 passed; 0 failed; 0 ignored; 0 measured; 0 filtered out; finished in 0.00s

     Running unittests src/lib.rs (/Volumes/Apo/graph-tests/workspaces/grust-v2-wave3-20261007/frontend-gate-target/debug/deps/grust_resolution-747904781a2ed308)

running 4 tests
test tests::ambiguity_is_refused_even_in_replaceable_registry ... ok
test tests::no_cast_or_scalar_aggregate_confusion ... ok
test tests::exact_binding_retains_provider_and_semantics ... ok
test tests::schema_paths_respect_endpoints_direction_and_inherited_labels ... ok

test result: ok. 4 passed; 0 failed; 0 ignored; 0 measured; 0 filtered out; finished in 0.00s

     Running unittests src/lib.rs (/Volumes/Apo/graph-tests/workspaces/grust-v2-wave3-20261007/frontend-gate-target/debug/deps/grust_resolved_plan-5a91506813093c50)

running 0 tests

test result: ok. 0 passed; 0 failed; 0 ignored; 0 measured; 0 filtered out; finished in 0.00s

error: failed to select a version for `grust-resolved-plan`.
    ... required by package `grust-resolution v0.3.0-draft (/Volumes/Apo/graph-tests/workspaces/grust-v2-wave3-20261007/frontend-gate/docs/reviews/grust-v2/wave-3/sketch/resolution)`
versions that meet the requirements `*` (locked to 0.3.0-draft) are: 0.3.0-draft

package `grust-resolution` depends on `grust-resolved-plan` with feature `serde` but `grust-resolved-plan` does not have that feature.


failed to select a version for `grust-resolved-plan` which could resolve this conflict
