
running 5 tests
BFS_INBOX_COUNTER mode=Done vertices=1 ghosts=0 partitions=3 allocation_calls=52 allocated_bytes=3583 peak_admitted_bytes=7416
BFS_INBOX_COUNTER mode=Topology vertices=1024 ghosts=1024 partitions=3 allocation_calls=54 allocated_bytes=19951 peak_admitted_bytes=23784
BFS_INBOX_COUNTER mode=Done vertices=1024 ghosts=1024 partitions=3 allocation_calls=57 allocated_bytes=20975 peak_admitted_bytes=24808
BFS_INBOX_COUNTER mode=Push vertices=1024 ghosts=1024 partitions=3 allocation_calls=57 allocated_bytes=20975 peak_admitted_bytes=24808
test elided_buffers_still_reject_wrong_payload_modes_before_access ... ok
BFS_INBOX_COUNTER mode=Push vertices=65536 ghosts=1024 partitions=3 allocation_calls=57 allocated_bytes=1053167 peak_admitted_bytes=1057000
BFS_INBOX_COUNTER mode=Topology vertices=65536 ghosts=65536 partitions=3 allocation_calls=54 allocated_bytes=1052143 peak_admitted_bytes=1055976
BFS_INBOX_COUNTER mode=Done vertices=65536 ghosts=1024 partitions=3 allocation_calls=57 allocated_bytes=1053167 peak_admitted_bytes=1057000
test done_inboxes_fit_protocol_sized_headroom ... FAILED
BFS_INBOX_COUNTER mode=Push vertices=65536 ghosts=65536 partitions=3 allocation_calls=57 allocated_bytes=1117679 peak_admitted_bytes=1121512
BFS_INBOX_COUNTER mode=Done vertices=65536 ghosts=65536 partitions=3 allocation_calls=57 allocated_bytes=1117679 peak_admitted_bytes=1121512
test topology_has_no_candidate_buffers ... FAILED
BFS_INBOX_COUNTER mode=Pull vertices=1024 ghosts=1024 partitions=3 allocation_calls=57 allocated_bytes=20975 peak_admitted_bytes=24808
BFS_INBOX_COUNTER mode=Pull vertices=65536 ghosts=1024 partitions=3 allocation_calls=57 allocated_bytes=1053167 peak_admitted_bytes=1057000
test done_inboxes_are_independent_of_vertices_and_retained_ghosts ... FAILED
BFS_INBOX_COUNTER mode=Pull vertices=65536 ghosts=65536 partitions=3 allocation_calls=57 allocated_bytes=1117679 peak_admitted_bytes=1121512
test push_omits_ghost_storage_and_pull_keeps_required_buffers ... FAILED

failures:

failures:
    done_inboxes_are_independent_of_vertices_and_retained_ghosts
    done_inboxes_fit_protocol_sized_headroom
    push_omits_ghost_storage_and_pull_keeps_required_buffers
    topology_has_no_candidate_buffers

test result: FAILED. 1 passed; 4 failed; 0 ignored; 0 measured; 0 filtered out; finished in 0.10s

