    Checking sail-common v0.7.1 (/private/tmp/sail-stream-review-integrated-gate/crates/sail-common)
   Compiling sail-common-datafusion v0.7.1 (/private/tmp/sail-stream-review-integrated-gate/crates/sail-common-datafusion)
    Checking sail-native-resource-ffi v0.1.0 (/private/tmp/sail-stream-review-integrated-gate/crates/sail-native-resource-ffi)
   Compiling sail-sql-parser v0.7.1 (/private/tmp/sail-stream-review-integrated-gate/crates/sail-sql-parser)
   Compiling sail-build-scripts v0.7.1 (/private/tmp/sail-stream-review-integrated-gate/crates/sail-build-scripts)
   Compiling sail-sql-macro v0.7.1 (/private/tmp/sail-stream-review-integrated-gate/crates/sail-sql-macro)
   Compiling sail-system-store v0.7.1 (/private/tmp/sail-stream-review-integrated-gate/crates/sail-system-store)
   Compiling sail-telemetry v0.7.1 (/private/tmp/sail-stream-review-integrated-gate/crates/sail-telemetry)
   Compiling sail-celeborn v0.7.1 (/private/tmp/sail-stream-review-integrated-gate/crates/sail-celeborn)
   Compiling sail-plan v0.7.1 (/private/tmp/sail-stream-review-integrated-gate/crates/sail-plan)
   Compiling sail-data-source v0.7.1 (/private/tmp/sail-stream-review-integrated-gate/crates/sail-data-source)
   Compiling sail-delta-lake v0.7.1 (/private/tmp/sail-stream-review-integrated-gate/crates/sail-delta-lake)
   Compiling sail-iceberg v0.7.1 (/private/tmp/sail-stream-review-integrated-gate/crates/sail-iceberg)
   Compiling sail-execution v0.7.1 (/private/tmp/sail-stream-review-integrated-gate/crates/sail-execution)
    Checking sail-sql-analyzer v0.7.1 (/private/tmp/sail-stream-review-integrated-gate/crates/sail-sql-analyzer)
    Checking sail-object-store v0.7.1 (/private/tmp/sail-stream-review-integrated-gate/crates/sail-object-store)
    Checking sail-catalog v0.7.1 (/private/tmp/sail-stream-review-integrated-gate/crates/sail-catalog)
    Checking sail-function v0.7.1 (/private/tmp/sail-stream-review-integrated-gate/crates/sail-function)
    Checking sail-cache v0.7.1 (/private/tmp/sail-stream-review-integrated-gate/crates/sail-cache)
    Checking sail-python-udf v0.7.1 (/private/tmp/sail-stream-review-integrated-gate/crates/sail-python-udf)
    Checking sail-catalog-memory v0.7.1 (/private/tmp/sail-stream-review-integrated-gate/crates/sail-catalog-memory)
    Checking sail-catalog-system v0.7.1 (/private/tmp/sail-stream-review-integrated-gate/crates/sail-catalog-system)
    Checking sail-logical-plan v0.7.1 (/private/tmp/sail-stream-review-integrated-gate/crates/sail-logical-plan)
    Checking sail-physical-plan v0.7.1 (/private/tmp/sail-stream-review-integrated-gate/crates/sail-physical-plan)
    Finished `dev` profile [unoptimized] target(s) in 1m 02s
