   Compiling grust-resolution v0.3.0-draft (/Volumes/Apo/graph-tests/workspaces/grust-v2-wave3-20261007/grust/docs/reviews/grust-v2/wave-3/sketch/resolution)
   Compiling grust-query-qualification v0.3.0-draft (/Volumes/Apo/graph-tests/workspaces/grust-v2-wave3-20261007/grust/docs/reviews/grust-v2/wave-3/sketch/query-tests)
    Finished `test` profile [unoptimized] target(s) in 2.35s
     Running unittests src/lib.rs (/Volumes/Apo/graph-tests/workspaces/grust-v2-wave3-20261007/semantics-target/debug/deps/grust_backend-23baf17daacee597)

running 3 tests
test tests::dialect_quotes_identifiers_without_splitting_components ... ok
test tests::graph_operator_is_refused_without_fallback ... ok
test tests::unknown_storage_is_not_a_logical_group_name ... ok

test result: ok. 3 passed; 0 failed; 0 ignored; 0 measured; 0 filtered out; finished in 0.00s

     Running unittests src/lib.rs (/Volumes/Apo/graph-tests/workspaces/grust-v2-wave3-20261007/semantics-target/debug/deps/grust_cypher_frontend-b8bea6f81c8643e4)

running 5 tests
test tests::syntax_offsets_are_original_utf8_bytes ... ok
test tests::optional_where_stays_inside_match ... ok
test tests::cypher_path_is_trail_and_star_one_is_materialized ... ok
test tests::mixed_unions_remain_left_associative ... ok
test tests::refuse_incomplete_and_unfaithful_queries ... ok

test result: ok. 5 passed; 0 failed; 0 ignored; 0 measured; 0 filtered out; finished in 0.00s

     Running unittests src/lib.rs (/Volumes/Apo/graph-tests/workspaces/grust-v2-wave3-20261007/semantics-target/debug/deps/grust_optimized_plan-3bb92dcf91b30511)

running 0 tests

test result: ok. 0 passed; 0 failed; 0 ignored; 0 measured; 0 filtered out; finished in 0.00s

     Running unittests src/lib.rs (/Volumes/Apo/graph-tests/workspaces/grust-v2-wave3-20261007/semantics-target/debug/deps/grust_optimizer-16a30080a606edb2)

running 7 tests
test query::tests::missing_statistics_keeps_exact_tree ... ok
test tests::unknown_is_not_zero_and_ties_are_stable ... ok
test tests::baseline_preserves_plan_and_explain_names_schema_paths ... ok
test query::tests::optional_join_boundary_is_preserved ... ok
test query::tests::volatile_join_condition_is_never_reordered ... ok
test query::tests::unknown_rows_and_bounded_search_preserve_tree ... ok
test query::tests::costs_choose_smaller_intermediate_and_preserve_output_slots ... ok

test result: ok. 7 passed; 0 failed; 0 ignored; 0 measured; 0 filtered out; finished in 0.00s

     Running unittests src/lib.rs (/Volumes/Apo/graph-tests/workspaces/grust-v2-wave3-20261007/semantics-target/debug/deps/grust_query_qualification-4bb3bfbca3174e44)

running 20 tests
test provider_tests::provider_cycles_and_path_capabilities_are_explicit ... ok
test cypher_cases::tests::scalar_aggregate_name_collision_is_a_frontend_refusal ... ok
test cypher_cases::tests::aggregate_calls_use_registered_contracts ... ok
test tests::ambiguous_generic_overloads_refuse ... ok
test provider_tests::bound_and_binding_admission_controls ... ok
test tests::numeric_generic_overloads_are_resolved_without_casts ... ok
test provider_tests::registered_relation_lowering_is_resolved_again ... ok
test tests::inherited_property_conflicts_refuse ... ok
test tests::unsupported_paths_unknown_graphs_and_labels_refuse ... ok
test tests::parameter_literal_cannot_lie_about_its_type_or_nullability ... ok
test tests::unsupported_plugin_does_not_execute_under_another_provider ... ok
test tests::parameter_value_mismatch_and_nonfinite_literals_refuse ... ok
test tests::union_types_aliases_and_cap_domains_refuse ... ok
test tests::aggregation_scope_and_nesting_are_checked ... ok
test tests::property_scope_and_predicate_types_are_checked ... ok
test provider_tests::iterative_correlations_and_volatile_predicates_refuse ... ok
test cypher_refusals::tests::all_refusals_stop_before_engine_execution ... ok
test cypher_cases::tests::source_queries_resolve_before_execution ... FAILED
test provider_tests::iterative_plans_require_the_program_adapter ... ok
test tests::every_result_fixture_resolves_and_emits ... ok

failures:

---- cypher_cases::tests::source_queries_resolve_before_execution stdout ----

thread 'cypher_cases::tests::source_queries_resolve_before_execution' (30334869) panicked at resolution/src/query/iterative.rs:126:13:
internal error: entered unreachable code
note: run with `RUST_BACKTRACE=1` environment variable to display a backtrace


failures:
    cypher_cases::tests::source_queries_resolve_before_execution

test result: FAILED. 19 passed; 1 failed; 0 ignored; 0 measured; 0 filtered out; finished in 0.02s

error: test failed, to rerun pass `-p grust-query-qualification --lib`
