   Compiling zerocopy-derive v0.8.50
   Compiling serde v1.0.228
   Compiling either v1.16.0
   Compiling generic-array v0.14.7
   Compiling garde_derive v0.23.0
   Compiling zerocopy v0.8.50
   Compiling serde_yaml v0.9.34+deprecated
   Compiling garde v0.23.0
   Compiling quick-xml v0.40.1
   Compiling crypto-common v0.1.7
   Compiling uuid v1.23.2
   Compiling inout v0.1.4
   Compiling universal-hash v0.5.1
   Compiling cipher v0.4.4
   Compiling ppv-lite86 v0.2.21
   Compiling grust-core v0.13.0 (/tmp/grust-resident-index-review/crates/grust-core)
   Compiling polyval v0.6.2
   Compiling tokio v1.52.3
   Compiling rand_chacha v0.9.0
   Compiling which v4.4.2
   Compiling rand v0.9.4
   Compiling ghash v0.5.1
   Compiling aes v0.8.4
   Compiling ctr v0.9.2
   Compiling aead v0.5.2
   Compiling itertools v0.11.0
   Compiling tempfile v3.27.0
   Compiling aes-gcm v0.10.3
   Compiling twox-hash v2.1.2
   Compiling bindgen v0.69.5
   Compiling turso_ext v0.7.2
   Compiling grust-cypher v0.13.2 (/tmp/grust-resident-index-review/crates/grust-cypher)
   Compiling grust-sql-core v0.13.0 (/tmp/grust-resident-index-review/crates/grust-sql-core)
   Compiling itertools v0.14.0
   Compiling turso_core v0.7.2
   Compiling prost-derive v0.14.3
   Compiling turso_sdk_kit v0.7.2
   Compiling prost v0.14.3
   Compiling ahash v0.8.12
   Compiling hashbrown v0.14.5
   Compiling hashlink v0.9.1
   Compiling rusqlite v0.31.0
   Compiling half v2.7.1
   Compiling crossbeam-deque v0.8.6
   Compiling ciborium-ll v0.2.2
   Compiling rayon-core v1.13.0
   Compiling itertools v0.10.5
   Compiling criterion-plot v0.5.0
   Compiling rayon v1.12.0
   Compiling ciborium v0.2.2
   Compiling plotters v0.3.7
   Compiling tokio-util v0.7.18
   Compiling tinytemplate v1.2.1
   Compiling criterion v0.5.1
   Compiling tokio-postgres v0.7.18
   Compiling turso_sync_engine v0.7.2
   Compiling grust-postgres-core v0.13.0 (/tmp/grust-resident-index-review/crates/grust-postgres-core)
   Compiling grust-memory v0.13.0 (/tmp/grust-resident-index-review/crates/grust-memory)
   Compiling turso_sync_sdk_kit v0.7.2
   Compiling turso v0.7.2
   Compiling grust-turso v0.13.0 (/tmp/grust-resident-index-review/crates/grust-turso)
    Finished `test` profile [unoptimized + debuginfo] target(s) in 1m 39s
     Running unittests src/lib.rs (/home/admin/src/adversarial-graph/target/review-grust/debug/deps/grust_core-78d4f7641138315f)

running 79 tests
test tests::builder_add_edge_reports_outcome ... ok
test tests::builder_dedupes_nodes_and_edges ... ok
test tests::checked_edge_key_rejects_ambiguous_structural_and_explicit_keys ... ok
test tests::decimal_ordering_and_arithmetic ... ok
test tests::datetime_value_validates_rfc3339 ... ok
test tests::decimal_serde_roundtrip ... ok
test tests::decimal_parse_normalize_and_display ... ok
test tests::duration_arithmetic_and_serde ... ok
test tests::duration_parse_and_display ... ok
test tests::edge_key_prefers_explicit_id_then_structural_identity ... ok
test tests::graph_builder_label_conflict_replaces_node ... ok
test tests::graph_builder_same_label_merges_props ... ok
test tests::graph_index_rejects_missing_edge_endpoints ... ok
test tests::graph_index_validates_and_indexes_adjacency ... ok
test tests::graph_json_rejects_edges_with_unknown_nodes ... ok
test tests::graph_loads_from_json ... ok
test tests::graph_schema_carries_and_validates_required_constraints ... ok
test tests::graph_schema_rejects_wrong_edge_endpoint_label ... ok
test tests::graph_schema_rejects_wrong_field_type ... ok
test tests::graph_schema_validates_labels_fields_and_edge_endpoints ... ok
test tests::graph_loads_from_yaml ... ok
test tests::graph_loads_from_xml ... ok
test tests::graph_serializes_to_json ... ok
test tests::graph_value_relationship_identity_length_frames_components ... ok
test tests::graph_value_from_graph_snapshot ... ok
test tests::graph_serializes_to_xml ... ok
test tests::graph_schema_validates_unique_property_constraints ... ok
test tests::graph_value_deduplicates_and_serializes ... ok
test tests::graph_serializes_to_yaml ... ok
test tests::native_constraint_ddl_is_explicitly_unsupported_by_default ... ok
test tests::normalizes_schema_identifiers ... ok
test tests::graph_yaml_rejects_edges_with_unknown_nodes ... ok
test tests::graph_xml_rejects_edges_with_unknown_nodes ... ok
test tests::mutation_plan_reports_and_lowers_to_graph_mutations ... ok
test tests::normalizes_relationship_types ... ok
test tests::rejects_physical_identifier_claim_collisions_within_a_namespace ... ok
test tests::property_predicates_are_type_aware_and_missing_safe ... ok
test tests::typed_garde_tests::typed_builder_can_extend_an_existing_graph ... ok
test tests::schema_enforces_edge_uniqueness ... ok
test tests::schema_validates_datetime_and_array_fields ... ok
test tests::typed_garde_tests::typed_builder_coexists_with_raw_nodes_and_edges ... ok
test tests::typed_garde_tests::typed_builder_rejects_invalid_values_before_building_graph ... ok
test tests::numeric_update_evaluator_is_type_checked_and_overflow_safe ... ok
test tests::typed_garde_tests::typed_builder_validates_and_lowers_nodes_and_edges ... ok
test tests::validate_edge_props_checks_label_and_fields_only ... ok
test tests::undirected_edge_type_accepts_reversed_endpoints_and_unordered_uniqueness ... ok
test tests::traversal_to_without_step_panics - should panic ... ok
test tests::typed_garde_tests::typed_node_and_edge_read_back_from_graph_values ... ok
test tests::value_json_round_trips_plain_and_tagged ... ok
test tests::typed_garde_tests::typed_readback_rejects_label_and_identity_mismatches ... ok
test tests::validate_edge_with_uses_label_lookup ... ok
test typed_graph_index::tests::csr_buckets_preserve_empty_source_slots_and_reverse_order ... ok
test typed_graph_index::sparse_source_tests::source_enumeration_does_not_collapse_physical_multigraph_rows ... ok
test typed_graph_index::tests::density_threshold_rounds_up_and_empty_offsets_are_safe ... ok
test typed_graph_index::sparse_source_tests::source_slices_borrow_the_index_not_the_view_or_relationship_name ... ok
test typed_graph_index::sparse_source_tests::absent_relationships_and_empty_indexes_report_some_empty ... ok
test typed_graph_index::tests::serialized_size_counter_rejects_overflow ... ok
test typed_graph_index::tests::invalid_graphs_are_rejected ... ok
test typed_graph_index::sparse_source_tests::sparse_source_slices_are_sorted_unique_and_exact_in_both_directions ... ok
test typed_graph_index::sparse_source_tests::dense_csr_reports_none_even_when_some_rows_are_empty ... ok
test typed_graph_index::tests::snapshot_cannot_be_invalidated_by_another_arc_owner ... ok
test typed_graph_index::tests::cached_serialized_size_matches_exact_json_and_stays_on_its_snapshot ... ok
test typed_graph_index::tests::sparse_offsets_only_describe_sorted_active_sources ... ok
test typed_graph_index::tests::sorted_typed_slices_preserve_parallel_edges_and_self_loops ... ok
test typed_graph_index::view_tests::an_absent_type_view_stays_on_its_snapshot_after_copy_on_write ... ok
test typed_graph_index::view_tests::empty_and_missing_types_accept_every_invalid_slot_as_an_empty_row ... ok
test typed_graph_index::view_tests::another_snapshot_owner_cannot_invalidate_a_borrowed_view ... ok
test typed_graph_index::view_tests::sorted_rows_keep_loops_parallel_and_reciprocal_physical_edge_identities ... ok
test unique_values::tests::collisions_still_use_full_value_equality ... ok
test typed_graph_index::view_tests::views_do_not_borrow_type_strings_and_slices_outlive_temporary_views ... ok
test typed_graph_index::view_tests::view_is_exported_at_the_crate_root_and_in_the_prelude ... ok
test unique_values::tests::fingerprints_preserve_value_equality_edge_cases ... ok
test unique_values::tests::owned_values_can_be_removed_by_owner_even_when_not_self_equal ... ok
test typed_graph_index::view_tests::dense_and_sparse_views_match_direct_scans_and_existing_slices ... ok
test typed_graph_index::tests::hybrid_offsets_preserve_parallel_reciprocal_self_loops_and_isolated_vertices ... ok
test typed_graph_index::view_tests::generated_multigraph_views_match_raw_edges_for_every_vertex_and_direction ... ok
test typed_graph_index::tests::many_relationship_types_have_edge_bounded_adjacency_allocations ... ok
test typed_graph_index::tests::typed_index_matches_direct_scans_on_generated_multigraphs ... ok
test typed_graph_index::tests::hybrid_generated_graphs_match_scans_in_both_directions ... ok

test result: ok. 79 passed; 0 failed; 0 ignored; 0 measured; 0 filtered out; finished in 0.07s

     Running unittests src/lib.rs (/home/admin/src/adversarial-graph/target/review-grust/debug/deps/grust_memory-4ab27b361d8e785b)

running 38 tests
test indexed_reads::tests::a_graph_the_index_rejects_keeps_the_map_path ... ok
test indexed_reads::tests::a_load_into_a_populated_store_leaves_the_maps_in_charge ... ok
test indexed_snapshot::tests::cached_snapshot_is_shared_across_calls_and_cloned_stores ... ok
test indexed_reads::tests::indexed_edge_queries_match_the_map_walk ... ok
test indexed_reads::tests::a_write_after_the_load_returns_reads_to_the_maps ... ok
test indexed_reads::tests::indexed_traversal_matches_the_map_walk_except_both_order ... ok
test indexed_reads::tests::traverse_ids_matches_traverse_on_both_paths ... ok
test indexed_snapshot::tests::edge_node_deletes_and_delete_all_plan_invalidate_the_index ... ok
test indexed_snapshot::tests::invalid_index_build_does_not_cache_a_failure_or_change_store_semantics ... ok
test tests::default_mutation_batches_are_ordered_but_not_atomic ... ok
test tests::executes_matching_node_property_removal ... ok
test indexed_snapshot::tests::trait_mutations_and_partially_failing_plans_cannot_leave_a_stale_cache ... ok
test tests::adjacency_indexes_follow_edge_and_node_mutations ... ok
test tests::apply_mutations_upserts_and_deletes ... ok
test tests::applied_schema_validates_memory_graph_writes ... ok
test tests::executes_matching_node_numeric_property_updates ... ok
test tests::executes_matching_edge_mutations ... ok
test indexed_snapshot::tests::node_edge_and_batch_writes_leave_previous_snapshots_immutable ... ok
test tests::delete_node_cascades_to_incident_edges ... ok
test indexed_snapshot::tests::schema_native_constraints_and_rejected_writes_invalidate_conservatively ... ok
test tests::matching_edge_mutations_filter_relationship_properties ... ok
test tests::memory_native_constraints_validate_existing_and_future_writes ... ok
test tests::memory_reports_constraint_capabilities_and_validates_constraints ... ok
test tests::memory_validates_unique_edge_constraints_before_writes ... ok
test tests::preserves_parallel_edges_with_distinct_explicit_ids ... ok
test tests::node_label_updates_revalidate_incident_edge_endpoints ... ok
test tests::get_nodes_reads_multiple_ids ... ok
test indexed_snapshot::tests::every_direct_mutation_plan_branch_rebuilds_the_snapshot ... ok
test tests::executor_classifies_inserts_and_updates_precisely ... ok
test tests::matching_node_mutations_filter_property_predicates ... ok
test tests::matching_node_numeric_property_updates_fail_before_writing_invalid_values ... ok
test tests::executes_mutation_plan_with_cardinality_aware_node_changes ... ok
test tests::memory_edge_uniqueness_uses_directed_and_undirected_endpoint_semantics ... ok
test indexed_snapshot::tests::concurrent_first_readers_share_one_snapshot_and_observe_coherent_updates ... ok
test tests::row_producing_edge_create_matches_endpoint_nodes ... ok
test tests::put_reports_insert_vs_update ... ok
test tests::stores_graph_and_traverses_one_step ... ok
test tests::typed_graph_round_trips_through_memory_store ... ok

test result: ok. 38 passed; 0 failed; 0 ignored; 0 measured; 0 filtered out; finished in 0.00s

     Running unittests src/lib.rs (/home/admin/src/adversarial-graph/target/review-grust/debug/deps/grust_postgres_core-7f00e42b64591421)

running 23 tests
test streamed_read_tests::postgres_read_allocation_diagnostic_buffered ... ignored, allocation diagnostic; requires GRUST_PG_URL; run alone in a fresh process
test streamed_read_tests::postgres_read_allocation_diagnostic_streamed ... ignored, allocation diagnostic; requires GRUST_PG_URL; run alone in a fresh process
test streamed_read_tests::streamed_reads_preserve_values_and_recover_after_late_errors ... ignored, requires PostgreSQL (GRUST_PG_URL)
test sql_safety::tests::autocommit_guard_rejects_unterminated_lexical_regions_and_nul ... ok
test sql_safety::tests::autocommit_guard_ignores_keywords_in_sql_literals_and_comments ... ok
test sql_safety::tests::autocommit_guard_rejects_transaction_control_in_batches ... ok
test tests::live_invalid_typed_schema_is_rejected_before_bootstrap_ddl ... ignored, requires PostgreSQL
test tests::live_postgres_put_read_traverse_and_schema ... ignored, requires PostgreSQL
test tests::bootstrap_creates_universal_postgres_tables ... ok
test tests::edge_upsert_uses_grust_edge_identity ... ok
test tests::graph_schema_enforces_postgres_identifier_byte_limit ... ok
test tests::graph_schema_creates_typed_views_and_indexes ... ok
test tests::mutation_batch_sql_wraps_ordered_mutations_in_transaction ... ok
test tests::node_upsert_uses_jsonb_and_conflict_update ... ok
test tests::postgres_recursive_walk_tokens_are_delimiter_free ... ok
test tests::postgres_config_enforces_schema_and_derived_prefix_boundaries ... ok
test tests::postgres_typed_column_validates_its_public_input ... ok
test tests::rejects_invalid_config_identifiers ... ok
test tests::rejects_unsafe_json_property_keys ... ok
test tests::traversal_sql_builds_exact_out_step ... ok
test tests::traversal_sql_builds_property_start ... ok
test tests::typed_field_aliases_use_postgres_utf8_byte_length ... ok
test tests::typed_views_reject_fixed_and_duplicate_column_aliases ... ok

test result: ok. 18 passed; 0 failed; 5 ignored; 0 measured; 0 filtered out; finished in 0.00s

     Running tests/pg_cypher_live.rs (/home/admin/src/adversarial-graph/target/review-grust/debug/deps/pg_cypher_live-6724bc7c7b7a449b)

running 5 tests
test cypher_writes_execute_on_postgres ... ignored, requires live PostgreSQL (GRUST_PG_URL)
test gated_reads_fall_back_to_the_reference ... ignored, requires live PostgreSQL (GRUST_PG_URL)
test pushed_reads_match_the_reference ... ignored, requires live PostgreSQL (GRUST_PG_URL)
test resident_snapshot_reflects_the_store_and_every_write_drops_it ... ignored, requires live PostgreSQL (GRUST_PG_URL)
test transaction_scripts_commit_and_roll_back_atomically ... ignored, requires live PostgreSQL (GRUST_PG_URL)

test result: ok. 0 passed; 0 failed; 5 ignored; 0 measured; 0 filtered out; finished in 0.00s

     Running tests/scalar_count_sql.rs (/home/admin/src/adversarial-graph/target/review-grust/debug/deps/scalar_count_sql-775d87701252a3d9)

running 3 tests
test postgres_zero_count_has_one_row_without_pagination ... ok
test postgres_scalar_count_uses_qualified_universal_tables ... ok
test postgres_exact_payload_type_and_byte_comparison_are_required ... ok

test result: ok. 3 passed; 0 failed; 0 ignored; 0 measured; 0 filtered out; finished in 0.00s

     Running unittests src/lib.rs (/home/admin/src/adversarial-graph/target/review-grust/debug/deps/grust_turso-68cd7df218dd4fc3)

running 16 tests
test tests::bootstrap_creates_universal_turso_tables ... ok
test tests::is_mvcc_conflict_detects_retryable_errors ... ok
test tests::mutation_batch_sql_wraps_ordered_mutations_in_transaction ... ok
test tests::rejects_invalid_table_prefix ... ok
test tests::traversal_sql_builds_exact_out_step ... ok
test tests::schema_creates_json_views_and_indexes ... ok
test tests::default_journal_mode_is_wal ... ok
test tests::cypher_mutation_plan_rejects_before_writing_any_operation ... ok
test tests::next_call_rolls_back_an_abandoned_transaction ... ok
test tests::cypher_mutation_executor_patches_matching_nodes ... ok
test tests::cypher_mutation_plan_preserves_order_inside_transaction ... ok
test tests::resident_snapshot_reflects_the_store_and_every_write_drops_it ... ok
test tests::mvcc_journal_mode_enables_concurrent_writes_and_round_trips ... ok
test tests::mvcc_apply_mutations_batch_round_trips ... ok
test tests::in_memory_put_read_traverse_schema_and_mutations ... ok
test tests::mvcc_concurrent_writers_resolve_conflicts_via_retry ... ok

test result: ok. 16 passed; 0 failed; 0 ignored; 0 measured; 0 filtered out; finished in 0.06s

     Running tests/exact_scalar_strings.rs (/home/admin/src/adversarial-graph/target/review-grust/debug/deps/exact_scalar_strings-0e0d4a42a995d7e7)

running 3 tests
test nul_literal_is_not_admitted_by_the_dialect ... ok
test plain_json_string_guard_does_not_coerce_other_json_types ... ok
test tagged_node_edge_and_shared_variable_filters_match_reference ... ok

test result: ok. 3 passed; 0 failed; 0 ignored; 0 measured; 0 filtered out; finished in 0.20s

     Running tests/guarded_commit.rs (/home/admin/src/adversarial-graph/target/review-grust/debug/deps/guarded_commit-835d923fbf5ab7ef)

running 9 tests
test guarded_commit_recovery_rejects_empty_identity_inputs ... ok
test absent_and_exact_expectations_fail_without_partial_writes ... ok
test guarded_commit_receipt_preserves_submillisecond_ordering ... ok
test mutation_failure_rolls_back_graph_and_commit_ledger ... ok
test guarded_commit_recovery_is_read_only_and_stable ... ok
test guarded_commit_replays_and_rejects_key_digest_collision ... ok
test malformed_commit_receipt_fails_closed_after_reopen ... ok
test concurrent_same_request_commits_once ... ok
test commit_receipt_survives_close_and_reopen ... ok

test result: ok. 9 passed; 0 failed; 0 ignored; 0 measured; 0 filtered out; finished in 0.03s

     Running tests/read_pushdown_oracle.rs (/home/admin/src/adversarial-graph/target/review-grust/debug/deps/read_pushdown_oracle-cc08dc354b66effb)

running 22 tests
test correlated_keys_pushdown_matches_reference ... ok
test property_keys_and_range_pushdown_match_reference ... ok
test recursive_walk_pushdown_handles_unit_separator_node_ids ... ok
test pushdown_matches_reference_with_parameters ... ok
test catalog_procedure_pushdown_matches_reference ... ok
test var_length_pushdown_matches_reference ... ok
test segment_arithmetic_matches_reference ... ok
test segment_pushed_ordering_preserves_sequence ... ok
test optional_match_pushdown_matches_reference ... ok
test arithmetic_pushdown_matches_reference ... ok
test schema_aware_ordering_casts_match_reference ... ok
test union_pushdown_matches_reference ... ok
test pushed_ordering_preserves_sequence ... ok
test untyped_segment_edge_ordering_matches_reference ... ok
test uncorrelated_subquery_pushdown_matches_reference ... ok
test correlated_subquery_pushdown_matches_reference ... ok
test with_pipeline_matches_reference ... ok
test multi_pattern_pushdown_matches_reference ... ok
test shortest_path_pushdown_matches_reference ... ok
test pushdown_matches_reference ... ok
test overlapping_join_queries_keep_real_store_fallback_and_exact_rows ... ok
test segment_pushdown_matches_reference ... ok

test result: ok. 22 passed; 0 failed; 0 ignored; 0 measured; 0 filtered out; finished in 0.08s

     Running tests/relationship_uniqueness.rs (/home/admin/src/adversarial-graph/target/review-grust/debug/deps/relationship_uniqueness-6dc0c2d7272ebe91)

running 2 tests
test separate_match_clauses_reset_relationship_uniqueness ... ok
test embedded_counterexamples_preserve_physical_parallel_edges_not_public_ids ... ok

test result: ok. 2 passed; 0 failed; 0 ignored; 0 measured; 0 filtered out; finished in 0.03s

     Running tests/scalar_count.rs (/home/admin/src/adversarial-graph/target/review-grust/debug/deps/scalar_count-425fe9cc11ef5158)

running 5 tests
test real_store_filters_parameters_aliases_and_pagination_match ... ok
test unproven_counts_keep_existing_execution_paths ... ok
test parallel_edges_preserve_bag_multiplicity_without_deduplication ... ok
test real_store_counts_match_reference_including_empty_and_self_loops ... ok
test deterministic_small_graph_differential ... ok

test result: ok. 5 passed; 0 failed; 0 ignored; 0 measured; 0 filtered out; finished in 2.73s

     Running tests/transaction_atomic.rs (/home/admin/src/adversarial-graph/target/review-grust/debug/deps/transaction_atomic-7cc0c8831314f2e5)

running 3 tests
test planning_error_aborts_before_any_store_write ... ok
test rollback_leaves_the_store_untouched ... ok
test commit_applies_the_batch_atomically ... ok

test result: ok. 3 passed; 0 failed; 0 ignored; 0 measured; 0 filtered out; finished in 0.02s

     Running tests/turso_read_query.rs (/home/admin/src/adversarial-graph/target/review-grust/debug/deps/turso_read_query-a7fdbc31a14c0776)

running 2 tests
test gated_shapes_fall_back_to_the_reference ... ok
test pushed_shapes_match_the_reference ... ok

test result: ok. 2 passed; 0 failed; 0 ignored; 0 measured; 0 filtered out; finished in 0.05s

   Doc-tests grust_core

running 1 test
test crates/grust-core/src/typed_graph_index.rs - typed_graph_index::TypedAdjacencyView (line 153) - compile fail ... ok

test result: ok. 1 passed; 0 failed; 0 ignored; 0 measured; 0 filtered out; finished in 0.03s

   Doc-tests grust_memory

running 0 tests

test result: ok. 0 passed; 0 failed; 0 ignored; 0 measured; 0 filtered out; finished in 0.00s

   Doc-tests grust_postgres_core

running 0 tests

test result: ok. 0 passed; 0 failed; 0 ignored; 0 measured; 0 filtered out; finished in 0.00s

   Doc-tests grust_turso

running 0 tests

test result: ok. 0 passed; 0 failed; 0 ignored; 0 measured; 0 filtered out; finished in 0.00s

