    Finished `test` profile [unoptimized + debuginfo] target(s) in 0.24s
     Running unittests src/lib.rs (/home/admin/src/adversarial-graph/target/review-grust/debug/deps/grust_postgres_core-cfcf366dd1349f6b)

running 3 tests
test tests::live_invalid_typed_schema_is_rejected_before_bootstrap_ddl ... ok
test tests::live_postgres_put_read_traverse_and_schema ... ok
test streamed_read_tests::streamed_reads_preserve_values_and_recover_after_late_errors ... ok

test result: ok. 3 passed; 0 failed; 0 ignored; 0 measured; 20 filtered out; finished in 0.98s

     Running tests/pg_cypher_live.rs (/home/admin/src/adversarial-graph/target/review-grust/debug/deps/pg_cypher_live-fc108656f882b856)

running 5 tests
test transaction_scripts_commit_and_roll_back_atomically ... ok
test resident_snapshot_reflects_the_store_and_every_write_drops_it ... ok
test gated_reads_fall_back_to_the_reference ... ok
test cypher_writes_execute_on_postgres ... ok
test pushed_reads_match_the_reference ... ok

test result: ok. 5 passed; 0 failed; 0 ignored; 0 measured; 0 filtered out; finished in 0.13s

     Running tests/scalar_count_sql.rs (/home/admin/src/adversarial-graph/target/review-grust/debug/deps/scalar_count_sql-a552425e4cca35c1)

running 0 tests

test result: ok. 0 passed; 0 failed; 0 ignored; 0 measured; 3 filtered out; finished in 0.00s

   Doc-tests grust_postgres_core

running 0 tests

test result: ok. 0 passed; 0 failed; 0 ignored; 0 measured; 0 filtered out; finished in 0.00s
