   Compiling serde_core v1.0.228
   Compiling serde v1.0.228
   Compiling serde_json v1.0.150
   Compiling quick-xml v0.40.1
   Compiling serde_yaml v0.9.34+deprecated
   Compiling grust-core v0.13.0 (/tmp/grust-resident-index-review/crates/grust-core)
   Compiling postgres-types v0.2.14
   Compiling tokio-postgres v0.7.18
   Compiling grust-cypher v0.13.2 (/tmp/grust-resident-index-review/crates/grust-cypher)
   Compiling grust-sql-core v0.13.0 (/tmp/grust-resident-index-review/crates/grust-sql-core)
   Compiling grust-postgres-core v0.13.0 (/tmp/grust-resident-index-review/crates/grust-postgres-core)
    Finished `test` profile [unoptimized + debuginfo] target(s) in 21.54s
     Running unittests src/lib.rs (/home/admin/src/adversarial-graph/target/review-grust/debug/deps/grust_postgres_core-cfcf366dd1349f6b)

running 1 test

thread 'streamed_read_tests::streamed_reads_preserve_values_and_recover_after_late_errors' (1360) panicked at crates/grust-postgres-core/src/streamed_read_tests.rs:9:6:
connect disposable PostgreSQL: Backend("failed to connect to PostgreSQL for PostgreSQL backend: error connecting to server")
note: run with `RUST_BACKTRACE=1` environment variable to display a backtrace
test streamed_read_tests::streamed_reads_preserve_values_and_recover_after_late_errors ... FAILED

failures:

failures:
    streamed_read_tests::streamed_reads_preserve_values_and_recover_after_late_errors

test result: FAILED. 0 passed; 1 failed; 0 ignored; 0 measured; 20 filtered out; finished in 0.00s

error: test failed, to rerun pass `-p grust-postgres-core --lib`
