[2026-09-30T16:54:42Z INFO sail_cli::spark::server] Starting the Spark Connect server on 127.0.0.1:58617...
[2026-09-30T16:54:42Z INFO sail_session::session_manager::actor::core] driver server is ready on port 32967
[2026-09-30T16:54:43Z INFO sail_session::session_manager::actor::handler] creating session 70ccef83-2591-4ad0-b8e7-5b905eaf487e
OpenBLAS WARNING - could not determine the L2 cache size on this system, assuming 256k
OpenBLAS WARNING - could not determine the L2 cache size on this system, assuming 256k
[2026-09-30T16:54:44Z INFO sail_session::extensions] bound native extension nutmeg@0.1.0:e5f0332e07d6164d20eec48da4e1d859913eb006481d8b98b1d409afeb3bb50f to session incarnation aa91b344-0f6c-487d-bf5e-9af7660ec404
[2026-09-30T16:54:44Z INFO sail_session::extensions] bound native extension sedona@0.1.0:e8dc2c51c6e45ef94fb13370b76f0fd40936b3d79d368fc052afbb778d39c137 to session incarnation aa91b344-0f6c-487d-bf5e-9af7660ec404
[2026-09-30T16:54:44Z INFO sail_execution::driver::actor::handler] activating driver 1
[2026-09-30T16:54:44Z INFO sail_execution::driver::worker_pool::core] starting worker 1
[2026-09-30T16:54:44Z INFO sail_execution::driver::worker_pool::core] starting worker 2
[2026-09-30T16:54:44Z INFO sail_execution::worker_manager::process] extension process worker 2: pid=Some(62), driver_pid=17, session=70ccef83-2591-4ad0-b8e7-5b905eaf487e
[2026-09-30T16:54:44Z INFO sail_execution::worker_manager::process] extension process worker 1: pid=Some(63), driver_pid=17, session=70ccef83-2591-4ad0-b8e7-5b905eaf487e
[2026-09-30T16:54:45Z INFO sail_session::extensions] worker loaded native extension sedona@0.1.0:e8dc2c51c6e45ef94fb13370b76f0fd40936b3d79d368fc052afbb778d39c137, pid=63
[2026-09-30T16:54:45Z INFO sail_session::extensions] worker loaded native extension sedona@0.1.0:e8dc2c51c6e45ef94fb13370b76f0fd40936b3d79d368fc052afbb778d39c137, pid=62
[2026-09-30T16:54:45Z INFO sail_execution::worker::actor::handler] worker 1 server is ready on port 43231
[2026-09-30T16:54:45Z INFO sail_execution::worker::actor::handler] worker 2 server is ready on port 37671
[2026-09-30T16:54:45Z INFO sail_execution::driver::actor::handler] worker 1 is available at 127.0.0.1:43231
[2026-09-30T16:54:45Z WARN sail_execution::driver::task_assigner::core] worker 1 was not pending
[2026-09-30T16:54:45Z INFO sail_execution::driver::actor::handler] worker 2 is available at 127.0.0.1:37671
[2026-09-30T16:54:45Z WARN sail_execution::driver::task_assigner::core] worker 2 was not pending
[2026-09-30T16:54:45Z INFO sail_session::session_manager::actor::handler] removing session 70ccef83-2591-4ad0-b8e7-5b905eaf487e
[2026-09-30T16:54:45Z INFO sail_execution::driver::worker_pool::core] stopping worker 1
[2026-09-30T16:54:45Z INFO sail_execution::driver::worker_pool::core] stopping worker 2
[2026-09-30T16:54:45Z INFO sail_execution::worker::actor::core] worker 2 server has stopped
[2026-09-30T16:54:45Z WARN sail_common::actor] aborting 1 task(s) for WorkerActor
[2026-09-30T16:54:45Z INFO sail_execution::worker::actor::core] worker 1 server has stopped
[2026-09-30T16:54:45Z WARN sail_common::actor] aborting 1 task(s) for WorkerActor
[2026-09-30T16:54:45Z INFO sail_execution::driver::actor::core] driver 1 has stopped
[2026-09-30T16:54:45Z WARN sail_common::actor] aborting 36 task(s) for DriverActor
[2026-09-30T16:54:46Z INFO sail_session::session_manager::actor::handler] creating session 26167f28-ad03-436e-ad0f-817fbdcc65b8
[2026-09-30T16:54:47Z INFO sail_session::extensions] bound native extension nutmeg@0.1.0:e5f0332e07d6164d20eec48da4e1d859913eb006481d8b98b1d409afeb3bb50f to session incarnation dc0e174d-cde9-479b-b69a-957cde00327a
[2026-09-30T16:54:47Z INFO sail_session::extensions] bound native extension sedona@0.1.0:e8dc2c51c6e45ef94fb13370b76f0fd40936b3d79d368fc052afbb778d39c137 to session incarnation dc0e174d-cde9-479b-b69a-957cde00327a
[2026-09-30T16:54:47Z INFO sail_execution::driver::actor::handler] activating driver 2
[2026-09-30T16:54:47Z INFO sail_execution::driver::worker_pool::core] starting worker 1
[2026-09-30T16:54:47Z INFO sail_execution::driver::worker_pool::core] starting worker 2
[2026-09-30T16:54:47Z INFO sail_execution::worker_manager::process] extension process worker 1: pid=Some(123), driver_pid=17, session=26167f28-ad03-436e-ad0f-817fbdcc65b8
[2026-09-30T16:54:47Z INFO sail_execution::worker_manager::process] extension process worker 2: pid=Some(124), driver_pid=17, session=26167f28-ad03-436e-ad0f-817fbdcc65b8
[2026-09-30T16:54:47Z INFO sail_session::extensions] worker loaded native extension sedona@0.1.0:e8dc2c51c6e45ef94fb13370b76f0fd40936b3d79d368fc052afbb778d39c137, pid=124
[2026-09-30T16:54:47Z INFO sail_session::extensions] worker loaded native extension sedona@0.1.0:e8dc2c51c6e45ef94fb13370b76f0fd40936b3d79d368fc052afbb778d39c137, pid=123
[2026-09-30T16:54:48Z INFO sail_execution::worker::actor::handler] worker 2 server is ready on port 34283
[2026-09-30T16:54:48Z INFO sail_execution::worker::actor::handler] worker 1 server is ready on port 43273
[2026-09-30T16:54:48Z INFO sail_execution::driver::actor::handler] worker 2 is available at 127.0.0.1:34283
[2026-09-30T16:54:48Z WARN sail_execution::driver::task_assigner::core] worker 2 was not pending
[2026-09-30T16:54:48Z INFO sail_execution::driver::actor::handler] worker 1 is available at 127.0.0.1:43273
[2026-09-30T16:54:48Z WARN sail_execution::driver::task_assigner::core] worker 1 was not pending
[2026-09-30T16:54:48Z WARN sail_execution::driver::actor::handler] job 6 stage 0 partition 0 attempt 0 sequence 56 is stale
[2026-09-30T16:54:52Z WARN sail_execution::driver::actor::handler] job 121 stage 1 partition 0 attempt 0 sequence 647 is stale
[2026-09-30T16:54:52Z WARN sail_execution::driver::actor::handler] job 121 stage 3 partition 2 attempt 0 sequence 474 is stale
[2026-09-30T16:54:52Z WARN sail_execution::driver::actor::handler] job 122 stage 1 partition 0 attempt 0 sequence 655 is stale
[2026-09-30T16:54:52Z WARN sail_execution::driver::actor::handler] job 125 stage 0 partition 0 attempt 0 sequence 665 is stale
[2026-09-30T16:54:52Z WARN sail_execution::driver::actor::handler] job 135 stage 0 partition 0 attempt 0 sequence 687 is stale
[2026-09-30T16:54:53Z WARN sail_execution::driver::actor::handler] job 161 stage 1 partition 3 attempt 0 sequence 774 is stale
[2026-09-30T16:54:53Z WARN sail_execution::driver::actor::handler] job 161 stage 1 partition 1 attempt 0 sequence 775 is stale
[2026-09-30T16:54:54Z WARN sail_execution::driver::actor::handler] job 190 stage 1 partition 3 attempt 0 sequence 930 is stale
[2026-09-30T16:54:54Z WARN sail_execution::driver::actor::handler] job 191 stage 1 partition 3 attempt 0 sequence 937 is stale
[2026-09-30T16:54:54Z WARN sail_execution::driver::actor::handler] job 191 stage 1 partition 1 attempt 0 sequence 936 is stale
[2026-09-30T16:54:55Z WARN sail_execution::driver::actor::handler] job 215 stage 0 partition 0 attempt 0 sequence 1082 is stale
[2026-09-30T16:54:55Z WARN sail_execution::driver::actor::handler] job 216 stage 1 partition 3 attempt 0 sequence 1092 is stale
[2026-09-30T16:54:55Z WARN sail_execution::driver::actor::handler] job 236 stage 1 partition 1 attempt 0 sequence 1201 is stale
[2026-09-30T16:54:56Z WARN sail_execution::driver::actor::handler] job 246 stage 1 partition 3 attempt 0 sequence 1248 is stale
[2026-09-30T16:54:56Z WARN sail_execution::driver::actor::handler] job 246 stage 0 partition 0 attempt 0 sequence 1250 is stale
[2026-09-30T16:54:56Z WARN sail_execution::driver::actor::handler] job 255 stage 1 partition 1 attempt 0 sequence 1286 is stale
[2026-09-30T16:54:56Z WARN sail_execution::driver::actor::handler] job 255 stage 1 partition 3 attempt 0 sequence 1285 is stale
[2026-09-30T16:54:56Z WARN sail_execution::driver::actor::handler] job 257 stage 1 partition 1 attempt 0 sequence 1294 is stale
[2026-09-30T16:54:56Z WARN sail_execution::driver::actor::handler] job 268 stage 1 partition 3 attempt 0 sequence 1347 is stale
[2026-09-30T16:54:57Z WARN sail_execution::driver::actor::handler] job 297 stage 2 partition 3 attempt 0 sequence 1533 is stale
[2026-09-30T16:54:58Z WARN sail_execution::driver::actor::handler] job 306 stage 0 partition 0 attempt 0 sequence 1560 is stale
[2026-09-30T16:54:58Z WARN sail_execution::driver::actor::handler] job 308 stage 1 partition 2 attempt 0 sequence 1570 is stale
[2026-09-30T16:54:58Z WARN sail_execution::driver::actor::handler] job 323 stage 1 partition 3 attempt 0 sequence 1680 is stale
[2026-09-30T16:54:58Z WARN sail_execution::driver::actor::handler] job 326 stage 1 partition 3 attempt 0 sequence 1692 is stale
[2026-09-30T16:54:59Z WARN sail_execution::driver::actor::handler] job 342 stage 4 partition 0 attempt 0 sequence 1785 is stale
[2026-09-30T16:54:59Z WARN sail_execution::driver::actor::handler] job 347 stage 1 partition 3 attempt 0 sequence 1805 is stale
[2026-09-30T16:55:00Z WARN sail_execution::driver::actor::handler] job 382 stage 4 partition 0 attempt 0 sequence 1991 is stale
[2026-09-30T16:55:00Z WARN sail_execution::driver::actor::handler] job 382 stage 1 partition 3 attempt 0 sequence 1990 is stale
[2026-09-30T16:55:01Z WARN sail_execution::driver::actor::handler] job 398 stage 3 partition 0 attempt 0 sequence 1474 is stale
[2026-09-30T16:55:02Z WARN sail_execution::driver::actor::handler] job 414 stage 4 partition 0 attempt 0 sequence 2158 is stale
[2026-09-30T16:55:05Z WARN sail_execution::driver::actor::handler] job 489 stage 1 partition 1 attempt 0 sequence 2522 is stale
[2026-09-30T16:55:05Z WARN sail_execution::driver::actor::handler] job 489 stage 1 partition 2 attempt 0 sequence 2521 is stale
[2026-09-30T16:55:05Z WARN sail_execution::driver::actor::handler] job 496 stage 0 partition 0 attempt 0 sequence 2580 is stale
[2026-09-30T16:55:07Z WARN sail_execution::driver::actor::handler] job 549 stage 0 partition 0 attempt 0 sequence 2888 is stale
[2026-09-30T16:55:12Z WARN sail_execution::driver::actor::handler] job 686 stage 1 partition 3 attempt 0 sequence 3665 is stale
[2026-09-30T16:55:14Z WARN sail_execution::driver::actor::handler] job 740 stage 0 partition 0 attempt 0 sequence 3962 is stale
[2026-09-30T16:55:26Z WARN sail_execution::driver::actor::handler] job 1036 stage 1 partition 3 attempt 0 sequence 5445 is stale
[2026-09-30T16:55:31Z WARN sail_execution::driver::actor::handler] job 1159 stage 2 partition 3 attempt 0 sequence 4264 is stale
[2026-09-30T16:55:31Z WARN sail_execution::driver::actor::handler] job 1159 stage 1 partition 0 attempt 0 sequence 4259 is stale
[2026-09-30T16:55:31Z WARN sail_execution::driver::actor::handler] job 1159 stage 2 partition 1 attempt 0 sequence 4262 is stale
[2026-09-30T16:55:32Z WARN sail_execution::driver::actor::handler] job 1188 stage 1 partition 3 attempt 0 sequence 6204 is stale
[2026-09-30T16:55:34Z WARN sail_execution::driver::actor::handler] job 1257 stage 1 partition 2 attempt 0 sequence 6554 is stale
[2026-09-30T16:55:35Z WARN sail_execution::driver::actor::handler] job 1277 stage 1 partition 1 attempt 0 sequence 6617 is stale
[2026-09-30T16:55:35Z WARN sail_execution::driver::actor::handler] job 1277 stage 1 partition 3 attempt 0 sequence 6616 is stale
[2026-09-30T16:55:36Z WARN sail_execution::driver::actor::handler] job 1320 stage 0 partition 0 attempt 0 sequence 6831 is stale
[2026-09-30T16:55:36Z WARN sail_execution::driver::actor::handler] job 1323 stage 1 partition 1 attempt 0 sequence 6845 is stale
[2026-09-30T16:55:37Z WARN sail_execution::driver::actor::handler] job 1330 stage 1 partition 1 attempt 0 sequence 6888 is stale
[2026-09-30T16:55:37Z WARN sail_execution::driver::actor::handler] job 1330 stage 1 partition 3 attempt 0 sequence 6887 is stale
[2026-09-30T16:55:37Z WARN sail_execution::driver::actor::handler] job 1340 stage 1 partition 1 attempt 0 sequence 6910 is stale
[2026-09-30T16:55:39Z WARN sail_execution::driver::actor::handler] job 1409 stage 1 partition 1 attempt 0 sequence 7272 is stale
[2026-09-30T16:55:39Z WARN sail_execution::driver::actor::handler] job 1410 stage 0 partition 0 attempt 0 sequence 7276 is stale
[2026-09-30T16:55:39Z WARN sail_execution::driver::actor::handler] job 1412 stage 0 partition 0 attempt 0 sequence 7300 is stale
[2026-09-30T16:55:39Z WARN sail_execution::driver::actor::handler] job 1412 stage 1 partition 1 attempt 0 sequence 7301 is stale
[2026-09-30T16:55:41Z WARN sail_execution::driver::actor::handler] job 1440 stage 1 partition 1 attempt 0 sequence 7461 is stale
[2026-09-30T16:55:41Z WARN sail_execution::driver::actor::handler] job 1443 stage 0 partition 0 attempt 0 sequence 7472 is stale
[2026-09-30T16:55:41Z WARN sail_execution::driver::actor::handler] job 1443 stage 1 partition 1 attempt 0 sequence 7474 is stale
[2026-09-30T16:55:42Z WARN sail_execution::driver::actor::handler] job 1478 stage 1 partition 1 attempt 0 sequence 7688 is stale
[2026-09-30T16:55:42Z WARN sail_execution::driver::actor::handler] job 1486 stage 1 partition 1 attempt 0 sequence 7735 is stale
[2026-09-30T16:55:43Z WARN sail_execution::driver::actor::handler] job 1501 stage 0 partition 0 attempt 0 sequence 7822 is stale
[2026-09-30T16:55:43Z WARN sail_execution::driver::actor::handler] job 1509 stage 1 partition 3 attempt 0 sequence 7872 is stale
[2026-09-30T16:55:45Z WARN sail_execution::driver::actor::handler] job 1554 stage 1 partition 3 attempt 0 sequence 8087 is stale
[2026-09-30T16:55:47Z WARN sail_execution::driver::actor::handler] job 1627 stage 1 partition 1 attempt 0 sequence 8470 is stale
[2026-09-30T16:55:48Z WARN sail_execution::driver::actor::handler] job 1666 stage 0 partition 0 attempt 0 sequence 8638 is stale
[2026-09-30T16:55:49Z WARN sail_execution::driver::actor::handler] job 1685 stage 1 partition 3 attempt 0 sequence 8765 is stale
[2026-09-30T16:55:49Z WARN sail_execution::driver::actor::handler] job 1685 stage 0 partition 0 attempt 0 sequence 8764 is stale
[2026-09-30T16:55:49Z WARN sail_execution::driver::actor::handler] job 1693 stage 0 partition 0 attempt 0 sequence 8815 is stale
[2026-09-30T16:55:50Z WARN sail_execution::driver::actor::handler] job 1702 stage 1 partition 3 attempt 0 sequence 8867 is stale
[2026-09-30T16:55:52Z WARN sail_execution::driver::actor::handler] job 1758 stage 1 partition 3 attempt 0 sequence 9149 is stale
[2026-09-30T16:55:53Z WARN sail_execution::driver::actor::handler] job 1813 stage 0 partition 0 attempt 0 sequence 9424 is stale
[2026-09-30T16:55:53Z WARN sail_execution::driver::actor::handler] job 1815 stage 1 partition 3 attempt 0 sequence 9433 is stale
[2026-09-30T16:55:53Z WARN sail_execution::driver::actor::handler] job 1815 stage 0 partition 0 attempt 0 sequence 9432 is stale
[2026-09-30T16:55:55Z WARN sail_execution::driver::actor::handler] job 1845 stage 0 partition 0 attempt 0 sequence 9630 is stale
[2026-09-30T16:55:55Z WARN sail_execution::driver::actor::handler] job 1846 stage 0 partition 0 attempt 0 sequence 9638 is stale
[2026-09-30T16:55:55Z WARN sail_execution::driver::actor::handler] job 1856 stage 1 partition 1 attempt 0 sequence 9688 is stale
[2026-09-30T16:55:55Z WARN sail_execution::driver::actor::handler] job 1857 stage 1 partition 1 attempt 0 sequence 9697 is stale
[2026-09-30T16:55:55Z WARN sail_execution::driver::actor::handler] job 1859 stage 1 partition 3 attempt 0 sequence 9720 is stale
[2026-09-30T16:55:57Z WARN sail_execution::driver::actor::handler] job 1904 stage 1 partition 3 attempt 0 sequence 10020 is stale
[2026-09-30T16:55:57Z WARN sail_execution::driver::actor::handler] job 1909 stage 0 partition 0 attempt 0 sequence 10058 is stale
[2026-09-30T16:55:57Z WARN sail_execution::driver::actor::handler] job 1914 stage 0 partition 0 attempt 0 sequence 10078 is stale
[2026-09-30T16:55:57Z WARN sail_execution::driver::actor::handler] job 1916 stage 1 partition 1 attempt 0 sequence 10085 is stale
[2026-09-30T16:55:57Z WARN sail_execution::driver::actor::handler] job 1919 stage 1 partition 1 attempt 0 sequence 10115 is stale
[2026-09-30T16:55:58Z WARN sail_execution::driver::actor::handler] job 1935 stage 1 partition 1 attempt 0 sequence 10241 is stale
[2026-09-30T16:55:58Z WARN sail_execution::driver::actor::handler] job 1938 stage 1 partition 1 attempt 0 sequence 10261 is stale
[2026-09-30T16:55:59Z WARN sail_execution::driver::actor::handler] job 1959 stage 1 partition 1 attempt 0 sequence 10458 is stale
[2026-09-30T16:55:59Z WARN sail_execution::driver::actor::handler] job 1970 stage 1 partition 1 attempt 0 sequence 10560 is stale
[2026-09-30T16:55:59Z WARN sail_execution::driver::actor::handler] job 1970 stage 4 partition 0 attempt 0 sequence 10563 is stale
[2026-09-30T16:55:59Z WARN sail_execution::driver::actor::handler] job 1970 stage 1 partition 3 attempt 0 sequence 10561 is stale
[2026-09-30T16:56:01Z WARN sail_execution::driver::actor::handler] job 2006 stage 1 partition 3 attempt 0 sequence 10744 is stale
[2026-09-30T16:56:01Z WARN sail_execution::driver::actor::handler] job 2009 stage 1 partition 3 attempt 0 sequence 10776 is stale
[2026-09-30T16:56:02Z WARN sail_execution::driver::actor::handler] job 2024 stage 0 partition 0 attempt 0 sequence 10918 is stale
[2026-09-30T16:56:02Z WARN sail_execution::driver::actor::handler] job 2026 stage 1 partition 1 attempt 0 sequence 10942 is stale
[2026-09-30T16:56:02Z WARN sail_execution::driver::actor::handler] job 2030 stage 1 partition 1 attempt 0 sequence 10966 is stale
[2026-09-30T16:56:02Z WARN sail_execution::driver::actor::handler] job 2032 stage 1 partition 1 attempt 0 sequence 10984 is stale
[2026-09-30T16:56:02Z WARN sail_execution::driver::actor::handler] job 2033 stage 0 partition 0 attempt 0 sequence 10998 is stale
[2026-09-30T16:56:02Z WARN sail_execution::driver::actor::handler] job 2041 stage 1 partition 3 attempt 0 sequence 11062 is stale
[2026-09-30T16:56:02Z WARN sail_execution::driver::actor::handler] job 2044 stage 1 partition 3 attempt 0 sequence 11101 is stale
[2026-09-30T16:56:02Z WARN sail_execution::driver::actor::handler] job 2044 stage 8 partition 0 attempt 0 sequence 7715 is stale
[2026-09-30T16:56:04Z WARN sail_execution::driver::actor::handler] job 2078 stage 1 partition 1 attempt 0 sequence 11264 is stale
[2026-09-30T16:56:04Z WARN sail_execution::driver::actor::handler] job 2080 stage 1 partition 3 attempt 0 sequence 11282 is stale
[2026-09-30T16:56:04Z WARN sail_execution::driver::actor::handler] job 2081 stage 1 partition 3 attempt 0 sequence 11297 is stale
[2026-09-30T16:56:04Z WARN sail_execution::driver::actor::handler] job 2091 stage 1 partition 1 attempt 0 sequence 11398 is stale
[2026-09-30T16:56:05Z WARN sail_execution::driver::actor::handler] job 2113 stage 1 partition 1 attempt 0 sequence 11586 is stale
[2026-09-30T16:56:05Z WARN sail_execution::driver::actor::handler] job 2115 stage 1 partition 1 attempt 0 sequence 11602 is stale
[2026-09-30T16:56:06Z WARN sail_execution::driver::actor::handler] job 2141 stage 1 partition 0 attempt 0 sequence 8146 is stale
[2026-09-30T16:56:06Z WARN sail_execution::driver::actor::handler] job 2148 stage 0 partition 0 attempt 0 sequence 11785 is stale
[2026-09-30T16:56:07Z WARN sail_execution::driver::actor::handler] job 2155 stage 1 partition 1 attempt 0 sequence 11841 is stale
[2026-09-30T16:56:07Z WARN sail_execution::driver::actor::handler] job 2155 stage 1 partition 3 attempt 0 sequence 11840 is stale
[2026-09-30T16:56:07Z WARN sail_execution::driver::actor::handler] job 2160 stage 1 partition 1 attempt 0 sequence 11882 is stale
[2026-09-30T16:56:07Z WARN sail_execution::driver::actor::handler] job 2165 stage 5 partition 0 attempt 0 sequence 11931 is stale
[2026-09-30T16:56:07Z WARN sail_execution::driver::actor::handler] job 2165 stage 1 partition 3 attempt 0 sequence 11939 is stale
[2026-09-30T16:56:08Z WARN sail_execution::driver::actor::handler] job 2174 stage 1 partition 1 attempt 0 sequence 12016 is stale
[2026-09-30T16:56:08Z WARN sail_execution::driver::actor::handler] job 2178 stage 1 partition 3 attempt 0 sequence 12043 is stale
[2026-09-30T16:56:08Z WARN sail_execution::driver::actor::handler] job 2178 stage 1 partition 1 attempt 0 sequence 12042 is stale
[2026-09-30T16:56:08Z WARN sail_execution::driver::actor::handler] job 2187 stage 1 partition 3 attempt 0 sequence 12123 is stale
[2026-09-30T16:56:08Z WARN sail_execution::driver::actor::handler] job 2190 stage 1 partition 3 attempt 0 sequence 12161 is stale
[2026-09-30T16:56:08Z WARN sail_execution::driver::actor::handler] job 2190 stage 1 partition 1 attempt 0 sequence 12164 is stale
[2026-09-30T16:56:09Z WARN sail_execution::driver::actor::handler] job 2192 stage 4 partition 0 attempt 0 sequence 12185 is stale
[2026-09-30T16:56:09Z WARN sail_execution::driver::actor::handler] job 2214 stage 1 partition 1 attempt 0 sequence 12264 is stale
[2026-09-30T16:56:11Z WARN sail_execution::driver::actor::handler] job 2275 stage 0 partition 0 attempt 0 sequence 12532 is stale
[2026-09-30T16:56:12Z WARN sail_execution::driver::actor::handler] job 2289 stage 1 partition 1 attempt 0 sequence 12630 is stale
[2026-09-30T16:56:14Z WARN sail_execution::driver::actor::handler] job 2333 stage 1 partition 1 attempt 0 sequence 12874 is stale
[2026-09-30T16:56:15Z WARN sail_execution::driver::actor::handler] job 2366 stage 1 partition 1 attempt 0 sequence 13125 is stale
[2026-09-30T16:56:15Z WARN sail_execution::driver::actor::handler] job 2366 stage 0 partition 0 attempt 0 sequence 13124 is stale
[2026-09-30T16:56:15Z WARN sail_execution::driver::actor::handler] job 2371 stage 1 partition 1 attempt 0 sequence 13163 is stale
[2026-09-30T16:56:16Z WARN sail_execution::driver::actor::handler] job 2398 stage 1 partition 3 attempt 0 sequence 13305 is stale
[2026-09-30T16:56:19Z WARN sail_execution::driver::actor::handler] job 2465 stage 1 partition 3 attempt 0 sequence 13675 is stale
[2026-09-30T16:56:19Z WARN sail_execution::driver::actor::handler] job 2478 stage 1 partition 3 attempt 0 sequence 13720 is stale
[2026-09-30T16:56:20Z WARN sail_execution::driver::actor::handler] job 2509 stage 0 partition 0 attempt 0 sequence 13902 is stale
[2026-09-30T16:56:20Z WARN sail_execution::driver::actor::handler] job 2514 stage 1 partition 1 attempt 0 sequence 13945 is stale
[2026-09-30T16:56:21Z WARN sail_execution::driver::actor::handler] job 2525 stage 1 partition 3 attempt 0 sequence 14030 is stale
[2026-09-30T16:56:21Z WARN sail_execution::driver::actor::handler] job 2525 stage 1 partition 1 attempt 0 sequence 14032 is stale
[2026-09-30T16:56:23Z WARN sail_execution::driver::actor::handler] job 2577 stage 1 partition 3 attempt 0 sequence 14273 is stale
[2026-09-30T16:56:24Z WARN sail_execution::driver::actor::handler] job 2607 stage 1 partition 3 attempt 0 sequence 14388 is stale
[2026-09-30T16:56:25Z WARN sail_execution::driver::actor::handler] job 2625 stage 1 partition 1 attempt 0 sequence 14530 is stale
[2026-09-30T16:56:25Z WARN sail_execution::driver::actor::handler] job 2625 stage 1 partition 3 attempt 0 sequence 14531 is stale
[2026-09-30T16:56:25Z WARN sail_execution::driver::actor::handler] job 2652 stage 1 partition 1 attempt 0 sequence 14660 is stale
[2026-09-30T16:56:26Z WARN sail_execution::driver::actor::handler] job 2661 stage 1 partition 1 attempt 0 sequence 14730 is stale
[2026-09-30T16:56:27Z WARN sail_execution::driver::actor::handler] job 2697 stage 1 partition 3 attempt 0 sequence 14912 is stale
[2026-09-30T16:56:28Z WARN sail_execution::driver::actor::handler] job 2719 stage 1 partition 1 attempt 0 sequence 15057 is stale
[2026-09-30T16:56:28Z WARN sail_execution::driver::actor::handler] job 2731 stage 1 partition 3 attempt 0 sequence 15119 is stale
[2026-09-30T16:56:28Z WARN sail_execution::driver::actor::handler] job 2736 stage 1 partition 3 attempt 0 sequence 15159 is stale
[2026-09-30T16:56:29Z WARN sail_execution::driver::actor::handler] job 2748 stage 0 partition 0 attempt 0 sequence 15224 is stale
[2026-09-30T16:56:30Z WARN sail_execution::driver::actor::handler] job 2770 stage 1 partition 1 attempt 0 sequence 15368 is stale
[2026-09-30T16:56:34Z WARN sail_execution::driver::actor::handler] job 2896 stage 0 partition 0 attempt 0 sequence 15960 is stale
[2026-09-30T16:56:34Z WARN sail_execution::driver::actor::handler] job 2896 stage 1 partition 2 attempt 0 sequence 11075 is stale
[2026-09-30T16:56:34Z WARN sail_execution::driver::actor::handler] job 2902 stage 2 partition 3 attempt 0 sequence 15998 is stale
[2026-09-30T16:56:35Z WARN sail_execution::driver::actor::handler] job 2909 stage 0 partition 0 attempt 0 sequence 16044 is stale
[2026-09-30T16:56:35Z WARN sail_execution::driver::actor::handler] job 2909 stage 0 partition 1 attempt 0 sequence 11136 is stale
[2026-09-30T16:56:35Z WARN sail_execution::driver::actor::handler] job 2909 stage 1 partition 2 attempt 0 sequence 16047 is stale
[2026-09-30T16:56:38Z WARN sail_execution::driver::actor::handler] job 2990 stage 0 partition 0 attempt 0 sequence 16380 is stale
[2026-09-30T16:56:40Z WARN sail_execution::driver::actor::handler] job 3050 stage 0 partition 0 attempt 0 sequence 16662 is stale
[2026-09-30T16:56:40Z WARN sail_execution::driver::actor::handler] job 3050 stage 1 partition 2 attempt 0 sequence 16664 is stale
[2026-09-30T16:56:40Z WARN sail_execution::driver::actor::handler] job 3053 stage 1 partition 1 attempt 0 sequence 16696 is stale
[2026-09-30T16:56:40Z WARN sail_execution::driver::actor::handler] job 3058 stage 1 partition 3 attempt 0 sequence 16728 is stale
[2026-09-30T16:56:40Z WARN sail_execution::driver::actor::handler] job 3058 stage 1 partition 1 attempt 0 sequence 16730 is stale
[2026-09-30T16:56:42Z WARN sail_execution::driver::actor::handler] job 3109 stage 0 partition 0 attempt 0 sequence 16948 is stale
[2026-09-30T16:56:44Z WARN sail_execution::driver::actor::handler] job 3169 stage 1 partition 1 attempt 0 sequence 17248 is stale
[2026-09-30T16:56:44Z WARN sail_execution::driver::actor::handler] job 3169 stage 0 partition 0 attempt 0 sequence 17244 is stale
[2026-09-30T16:56:45Z WARN sail_execution::driver::actor::handler] job 3175 stage 2 partition 1 attempt 0 sequence 17286 is stale
[2026-09-30T16:56:46Z WARN sail_execution::driver::actor::handler] job 3213 stage 0 partition 0 attempt 0 sequence 17446 is stale
[2026-09-30T16:56:46Z WARN sail_execution::driver::actor::handler] job 3216 stage 0 partition 0 attempt 0 sequence 17474 is stale
[2026-09-30T16:56:47Z WARN sail_execution::driver::actor::handler] job 3261 stage 0 partition 0 attempt 0 sequence 17680 is stale
[2026-09-30T16:56:48Z WARN sail_execution::driver::actor::handler] job 3275 stage 0 partition 0 attempt 0 sequence 17790 is stale
[2026-09-30T16:56:49Z WARN sail_execution::driver::actor::handler] job 3308 stage 1 partition 2 attempt 0 sequence 12308 is stale
[2026-09-30T16:56:49Z WARN sail_execution::driver::actor::handler] job 3310 stage 0 partition 0 attempt 0 sequence 17934 is stale
[2026-09-30T16:57:00Z WARN sail_execution::driver::actor::handler] job 3565 stage 3 partition 0 attempt 0 sequence 13221 is stale
[2026-09-30T16:57:02Z WARN sail_execution::driver::actor::handler] job 3628 stage 1 partition 0 attempt 0 sequence 13378 is stale
[2026-09-30T16:57:02Z WARN sail_execution::driver::actor::handler] job 3636 stage 1 partition 3 attempt 0 sequence 19548 is stale
[2026-09-30T16:57:02Z WARN sail_execution::driver::actor::handler] job 3638 stage 1 partition 3 attempt 0 sequence 19571 is stale
[2026-09-30T16:57:02Z WARN sail_execution::driver::actor::handler] job 3644 stage 2 partition 3 attempt 0 sequence 19613 is stale
[2026-09-30T16:57:04Z WARN sail_execution::driver::actor::handler] job 3671 stage 0 partition 1 attempt 0 sequence 13556 is stale
[2026-09-30T16:57:12Z WARN sail_execution::driver::actor::handler] job 3890 stage 1 partition 0 attempt 0 sequence 20776 is stale
[2026-09-30T16:57:12Z WARN sail_execution::driver::actor::handler] job 3897 stage 1 partition 3 attempt 0 sequence 20796 is stale
[2026-09-30T16:57:12Z WARN sail_execution::driver::actor::handler] job 3897 stage 0 partition 0 attempt 0 sequence 20798 is stale
[2026-09-30T16:57:12Z WARN sail_execution::driver::actor::handler] job 3918 stage 0 partition 0 attempt 0 sequence 20882 is stale
[2026-09-30T16:57:14Z WARN sail_execution::driver::actor::handler] job 3967 stage 1 partition 1 attempt 0 sequence 21076 is stale
[2026-09-30T16:57:14Z WARN sail_execution::driver::actor::handler] job 3974 stage 1 partition 0 attempt 0 sequence 21103 is stale
[2026-09-30T16:57:14Z WARN sail_execution::driver::actor::handler] job 3978 stage 1 partition 3 attempt 0 sequence 21117 is stale
[2026-09-30T16:57:15Z WARN sail_execution::driver::actor::handler] job 3994 stage 1 partition 1 attempt 0 sequence 21160 is stale
[2026-09-30T16:57:15Z WARN sail_execution::driver::actor::handler] job 3994 stage 1 partition 3 attempt 0 sequence 21161 is stale
[2026-09-30T16:57:15Z WARN sail_execution::driver::actor::handler] job 3995 stage 1 partition 3 attempt 0 sequence 21166 is stale
[2026-09-30T16:57:15Z WARN sail_execution::driver::actor::handler] job 4017 stage 1 partition 1 attempt 0 sequence 21255 is stale
[2026-09-30T16:57:16Z WARN sail_execution::driver::actor::handler] job 4042 stage 1 partition 1 attempt 0 sequence 21372 is stale
[2026-09-30T16:57:16Z WARN sail_execution::driver::actor::handler] job 4052 stage 1 partition 1 attempt 0 sequence 21445 is stale
[2026-09-30T16:57:17Z WARN sail_execution::driver::actor::handler] job 4076 stage 0 partition 0 attempt 0 sequence 21568 is stale
[2026-09-30T16:57:17Z WARN sail_execution::driver::actor::handler] job 4081 stage 1 partition 3 attempt 0 sequence 21601 is stale
[2026-09-30T16:57:18Z WARN sail_execution::driver::actor::handler] job 4105 stage 0 partition 0 attempt 0 sequence 21723 is stale
[2026-09-30T16:57:19Z WARN sail_execution::driver::actor::handler] job 4133 stage 2 partition 3 attempt 0 sequence 21900 is stale
[2026-09-30T16:57:19Z WARN sail_execution::driver::actor::handler] job 4133 stage 2 partition 1 attempt 0 sequence 21902 is stale
[2026-09-30T16:57:20Z WARN sail_execution::driver::actor::handler] job 4137 stage 0 partition 0 attempt 0 sequence 21936 is stale
[2026-09-30T16:57:20Z INFO sail_session::session_manager::actor::handler] removing session 26167f28-ad03-436e-ad0f-817fbdcc65b8
[2026-09-30T16:57:20Z INFO sail_execution::driver::worker_pool::core] stopping worker 1
[2026-09-30T16:57:20Z INFO sail_execution::driver::worker_pool::core] stopping worker 2
[2026-09-30T16:57:20Z WARN sail_common::actor] aborting 1 task(s) for TaskRunnerActor
[2026-09-30T16:57:20Z WARN sail_common::actor] aborting 1049 task(s) for TaskRunnerActor
[2026-09-30T16:57:20Z WARN sail_common::actor] aborting 891 task(s) for TaskRunnerActor
[2026-09-30T16:57:20Z INFO sail_execution::worker::actor::core] worker 1 server has stopped
[2026-09-30T16:57:20Z WARN sail_common::actor] aborting 1 task(s) for WorkerActor
[2026-09-30T16:57:20Z INFO sail_execution::worker::actor::core] worker 2 server has stopped
[2026-09-30T16:57:20Z WARN sail_common::actor] aborting 1 task(s) for WorkerActor
[2026-09-30T16:57:20Z INFO sail_execution::driver::actor::core] driver 2 has stopped
[2026-09-30T16:57:20Z WARN sail_common::actor] aborting 28565 task(s) for DriverActor
[2026-09-30T16:57:20Z INFO sail_cli::spark::server] Shutting down the Spark Connect server...
[2026-09-30T16:57:20Z INFO sail_session::session_manager::actor::core] driver server has stopped
[2026-09-30T16:57:20Z WARN sail_common::actor] aborting 17567 task(s) for SessionManagerActor
[2026-09-30T16:57:20Z INFO sail_cli::spark::server] The Spark Connect server has stopped.
