{
  "outcome": "PASS_INDEPENDENT_SIX_CELL_CLOSURE_AND_PHYSICAL_EVIDENCE_AUDIT",
  "receipt": {
    "bytes": 120916,
    "sha256": "7dbf812acf37220cf8c082bbfe5a05de9da21a82c57d8e521d7e343319c63d1e"
  },
  "ratios": {
    "adjacent_A_over_B": [
      1.6065298231332417,
      1.6843861611769229
    ],
    "geometric_mean_A_over_B": 1.644997447293959
  },
  "metrics": {
    "seconds": {
      "A": 18.317406316506094,
      "B": 11.133389833994443,
      "median_B_over_A": 0.6078038365050611,
      "adjacent_B_over_A": [
        0.6224596553394094,
        0.5936880883070631
      ]
    },
    "execution_pss_bytes": {
      "A": 1053545472.0,
      "B": 883833344.0,
      "median_B_over_A": 0.8389133335860419,
      "adjacent_B_over_A": [
        0.8267350275646189,
        0.8512777520417687
      ]
    },
    "execution_rss_bytes": {
      "A": 1198958592.0,
      "B": 1029695488.0,
      "median_B_over_A": 0.8588248959310181,
      "adjacent_B_over_A": [
        0.8466177918066727,
        0.8711928170316954
      ]
    },
    "cgroup_peak_through_execution_bytes": {
      "A": 1058639872.0,
      "B": 789608448.0,
      "median_B_over_A": 0.7458706864197913,
      "adjacent_B_over_A": [
        0.7110145966474993,
        0.7817656344487988
      ]
    },
    "cgroup_lifetime_peak_bytes": {
      "A": 1058639872.0,
      "B": 790745088.0,
      "median_B_over_A": 0.7469443659873789,
      "adjacent_B_over_A": [
        0.713130881747327,
        0.7817656344487988
      ]
    }
  },
  "host_deltas": {
    "Swapins": 21965,
    "Swapouts": 0,
    "Compressions": 50908,
    "Decompressions": 119580,
    "Pages occupied by compressor": 20761,
    "Pageins": 5826495,
    "Pageouts": 3012
  }
}
