
running 49 tests
test argentea::bfs::tests::bfs_request_and_wire_schema_are_strict ... ok
test argentea::bfs::tests::controls::dropped_bfs_statistics_stream_cancels_and_retained_integer_slice_remains_valid ... ok
test argentea::delta::tests::controls::abandoned_statistics_output_cancels_but_its_float_slice_stays_valid ... ok
test argentea::delta::tests::controls::producer_origin_and_late_publication_remain_pinned_to_the_job ... ok
test argentea::delta::tests::controls::late_or_missing_statistics_rows_fail_before_a_decision ... ok
test argentea::delta::tests::typed_statistics_reject_duplicate_missing_and_infinite_nonempty_fields ... ok
test argentea::bfs::tests::controls::close_interrupts_both_bfs_barriers_with_initialized_state ... ok
test argentea::receipt::tests::child_writes_complete_receipts ... ok
test argentea::delta::tests::v2_request_budget_and_statistics_channel_are_strict ... ok
test argentea::delta::tests::controls::close_interrupts_both_residual_barriers_with_initialized_state ... ok
test argentea::receipt::tests::one_complete_write_contains_prefix_json_and_newline ... ok
test argentea::resource_failure::tests::only_exact_local_memory_refusal_produces_causal_evidence ... ok
test argentea::sssp::tests::adversarial::weighted_request_and_wire_reject_nonfinite_or_ambiguous_values ... ok
test argentea::delta::tests::capped_result_and_quota_failure_never_return_rows ... ok
test argentea::bfs::tests::controls::late_missing_statistics_and_false_topology_totals_fail_before_publication ... ok
test argentea::delta::tests::controls::typed_cap_receipt_survives_guard_cancellation_and_never_labels_quota ... ok
test argentea::bfs::tests::controls::missing_candidates_with_rewritten_wire_completion_fail_before_publication ... ok
test argentea::sssp::tests::adversarial::invalid_weights_fail_before_partition_publication ... ok
test argentea::sssp::tests::resource_failure::post_init_claim_refusal_keeps_a_causal_record_after_unwind ... ok
test argentea::sssp::tests::sssp_request_rejects_unknown_fields_and_overflow_before_phase_arithmetic ... ok
test argentea::sssp::tests::statistics_require_all_fields_completion_and_stable_mode ... ok
test argentea::tests::controls::close_interrupts_pending_input_without_waiting_for_a_batch ... ok
test argentea::tests::controls::dropping_unfinished_output_cancels_but_keeps_emitted_arrays_valid ... ok
test argentea::tests::controls::incorrect_global_vertex_count_is_rejected_before_rank_publication ... ok
test argentea::tests::missing_producer_marker_fails_without_publishing_ranks ... ok
test argentea::tests::controls::schema_round_identity_and_nullability_are_checked_before_execution ... ok
test argentea::tests::output_array_slice_retains_admission_after_worker_close ... ok
test argentea::tests::protocol_rejects_changed_round_and_unknown_fields ... ok
test argentea::bfs::tests::controls::cap_receipts_are_typed_and_source_endpoint_quota_failures_are_distinct ... ok
test argentea::tests::scoped_configuration_replay_and_quota_are_fail_closed ... ok
test argentea::sssp::tests::one_round_cap_never_returns_partial_distances ... ok
test argentea::wcc::tests::resource_failure::post_init_claim_refusal_keeps_a_causal_record_after_unwind ... ok
test argentea::wcc::tests::statistics_require_all_fields_completion_and_stable_mode ... ok
test argentea::wcc::tests::wcc_request_rejects_unknown_fields_and_overflow_before_phase_arithmetic ... ok
test argentea::receipt::tests::eight_processes_append_only_whole_parseable_receipts ... ok
test argentea::tests::real_range_exchange_reuses_two_native_owners_across_four_rounds ... ok
test argentea::wcc::tests::star_three_round_cap_never_returns_partial_components ... ok
test tests::ffi_provider_round_trip_preserves_native_execution ... ok
test tests::rejects_wrong_verb_version_shape_and_algorithm_before_execution ... ok
test tests::empty_inputs_validate_schema_and_mapping_before_mutation ... ok
test tests::as_staged_order_skips_the_sort_and_is_only_a_stage_option ... ok
test tests::two_input_stage_reads_all_four_partitions_and_replays_receipt ... ok
test tests::dropped_blocked_stream_cancels_and_keeps_exported_batch_valid ... ok
test argentea::sssp::tests::signed_extremes_survive_sssp_wire_and_retained_result_slice ... ok
test argentea::wcc::tests::signed_extremes_survive_wcc_wire_and_retained_result_slice ... ok
test argentea::delta::tests::real_datafusion_ranges_run_signed_frontiers_certificates_and_done_with_empty_owners ... ok
test argentea::sssp::tests::sssp_exact_weighted_labels_through_range_exchanges ... ok
test argentea::wcc::tests::wcc_exact_components_through_range_exchanges ... ok
test argentea::bfs::tests::integer_bfs_variants_run_real_range_exchanges_with_nullable_results_and_empty_owners ... ok

test result: ok. 49 passed; 0 failed; 0 ignored; 0 measured; 0 filtered out; finished in 0.72s

