    Finished `release` profile [optimized] target(s) in 0.04s
     Running unittests src/lib.rs (/private/tmp/sail-owned-input-core-target/release/deps/sail_argentea_core-3fe467802488b452)
     Running tests/bfs.rs (/private/tmp/sail-owned-input-core-target/release/deps/bfs-c2ecdb1cc1bf8348)
     Running tests/bfs_completion.rs (/private/tmp/sail-owned-input-core-target/release/deps/bfs_completion-ea16fffc1b394a5d)
     Running tests/bfs_inbox.rs (/private/tmp/sail-owned-input-core-target/release/deps/bfs_inbox-aa8985b54d97fa2f)
     Running tests/bfs_protocol.rs (/private/tmp/sail-owned-input-core-target/release/deps/bfs_protocol-24ca0a24e3cf106b)
     Running tests/bfs_resources.rs (/private/tmp/sail-owned-input-core-target/release/deps/bfs_resources-64f88dc493746be4)
     Running tests/delta.rs (/private/tmp/sail-owned-input-core-target/release/deps/delta-7559cb3813100903)
     Running tests/delta_protocol.rs (/private/tmp/sail-owned-input-core-target/release/deps/delta_protocol-e44968a8044fc0a8)
     Running tests/initialization.rs (/private/tmp/sail-owned-input-core-target/release/deps/initialization-d6c642b30a03a492)
     Running tests/initialization_bfs.rs (/private/tmp/sail-owned-input-core-target/release/deps/initialization_bfs-3688ffb639a5cbfa)
     Running tests/pagerank.rs (/private/tmp/sail-owned-input-core-target/release/deps/pagerank-d30be550ad3010e1)
     Running tests/scheduler_probe.rs (/private/tmp/sail-owned-input-core-target/release/deps/scheduler_probe-d4cf885cc407f5d8)
     Running tests/sssp.rs (/private/tmp/sail-owned-input-core-target/release/deps/sssp-d0bda714129aa77d)
     Running tests/sssp_primitives.rs (/private/tmp/sail-owned-input-core-target/release/deps/sssp_primitives-e0049af1abce34fd)
     Running tests/wcc.rs (/private/tmp/sail-owned-input-core-target/release/deps/wcc-1b9aefe7f665f1e5)
     Running tests/wcc_inbox.rs (/private/tmp/sail-owned-input-core-target/release/deps/wcc_inbox-5f5242528f811366)
     Running tests/wcc_protocol.rs (/private/tmp/sail-owned-input-core-target/release/deps/wcc_protocol-0e77c0af2e977ac7)
     Running tests/wcc_resources.rs (/private/tmp/sail-owned-input-core-target/release/deps/wcc_resources-5513c839b9db7ea0)
   Doc-tests sail_argentea_core
