   Compiling proc-macro2 v1.0.107
   Compiling unicode-ident v1.0.24
   Compiling quote v1.0.47
   Compiling libc v0.2.189
    Checking cfg-if v1.0.4
   Compiling autocfg v1.5.1
   Compiling libm v0.2.16
   Compiling num-traits v0.2.19
    Checking memchr v2.8.3
   Compiling zerocopy v0.8.55
   Compiling getrandom v0.3.4
   Compiling syn v2.0.119
   Compiling syn v3.0.3
    Checking once_cell v1.21.4
    Checking itoa v1.0.18
   Compiling serde_core v1.0.229
    Checking bytes v1.12.1
   Compiling zmij v1.0.23
   Compiling serde_json v1.0.151
    Checking core-foundation-sys v0.8.7
    Checking iana-time-zone v0.1.65
    Checking num-integer v0.1.46
    Checking equivalent v1.0.2
    Checking foldhash v0.2.0
    Checking siphasher v1.0.3
   Compiling version_check v0.9.5
    Checking allocator-api2 v0.2.21
   Compiling ahash v0.8.12
    Checking hashbrown v0.17.1
    Checking phf_shared v0.12.1
    Checking num-bigint v0.5.1
    Checking chrono v0.4.45
   Compiling chrono-tz v0.10.4
    Checking arrow-schema v59.3.0
    Checking phf v0.12.1
   Compiling zerocopy-derive v0.8.55
    Checking num-complex v0.4.6
   Compiling synstructure v0.13.2
   Compiling find-msvc-tools v0.1.9
    Checking lexical-util v1.0.7
   Compiling jobserver v0.1.35
   Compiling shlex v2.0.1
   Compiling zerofrom-derive v0.1.7
   Compiling cc v1.4.0
   Compiling pkg-config v0.3.33
    Checking zerofrom v0.1.8
   Compiling zstd-sys v2.0.16+zstd.1.5.7
   Compiling yoke-derive v0.8.2
    Checking pin-project-lite v0.2.17
    Checking stable_deref_trait v1.2.1
    Checking yoke v0.8.3
    Checking lexical-write-integer v1.0.6
    Checking lexical-parse-integer v1.0.6
    Checking smallvec v1.16.1
   Compiling semver v1.0.28
    Checking half v2.7.1
   Compiling rustc_version v0.4.1
    Checking lexical-parse-float v1.0.6
    Checking arrow-buffer v59.3.0
    Checking lexical-write-float v1.0.6
   Compiling zerovec-derive v0.11.3
    Checking aho-corasick v1.1.5
    Checking arrow-data v59.3.0
    Checking ryu v1.0.23
    Checking arrow-array v59.3.0
    Checking unicode-segmentation v1.13.3
    Checking regex-syntax v0.8.11
    Checking unicode-width v0.2.2
   Compiling zstd-safe v7.2.4
    Checking bitflags v2.13.2
    Checking comfy-table v7.2.2
    Checking zerovec v0.11.6
    Checking regex-automata v0.4.18
    Checking arrow-select v59.3.0
    Checking lexical-core v1.0.6
   Compiling flatbuffers v25.12.19
   Compiling displaydoc v0.2.7
    Checking arrow-ord v59.3.0
    Checking atoi v2.0.0
   Compiling getrandom v0.4.3
    Checking base64 v0.23.1
    Checking regex v1.13.1
    Checking arrow-cast v59.3.0
    Checking indexmap v2.14.2
   Compiling tokio-macros v2.7.2
    Checking csv-core v0.1.13
    Checking twox-hash v2.1.4
   Compiling parking_lot_core v0.9.12
    Checking either v1.18.0
    Checking zstd v0.13.3
    Checking lz4_flex v0.14.0
    Checking csv v1.4.0
    Checking tokio v1.53.1
    Checking simdutf8 v0.1.5
    Checking scopeguard v1.2.0
    Checking arrow-ipc v59.3.0
    Checking lock_api v0.4.14
    Checking arrow-json v59.3.0
    Checking arrow-csv v59.3.0
    Checking arrow-string v59.3.0
    Checking tinystr v0.8.3
    Checking arrow-arith v59.3.0
    Checking arrow-row v59.3.0
    Checking writeable v0.6.3
    Checking litemap v0.8.2
    Checking icu_locale_core v2.2.0
    Checking uuid v1.26.1
    Checking arrow v59.3.0
    Checking itertools v0.15.0
    Checking zerotrie v0.2.4
    Checking potential_utf v0.1.5
   Compiling icu_normalizer_data v2.2.0
    Checking log v0.4.34
   Compiling icu_properties_data v2.2.0
    Checking utf8_iter v1.0.4
    Checking icu_collections v2.2.0
    Checking icu_provider v2.2.0
    Checking parking_lot v0.12.5
   Compiling pin-project-internal v1.1.13
    Checking futures-core v0.3.34
    Checking futures-sink v0.3.34
    Checking futures-channel v0.3.34
    Checking datafusion-common v55.1.0
    Checking icu_properties v2.2.0
    Checking icu_normalizer v2.2.0
   Compiling futures-macro v0.3.34
    Checking pin-project v1.1.13
    Checking futures-io v0.3.34
    Checking slab v0.4.12
    Checking futures-task v0.3.34
    Checking idna_adapter v1.2.2
   Compiling async-trait v0.1.92
    Checking futures-util v0.3.34
   Compiling crossbeam-utils v0.8.22
    Checking percent-encoding v2.3.2
   Compiling rustix v1.1.4
   Compiling thiserror v2.0.20
    Checking form_urlencoded v1.2.2
    Checking idna v1.1.0
    Checking ppv-lite86 v0.2.21
   Compiling tracing-attributes v0.1.31
    Checking datafusion-expr-common v55.1.0
   Compiling thiserror-impl v2.0.20
    Checking datafusion-physical-expr-common v55.1.0
    Checking rand_core v0.9.5
    Checking tracing-core v0.1.36
    Checking errno v0.3.14
    Checking same-file v1.0.6
    Checking foldhash v0.1.5
    Checking datafusion-functions-window-common v55.1.0
    Checking datafusion-functions-aggregate-common v55.1.0
    Checking datafusion-doc v55.1.0
    Checking hashbrown v0.15.5
    Checking tracing v0.1.44
    Checking walkdir v2.5.0
    Checking rand_chacha v0.9.0
    Checking datafusion-expr v55.1.0
    Checking futures-executor v0.3.34
    Checking url v2.5.8
    Checking itertools v0.14.0
    Checking http v1.5.0
    Checking fixedbitset v0.5.7
    Checking hashbrown v0.14.5
    Checking fastrand v2.5.0
    Checking humantime v2.4.0
    Checking tempfile v3.27.0
    Checking dashmap v6.2.1
    Checking petgraph v0.8.3
    Checking object_store v0.13.2
    Checking futures v0.3.34
    Checking rand v0.9.5
    Checking tokio-util v0.7.19
   Compiling datafusion-macros v55.1.0
    Checking datafusion-execution v55.1.0
    Checking datafusion-physical-expr v55.1.0
    Checking datafusion-functions-aggregate v55.1.0
    Checking current-struct-aggregate-allocation-probe v0.0.0 (/Volumes/Apo/graph-tests/workspaces/sem-completion-20261003/c4-allocation-source01/probe)
    Finished `dev` profile [unoptimized] target(s) in 35.97s
