   Compiling proc-macro2 v1.0.107
   Compiling unicode-ident v1.0.24
   Compiling quote v1.0.47
   Compiling libc v0.2.189
   Compiling cfg-if v1.0.4
   Compiling autocfg v1.5.1
   Compiling libm v0.2.16
   Compiling num-traits v0.2.19
   Compiling memchr v2.8.3
   Compiling zerocopy v0.8.55
   Compiling syn v2.0.119
   Compiling syn v3.0.3
   Compiling bytes v1.12.1
   Compiling itoa v1.0.18
   Compiling serde_core v1.0.229
   Compiling once_cell v1.21.4
   Compiling getrandom v0.3.4
   Compiling zmij v1.0.23
   Compiling core-foundation-sys v0.8.7
   Compiling serde_json v1.0.151
   Compiling iana-time-zone v0.1.65
   Compiling num-integer v0.1.46
   Compiling version_check v0.9.5
   Compiling siphasher v1.0.3
   Compiling allocator-api2 v0.2.21
   Compiling foldhash v0.2.0
   Compiling equivalent v1.0.2
   Compiling ahash v0.8.12
   Compiling hashbrown v0.17.1
   Compiling phf_shared v0.12.1
   Compiling num-bigint v0.5.1
   Compiling zerocopy-derive v0.8.55
   Compiling chrono v0.4.45
   Compiling chrono-tz v0.10.4
   Compiling arrow-schema v59.3.0
   Compiling phf v0.12.1
   Compiling num-complex v0.4.6
   Compiling synstructure v0.13.2
   Compiling jobserver v0.1.35
   Compiling find-msvc-tools v0.1.9
   Compiling lexical-util v1.0.7
   Compiling shlex v2.0.1
   Compiling zerofrom-derive v0.1.7
   Compiling half v2.7.1
   Compiling cc v1.4.0
   Compiling arrow-buffer v59.3.0
   Compiling pkg-config v0.3.33
   Compiling arrow-data v59.3.0
   Compiling zstd-sys v2.0.16+zstd.1.5.7
   Compiling zerofrom v0.1.8
   Compiling arrow-array v59.3.0
   Compiling yoke-derive v0.8.2
   Compiling stable_deref_trait v1.2.1
   Compiling pin-project-lite v0.2.17
   Compiling yoke v0.8.3
   Compiling lexical-parse-integer v1.0.6
   Compiling lexical-write-integer v1.0.6
   Compiling smallvec v1.16.1
   Compiling semver v1.0.28
   Compiling rustc_version v0.4.1
   Compiling lexical-write-float v1.0.6
   Compiling arrow-select v59.3.0
   Compiling lexical-parse-float v1.0.6
   Compiling zerovec-derive v0.11.3
   Compiling aho-corasick v1.1.5
   Compiling unicode-segmentation v1.13.3
   Compiling regex-syntax v0.8.11
   Compiling unicode-width v0.2.2
   Compiling ryu v1.0.23
   Compiling bitflags v2.13.2
   Compiling zstd-safe v7.2.4
   Compiling comfy-table v7.2.2
   Compiling regex-automata v0.4.18
   Compiling arrow-ord v59.3.0
   Compiling zerovec v0.11.6
   Compiling lexical-core v1.0.6
   Compiling flatbuffers v25.12.19
   Compiling displaydoc v0.2.7
   Compiling atoi v2.0.0
   Compiling getrandom v0.4.3
   Compiling base64 v0.23.1
   Compiling arrow-cast v59.3.0
   Compiling regex v1.13.1
   Compiling indexmap v2.14.2
   Compiling tokio-macros v2.7.2
   Compiling csv-core v0.1.13
   Compiling parking_lot_core v0.9.12
   Compiling twox-hash v2.1.4
   Compiling either v1.18.0
   Compiling lz4_flex v0.14.0
   Compiling csv v1.4.0
   Compiling tokio v1.53.1
   Compiling zstd v0.13.3
   Compiling simdutf8 v0.1.5
   Compiling scopeguard v1.2.0
   Compiling lock_api v0.4.14
   Compiling arrow-json v59.3.0
   Compiling arrow-ipc v59.3.0
   Compiling arrow-csv v59.3.0
   Compiling arrow-string v59.3.0
   Compiling tinystr v0.8.3
   Compiling arrow-row v59.3.0
   Compiling arrow-arith v59.3.0
   Compiling litemap v0.8.2
   Compiling writeable v0.6.3
   Compiling icu_locale_core v2.2.0
   Compiling arrow v59.3.0
   Compiling uuid v1.26.1
   Compiling itertools v0.15.0
   Compiling zerotrie v0.2.4
   Compiling potential_utf v0.1.5
   Compiling log v0.4.34
   Compiling icu_properties_data v2.2.0
   Compiling icu_normalizer_data v2.2.0
   Compiling utf8_iter v1.0.4
   Compiling icu_collections v2.2.0
   Compiling datafusion-common v55.1.0
   Compiling icu_provider v2.2.0
   Compiling parking_lot v0.12.5
   Compiling pin-project-internal v1.1.13
   Compiling futures-sink v0.3.34
   Compiling futures-core v0.3.34
   Compiling pin-project v1.1.13
   Compiling icu_normalizer v2.2.0
   Compiling icu_properties v2.2.0
   Compiling datafusion-expr-common v55.1.0
   Compiling datafusion-physical-expr-common v55.1.0
   Compiling futures-channel v0.3.34
   Compiling futures-macro v0.3.34
   Compiling futures-io v0.3.34
   Compiling futures-task v0.3.34
   Compiling slab v0.4.12
   Compiling futures-util v0.3.34
   Compiling idna_adapter v1.2.2
   Compiling async-trait v0.1.92
   Compiling crossbeam-utils v0.8.22
   Compiling thiserror v2.0.20
   Compiling percent-encoding v2.3.2
   Compiling rustix v1.1.4
   Compiling form_urlencoded v1.2.2
   Compiling idna v1.1.0
   Compiling datafusion-functions-aggregate-common v55.1.0
   Compiling datafusion-functions-window-common v55.1.0
   Compiling ppv-lite86 v0.2.21
   Compiling tracing-attributes v0.1.31
   Compiling thiserror-impl v2.0.20
   Compiling rand_core v0.9.5
   Compiling tracing-core v0.1.36
   Compiling errno v0.3.14
   Compiling same-file v1.0.6
   Compiling datafusion-doc v55.1.0
   Compiling foldhash v0.1.5
   Compiling hashbrown v0.15.5
   Compiling datafusion-expr v55.1.0
   Compiling walkdir v2.5.0
   Compiling tracing v0.1.44
   Compiling rand_chacha v0.9.0
   Compiling url v2.5.8
   Compiling futures-executor v0.3.34
   Compiling itertools v0.14.0
   Compiling http v1.5.0
   Compiling fastrand v2.5.0
   Compiling fixedbitset v0.5.7
   Compiling humantime v2.4.0
   Compiling hashbrown v0.14.5
   Compiling object_store v0.13.2
   Compiling dashmap v6.2.1
   Compiling petgraph v0.8.3
   Compiling tempfile v3.27.0
   Compiling futures v0.3.34
   Compiling rand v0.9.5
   Compiling tokio-util v0.7.19
   Compiling datafusion-macros v55.1.0
   Compiling datafusion-execution v55.1.0
   Compiling datafusion-physical-expr v55.1.0
   Compiling datafusion-functions-aggregate v55.1.0
   Compiling current-struct-aggregate-allocation-probe v0.0.0 (/Volumes/Apo/graph-tests/workspaces/sem-completion-20261003/c4-allocation-source01/probe)
    Finished `release` profile [optimized] target(s) in 5m 18s
