All checks passed!
6 files already formatted
Success: no issues found in 6 source files
Filesystem     Size    Used   Avail Capacity iused ifree %iused  Mounted on
/dev/disk26   5.5Ti   124Gi   5.3Ti     3%    687k  4.3G    0%   /Volumes/Apo
   Compiling proc-macro2 v1.0.107
   Compiling quote v1.0.47
   Compiling unicode-ident v1.0.26
   Compiling serde_core v1.0.229
   Compiling serde v1.0.229
   Compiling zmij v1.0.23
   Compiling libc v0.2.190
    Checking memchr v2.8.3
    Checking hashbrown v0.17.1
   Compiling thiserror v2.0.21
    Checking equivalent v1.0.2
   Compiling serde_json v1.0.151
    Checking itoa v1.0.18
    Checking unsafe-libyaml v0.2.11
    Checking ryu v1.0.23
   Compiling getrandom v0.4.3
    Checking cfg-if v1.0.5
    Checking indexmap v2.14.2
   Compiling syn v3.0.6
    Checking uuid v1.27.0
   Compiling serde_derive v1.0.229
   Compiling thiserror-impl v2.0.21
   Compiling async-trait v0.1.92
    Checking grust-lpg v0.2.0-draft (/Volumes/Apo/graph-tests/workspaces/grust-v2-wave3-20261007/semantics-gate01/docs/reviews/grust-v2/wave-2/sketch/lpg)
    Checking serde_yaml v0.9.34+deprecated
    Checking quick-xml v0.40.1
    Checking grust-functions v0.2.0-draft (/Volumes/Apo/graph-tests/workspaces/grust-v2-wave3-20261007/semantics-gate01/docs/reviews/grust-v2/wave-2/sketch/functions)
    Checking grust-unresolved-plan v0.2.0-draft (/Volumes/Apo/graph-tests/workspaces/grust-v2-wave3-20261007/semantics-gate01/docs/reviews/grust-v2/wave-2/sketch/unresolved-plan)
    Checking grust-resolved-plan v0.3.0-draft (/Volumes/Apo/graph-tests/workspaces/grust-v2-wave3-20261007/semantics-gate01/docs/reviews/grust-v2/wave-3/sketch/resolved-plan)
    Checking grust-syntax v0.2.0-draft (/Volumes/Apo/graph-tests/workspaces/grust-v2-wave3-20261007/semantics-gate01/docs/reviews/grust-v2/wave-2/sketch/syntax)
    Checking grust-programmatic v0.2.0-draft (/Volumes/Apo/graph-tests/workspaces/grust-v2-wave3-20261007/semantics-gate01/docs/reviews/grust-v2/wave-2/sketch/programmatic)
    Checking grust-optimized-plan v0.3.0-draft (/Volumes/Apo/graph-tests/workspaces/grust-v2-wave3-20261007/semantics-gate01/docs/reviews/grust-v2/wave-3/sketch/optimized-plan)
    Checking grust-resolution v0.3.0-draft (/Volumes/Apo/graph-tests/workspaces/grust-v2-wave3-20261007/semantics-gate01/docs/reviews/grust-v2/wave-3/sketch/resolution)
    Checking grust-backend v0.3.0-draft (/Volumes/Apo/graph-tests/workspaces/grust-v2-wave3-20261007/semantics-gate01/docs/reviews/grust-v2/wave-3/sketch/backend)
    Checking grust-optimizer v0.3.0-draft (/Volumes/Apo/graph-tests/workspaces/grust-v2-wave3-20261007/semantics-gate01/docs/reviews/grust-v2/wave-3/sketch/optimizer)
    Checking grust-core v0.23.0 (/Volumes/Apo/graph-tests/workspaces/grust-v2-wave3-20261007/semantics-gate01/crates/grust-core)
    Checking grust-procedures v0.23.0 (/Volumes/Apo/graph-tests/workspaces/grust-v2-wave3-20261007/semantics-gate01/crates/grust-procedures)
    Checking grust-cypher v0.23.0 (/Volumes/Apo/graph-tests/workspaces/grust-v2-wave3-20261007/semantics-gate01/crates/grust-cypher)
    Checking grust-cypher-frontend v0.3.0-draft (/Volumes/Apo/graph-tests/workspaces/grust-v2-wave3-20261007/semantics-gate01/docs/reviews/grust-v2/wave-3/sketch/cypher-frontend)
    Checking grust-query-qualification v0.3.0-draft (/Volumes/Apo/graph-tests/workspaces/grust-v2-wave3-20261007/semantics-gate01/docs/reviews/grust-v2/wave-3/sketch/query-tests)
    Finished `dev` profile [unoptimized] target(s) in 17.30s
   Compiling itoa v1.0.18
   Compiling equivalent v1.0.2
   Compiling hashbrown v0.17.1
   Compiling memchr v2.8.3
   Compiling ryu v1.0.23
   Compiling unsafe-libyaml v0.2.11
   Compiling cfg-if v1.0.5
   Compiling serde_core v1.0.229
   Compiling zmij v1.0.23
   Compiling libc v0.2.190
   Compiling thiserror v2.0.21
   Compiling indexmap v2.14.2
   Compiling getrandom v0.4.3
   Compiling uuid v1.27.0
   Compiling serde v1.0.229
   Compiling serde_json v1.0.151
   Compiling grust-lpg v0.2.0-draft (/Volumes/Apo/graph-tests/workspaces/grust-v2-wave3-20261007/semantics-gate01/docs/reviews/grust-v2/wave-2/sketch/lpg)
   Compiling serde_yaml v0.9.34+deprecated
   Compiling quick-xml v0.40.1
   Compiling grust-functions v0.2.0-draft (/Volumes/Apo/graph-tests/workspaces/grust-v2-wave3-20261007/semantics-gate01/docs/reviews/grust-v2/wave-2/sketch/functions)
   Compiling grust-unresolved-plan v0.2.0-draft (/Volumes/Apo/graph-tests/workspaces/grust-v2-wave3-20261007/semantics-gate01/docs/reviews/grust-v2/wave-2/sketch/unresolved-plan)
   Compiling grust-resolved-plan v0.3.0-draft (/Volumes/Apo/graph-tests/workspaces/grust-v2-wave3-20261007/semantics-gate01/docs/reviews/grust-v2/wave-3/sketch/resolved-plan)
   Compiling grust-syntax v0.2.0-draft (/Volumes/Apo/graph-tests/workspaces/grust-v2-wave3-20261007/semantics-gate01/docs/reviews/grust-v2/wave-2/sketch/syntax)
   Compiling grust-programmatic v0.2.0-draft (/Volumes/Apo/graph-tests/workspaces/grust-v2-wave3-20261007/semantics-gate01/docs/reviews/grust-v2/wave-2/sketch/programmatic)
   Compiling grust-optimized-plan v0.3.0-draft (/Volumes/Apo/graph-tests/workspaces/grust-v2-wave3-20261007/semantics-gate01/docs/reviews/grust-v2/wave-3/sketch/optimized-plan)
   Compiling grust-resolution v0.3.0-draft (/Volumes/Apo/graph-tests/workspaces/grust-v2-wave3-20261007/semantics-gate01/docs/reviews/grust-v2/wave-3/sketch/resolution)
   Compiling grust-optimizer v0.3.0-draft (/Volumes/Apo/graph-tests/workspaces/grust-v2-wave3-20261007/semantics-gate01/docs/reviews/grust-v2/wave-3/sketch/optimizer)
   Compiling grust-backend v0.3.0-draft (/Volumes/Apo/graph-tests/workspaces/grust-v2-wave3-20261007/semantics-gate01/docs/reviews/grust-v2/wave-3/sketch/backend)
   Compiling grust-core v0.23.0 (/Volumes/Apo/graph-tests/workspaces/grust-v2-wave3-20261007/semantics-gate01/crates/grust-core)
   Compiling grust-procedures v0.23.0 (/Volumes/Apo/graph-tests/workspaces/grust-v2-wave3-20261007/semantics-gate01/crates/grust-procedures)
   Compiling grust-cypher v0.23.0 (/Volumes/Apo/graph-tests/workspaces/grust-v2-wave3-20261007/semantics-gate01/crates/grust-cypher)
   Compiling grust-cypher-frontend v0.3.0-draft (/Volumes/Apo/graph-tests/workspaces/grust-v2-wave3-20261007/semantics-gate01/docs/reviews/grust-v2/wave-3/sketch/cypher-frontend)
   Compiling grust-query-qualification v0.3.0-draft (/Volumes/Apo/graph-tests/workspaces/grust-v2-wave3-20261007/semantics-gate01/docs/reviews/grust-v2/wave-3/sketch/query-tests)
    Finished `test` profile [unoptimized] target(s) in 15.93s
     Running unittests src/lib.rs (/Volumes/Apo/graph-tests/workspaces/grust-v2-wave3-20261007/semantics-gate-target01/debug/deps/grust_backend-a4c6cda4a9de3ca6)

running 3 tests
test tests::unknown_storage_is_not_a_logical_group_name ... ok
test tests::graph_operator_is_refused_without_fallback ... ok
test tests::dialect_quotes_identifiers_without_splitting_components ... ok

test result: ok. 3 passed; 0 failed; 0 ignored; 0 measured; 0 filtered out; finished in 0.00s

     Running unittests src/lib.rs (/Volumes/Apo/graph-tests/workspaces/grust-v2-wave3-20261007/semantics-gate-target01/debug/deps/grust_cypher_frontend-34569ba1b31921aa)

running 5 tests
test tests::syntax_offsets_are_original_utf8_bytes ... ok
test tests::optional_where_stays_inside_match ... ok
test tests::cypher_path_is_trail_and_star_one_is_materialized ... ok
test tests::mixed_unions_remain_left_associative ... ok
test tests::refuse_incomplete_and_unfaithful_queries ... ok

test result: ok. 5 passed; 0 failed; 0 ignored; 0 measured; 0 filtered out; finished in 0.00s

     Running unittests src/lib.rs (/Volumes/Apo/graph-tests/workspaces/grust-v2-wave3-20261007/semantics-gate-target01/debug/deps/grust_optimized_plan-0571c649d0ecdd79)

running 0 tests

test result: ok. 0 passed; 0 failed; 0 ignored; 0 measured; 0 filtered out; finished in 0.00s

     Running unittests src/lib.rs (/Volumes/Apo/graph-tests/workspaces/grust-v2-wave3-20261007/semantics-gate-target01/debug/deps/grust_optimizer-d13004089edf5bbb)

running 7 tests
test tests::unknown_is_not_zero_and_ties_are_stable ... ok
test query::tests::missing_statistics_keeps_exact_tree ... ok
test tests::baseline_preserves_plan_and_explain_names_schema_paths ... ok
test query::tests::optional_join_boundary_is_preserved ... ok
test query::tests::volatile_join_condition_is_never_reordered ... ok
test query::tests::unknown_rows_and_bounded_search_preserve_tree ... ok
test query::tests::costs_choose_smaller_intermediate_and_preserve_output_slots ... ok

test result: ok. 7 passed; 0 failed; 0 ignored; 0 measured; 0 filtered out; finished in 0.00s

     Running unittests src/lib.rs (/Volumes/Apo/graph-tests/workspaces/grust-v2-wave3-20261007/semantics-gate-target01/debug/deps/grust_query_qualification-e6a351df2586f74d)

running 21 tests
test cypher_cases::tests::scalar_aggregate_name_collision_is_a_frontend_refusal ... ok
test provider_tests::provider_cycles_and_path_capabilities_are_explicit ... ok
test cypher_cases::tests::aggregate_calls_use_registered_contracts ... ok
test tests::ambiguous_generic_overloads_refuse ... ok
test provider_tests::registered_relation_lowering_is_resolved_again ... ok
test tests::numeric_generic_overloads_are_resolved_without_casts ... ok
test provider_tests::bound_and_binding_admission_controls ... ok
test tests::unsupported_paths_unknown_graphs_and_labels_refuse ... ok
test tests::inherited_property_conflicts_refuse ... ok
test tests::parameter_literal_cannot_lie_about_its_type_or_nullability ... ok
test tests::unsupported_plugin_does_not_execute_under_another_provider ... ok
test tests::union_types_aliases_and_cap_domains_refuse ... ok
test tests::parameter_value_mismatch_and_nonfinite_literals_refuse ... ok
test tests::property_scope_and_predicate_types_are_checked ... ok
test tests::aggregation_scope_and_nesting_are_checked ... ok
test provider_tests::iterative_correlations_and_volatile_predicates_refuse ... ok
test cypher_refusals::tests::all_refusals_stop_before_engine_execution ... ok
test cypher_cases::tests::source_queries_resolve_before_execution ... ok
test provider_tests::iterative_plans_require_the_program_adapter ... ok
test tests::every_result_fixture_resolves_and_emits ... ok
test semantics_tests::all_semantics_sources_resolve_with_typed_public_outputs ... ok

test result: ok. 21 passed; 0 failed; 0 ignored; 0 measured; 0 filtered out; finished in 0.03s

     Running unittests src/main.rs (/Volumes/Apo/graph-tests/workspaces/grust-v2-wave3-20261007/semantics-gate-target01/debug/deps/grust_query_qualification-47bb3b017a4495d8)

running 0 tests

test result: ok. 0 passed; 0 failed; 0 ignored; 0 measured; 0 filtered out; finished in 0.00s

     Running unittests src/bin/ldbc.rs (/Volumes/Apo/graph-tests/workspaces/grust-v2-wave3-20261007/semantics-gate-target01/debug/deps/ldbc-ce662d24f677dbcd)

running 0 tests

test result: ok. 0 passed; 0 failed; 0 ignored; 0 measured; 0 filtered out; finished in 0.00s

     Running unittests src/lib.rs (/Volumes/Apo/graph-tests/workspaces/grust-v2-wave3-20261007/semantics-gate-target01/debug/deps/grust_resolution-025a5ad91dc0899d)

running 4 tests
test tests::exact_binding_retains_provider_and_semantics ... ok
test tests::ambiguity_is_refused_even_in_replaceable_registry ... ok
test tests::no_cast_or_scalar_aggregate_confusion ... ok
test tests::schema_paths_respect_endpoints_direction_and_inherited_labels ... ok

test result: ok. 4 passed; 0 failed; 0 ignored; 0 measured; 0 filtered out; finished in 0.00s

     Running unittests src/lib.rs (/Volumes/Apo/graph-tests/workspaces/grust-v2-wave3-20261007/semantics-gate-target01/debug/deps/grust_resolved_plan-a10ee94ce593a435)

running 0 tests

test result: ok. 0 passed; 0 failed; 0 ignored; 0 measured; 0 filtered out; finished in 0.00s

    Finished `dev` profile [unoptimized] target(s) in 0.15s
    Finished `test` profile [unoptimized] target(s) in 0.15s
     Running unittests src/lib.rs (/Volumes/Apo/graph-tests/workspaces/grust-v2-wave3-20261007/semantics-gate-target01/debug/deps/grust_backend-a4c6cda4a9de3ca6)

running 3 tests
test tests::graph_operator_is_refused_without_fallback ... ok
test tests::dialect_quotes_identifiers_without_splitting_components ... ok
test tests::unknown_storage_is_not_a_logical_group_name ... ok

test result: ok. 3 passed; 0 failed; 0 ignored; 0 measured; 0 filtered out; finished in 0.00s

     Running unittests src/lib.rs (/Volumes/Apo/graph-tests/workspaces/grust-v2-wave3-20261007/semantics-gate-target01/debug/deps/grust_cypher_frontend-34569ba1b31921aa)

running 5 tests
test tests::syntax_offsets_are_original_utf8_bytes ... ok
test tests::mixed_unions_remain_left_associative ... ok
test tests::optional_where_stays_inside_match ... ok
test tests::cypher_path_is_trail_and_star_one_is_materialized ... ok
test tests::refuse_incomplete_and_unfaithful_queries ... ok

test result: ok. 5 passed; 0 failed; 0 ignored; 0 measured; 0 filtered out; finished in 0.00s

     Running unittests src/lib.rs (/Volumes/Apo/graph-tests/workspaces/grust-v2-wave3-20261007/semantics-gate-target01/debug/deps/grust_optimized_plan-0571c649d0ecdd79)

running 0 tests

test result: ok. 0 passed; 0 failed; 0 ignored; 0 measured; 0 filtered out; finished in 0.00s

     Running unittests src/lib.rs (/Volumes/Apo/graph-tests/workspaces/grust-v2-wave3-20261007/semantics-gate-target01/debug/deps/grust_optimizer-d13004089edf5bbb)

running 7 tests
test tests::unknown_is_not_zero_and_ties_are_stable ... ok
test tests::baseline_preserves_plan_and_explain_names_schema_paths ... ok
test query::tests::optional_join_boundary_is_preserved ... ok
test query::tests::missing_statistics_keeps_exact_tree ... ok
test query::tests::volatile_join_condition_is_never_reordered ... ok
test query::tests::unknown_rows_and_bounded_search_preserve_tree ... ok
test query::tests::costs_choose_smaller_intermediate_and_preserve_output_slots ... ok

test result: ok. 7 passed; 0 failed; 0 ignored; 0 measured; 0 filtered out; finished in 0.00s

     Running unittests src/lib.rs (/Volumes/Apo/graph-tests/workspaces/grust-v2-wave3-20261007/semantics-gate-target01/debug/deps/grust_query_qualification-e6a351df2586f74d)

running 21 tests
test provider_tests::provider_cycles_and_path_capabilities_are_explicit ... ok
test cypher_cases::tests::scalar_aggregate_name_collision_is_a_frontend_refusal ... ok
test cypher_cases::tests::aggregate_calls_use_registered_contracts ... ok
test provider_tests::bound_and_binding_admission_controls ... ok
test tests::ambiguous_generic_overloads_refuse ... ok
test tests::numeric_generic_overloads_are_resolved_without_casts ... ok
test provider_tests::registered_relation_lowering_is_resolved_again ... ok
test tests::inherited_property_conflicts_refuse ... ok
test tests::unsupported_paths_unknown_graphs_and_labels_refuse ... ok
test tests::parameter_literal_cannot_lie_about_its_type_or_nullability ... ok
test tests::parameter_value_mismatch_and_nonfinite_literals_refuse ... ok
test tests::unsupported_plugin_does_not_execute_under_another_provider ... ok
test tests::union_types_aliases_and_cap_domains_refuse ... ok
test tests::aggregation_scope_and_nesting_are_checked ... ok
test tests::property_scope_and_predicate_types_are_checked ... ok
test provider_tests::iterative_correlations_and_volatile_predicates_refuse ... ok
test cypher_refusals::tests::all_refusals_stop_before_engine_execution ... ok
test cypher_cases::tests::source_queries_resolve_before_execution ... ok
test provider_tests::iterative_plans_require_the_program_adapter ... ok
test tests::every_result_fixture_resolves_and_emits ... ok
test semantics_tests::all_semantics_sources_resolve_with_typed_public_outputs ... ok

test result: ok. 21 passed; 0 failed; 0 ignored; 0 measured; 0 filtered out; finished in 0.03s

     Running unittests src/main.rs (/Volumes/Apo/graph-tests/workspaces/grust-v2-wave3-20261007/semantics-gate-target01/debug/deps/grust_query_qualification-47bb3b017a4495d8)

running 0 tests

test result: ok. 0 passed; 0 failed; 0 ignored; 0 measured; 0 filtered out; finished in 0.00s

     Running unittests src/bin/ldbc.rs (/Volumes/Apo/graph-tests/workspaces/grust-v2-wave3-20261007/semantics-gate-target01/debug/deps/ldbc-ce662d24f677dbcd)

running 0 tests

test result: ok. 0 passed; 0 failed; 0 ignored; 0 measured; 0 filtered out; finished in 0.00s

     Running unittests src/lib.rs (/Volumes/Apo/graph-tests/workspaces/grust-v2-wave3-20261007/semantics-gate-target01/debug/deps/grust_resolution-025a5ad91dc0899d)

running 4 tests
test tests::exact_binding_retains_provider_and_semantics ... ok
test tests::ambiguity_is_refused_even_in_replaceable_registry ... ok
test tests::no_cast_or_scalar_aggregate_confusion ... ok
test tests::schema_paths_respect_endpoints_direction_and_inherited_labels ... ok

test result: ok. 4 passed; 0 failed; 0 ignored; 0 measured; 0 filtered out; finished in 0.00s

     Running unittests src/lib.rs (/Volumes/Apo/graph-tests/workspaces/grust-v2-wave3-20261007/semantics-gate-target01/debug/deps/grust_resolved_plan-a10ee94ce593a435)

running 0 tests

test result: ok. 0 passed; 0 failed; 0 ignored; 0 measured; 0 filtered out; finished in 0.00s

   Compiling proc-macro2 v1.0.107
   Compiling quote v1.0.47
   Compiling unicode-ident v1.0.26
   Compiling serde_core v1.0.229
   Compiling serde v1.0.229
   Compiling zmij v1.0.23
   Compiling libc v0.2.190
   Compiling hashbrown v0.17.1
   Compiling equivalent v1.0.2
   Compiling memchr v2.8.3
   Compiling itoa v1.0.18
   Compiling thiserror v2.0.21
   Compiling serde_json v1.0.151
   Compiling getrandom v0.4.3
   Compiling ryu v1.0.23
   Compiling unsafe-libyaml v0.2.11
   Compiling cfg-if v1.0.5
   Compiling indexmap v2.14.2
   Compiling syn v3.0.6
   Compiling uuid v1.27.0
   Compiling serde_derive v1.0.229
   Compiling thiserror-impl v2.0.21
   Compiling async-trait v0.1.92
   Compiling grust-lpg v0.2.0-draft (/Volumes/Apo/graph-tests/workspaces/grust-v2-wave3-20261007/semantics-gate01/docs/reviews/grust-v2/wave-2/sketch/lpg)
   Compiling quick-xml v0.40.1
   Compiling serde_yaml v0.9.34+deprecated
   Compiling grust-functions v0.2.0-draft (/Volumes/Apo/graph-tests/workspaces/grust-v2-wave3-20261007/semantics-gate01/docs/reviews/grust-v2/wave-2/sketch/functions)
   Compiling grust-unresolved-plan v0.2.0-draft (/Volumes/Apo/graph-tests/workspaces/grust-v2-wave3-20261007/semantics-gate01/docs/reviews/grust-v2/wave-2/sketch/unresolved-plan)
   Compiling grust-resolved-plan v0.3.0-draft (/Volumes/Apo/graph-tests/workspaces/grust-v2-wave3-20261007/semantics-gate01/docs/reviews/grust-v2/wave-3/sketch/resolved-plan)
   Compiling grust-syntax v0.2.0-draft (/Volumes/Apo/graph-tests/workspaces/grust-v2-wave3-20261007/semantics-gate01/docs/reviews/grust-v2/wave-2/sketch/syntax)
   Compiling grust-programmatic v0.2.0-draft (/Volumes/Apo/graph-tests/workspaces/grust-v2-wave3-20261007/semantics-gate01/docs/reviews/grust-v2/wave-2/sketch/programmatic)
   Compiling grust-optimized-plan v0.3.0-draft (/Volumes/Apo/graph-tests/workspaces/grust-v2-wave3-20261007/semantics-gate01/docs/reviews/grust-v2/wave-3/sketch/optimized-plan)
   Compiling grust-resolution v0.3.0-draft (/Volumes/Apo/graph-tests/workspaces/grust-v2-wave3-20261007/semantics-gate01/docs/reviews/grust-v2/wave-3/sketch/resolution)
   Compiling grust-backend v0.3.0-draft (/Volumes/Apo/graph-tests/workspaces/grust-v2-wave3-20261007/semantics-gate01/docs/reviews/grust-v2/wave-3/sketch/backend)
   Compiling grust-optimizer v0.3.0-draft (/Volumes/Apo/graph-tests/workspaces/grust-v2-wave3-20261007/semantics-gate01/docs/reviews/grust-v2/wave-3/sketch/optimizer)
   Compiling grust-core v0.23.0 (/Volumes/Apo/graph-tests/workspaces/grust-v2-wave3-20261007/semantics-gate01/crates/grust-core)
   Compiling grust-procedures v0.23.0 (/Volumes/Apo/graph-tests/workspaces/grust-v2-wave3-20261007/semantics-gate01/crates/grust-procedures)
   Compiling grust-cypher v0.23.0 (/Volumes/Apo/graph-tests/workspaces/grust-v2-wave3-20261007/semantics-gate01/crates/grust-cypher)
   Compiling grust-cypher-frontend v0.3.0-draft (/Volumes/Apo/graph-tests/workspaces/grust-v2-wave3-20261007/semantics-gate01/docs/reviews/grust-v2/wave-3/sketch/cypher-frontend)
   Compiling grust-query-qualification v0.3.0-draft (/Volumes/Apo/graph-tests/workspaces/grust-v2-wave3-20261007/semantics-gate01/docs/reviews/grust-v2/wave-3/sketch/query-tests)
    Finished `release` profile [optimized] target(s) in 32.81s
     Running unittests src/lib.rs (/Volumes/Apo/graph-tests/workspaces/grust-v2-wave3-20261007/semantics-gate-target01/release/deps/grust_backend-b1a0f6cb361180c9)

running 3 tests
test tests::dialect_quotes_identifiers_without_splitting_components ... ok
test tests::graph_operator_is_refused_without_fallback ... ok
test tests::unknown_storage_is_not_a_logical_group_name ... ok

test result: ok. 3 passed; 0 failed; 0 ignored; 0 measured; 0 filtered out; finished in 0.00s

     Running unittests src/lib.rs (/Volumes/Apo/graph-tests/workspaces/grust-v2-wave3-20261007/semantics-gate-target01/release/deps/grust_cypher_frontend-7e6e704ec8759bf9)

running 5 tests
test tests::syntax_offsets_are_original_utf8_bytes ... ok
test tests::optional_where_stays_inside_match ... ok
test tests::cypher_path_is_trail_and_star_one_is_materialized ... ok
test tests::mixed_unions_remain_left_associative ... ok
test tests::refuse_incomplete_and_unfaithful_queries ... ok

test result: ok. 5 passed; 0 failed; 0 ignored; 0 measured; 0 filtered out; finished in 0.00s

     Running unittests src/lib.rs (/Volumes/Apo/graph-tests/workspaces/grust-v2-wave3-20261007/semantics-gate-target01/release/deps/grust_optimized_plan-80d826ab39acc8b1)

running 0 tests

test result: ok. 0 passed; 0 failed; 0 ignored; 0 measured; 0 filtered out; finished in 0.00s

     Running unittests src/lib.rs (/Volumes/Apo/graph-tests/workspaces/grust-v2-wave3-20261007/semantics-gate-target01/release/deps/grust_optimizer-002172bcff419c13)

running 7 tests
test tests::unknown_is_not_zero_and_ties_are_stable ... ok
test query::tests::missing_statistics_keeps_exact_tree ... ok
test query::tests::optional_join_boundary_is_preserved ... ok
test tests::baseline_preserves_plan_and_explain_names_schema_paths ... ok
test query::tests::volatile_join_condition_is_never_reordered ... ok
test query::tests::unknown_rows_and_bounded_search_preserve_tree ... ok
test query::tests::costs_choose_smaller_intermediate_and_preserve_output_slots ... ok

test result: ok. 7 passed; 0 failed; 0 ignored; 0 measured; 0 filtered out; finished in 0.00s

     Running unittests src/lib.rs (/Volumes/Apo/graph-tests/workspaces/grust-v2-wave3-20261007/semantics-gate-target01/release/deps/grust_query_qualification-707d11d4e336b7a9)

running 21 tests
test cypher_cases::tests::scalar_aggregate_name_collision_is_a_frontend_refusal ... ok
test cypher_cases::tests::aggregate_calls_use_registered_contracts ... ok
test provider_tests::provider_cycles_and_path_capabilities_are_explicit ... ok
test provider_tests::bound_and_binding_admission_controls ... ok
test tests::ambiguous_generic_overloads_refuse ... ok
test provider_tests::registered_relation_lowering_is_resolved_again ... ok
test tests::inherited_property_conflicts_refuse ... ok
test tests::numeric_generic_overloads_are_resolved_without_casts ... ok
test tests::parameter_literal_cannot_lie_about_its_type_or_nullability ... ok
test tests::union_types_aliases_and_cap_domains_refuse ... ok
test tests::parameter_value_mismatch_and_nonfinite_literals_refuse ... ok
test tests::unsupported_plugin_does_not_execute_under_another_provider ... ok
test tests::aggregation_scope_and_nesting_are_checked ... ok
test tests::property_scope_and_predicate_types_are_checked ... ok
test tests::unsupported_paths_unknown_graphs_and_labels_refuse ... ok
test cypher_refusals::tests::all_refusals_stop_before_engine_execution ... ok
test provider_tests::iterative_correlations_and_volatile_predicates_refuse ... ok
test cypher_cases::tests::source_queries_resolve_before_execution ... ok
test provider_tests::iterative_plans_require_the_program_adapter ... ok
test tests::every_result_fixture_resolves_and_emits ... ok
test semantics_tests::all_semantics_sources_resolve_with_typed_public_outputs ... ok

test result: ok. 21 passed; 0 failed; 0 ignored; 0 measured; 0 filtered out; finished in 0.02s

     Running unittests src/main.rs (/Volumes/Apo/graph-tests/workspaces/grust-v2-wave3-20261007/semantics-gate-target01/release/deps/grust_query_qualification-cb0343d07712be03)

running 0 tests

test result: ok. 0 passed; 0 failed; 0 ignored; 0 measured; 0 filtered out; finished in 0.00s

     Running unittests src/bin/ldbc.rs (/Volumes/Apo/graph-tests/workspaces/grust-v2-wave3-20261007/semantics-gate-target01/release/deps/ldbc-56ce208749bf3eae)

running 0 tests

test result: ok. 0 passed; 0 failed; 0 ignored; 0 measured; 0 filtered out; finished in 0.00s

     Running unittests src/lib.rs (/Volumes/Apo/graph-tests/workspaces/grust-v2-wave3-20261007/semantics-gate-target01/release/deps/grust_resolution-f90491093efa130d)

running 4 tests
test tests::ambiguity_is_refused_even_in_replaceable_registry ... ok
test tests::schema_paths_respect_endpoints_direction_and_inherited_labels ... ok
test tests::no_cast_or_scalar_aggregate_confusion ... ok
test tests::exact_binding_retains_provider_and_semantics ... ok

test result: ok. 4 passed; 0 failed; 0 ignored; 0 measured; 0 filtered out; finished in 0.00s

     Running unittests src/lib.rs (/Volumes/Apo/graph-tests/workspaces/grust-v2-wave3-20261007/semantics-gate-target01/release/deps/grust_resolved_plan-81bd3267dadf1cf7)

running 0 tests

test result: ok. 0 passed; 0 failed; 0 ignored; 0 measured; 0 filtered out; finished in 0.00s

   Compiling grust-query-qualification v0.3.0-draft (/Volumes/Apo/graph-tests/workspaces/grust-v2-wave3-20261007/semantics-gate01/docs/reviews/grust-v2/wave-3/sketch/query-tests)
    Finished `release` profile [optimized] target(s) in 1.07s
     Running `/Volumes/Apo/graph-tests/workspaces/grust-v2-wave3-20261007/semantics-gate-target01/release/grust-query-qualification`
property_filter_parameter resolved passed
property_filter_parameter optimized passed
outgoing_parallel_edges resolved passed
outgoing_parallel_edges optimized passed
either_direction_selfloop_once resolved passed
either_direction_selfloop_once optimized passed
repeated_binding resolved passed
repeated_binding optimized passed
optional_match resolved passed
optional_match optimized passed
optional_predicate_in_on resolved passed
optional_predicate_in_on optimized passed
polymorphic_missing_property resolved passed
polymorphic_missing_property optimized passed
aggregate_distinct_filter resolved passed
aggregate_distinct_filter optimized passed
union_all resolved passed
union_all optimized passed
union_distinct resolved passed
union_distinct optimized passed
unwind_null_element resolved passed
unwind_null_element optimized passed
sort_offset_limit resolved passed
sort_offset_limit optimized passed
plugin_scalar_case resolved passed
plugin_scalar_case optimized passed
in_list resolved passed
in_list optimized passed
struct_literal_escaping resolved passed
struct_literal_escaping optimized passed
known_infeasible_pattern resolved passed
known_infeasible_pattern optimized passed
explicit_inner_join resolved passed
explicit_inner_join optimized passed
explicit_left_join resolved passed
explicit_left_join optimized passed
explicit_right_join resolved passed
explicit_right_join optimized passed
explicit_full_join resolved passed
explicit_full_join optimized passed
semi_join resolved passed
semi_join optimized passed
anti_join resolved passed
anti_join optimized passed
cross_join resolved passed
cross_join optimized passed
grouped_aggregate resolved passed
grouped_aggregate optimized passed
fixed_two_hop_walk resolved passed
fixed_two_hop_walk optimized passed
fixed_two_hop_trail resolved passed
fixed_two_hop_trail optimized passed
fixed_two_hop_acyclic resolved passed
fixed_two_hop_acyclic optimized passed
incoming_label_boolean resolved passed
incoming_label_boolean optimized passed
untyped_null_comparison resolved passed
untyped_null_comparison optimized passed
arithmetic_unary resolved passed
arithmetic_unary optimized passed
entity_projection_property_scope resolved passed
entity_projection_property_scope optimized passed
nullable_entity_projection resolved passed
nullable_entity_projection optimized passed
null_only_projection resolved passed
null_only_projection optimized passed
null_union_type_promotion resolved passed
null_union_type_promotion optimized passed
empty_unwind resolved passed
empty_unwind optimized passed
simple_closed_path_no_edge_reuse resolved passed
simple_closed_path_no_edge_reuse optimized passed
entity_materialization resolved passed
entity_materialization optimized passed
programmatic_api_to_sail resolved passed
programmatic_api_to_sail optimized passed
bounded_walk_bag resolved passed
bounded_walk_bag optimized passed
bounded_all_shortest_ties resolved passed
bounded_all_shortest_ties optimized passed
bounded_shortest_one resolved passed
bounded_shortest_one optimized passed
bounded_any_one resolved passed
bounded_any_one optimized passed
zero_hop_vertices_and_empty_edges resolved passed
zero_hop_vertices_and_empty_edges optimized passed
optional_shortest_path_null resolved passed
optional_shortest_path_null optimized passed
relation_provider_filtered_input resolved passed
relation_provider_filtered_input optimized passed
bounded_trail_excludes_reused_selfloop resolved passed
bounded_trail_excludes_reused_selfloop optimized passed
    Finished `release` profile [optimized] target(s) in 0.05s
     Running `/Volumes/Apo/graph-tests/workspaces/grust-v2-wave3-20261007/semantics-gate-target01/release/grust-query-qualification --iterative`
unbounded_shortest resolved passed
unbounded_shortest optimized passed
unbounded_all_shortest resolved passed
unbounded_all_shortest optimized passed
unbounded_eleven_hops resolved passed
unbounded_eleven_hops optimized passed
unbounded_acyclic_all resolved passed
unbounded_acyclic_all optimized passed
unbounded_trail_all resolved passed
unbounded_trail_all optimized passed
unbounded_simple_all resolved passed
unbounded_simple_all optimized passed
unbounded_min_two resolved passed
unbounded_min_two optimized passed
unbounded_zero_shortest resolved passed
unbounded_zero_shortest optimized passed
unbounded_incoming_shortest resolved passed
unbounded_incoming_shortest optimized passed
unbounded_optional resolved passed
unbounded_optional optimized passed
multiple_iterative_steps resolved passed
multiple_iterative_steps optimized passed
control row_limit passed
control disk_limit passed
control round_limit passed
control cancel_before_run passed
control cancel_after_frontier passed
control quoted_identifier_preserved passed
    Finished `release` profile [optimized] target(s) in 0.06s
     Running `/Volumes/Apo/graph-tests/workspaces/grust-v2-wave3-20261007/semantics-gate-target01/release/grust-query-qualification --cypher`
cypher_anonymous_scopes resolved passed
cypher_anonymous_scopes optimized passed
cypher_shortest resolved passed
cypher_shortest optimized passed
cypher_parameter resolved passed
cypher_parameter optimized passed
cypher_optional_on resolved passed
cypher_optional_on optimized passed
cypher_multiset resolved passed
cypher_multiset optimized passed
cypher_distinct resolved passed
cypher_distinct optimized passed
cypher_with resolved passed
cypher_with optimized passed
cypher_aggregate_order resolved passed
cypher_aggregate_order optimized passed
cypher_count_optional resolved passed
cypher_count_optional optimized passed
cypher_unwind resolved passed
cypher_unwind optimized passed
cypher_union resolved passed
cypher_union optimized passed
cypher_case resolved passed
cypher_case optimized passed
cypher_simple_case resolved passed
cypher_simple_case optimized passed
cypher_quoted resolved passed
cypher_quoted optimized passed
cypher_incoming resolved passed
cypher_incoming optimized passed
cypher_trail resolved passed
cypher_trail optimized passed
cypher_star resolved passed
cypher_star optimized passed
cypher_scalar resolved passed
cypher_scalar optimized passed
cypher_bounded resolved passed
cypher_bounded optimized passed
cypher_unbounded_chain resolved passed
cypher_unbounded_chain optimized passed
control row_limit passed
control disk_limit passed
control round_limit passed
control cancel_before_run passed
control cancel_after_frontier passed
control quoted_identifier_preserved passed
    Finished `release` profile [optimized] target(s) in 0.05s
     Running `/Volumes/Apo/graph-tests/workspaces/grust-v2-wave3-20261007/semantics-gate-target01/release/grust-query-qualification --semantics`
full_path_value resolved passed
full_path_value optimized passed
full_path_zero resolved passed
full_path_zero optimized passed
full_path_optional resolved passed
full_path_optional optimized passed
full_fixed_path_scalar_edge resolved passed
full_fixed_path_scalar_edge optimized passed
full_multi_fixed_path resolved passed
full_multi_fixed_path optimized passed
mixed_range_fixed_path resolved passed
mixed_range_fixed_path optimized passed
mixed_explicit_one_edge_list resolved passed
mixed_explicit_one_edge_list optimized passed
mixed_segment_unique resolved passed
mixed_segment_unique optimized passed
path_length resolved passed
path_length optimized passed
path_nodes_properties resolved passed
path_nodes_properties optimized passed
path_edge_list resolved passed
path_edge_list optimized passed
path_edge_properties resolved passed
path_edge_properties optimized passed
path_reverse_edges resolved passed
path_reverse_edges optimized passed
path_zero_hop_lists resolved passed
path_zero_hop_lists optimized passed
path_optional_null resolved passed
path_optional_null optimized passed
union_hidden_order_columns resolved passed
union_hidden_order_columns optimized passed
correlated_union_order_columns resolved passed
correlated_union_order_columns optimized passed
with_order_dropped_key resolved passed
with_order_dropped_key optimized passed
with_order_two_projections resolved passed
with_order_two_projections optimized passed
with_filter_before_limit resolved passed
with_filter_before_limit optimized passed
return_hidden_sort resolved passed
return_hidden_sort optimized passed
return_alias_expression_sort resolved passed
return_alias_expression_sort optimized passed
distinct_drops_prior_sort_key resolved passed
distinct_drops_prior_sort_key optimized passed
with_order_limit resolved passed
with_order_limit optimized passed
numeric_exact_large_integer resolved passed
numeric_exact_large_integer optimized passed
numeric_mixed_fraction resolved passed
numeric_mixed_fraction optimized passed
numeric_max_boundary resolved passed
numeric_max_boundary optimized passed
numeric_min_division resolved passed
numeric_min_division optimized passed
numeric_float_zero resolved passed
numeric_float_zero optimized passed
numeric_null_zero resolved passed
numeric_null_zero optimized passed
numeric_branch_not_evaluated resolved passed
numeric_branch_not_evaluated optimized passed
numeric_divide_zero_error resolved expected_error
numeric_divide_zero_error optimized expected_error
numeric_mixed_divide_zero_error resolved expected_error
numeric_mixed_divide_zero_error optimized expected_error
numeric_overflow_error resolved expected_error
numeric_overflow_error optimized expected_error
numeric_multiply_overflow_error resolved expected_error
numeric_multiply_overflow_error optimized expected_error
numeric_integer_division resolved passed
numeric_integer_division optimized passed
numeric_mixed resolved passed
numeric_mixed optimized passed
numeric_null resolved passed
numeric_null optimized passed
call_correlated_bag resolved passed
call_correlated_bag optimized passed
call_where_outer resolved passed
call_where_outer optimized passed
call_empty resolved passed
call_empty optimized passed
subquery_scalar_bag resolved passed
subquery_scalar_bag optimized passed
subquery_global_count resolved passed
subquery_global_count optimized passed
subquery_global_sum resolved passed
subquery_global_sum optimized passed
subquery_top_one resolved passed
subquery_top_one optimized passed
subquery_union_per_row resolved passed
subquery_union_per_row optimized passed
subquery_nested resolved passed
subquery_nested optimized passed
match_wide_unique resolved passed
match_wide_unique optimized passed
match_parallel_unique resolved passed
match_parallel_unique optimized passed
match_ranges_unique resolved passed
match_ranges_unique optimized passed
match_repeated_range_empty resolved passed
match_repeated_range_empty optimized passed
match_repeated_zero_range resolved passed
match_repeated_zero_range optimized passed
match_repeated_edge_empty resolved passed
match_repeated_edge_empty optimized passed
match_zero_edge_sets resolved passed
match_zero_edge_sets optimized passed
separate_match_can_reuse resolved passed
separate_match_can_reuse optimized passed
optional_comma_preserves_row resolved passed
optional_comma_preserves_row optimized passed
    Finished `release` profile [optimized] target(s) in 0.05s
     Running `/Volumes/Apo/graph-tests/workspaces/grust-v2-wave3-20261007/semantics-gate-target01/release/grust-query-qualification --cypher-refusals`
control managed_memory_pool passed
PASSED Cypher frontend source 6638d9b4b4094f28593439e26f94a75e70264c79: Rust default/all-features/release, native result bags and refusal controls
   Compiling grust-query-qualification v0.3.0-draft (/Volumes/Apo/graph-tests/workspaces/grust-v2-wave3-20261007/semantics-gate01/docs/reviews/grust-v2/wave-3/sketch/query-tests)
    Finished `release` profile [optimized] target(s) in 3.00s
     Running `/Volumes/Apo/graph-tests/workspaces/grust-v2-wave3-20261007/semantics-gate-target01/release/ldbc /Volumes/Apo/graph-tests/workspaces/grust-v2-wave3-20261007/semantics-gate-output02/snb-request.json`
ldbc_is1_8796093022220 resolved passed
ldbc_is1_8796093022220 optimized passed
ldbc_is1_8796093022220 resolved passed
ldbc_is1_8796093022220 optimized passed
ldbc_is1_8796093022220 optimized passed
ldbc_is1_8796093022220 resolved passed
ldbc_is1_8796093022220 resolved passed
ldbc_is1_8796093022220 optimized passed
ldbc_is1_8796093022220 optimized passed
ldbc_is1_8796093022220 resolved passed
ldbc_is1_-1 resolved passed
ldbc_is1_-1 optimized passed
ldbc_is1_-1 resolved passed
ldbc_is1_-1 optimized passed
ldbc_is1_-1 optimized passed
ldbc_is1_-1 resolved passed
ldbc_is1_-1 resolved passed
ldbc_is1_-1 optimized passed
ldbc_is1_-1 optimized passed
ldbc_is1_-1 resolved passed
ldbc_is3_8796093022220 resolved passed
ldbc_is3_8796093022220 optimized passed
ldbc_is3_8796093022220 resolved passed
ldbc_is3_8796093022220 optimized passed
ldbc_is3_8796093022220 optimized passed
ldbc_is3_8796093022220 resolved passed
ldbc_is3_8796093022220 resolved passed
ldbc_is3_8796093022220 optimized passed
ldbc_is3_8796093022220 optimized passed
ldbc_is3_8796093022220 resolved passed
ldbc_is3_-1 resolved passed
ldbc_is3_-1 optimized passed
ldbc_is3_-1 resolved passed
ldbc_is3_-1 optimized passed
ldbc_is3_-1 optimized passed
ldbc_is3_-1 resolved passed
ldbc_is3_-1 resolved passed
ldbc_is3_-1 optimized passed
ldbc_is3_-1 optimized passed
ldbc_is3_-1 resolved passed
ldbc_is4_343597383680 resolved passed
ldbc_is4_343597383680 optimized passed
ldbc_is4_343597383680 resolved passed
ldbc_is4_343597383680 optimized passed
ldbc_is4_343597383680 optimized passed
ldbc_is4_343597383680 resolved passed
ldbc_is4_343597383680 resolved passed
ldbc_is4_343597383680 optimized passed
ldbc_is4_343597383680 optimized passed
ldbc_is4_343597383680 resolved passed
ldbc_is4_206158430246 resolved passed
ldbc_is4_206158430246 optimized passed
ldbc_is4_206158430246 resolved passed
ldbc_is4_206158430246 optimized passed
ldbc_is4_206158430246 optimized passed
ldbc_is4_206158430246 resolved passed
ldbc_is4_206158430246 resolved passed
ldbc_is4_206158430246 optimized passed
ldbc_is4_206158430246 optimized passed
ldbc_is4_206158430246 resolved passed
ldbc_is4_-1 resolved passed
ldbc_is4_-1 optimized passed
ldbc_is4_-1 resolved passed
ldbc_is4_-1 optimized passed
ldbc_is4_-1 optimized passed
ldbc_is4_-1 resolved passed
ldbc_is4_-1 resolved passed
ldbc_is4_-1 optimized passed
ldbc_is4_-1 optimized passed
ldbc_is4_-1 resolved passed
ldbc_is5_343597383680 resolved passed
ldbc_is5_343597383680 optimized passed
ldbc_is5_343597383680 resolved passed
ldbc_is5_343597383680 optimized passed
ldbc_is5_343597383680 optimized passed
ldbc_is5_343597383680 resolved passed
ldbc_is5_343597383680 resolved passed
ldbc_is5_343597383680 optimized passed
ldbc_is5_343597383680 optimized passed
ldbc_is5_343597383680 resolved passed
ldbc_is5_206158430246 resolved passed
ldbc_is5_206158430246 optimized passed
ldbc_is5_206158430246 resolved passed
ldbc_is5_206158430246 optimized passed
ldbc_is5_206158430246 optimized passed
ldbc_is5_206158430246 resolved passed
ldbc_is5_206158430246 resolved passed
ldbc_is5_206158430246 optimized passed
ldbc_is5_206158430246 optimized passed
ldbc_is5_206158430246 resolved passed
ldbc_is5_-1 resolved passed
ldbc_is5_-1 optimized passed
ldbc_is5_-1 resolved passed
ldbc_is5_-1 optimized passed
ldbc_is5_-1 optimized passed
ldbc_is5_-1 resolved passed
ldbc_is5_-1 resolved passed
ldbc_is5_-1 optimized passed
ldbc_is5_-1 optimized passed
ldbc_is5_-1 resolved passed
ldbc_is6_343597383680 resolved passed
ldbc_is6_343597383680 optimized passed
ldbc_is6_343597383680 resolved passed
ldbc_is6_343597383680 optimized passed
ldbc_is6_343597383680 optimized passed
ldbc_is6_343597383680 resolved passed
ldbc_is6_343597383680 resolved passed
ldbc_is6_343597383680 optimized passed
ldbc_is6_343597383680 optimized passed
ldbc_is6_343597383680 resolved passed
ldbc_is6_206158430246 resolved passed
ldbc_is6_206158430246 optimized passed
ldbc_is6_206158430246 resolved passed
ldbc_is6_206158430246 optimized passed
ldbc_is6_206158430246 optimized passed
ldbc_is6_206158430246 resolved passed
ldbc_is6_206158430246 resolved passed
ldbc_is6_206158430246 optimized passed
ldbc_is6_206158430246 optimized passed
ldbc_is6_206158430246 resolved passed
ldbc_is6_-1 resolved passed
ldbc_is6_-1 optimized passed
ldbc_is6_-1 resolved passed
ldbc_is6_-1 optimized passed
ldbc_is6_-1 optimized passed
ldbc_is6_-1 resolved passed
ldbc_is6_-1 resolved passed
ldbc_is6_-1 optimized passed
ldbc_is6_-1 optimized passed
ldbc_is6_-1 resolved passed
control row_limit passed
control disk_limit passed
control round_limit passed
control cancel_before_run passed
control cancel_after_frontier passed
control quoted_identifier_preserved passed
PASSED Cypher semantics and LDBC source 6638d9b4b4094f28593439e26f94a75e70264c79: Rust default/all-features/release; native relational/iterative/frontend/semantics; exact SNB oracle and ABBA twice
