   Compiling sail-argentea-core v0.1.0 (/private/tmp/sail-rank-wcc-lifetime-baseline/examples/extensions/argentea)
    Finished `release` profile [optimized] target(s) in 0.26s
     Running tests/rank_wcc_lease.rs (/private/tmp/sail-rank-wcc-lifetime-target/core/release/deps/rank_wcc_lease-d144afec6fbb4cee)

running 3 tests
WCC_SUCCESSFUL_DROP algorithm=Reference bytes_at_lease_release=688 final_live_bytes=0

thread 'successful_wcc_reference_sole_owner_releases_storage_before_host_lease' (56206528) panicked at tests/rank_wcc_lease.rs:65:9:
assertion `left == right` failed
  left: 688
 right: 0
note: run with `RUST_BACKTRACE=1` environment variable to display a backtrace
test successful_pagerank_sole_owner_releases_storage_before_host_lease ... ok
test successful_wcc_reference_sole_owner_releases_storage_before_host_lease ... FAILED
WCC_SUCCESSFUL_DROP algorithm=StarContraction bytes_at_lease_release=688 final_live_bytes=0

thread 'successful_wcc_star_sole_owner_releases_storage_before_host_lease' (56206529) panicked at tests/rank_wcc_lease.rs:65:9:
assertion `left == right` failed
  left: 688
 right: 0
test successful_wcc_star_sole_owner_releases_storage_before_host_lease ... FAILED

failures:

failures:
    successful_wcc_reference_sole_owner_releases_storage_before_host_lease
    successful_wcc_star_sole_owner_releases_storage_before_host_lease

test result: FAILED. 1 passed; 2 failed; 0 ignored; 0 measured; 0 filtered out; finished in 0.01s

error: test failed, to rerun pass `--test rank_wcc_lease`
