   Compiling sail-argentea-core v0.1.0 (/private/tmp/sail-rank-wcc-lifetime-gate/examples/extensions/argentea)
    Finished `release` profile [optimized] target(s) in 2.11s
     Running tests/partition_lease.rs (/private/tmp/sail-rank-wcc-lifetime-target/core/release/deps/partition_lease-412a875dffdd793b)

running 3 tests
PARTITION_SUCCESSFUL_DROP kind=residual_pagerank admitted_at_lease_release=0 final_live_bytes=0
PARTITION_SUCCESSFUL_DROP kind=sssp admitted_at_lease_release=0 final_live_bytes=0
test residual_pagerank_successful_sole_owner_retains_host_lease_through_storage_drop ... ok
PARTITION_SUCCESSFUL_DROP kind=bfs admitted_at_lease_release=0 final_live_bytes=0
test sssp_successful_sole_owner_retains_host_lease_through_storage_drop ... ok
test bfs_successful_sole_owner_retains_host_lease_through_storage_drop ... ok

test result: ok. 3 passed; 0 failed; 0 ignored; 0 measured; 0 filtered out; finished in 0.00s

     Running tests/rank_wcc_initialization.rs (/private/tmp/sail-rank-wcc-lifetime-target/core/release/deps/rank_wcc_initialization-f73b80363039c36d)

running 3 tests
RANK_WCC_INPUT_LIFETIME n=1 degree=0 kind=PageRank release=false allocation_calls=10 allocated_bytes=368 peak_requested_bytes=288 retained_admitted_bytes=4256 peak_admitted_bytes=4264 work=2
RANK_WCC_INPUT_LIFETIME n=1 degree=0 kind=PageRank release=true allocation_calls=10 allocated_bytes=368 peak_requested_bytes=280 retained_admitted_bytes=4256 peak_admitted_bytes=4256 work=2
RANK_WCC_INPUT_LIFETIME n=1 degree=0 kind=Residual release=false allocation_calls=15 allocated_bytes=674 peak_requested_bytes=594 retained_admitted_bytes=4714 peak_admitted_bytes=4722 work=2
RANK_WCC_INPUT_LIFETIME n=1 degree=0 kind=Residual release=true allocation_calls=15 allocated_bytes=674 peak_requested_bytes=586 retained_admitted_bytes=4714 peak_admitted_bytes=4714 work=2
RANK_WCC_INPUT_LIFETIME n=1 degree=0 kind=Reference release=false allocation_calls=15 allocated_bytes=888 peak_requested_bytes=808 retained_admitted_bytes=5096 peak_admitted_bytes=5104 work=2
RANK_WCC_INPUT_LIFETIME n=1 degree=0 kind=Reference release=true allocation_calls=15 allocated_bytes=888 peak_requested_bytes=800 retained_admitted_bytes=5096 peak_admitted_bytes=5096 work=2
RANK_WCC_INPUT_LIFETIME n=1 degree=0 kind=Star release=false allocation_calls=15 allocated_bytes=888 peak_requested_bytes=808 retained_admitted_bytes=5096 peak_admitted_bytes=5104 work=2
RANK_WCC_INPUT_LIFETIME n=1 degree=0 kind=Star release=true allocation_calls=15 allocated_bytes=888 peak_requested_bytes=800 retained_admitted_bytes=5096 peak_admitted_bytes=5096 work=2
RANK_WCC_INPUT_LIFETIME n=1 degree=1 kind=PageRank release=false allocation_calls=12 allocated_bytes=392 peak_requested_bytes=312 retained_admitted_bytes=4264 peak_admitted_bytes=4288 work=4
RANK_WCC_INPUT_LIFETIME n=1 degree=1 kind=PageRank release=true allocation_calls=12 allocated_bytes=392 peak_requested_bytes=304 retained_admitted_bytes=4264 peak_admitted_bytes=4264 work=4
RANK_WCC_INPUT_LIFETIME n=1 degree=1 kind=Residual release=false allocation_calls=17 allocated_bytes=698 peak_requested_bytes=618 retained_admitted_bytes=4722 peak_admitted_bytes=4746 work=4
RANK_WCC_INPUT_LIFETIME n=1 degree=1 kind=Residual release=true allocation_calls=17 allocated_bytes=698 peak_requested_bytes=594 retained_admitted_bytes=4722 peak_admitted_bytes=4722 work=4
RANK_WCC_INPUT_LIFETIME n=1 degree=1 kind=Reference release=false allocation_calls=17 allocated_bytes=912 peak_requested_bytes=832 retained_admitted_bytes=5104 peak_admitted_bytes=5128 work=4
RANK_WCC_INPUT_LIFETIME n=1 degree=1 kind=Reference release=true allocation_calls=17 allocated_bytes=912 peak_requested_bytes=808 retained_admitted_bytes=5104 peak_admitted_bytes=5104 work=4
RANK_WCC_INPUT_LIFETIME n=1 degree=1 kind=Star release=false allocation_calls=17 allocated_bytes=912 peak_requested_bytes=832 retained_admitted_bytes=5104 peak_admitted_bytes=5128 work=4
RANK_WCC_INPUT_LIFETIME n=1 degree=1 kind=Star release=true allocation_calls=17 allocated_bytes=912 peak_requested_bytes=808 retained_admitted_bytes=5104 peak_admitted_bytes=5104 work=4
RANK_WCC_INPUT_LIFETIME n=1 degree=8 kind=PageRank release=false allocation_calls=12 allocated_bytes=560 peak_requested_bytes=480 retained_admitted_bytes=4320 peak_admitted_bytes=4456 work=18
RANK_WCC_INPUT_LIFETIME n=1 degree=8 kind=PageRank release=true allocation_calls=12 allocated_bytes=560 peak_requested_bytes=472 retained_admitted_bytes=4320 peak_admitted_bytes=4424 work=18
RANK_WCC_INPUT_LIFETIME n=1 degree=8 kind=Residual release=false allocation_calls=17 allocated_bytes=866 peak_requested_bytes=786 retained_admitted_bytes=4778 peak_admitted_bytes=4914 work=18
RANK_WCC_INPUT_LIFETIME n=1 degree=8 kind=Residual release=true allocation_calls=17 allocated_bytes=866 peak_requested_bytes=650 retained_admitted_bytes=4778 peak_admitted_bytes=4778 work=18
RANK_WCC_INPUT_LIFETIME n=1 degree=8 kind=Reference release=false allocation_calls=17 allocated_bytes=1080 peak_requested_bytes=1000 retained_admitted_bytes=5160 peak_admitted_bytes=5296 work=18
RANK_WCC_INPUT_LIFETIME n=1 degree=8 kind=Reference release=true allocation_calls=17 allocated_bytes=1080 peak_requested_bytes=864 retained_admitted_bytes=5160 peak_admitted_bytes=5160 work=18
RANK_WCC_INPUT_LIFETIME n=1 degree=8 kind=Star release=false allocation_calls=17 allocated_bytes=1080 peak_requested_bytes=1000 retained_admitted_bytes=5160 peak_admitted_bytes=5296 work=18
RANK_WCC_INPUT_LIFETIME n=1 degree=8 kind=Star release=true allocation_calls=17 allocated_bytes=1080 peak_requested_bytes=864 retained_admitted_bytes=5160 peak_admitted_bytes=5160 work=18
RANK_WCC_INPUT_LIFETIME n=1024 degree=0 kind=PageRank release=false allocation_calls=10 allocated_bytes=33104 peak_requested_bytes=33024 retained_admitted_bytes=28808 peak_admitted_bytes=69640 work=2048
RANK_WCC_INPUT_LIFETIME n=1024 degree=0 kind=PageRank release=true allocation_calls=10 allocated_bytes=33104 peak_requested_bytes=24832 retained_admitted_bytes=28808 peak_admitted_bytes=69640 work=2048
RANK_WCC_INPUT_LIFETIME n=1024 degree=0 kind=Residual release=false allocation_calls=15 allocated_bytes=43640 peak_requested_bytes=43560 retained_admitted_bytes=39496 peak_admitted_bytes=69640 work=2048
RANK_WCC_INPUT_LIFETIME n=1024 degree=0 kind=Residual release=true allocation_calls=15 allocated_bytes=43640 peak_requested_bytes=35368 retained_admitted_bytes=39496 peak_admitted_bytes=69640 work=2048
RANK_WCC_INPUT_LIFETIME n=1024 degree=0 kind=Reference release=false allocation_calls=15 allocated_bytes=33624 peak_requested_bytes=33544 retained_admitted_bytes=29648 peak_admitted_bytes=69640 work=2048
RANK_WCC_INPUT_LIFETIME n=1024 degree=0 kind=Reference release=true allocation_calls=15 allocated_bytes=33624 peak_requested_bytes=25352 retained_admitted_bytes=29648 peak_admitted_bytes=69640 work=2048
RANK_WCC_INPUT_LIFETIME n=1024 degree=0 kind=Star release=false allocation_calls=15 allocated_bytes=33624 peak_requested_bytes=33544 retained_admitted_bytes=29648 peak_admitted_bytes=69640 work=2048
RANK_WCC_INPUT_LIFETIME n=1024 degree=0 kind=Star release=true allocation_calls=15 allocated_bytes=33624 peak_requested_bytes=25352 retained_admitted_bytes=29648 peak_admitted_bytes=69640 work=2048
RANK_WCC_INPUT_LIFETIME n=1024 degree=1 kind=PageRank release=false allocation_calls=12 allocated_bytes=57680 peak_requested_bytes=57600 retained_admitted_bytes=37000 peak_admitted_bytes=102408 work=4096
RANK_WCC_INPUT_LIFETIME n=1024 degree=1 kind=PageRank release=true allocation_calls=12 allocated_bytes=57680 peak_requested_bytes=49408 retained_admitted_bytes=37000 peak_admitted_bytes=102408 work=4096
RANK_WCC_INPUT_LIFETIME n=1024 degree=1 kind=Residual release=false allocation_calls=17 allocated_bytes=68216 peak_requested_bytes=68136 retained_admitted_bytes=47688 peak_admitted_bytes=102408 work=4096
RANK_WCC_INPUT_LIFETIME n=1024 degree=1 kind=Residual release=true allocation_calls=17 allocated_bytes=68216 peak_requested_bytes=49408 retained_admitted_bytes=47688 peak_admitted_bytes=102408 work=4096
RANK_WCC_INPUT_LIFETIME n=1024 degree=1 kind=Reference release=false allocation_calls=17 allocated_bytes=58200 peak_requested_bytes=58120 retained_admitted_bytes=37840 peak_admitted_bytes=102408 work=4096
RANK_WCC_INPUT_LIFETIME n=1024 degree=1 kind=Reference release=true allocation_calls=17 allocated_bytes=58200 peak_requested_bytes=49408 retained_admitted_bytes=37840 peak_admitted_bytes=102408 work=4096
RANK_WCC_INPUT_LIFETIME n=1024 degree=1 kind=Star release=false allocation_calls=17 allocated_bytes=58200 peak_requested_bytes=58120 retained_admitted_bytes=37840 peak_admitted_bytes=102408 work=4096
RANK_WCC_INPUT_LIFETIME n=1024 degree=1 kind=Star release=true allocation_calls=17 allocated_bytes=58200 peak_requested_bytes=49408 retained_admitted_bytes=37840 peak_admitted_bytes=102408 work=4096
test prepare_preserves_input_validation_and_cancellation_errors ... ok
test release_creates_finish_headroom_while_the_blocker_remains_live ... ok
RANK_WCC_INPUT_LIFETIME n=1024 degree=8 kind=PageRank release=false allocation_calls=12 allocated_bytes=229712 peak_requested_bytes=229632 retained_admitted_bytes=94344 peak_admitted_bytes=331784 work=18432
RANK_WCC_INPUT_LIFETIME n=1024 degree=8 kind=PageRank release=true allocation_calls=12 allocated_bytes=229712 peak_requested_bytes=221440 retained_admitted_bytes=94344 peak_admitted_bytes=331784 work=18432
RANK_WCC_INPUT_LIFETIME n=1024 degree=8 kind=Residual release=false allocation_calls=17 allocated_bytes=240248 peak_requested_bytes=240168 retained_admitted_bytes=105032 peak_admitted_bytes=331784 work=18432
RANK_WCC_INPUT_LIFETIME n=1024 degree=8 kind=Residual release=true allocation_calls=17 allocated_bytes=240248 peak_requested_bytes=221440 retained_admitted_bytes=105032 peak_admitted_bytes=331784 work=18432
RANK_WCC_INPUT_LIFETIME n=1024 degree=8 kind=Reference release=false allocation_calls=17 allocated_bytes=230232 peak_requested_bytes=230152 retained_admitted_bytes=95184 peak_admitted_bytes=331784 work=18432
RANK_WCC_INPUT_LIFETIME n=1024 degree=8 kind=Reference release=true allocation_calls=17 allocated_bytes=230232 peak_requested_bytes=221440 retained_admitted_bytes=95184 peak_admitted_bytes=331784 work=18432
RANK_WCC_INPUT_LIFETIME n=1024 degree=8 kind=Star release=false allocation_calls=17 allocated_bytes=230232 peak_requested_bytes=230152 retained_admitted_bytes=95184 peak_admitted_bytes=331784 work=18432
RANK_WCC_INPUT_LIFETIME n=1024 degree=8 kind=Star release=true allocation_calls=17 allocated_bytes=230232 peak_requested_bytes=221440 retained_admitted_bytes=95184 peak_admitted_bytes=331784 work=18432
RANK_WCC_INPUT_LIFETIME n=65536 degree=0 kind=PageRank release=false allocation_calls=10 allocated_bytes=2097488 peak_requested_bytes=2097408 retained_admitted_bytes=1577096 peak_admitted_bytes=4198408 work=131072
RANK_WCC_INPUT_LIFETIME n=65536 degree=0 kind=PageRank release=true allocation_calls=10 allocated_bytes=2097488 peak_requested_bytes=1573120 retained_admitted_bytes=1577096 peak_admitted_bytes=4198408 work=131072
RANK_WCC_INPUT_LIFETIME n=65536 degree=0 kind=Residual release=false allocation_calls=15 allocated_bytes=2753144 peak_requested_bytes=2753064 retained_admitted_bytes=2232904 peak_admitted_bytes=4198408 work=131072
RANK_WCC_INPUT_LIFETIME n=65536 degree=0 kind=Residual release=true allocation_calls=15 allocated_bytes=2753144 peak_requested_bytes=2228776 retained_admitted_bytes=2232904 peak_admitted_bytes=4198408 work=131072
RANK_WCC_INPUT_LIFETIME n=65536 degree=0 kind=Reference release=false allocation_calls=15 allocated_bytes=2098008 peak_requested_bytes=2097928 retained_admitted_bytes=1577936 peak_admitted_bytes=4198408 work=131072
RANK_WCC_INPUT_LIFETIME n=65536 degree=0 kind=Reference release=true allocation_calls=15 allocated_bytes=2098008 peak_requested_bytes=1573640 retained_admitted_bytes=1577936 peak_admitted_bytes=4198408 work=131072
RANK_WCC_INPUT_LIFETIME n=65536 degree=0 kind=Star release=false allocation_calls=15 allocated_bytes=2098008 peak_requested_bytes=2097928 retained_admitted_bytes=1577936 peak_admitted_bytes=4198408 work=131072
RANK_WCC_INPUT_LIFETIME n=65536 degree=0 kind=Star release=true allocation_calls=15 allocated_bytes=2098008 peak_requested_bytes=1573640 retained_admitted_bytes=1577936 peak_admitted_bytes=4198408 work=131072
RANK_WCC_INPUT_LIFETIME n=65536 degree=1 kind=PageRank release=false allocation_calls=12 allocated_bytes=3670352 peak_requested_bytes=3670272 retained_admitted_bytes=2101384 peak_admitted_bytes=6295560 work=262144
RANK_WCC_INPUT_LIFETIME n=65536 degree=1 kind=PageRank release=true allocation_calls=12 allocated_bytes=3670352 peak_requested_bytes=3145984 retained_admitted_bytes=2101384 peak_admitted_bytes=6295560 work=262144
RANK_WCC_INPUT_LIFETIME n=65536 degree=1 kind=Residual release=false allocation_calls=17 allocated_bytes=4326008 peak_requested_bytes=4325928 retained_admitted_bytes=2757192 peak_admitted_bytes=6295560 work=262144
RANK_WCC_INPUT_LIFETIME n=65536 degree=1 kind=Residual release=true allocation_calls=17 allocated_bytes=4326008 peak_requested_bytes=3145984 retained_admitted_bytes=2757192 peak_admitted_bytes=6295560 work=262144
RANK_WCC_INPUT_LIFETIME n=65536 degree=1 kind=Reference release=false allocation_calls=17 allocated_bytes=3670872 peak_requested_bytes=3670792 retained_admitted_bytes=2102224 peak_admitted_bytes=6295560 work=262144
RANK_WCC_INPUT_LIFETIME n=65536 degree=1 kind=Reference release=true allocation_calls=17 allocated_bytes=3670872 peak_requested_bytes=3145984 retained_admitted_bytes=2102224 peak_admitted_bytes=6295560 work=262144
RANK_WCC_INPUT_LIFETIME n=65536 degree=1 kind=Star release=false allocation_calls=17 allocated_bytes=3670872 peak_requested_bytes=3670792 retained_admitted_bytes=2102224 peak_admitted_bytes=6295560 work=262144
RANK_WCC_INPUT_LIFETIME n=65536 degree=1 kind=Star release=true allocation_calls=17 allocated_bytes=3670872 peak_requested_bytes=3145984 retained_admitted_bytes=2102224 peak_admitted_bytes=6295560 work=262144
RANK_WCC_INPUT_LIFETIME n=65536 degree=8 kind=PageRank release=false allocation_calls=12 allocated_bytes=14680400 peak_requested_bytes=14680320 retained_admitted_bytes=5771400 peak_admitted_bytes=20975624 work=1179648
RANK_WCC_INPUT_LIFETIME n=65536 degree=8 kind=PageRank release=true allocation_calls=12 allocated_bytes=14680400 peak_requested_bytes=14156032 retained_admitted_bytes=5771400 peak_admitted_bytes=20975624 work=1179648
RANK_WCC_INPUT_LIFETIME n=65536 degree=8 kind=Residual release=false allocation_calls=17 allocated_bytes=15336056 peak_requested_bytes=15335976 retained_admitted_bytes=6427208 peak_admitted_bytes=20975624 work=1179648
RANK_WCC_INPUT_LIFETIME n=65536 degree=8 kind=Residual release=true allocation_calls=17 allocated_bytes=15336056 peak_requested_bytes=14156032 retained_admitted_bytes=6427208 peak_admitted_bytes=20975624 work=1179648
RANK_WCC_INPUT_LIFETIME n=65536 degree=8 kind=Reference release=false allocation_calls=17 allocated_bytes=14680920 peak_requested_bytes=14680840 retained_admitted_bytes=5772240 peak_admitted_bytes=20975624 work=1179648
RANK_WCC_INPUT_LIFETIME n=65536 degree=8 kind=Reference release=true allocation_calls=17 allocated_bytes=14680920 peak_requested_bytes=14156032 retained_admitted_bytes=5772240 peak_admitted_bytes=20975624 work=1179648
RANK_WCC_INPUT_LIFETIME n=65536 degree=8 kind=Star release=false allocation_calls=17 allocated_bytes=14680920 peak_requested_bytes=14680840 retained_admitted_bytes=5772240 peak_admitted_bytes=20975624 work=1179648
RANK_WCC_INPUT_LIFETIME n=65536 degree=8 kind=Star release=true allocation_calls=17 allocated_bytes=14680920 peak_requested_bytes=14156032 retained_admitted_bytes=5772240 peak_admitted_bytes=20975624 work=1179648
test release_reduces_heap_overlap_without_changing_allocation_volume_or_work ... ok

test result: ok. 3 passed; 0 failed; 0 ignored; 0 measured; 0 filtered out; finished in 0.08s

     Running tests/rank_wcc_initialization_protocol.rs (/private/tmp/sail-rank-wcc-lifetime-target/core/release/deps/rank_wcc_initialization_protocol-7e5bd81bee949b35)

running 2 tests
test prepared_pagerank_preserves_float_bits_message_order_and_empty_owners ... ok
test prepared_wcc_preserves_both_protocol_traces_and_independent_components ... ok

test result: ok. 2 passed; 0 failed; 0 ignored; 0 measured; 0 filtered out; finished in 0.01s

     Running tests/rank_wcc_lease.rs (/private/tmp/sail-rank-wcc-lifetime-target/core/release/deps/rank_wcc_lease-b75b6550e8618266)

running 4 tests
WCC_SUCCESSFUL_DROP algorithm=Reference bytes_at_lease_release=0 final_live_bytes=0
test successful_wcc_reference_sole_owner_releases_storage_before_host_lease ... ok
test successful_pagerank_sole_owner_releases_storage_before_host_lease ... ok
WCC_SUCCESSFUL_DROP algorithm=StarContraction bytes_at_lease_release=0 final_live_bytes=0
test successful_wcc_star_sole_owner_releases_storage_before_host_lease ... ok
test prepared_sole_owner_abandon_cancel_failure_and_success_drop_in_order ... ok

test result: ok. 4 passed; 0 failed; 0 ignored; 0 measured; 0 filtered out; finished in 0.00s

     Running tests/residual_initialization.rs (/private/tmp/sail-rank-wcc-lifetime-target/core/release/deps/residual_initialization-fc6e83f67461fe09)

running 1 test
test prepared_residual_pagerank_preserves_exact_message_and_state_bits ... ok

test result: ok. 1 passed; 0 failed; 0 ignored; 0 measured; 0 filtered out; finished in 0.00s

