[2026-09-29T05:55:51Z INFO sail_cli::spark::server] Starting the Spark Connect server on 127.0.0.1:39123...
[2026-09-29T05:55:51Z INFO sail_session::session_manager::actor::core] driver server is ready on port 34253
[2026-09-29T05:55:51Z INFO sail_session::session_manager::actor::handler] creating session 8e5b7ac6-d8f2-4be6-8165-839f2c09ac96
OpenBLAS WARNING - could not determine the L2 cache size on this system, assuming 256k
OpenBLAS WARNING - could not determine the L2 cache size on this system, assuming 256k
[2026-09-29T05:55:52Z INFO sail_session::extensions] bound native extension nutmeg@0.1.0:f92268cbf3a5b0bbc3a1e9e0fc733018cad00410a42c83b8228f417a5c232c9f to session incarnation 863297a9-5aaa-4dfd-9b85-7f576b80f40b
[2026-09-29T05:55:52Z INFO sail_session::extensions] bound native extension sedona@0.1.0:e8dc2c51c6e45ef94fb13370b76f0fd40936b3d79d368fc052afbb778d39c137 to session incarnation 863297a9-5aaa-4dfd-9b85-7f576b80f40b
[2026-09-29T05:55:52Z INFO sail_execution::driver::actor::handler] activating driver 1
[2026-09-29T05:55:52Z INFO sail_execution::driver::worker_pool::core] starting worker 1
[2026-09-29T05:55:52Z INFO sail_execution::driver::worker_pool::core] starting worker 2
[2026-09-29T05:55:52Z INFO sail_execution::worker_manager::process] extension process worker 1: pid=Some(166), driver_pid=50, session=8e5b7ac6-d8f2-4be6-8165-839f2c09ac96
[2026-09-29T05:55:52Z INFO sail_execution::worker_manager::process] extension process worker 2: pid=Some(167), driver_pid=50, session=8e5b7ac6-d8f2-4be6-8165-839f2c09ac96
[2026-09-29T05:55:53Z INFO sail_session::extensions] worker loaded native extension sedona@0.1.0:e8dc2c51c6e45ef94fb13370b76f0fd40936b3d79d368fc052afbb778d39c137, pid=167
[2026-09-29T05:55:53Z INFO sail_session::extensions] worker loaded native extension sedona@0.1.0:e8dc2c51c6e45ef94fb13370b76f0fd40936b3d79d368fc052afbb778d39c137, pid=166
[2026-09-29T05:55:53Z INFO sail_execution::worker::actor::handler] worker 2 server is ready on port 44141
[2026-09-29T05:55:53Z INFO sail_execution::worker::actor::handler] worker 1 server is ready on port 46623
[2026-09-29T05:55:53Z INFO sail_execution::driver::actor::handler] worker 2 is available at 127.0.0.1:44141
[2026-09-29T05:55:53Z WARN sail_execution::driver::task_assigner::core] worker 2 was not pending
[2026-09-29T05:55:53Z INFO sail_execution::driver::actor::handler] worker 1 is available at 127.0.0.1:46623
[2026-09-29T05:55:53Z WARN sail_execution::driver::task_assigner::core] worker 1 was not pending
[2026-09-29T05:57:05Z WARN sail_execution::driver::actor::handler] job 8 stage 0 partition 26 attempt 0 sequence 192 is stale
[2026-09-29T05:57:09Z WARN sail_execution::driver::actor::handler] job 10 stage 0 partition 18 attempt 0 sequence 349 is stale
[2026-09-29T06:03:38Z INFO sail_session::session_manager::actor::handler] removing session 8e5b7ac6-d8f2-4be6-8165-839f2c09ac96
[2026-09-29T06:03:38Z INFO sail_execution::driver::worker_pool::core] stopping worker 1
[2026-09-29T06:03:38Z INFO sail_execution::driver::worker_pool::core] stopping worker 2
[2026-09-29T06:03:38Z INFO sail_cli::spark::server] Shutting down the Spark Connect server...
[2026-09-29T06:03:38Z ERROR sail_execution::driver::worker_pool::core] stop task job 28 stage 2 partition 55 attempt 0: failed in worker 2: error in Tonic status: code: 'Unknown error', message: "transport error", source: tonic::transport::Error(Transport, hyper::Error(Io, Kind(ConnectionReset)))
[2026-09-29T06:03:38Z ERROR sail_execution::driver::worker_pool::core] stop task job 28 stage 3 partition 17 attempt 0: failed in worker 2: error in Tonic status: code: 'Unknown error', message: "transport error", source: tonic::transport::Error(Transport, hyper::Error(Io, Kind(ConnectionReset)))
[2026-09-29T06:03:38Z ERROR sail_execution::driver::worker_pool::core] stop task job 28 stage 3 partition 19 attempt 0: failed in worker 2: error in Tonic status: code: 'Unknown error', message: "transport error", source: tonic::transport::Error(Transport, hyper::Error(Io, Kind(ConnectionReset)))
[2026-09-29T06:03:38Z ERROR sail_execution::driver::worker_pool::core] stop task job 28 stage 2 partition 53 attempt 0: failed in worker 2: error in Tonic status: code: 'Unknown error', message: "transport error", source: tonic::transport::Error(Transport, hyper::Error(Io, Kind(ConnectionReset)))
[2026-09-29T06:03:38Z ERROR sail_execution::driver::worker_pool::core] stop task job 28 stage 1 partition 7 attempt 0: failed in worker 2: error in Tonic status: code: 'Unknown error', message: "transport error", source: tonic::transport::Error(Transport, hyper::Error(Io, Kind(ConnectionReset)))
[2026-09-29T06:03:38Z ERROR sail_execution::driver::worker_pool::core] stop task job 28 stage 1 partition 21 attempt 0: failed in worker 2: error in Tonic status: code: 'Unknown error', message: "transport error", source: tonic::transport::Error(Transport, hyper::Error(Io, Kind(ConnectionReset)))
[2026-09-29T06:03:38Z ERROR sail_execution::driver::worker_pool::core] stop worker: failed in worker 2: error in Tonic status: code: 'Unknown error', message: "transport error", source: tonic::transport::Error(Transport, hyper::Error(Io, Kind(ConnectionReset)))
[2026-09-29T06:03:38Z ERROR sail_execution::driver::worker_pool::core] stop task job 28 stage 1 partition 5 attempt 0: failed in worker 2: error in Tonic status: code: 'Unknown error', message: "transport error", source: tonic::transport::Error(Transport, hyper::Error(Io, Kind(ConnectionReset)))
[2026-09-29T06:03:38Z ERROR sail_execution::driver::worker_pool::core] stop task job 28 stage 3 partition 3 attempt 0: failed in worker 2: error in Tonic status: code: 'Unknown error', message: "transport error", source: tonic::transport::Error(Transport, hyper::Error(Io, Kind(ConnectionReset)))
[2026-09-29T06:03:38Z ERROR sail_execution::driver::worker_pool::core] stop task job 28 stage 2 partition 43 attempt 0: failed in worker 2: error in Tonic status: code: 'Unknown error', message: "transport error", source: tonic::transport::Error(Transport, hyper::Error(Io, Kind(ConnectionReset)))
[2026-09-29T06:03:38Z ERROR sail_execution::driver::worker_pool::core] stop task job 28 stage 2 partition 59 attempt 0: failed in worker 2: error in Tonic status: code: 'Unknown error', message: "transport error", source: tonic::transport::Error(Transport, hyper::Error(Io, Kind(ConnectionReset)))
[2026-09-29T06:03:38Z ERROR sail_execution::driver::worker_pool::core] clean up job: failed in worker 2: error in Tonic status: code: 'Unknown error', message: "transport error", source: tonic::transport::Error(Transport, hyper::Error(Io, Kind(ConnectionReset)))
[2026-09-29T06:03:38Z ERROR sail_execution::driver::worker_pool::core] stop task job 28 stage 1 partition 17 attempt 0: failed in worker 2: error in Tonic status: code: 'Unknown error', message: "transport error", source: tonic::transport::Error(Transport, hyper::Error(Io, Kind(ConnectionReset)))
[2026-09-29T06:03:38Z ERROR sail_execution::driver::worker_pool::core] stop task job 28 stage 1 partition 23 attempt 0: failed in worker 2: error in Tonic status: code: 'Unknown error', message: "transport error", source: tonic::transport::Error(Transport, hyper::Error(Io, Kind(ConnectionReset)))
[2026-09-29T06:03:38Z ERROR sail_execution::driver::worker_pool::core] stop task job 28 stage 2 partition 41 attempt 0: failed in worker 2: error in Tonic status: code: 'Unknown error', message: "transport error", source: tonic::transport::Error(Transport, hyper::Error(Io, Kind(ConnectionReset)))
[2026-09-29T06:03:38Z ERROR sail_execution::driver::worker_pool::core] stop task job 28 stage 2 partition 51 attempt 0: failed in worker 2: error in Tonic status: code: 'Unknown error', message: "transport error", source: tonic::transport::Error(Transport, hyper::Error(Io, Kind(ConnectionReset)))
[2026-09-29T06:03:38Z ERROR sail_execution::driver::worker_pool::core] stop task job 28 stage 4 partition 23 attempt 0: failed in worker 2: error in Tonic status: code: 'Unknown error', message: "transport error", source: tonic::transport::Error(Transport, hyper::Error(Io, Kind(ConnectionReset)))
[2026-09-29T06:03:38Z ERROR sail_execution::driver::worker_pool::core] stop task job 28 stage 1 partition 27 attempt 0: failed in worker 2: error in Tonic status: code: 'Unknown error', message: "transport error", source: tonic::transport::Error(Transport, hyper::Error(Io, Kind(ConnectionReset)))
[2026-09-29T06:03:38Z ERROR sail_execution::driver::worker_pool::core] stop task job 28 stage 4 partition 9 attempt 0: failed in worker 2: error in Tonic status: code: 'Unknown error', message: "transport error", source: tonic::transport::Error(Transport, hyper::Error(Io, Kind(ConnectionReset)))
[2026-09-29T06:03:38Z ERROR sail_execution::driver::worker_pool::core] stop task job 28 stage 1 partition 31 attempt 0: failed in worker 2: error in Tonic status: code: 'Unknown error', message: "transport error", source: tonic::transport::Error(Transport, hyper::Error(Io, Kind(ConnectionReset)))
[2026-09-29T06:03:38Z ERROR sail_execution::driver::worker_pool::core] stop task job 28 stage 1 partition 13 attempt 0: failed in worker 2: error in Tonic status: code: 'Unknown error', message: "transport error", source: tonic::transport::Error(Transport, hyper::Error(Io, Kind(ConnectionReset)))
[2026-09-29T06:03:38Z ERROR sail_execution::driver::worker_pool::core] stop task job 28 stage 2 partition 45 attempt 0: failed in worker 2: error in Tonic status: code: 'Unknown error', message: "transport error", source: tonic::transport::Error(Transport, hyper::Error(Io, Kind(ConnectionReset)))
[2026-09-29T06:03:38Z ERROR sail_execution::driver::worker_pool::core] stop task job 28 stage 4 partition 25 attempt 0: failed in worker 2: error in Tonic status: code: 'Unknown error', message: "transport error", source: tonic::transport::Error(Transport, hyper::Error(Io, Kind(ConnectionReset)))
[2026-09-29T06:03:38Z ERROR sail_execution::driver::worker_pool::core] stop task job 28 stage 1 partition 11 attempt 0: failed in worker 2: error in Tonic status: code: 'Unknown error', message: "transport error", source: tonic::transport::Error(Transport, hyper::Error(Io, Kind(ConnectionReset)))
[2026-09-29T06:03:38Z ERROR sail_execution::driver::worker_pool::core] stop task job 28 stage 2 partition 61 attempt 0: failed in worker 2: error in Tonic status: code: 'Unknown error', message: "transport error", source: tonic::transport::Error(Transport, hyper::Error(Io, Kind(ConnectionReset)))
[2026-09-29T06:03:38Z ERROR sail_execution::driver::worker_pool::core] stop task job 28 stage 2 partition 63 attempt 0: failed in worker 2: error in Tonic status: code: 'Unknown error', message: "transport error", source: tonic::transport::Error(Transport, hyper::Error(Io, Kind(ConnectionReset)))
[2026-09-29T06:03:38Z ERROR sail_execution::driver::worker_pool::core] stop task job 28 stage 3 partition 1 attempt 0: failed in worker 2: error in Tonic status: code: 'Unknown error', message: "transport error", source: tonic::transport::Error(Transport, hyper::Error(Io, Kind(ConnectionReset)))
[2026-09-29T06:03:38Z ERROR sail_execution::driver::worker_pool::core] stop task job 28 stage 4 partition 7 attempt 0: failed in worker 2: error in Tonic status: code: 'Unknown error', message: "transport error", source: tonic::transport::Error(Transport, hyper::Error(Io, Kind(ConnectionReset)))
[2026-09-29T06:03:38Z ERROR sail_execution::driver::worker_pool::core] stop task job 28 stage 1 partition 3 attempt 0: failed in worker 2: error in Tonic status: code: 'Unknown error', message: "transport error", source: tonic::transport::Error(Transport, hyper::Error(Io, Kind(ConnectionReset)))
[2026-09-29T06:03:38Z ERROR sail_execution::driver::worker_pool::core] stop task job 28 stage 2 partition 57 attempt 0: failed in worker 2: error in Tonic status: code: 'Unknown error', message: "transport error", source: tonic::transport::Error(Transport, hyper::Error(Io, Kind(ConnectionReset)))
[2026-09-29T06:03:38Z ERROR sail_execution::driver::worker_pool::core] stop task job 28 stage 1 partition 9 attempt 0: failed in worker 2: error in Tonic status: code: 'Unknown error', message: "transport error", source: tonic::transport::Error(Transport, hyper::Error(Io, Kind(ConnectionReset)))
[2026-09-29T06:03:38Z ERROR sail_execution::driver::worker_pool::core] stop task job 28 stage 2 partition 49 attempt 0: failed in worker 2: error in Tonic status: code: 'Unknown error', message: "transport error", source: tonic::transport::Error(Transport, hyper::Error(Io, Kind(ConnectionReset)))
[2026-09-29T06:03:38Z ERROR sail_execution::driver::worker_pool::core] stop task job 28 stage 1 partition 1 attempt 0: failed in worker 2: error in Tonic status: code: 'Unknown error', message: "transport error", source: tonic::transport::Error(Transport, hyper::Error(Io, Kind(ConnectionReset)))
[2026-09-29T06:03:38Z ERROR sail_execution::driver::worker_pool::core] stop task job 28 stage 1 partition 25 attempt 0: failed in worker 2: error in Tonic status: code: 'Unknown error', message: "transport error", source: tonic::transport::Error(Transport, hyper::Error(Io, Kind(ConnectionReset)))
[2026-09-29T06:03:38Z ERROR sail_execution::driver::worker_pool::core] stop task job 28 stage 2 partition 47 attempt 0: failed in worker 2: error in Tonic status: code: 'Unknown error', message: "transport error", source: tonic::transport::Error(Transport, hyper::Error(Io, Kind(ConnectionReset)))
[2026-09-29T06:03:38Z ERROR sail_execution::driver::worker_pool::core] stop task job 28 stage 4 partition 5 attempt 0: failed in worker 2: error in Tonic status: code: 'Unknown error', message: "transport error", source: tonic::transport::Error(Transport, hyper::Error(Io, Kind(ConnectionReset)))
[2026-09-29T06:03:38Z ERROR sail_execution::driver::worker_pool::core] stop task job 28 stage 4 partition 29 attempt 0: failed in worker 2: error in Tonic status: code: 'Unknown error', message: "transport error", source: tonic::transport::Error(Transport, hyper::Error(Io, Kind(ConnectionReset)))
[2026-09-29T06:03:38Z ERROR sail_execution::driver::worker_pool::core] stop task job 28 stage 4 partition 21 attempt 0: failed in worker 2: error in Tonic status: code: 'Unknown error', message: "transport error", source: tonic::transport::Error(Transport, hyper::Error(Io, Kind(ConnectionReset)))
[2026-09-29T06:03:38Z ERROR sail_execution::driver::worker_pool::core] stop task job 28 stage 1 partition 19 attempt 0: failed in worker 2: error in Tonic status: code: 'Unknown error', message: "transport error", source: tonic::transport::Error(Transport, hyper::Error(Io, Kind(ConnectionReset)))
[2026-09-29T06:03:38Z ERROR sail_execution::driver::worker_pool::core] stop task job 28 stage 1 partition 15 attempt 0: failed in worker 2: error in Tonic status: code: 'Unknown error', message: "transport error", source: tonic::transport::Error(Transport, hyper::Error(Io, Kind(ConnectionReset)))
[2026-09-29T06:03:38Z ERROR sail_execution::driver::worker_pool::core] stop task job 28 stage 1 partition 29 attempt 0: failed in worker 2: error in Tonic status: code: 'Unknown error', message: "transport error", source: tonic::transport::Error(Transport, hyper::Error(Io, Kind(ConnectionReset)))
[2026-09-29T06:03:38Z ERROR sail_execution::driver::worker_pool::core] stop task job 28 stage 4 partition 17 attempt 0: failed in worker 2: error in Tonic status: code: 'Unknown error', message: "transport error", source: tonic::transport::Error(Transport, hyper::Error(Io, Kind(ConnectionReset)))
[2026-09-29T06:03:38Z ERROR sail_execution::driver::worker_pool::core] stop task job 28 stage 3 partition 25 attempt 0: failed in worker 2: error in Tonic status: code: 'Unknown error', message: "transport error", source: tonic::transport::Error(Transport, hyper::Error(Io, Kind(ConnectionReset)))
[2026-09-29T06:03:38Z ERROR sail_execution::driver::worker_pool::core] stop task job 28 stage 4 partition 11 attempt 0: failed in worker 2: error in Tonic status: code: 'Unknown error', message: "transport error", source: tonic::transport::Error(Transport, hyper::Error(Io, Kind(ConnectionReset)))
[2026-09-29T06:03:38Z ERROR sail_execution::driver::worker_pool::core] stop task job 28 stage 4 partition 31 attempt 0: failed in worker 2: error in Tonic status: code: 'Unknown error', message: "transport error", source: tonic::transport::Error(Transport, hyper::Error(Io, Kind(ConnectionReset)))
[2026-09-29T06:03:38Z ERROR sail_execution::driver::worker_pool::core] stop task job 28 stage 4 partition 15 attempt 0: failed in worker 2: error in Tonic status: code: 'Unknown error', message: "transport error", source: tonic::transport::Error(Transport, hyper::Error(Io, Kind(ConnectionReset)))
[2026-09-29T06:03:38Z ERROR sail_execution::driver::worker_pool::core] stop task job 28 stage 3 partition 27 attempt 0: failed in worker 2: error in Tonic status: code: 'Unknown error', message: "transport error", source: tonic::transport::Error(Transport, hyper::Error(Io, Kind(ConnectionReset)))
[2026-09-29T06:03:38Z ERROR sail_execution::driver::worker_pool::core] stop task job 28 stage 4 partition 27 attempt 0: failed in worker 2: error in Tonic status: code: 'Unknown error', message: "transport error", source: tonic::transport::Error(Transport, hyper::Error(Io, Kind(ConnectionReset)))
[2026-09-29T06:03:38Z ERROR sail_execution::driver::worker_pool::core] stop task job 28 stage 3 partition 9 attempt 0: failed in worker 2: error in Tonic status: code: 'Unknown error', message: "transport error", source: tonic::transport::Error(Transport, hyper::Error(Io, Kind(ConnectionReset)))
[2026-09-29T06:03:38Z ERROR sail_execution::driver::worker_pool::core] stop task job 28 stage 3 partition 11 attempt 0: failed in worker 2: error in Tonic status: code: 'Unknown error', message: "transport error", source: tonic::transport::Error(Transport, hyper::Error(Io, Kind(ConnectionReset)))
[2026-09-29T06:03:38Z ERROR sail_execution::driver::worker_pool::core] stop task job 28 stage 3 partition 21 attempt 0: failed in worker 2: error in Tonic status: code: 'Unknown error', message: "transport error", source: tonic::transport::Error(Transport, hyper::Error(Io, Kind(ConnectionReset)))
[2026-09-29T06:03:38Z ERROR sail_execution::driver::worker_pool::core] stop task job 28 stage 3 partition 7 attempt 0: failed in worker 2: error in Tonic status: code: 'Unknown error', message: "transport error", source: tonic::transport::Error(Transport, hyper::Error(Io, Kind(ConnectionReset)))
[2026-09-29T06:03:38Z ERROR sail_execution::driver::worker_pool::core] stop task job 28 stage 4 partition 3 attempt 0: failed in worker 2: error in Tonic status: code: 'Unknown error', message: "transport error", source: tonic::transport::Error(Transport, hyper::Error(Io, Kind(ConnectionReset)))
[2026-09-29T06:03:38Z ERROR sail_execution::driver::worker_pool::core] stop task job 28 stage 4 partition 19 attempt 0: failed in worker 2: error in Tonic status: code: 'Unknown error', message: "transport error", source: tonic::transport::Error(Transport, hyper::Error(Io, Kind(ConnectionReset)))
[2026-09-29T06:03:38Z ERROR sail_execution::driver::worker_pool::core] stop task job 28 stage 3 partition 29 attempt 0: failed in worker 2: error in Tonic status: code: 'Unknown error', message: "transport error", source: tonic::transport::Error(Transport, hyper::Error(Io, Kind(ConnectionReset)))
[2026-09-29T06:03:38Z ERROR sail_execution::driver::worker_pool::core] stop task job 28 stage 4 partition 1 attempt 0: failed in worker 2: error in Tonic status: code: 'Unknown error', message: "transport error", source: tonic::transport::Error(Transport, hyper::Error(Io, Kind(ConnectionReset)))
[2026-09-29T06:03:38Z ERROR sail_execution::driver::worker_pool::core] stop task job 28 stage 3 partition 23 attempt 0: failed in worker 2: error in Tonic status: code: 'Unknown error', message: "transport error", source: tonic::transport::Error(Transport, hyper::Error(Io, Kind(ConnectionReset)))
[2026-09-29T06:03:38Z ERROR sail_execution::driver::worker_pool::core] stop task job 28 stage 3 partition 15 attempt 0: failed in worker 2: error in Tonic status: code: 'Unknown error', message: "transport error", source: tonic::transport::Error(Transport, hyper::Error(Io, Kind(ConnectionReset)))
[2026-09-29T06:03:38Z ERROR sail_execution::driver::worker_pool::core] stop task job 28 stage 3 partition 5 attempt 0: failed in worker 2: error in Tonic status: code: 'Unknown error', message: "transport error", source: tonic::transport::Error(Transport, hyper::Error(Io, Kind(ConnectionReset)))
[2026-09-29T06:03:38Z ERROR sail_execution::driver::worker_pool::core] stop task job 28 stage 3 partition 31 attempt 0: failed in worker 2: error in Tonic status: code: 'Unknown error', message: "transport error", source: tonic::transport::Error(Transport, hyper::Error(Io, Kind(ConnectionReset)))
[2026-09-29T06:03:38Z ERROR sail_execution::driver::worker_pool::core] stop task job 28 stage 3 partition 13 attempt 0: failed in worker 2: error in Tonic status: code: 'Unknown error', message: "transport error", source: tonic::transport::Error(Transport, hyper::Error(Io, Kind(ConnectionReset)))
[2026-09-29T06:03:39Z ERROR sail_execution::driver::worker_pool::core] stop task job 28 stage 4 partition 10 attempt 0: failed in worker 1: error in Tonic status: code: 'Unknown error', message: "transport error", source: tonic::transport::Error(Transport, hyper::Error(Io, Custom { kind: BrokenPipe, error: "stream closed because of a broken pipe" }))
[2026-09-29T06:03:39Z ERROR sail_execution::driver::worker_pool::core] stop task job 28 stage 4 partition 20 attempt 0: failed in worker 1: error in Tonic status: code: 'Unknown error', message: "transport error", source: tonic::transport::Error(Transport, hyper::Error(Io, Custom { kind: BrokenPipe, error: "stream closed because of a broken pipe" }))
[2026-09-29T06:03:39Z ERROR sail_execution::driver::worker_pool::core] stop task job 28 stage 4 partition 30 attempt 0: failed in worker 1: error in Tonic status: code: 'Unknown error', message: "transport error", source: tonic::transport::Error(Transport, hyper::Error(Io, Custom { kind: BrokenPipe, error: "stream closed because of a broken pipe" }))
[2026-09-29T06:03:39Z ERROR sail_execution::driver::worker_pool::core] stop task job 28 stage 3 partition 26 attempt 0: failed in worker 1: error in Tonic status: code: 'Unknown error', message: "transport error", source: tonic::transport::Error(Transport, hyper::Error(Io, Custom { kind: BrokenPipe, error: "stream closed because of a broken pipe" }))
[2026-09-29T06:03:39Z ERROR sail_execution::driver::worker_pool::core] stop task job 28 stage 4 partition 4 attempt 0: failed in worker 1: error in Tonic status: code: 'Unknown error', message: "transport error", source: tonic::transport::Error(Transport, hyper::Error(Io, Custom { kind: BrokenPipe, error: "stream closed because of a broken pipe" }))
[2026-09-29T06:03:39Z ERROR sail_execution::driver::worker_pool::core] stop task job 28 stage 4 partition 6 attempt 0: failed in worker 1: error in Tonic status: code: 'Unknown error', message: "transport error", source: tonic::transport::Error(Transport, hyper::Error(Io, Custom { kind: BrokenPipe, error: "stream closed because of a broken pipe" }))
[2026-09-29T06:03:39Z ERROR sail_execution::driver::worker_pool::core] stop task job 28 stage 3 partition 20 attempt 0: failed in worker 1: error in Tonic status: code: 'Unknown error', message: "transport error", source: tonic::transport::Error(Transport, hyper::Error(Io, Custom { kind: BrokenPipe, error: "stream closed because of a broken pipe" }))
[2026-09-29T06:03:39Z ERROR sail_execution::driver::worker_pool::core] stop task job 28 stage 4 partition 14 attempt 0: failed in worker 1: error in Tonic status: code: 'Unknown error', message: "transport error", source: tonic::transport::Error(Transport, hyper::Error(Io, Custom { kind: BrokenPipe, error: "stream closed because of a broken pipe" }))
[2026-09-29T06:03:39Z ERROR sail_execution::driver::worker_pool::core] stop task job 28 stage 5 partition 0 attempt 0: failed in worker 1: error in Tonic status: code: 'Unknown error', message: "transport error", source: tonic::transport::Error(Transport, hyper::Error(Io, Custom { kind: BrokenPipe, error: "stream closed because of a broken pipe" }))
[2026-09-29T06:03:39Z ERROR sail_execution::driver::worker_pool::core] stop task job 28 stage 4 partition 2 attempt 0: failed in worker 1: error in Tonic status: code: 'Unknown error', message: "transport error", source: tonic::transport::Error(Transport, hyper::Error(Io, Custom { kind: BrokenPipe, error: "stream closed because of a broken pipe" }))
[2026-09-29T06:03:39Z ERROR sail_execution::driver::worker_pool::core] stop task job 28 stage 4 partition 22 attempt 0: failed in worker 1: error in Tonic status: code: 'Unknown error', message: "transport error", source: tonic::transport::Error(Transport, hyper::Error(Io, Custom { kind: BrokenPipe, error: "stream closed because of a broken pipe" }))
[2026-09-29T06:03:39Z ERROR sail_execution::driver::worker_pool::core] stop task job 28 stage 3 partition 12 attempt 0: failed in worker 1: error in Tonic status: code: 'Unknown error', message: "transport error", source: tonic::transport::Error(Transport, hyper::Error(Io, Custom { kind: BrokenPipe, error: "stream closed because of a broken pipe" }))
[2026-09-29T06:03:39Z ERROR sail_execution::driver::worker_pool::core] stop task job 28 stage 3 partition 10 attempt 0: failed in worker 1: error in Tonic status: code: 'Unknown error', message: "transport error", source: tonic::transport::Error(Transport, hyper::Error(Io, Custom { kind: BrokenPipe, error: "stream closed because of a broken pipe" }))
[2026-09-29T06:03:39Z ERROR sail_execution::driver::worker_pool::core] stop task job 28 stage 4 partition 26 attempt 0: failed in worker 1: error in Tonic status: code: 'Unknown error', message: "transport error", source: tonic::transport::Error(Transport, hyper::Error(Io, Custom { kind: BrokenPipe, error: "stream closed because of a broken pipe" }))
[2026-09-29T06:03:39Z ERROR sail_execution::driver::worker_pool::core] stop task job 28 stage 4 partition 18 attempt 0: failed in worker 1: error in Tonic status: code: 'Unknown error', message: "transport error", source: tonic::transport::Error(Transport, hyper::Error(Io, Custom { kind: BrokenPipe, error: "stream closed because of a broken pipe" }))
[2026-09-29T06:03:39Z ERROR sail_execution::driver::worker_pool::core] stop task job 28 stage 1 partition 6 attempt 0: failed in worker 1: error in Tonic status: code: 'Unknown error', message: "transport error", source: tonic::transport::Error(Transport, hyper::Error(Io, Custom { kind: BrokenPipe, error: "stream closed because of a broken pipe" }))
[2026-09-29T06:03:39Z ERROR sail_execution::driver::worker_pool::core] stop task job 28 stage 3 partition 30 attempt 0: failed in worker 1: error in Tonic status: code: 'Unknown error', message: "transport error", source: tonic::transport::Error(Transport, hyper::Error(Io, Custom { kind: BrokenPipe, error: "stream closed because of a broken pipe" }))
[2026-09-29T06:03:39Z ERROR sail_execution::driver::worker_pool::core] stop task job 28 stage 3 partition 16 attempt 0: failed in worker 1: error in Tonic status: code: 'Unknown error', message: "transport error", source: tonic::transport::Error(Transport, hyper::Error(Io, Custom { kind: BrokenPipe, error: "stream closed because of a broken pipe" }))
[2026-09-29T06:03:39Z ERROR sail_execution::driver::worker_pool::core] stop task job 28 stage 3 partition 28 attempt 0: failed in worker 1: error in Tonic status: code: 'Unknown error', message: "transport error", source: tonic::transport::Error(Transport, hyper::Error(Io, Custom { kind: BrokenPipe, error: "stream closed because of a broken pipe" }))
[2026-09-29T06:03:39Z ERROR sail_execution::driver::worker_pool::core] stop task job 28 stage 3 partition 8 attempt 0: failed in worker 1: error in Tonic status: code: 'Unknown error', message: "transport error", source: tonic::transport::Error(Transport, hyper::Error(Io, Custom { kind: BrokenPipe, error: "stream closed because of a broken pipe" }))
[2026-09-29T06:03:39Z ERROR sail_execution::driver::worker_pool::core] stop worker: failed in worker 1: error in Tonic status: code: 'Unknown error', message: "transport error", source: tonic::transport::Error(Transport, hyper::Error(Io, Custom { kind: BrokenPipe, error: "stream closed because of a broken pipe" }))
[2026-09-29T06:03:39Z ERROR sail_execution::driver::worker_pool::core] stop task job 28 stage 1 partition 26 attempt 0: failed in worker 1: error in Tonic status: code: 'Unknown error', message: "transport error", source: tonic::transport::Error(Transport, hyper::Error(Io, Custom { kind: BrokenPipe, error: "stream closed because of a broken pipe" }))
[2026-09-29T06:03:39Z ERROR sail_execution::driver::worker_pool::core] stop task job 28 stage 4 partition 0 attempt 0: failed in worker 1: error in Tonic status: code: 'Unknown error', message: "transport error", source: tonic::transport::Error(Transport, hyper::Error(Io, Custom { kind: BrokenPipe, error: "stream closed because of a broken pipe" }))
[2026-09-29T06:03:39Z ERROR sail_execution::driver::worker_pool::core] stop task job 28 stage 4 partition 24 attempt 0: failed in worker 1: error in Tonic status: code: 'Unknown error', message: "transport error", source: tonic::transport::Error(Transport, hyper::Error(Io, Custom { kind: BrokenPipe, error: "stream closed because of a broken pipe" }))
[2026-09-29T06:03:39Z ERROR sail_execution::driver::worker_pool::core] stop task job 28 stage 4 partition 16 attempt 0: failed in worker 1: error in Tonic status: code: 'Unknown error', message: "transport error", source: tonic::transport::Error(Transport, hyper::Error(Io, Custom { kind: BrokenPipe, error: "stream closed because of a broken pipe" }))
[2026-09-29T06:03:39Z ERROR sail_execution::driver::worker_pool::core] clean up job: failed in worker 1: error in Tonic status: code: 'Unknown error', message: "transport error", source: tonic::transport::Error(Transport, hyper::Error(Io, Custom { kind: BrokenPipe, error: "stream closed because of a broken pipe" }))
[2026-09-29T06:03:39Z ERROR sail_execution::driver::worker_pool::core] stop task job 28 stage 4 partition 8 attempt 0: failed in worker 1: error in Tonic status: code: 'Unknown error', message: "transport error", source: tonic::transport::Error(Transport, hyper::Error(Io, Custom { kind: BrokenPipe, error: "stream closed because of a broken pipe" }))
[2026-09-29T06:03:39Z ERROR sail_execution::driver::worker_pool::core] stop task job 28 stage 4 partition 28 attempt 0: failed in worker 1: error in Tonic status: code: 'Unknown error', message: "transport error", source: tonic::transport::Error(Transport, hyper::Error(Io, Custom { kind: BrokenPipe, error: "stream closed because of a broken pipe" }))
[2026-09-29T06:03:39Z ERROR sail_execution::driver::worker_pool::core] stop task job 28 stage 4 partition 12 attempt 0: failed in worker 1: error in Tonic status: code: 'Unknown error', message: "transport error", source: tonic::transport::Error(Transport, hyper::Error(Io, Custom { kind: BrokenPipe, error: "stream closed because of a broken pipe" }))
[2026-09-29T06:03:39Z INFO sail_execution::driver::actor::core] driver 1 has stopped
[2026-09-29T06:03:39Z WARN sail_common::actor] aborting 154 task(s) for DriverActor
[2026-09-29T06:03:40Z INFO sail_session::session_manager::actor::core] driver server has stopped
[2026-09-29T06:03:40Z WARN sail_common::actor] aborting 146 task(s) for SessionManagerActor
[2026-09-29T06:03:40Z INFO sail_cli::spark::server] The Spark Connect server has stopped.
