   Compiling proc-macro2 v1.0.107
   Compiling unicode-ident v1.0.26
   Compiling quote v1.0.47
   Compiling serde_core v1.0.229
   Compiling serde v1.0.229
   Compiling zmij v1.0.23
   Compiling itoa v1.0.18
   Compiling hashbrown v0.17.1
   Compiling serde_json v1.0.151
   Compiling memchr v2.8.3
   Compiling equivalent v1.0.2
   Compiling thiserror v2.0.21
   Compiling ryu v1.0.23
   Compiling unsafe-libyaml v0.2.11
   Compiling sail-argentea-core v0.1.0 (/private/tmp/sail-owned-input-baseline/examples/extensions/argentea)
   Compiling indexmap v2.14.2
   Compiling sail-native-resource-ffi v0.1.0 (/private/tmp/sail-owned-input-baseline/crates/sail-native-resource-ffi)
   Compiling log v0.4.34
   Compiling syn v3.0.6
   Compiling serde_derive v1.0.229
   Compiling thiserror-impl v2.0.21
   Compiling async-trait v0.1.92
   Compiling readonly v0.2.14
   Compiling serde_yaml v0.9.34+deprecated
   Compiling quick-xml v0.40.1
   Compiling grust-core v0.23.0
   Compiling grust-procedures v0.23.0
    Finished `release` profile [optimized] target(s) in 14.82s
     Running tests/input_baseline_probe.rs (/private/tmp/sail-owned-input-baseline-core-target/release/deps/input_baseline_probe-e004fe08f6ba1e05)

running 1 test
INPUT_LIFETIME_COUNTER n=1024 degree=0 weighted=false release=false allocation_calls=17 allocated_bytes=66552 peak_requested_bytes=66472 retained_admitted_bytes=62512 peak_admitted_bytes=70704 work=2048
INPUT_LIFETIME_COUNTER n=1024 degree=0 weighted=true release=false allocation_calls=17 allocated_bytes=66586 peak_requested_bytes=66480 retained_admitted_bytes=62536 peak_admitted_bytes=70728 work=13312
INPUT_LIFETIME_COUNTER n=1024 degree=1 weighted=false release=false allocation_calls=19 allocated_bytes=91128 peak_requested_bytes=91048 retained_admitted_bytes=70704 peak_admitted_bytes=102408 work=4096
INPUT_LIFETIME_COUNTER n=1024 degree=1 weighted=true release=false allocation_calls=19 allocated_bytes=107546 peak_requested_bytes=107440 retained_admitted_bytes=78920 peak_admitted_bytes=118792 work=15360
INPUT_LIFETIME_COUNTER n=1024 degree=8 weighted=false release=false allocation_calls=19 allocated_bytes=263160 peak_requested_bytes=263080 retained_admitted_bytes=128048 peak_admitted_bytes=331784 work=18432
INPUT_LIFETIME_COUNTER n=1024 degree=8 weighted=true release=false allocation_calls=19 allocated_bytes=394266 peak_requested_bytes=394160 retained_admitted_bytes=193608 peak_admitted_bytes=462856 work=29696
INPUT_LIFETIME_COUNTER n=65536 degree=0 weighted=false release=false allocation_calls=17 allocated_bytes=4195320 peak_requested_bytes=4195240 retained_admitted_bytes=3675184 peak_admitted_bytes=4199472 work=131072
INPUT_LIFETIME_COUNTER n=65536 degree=0 weighted=true release=false allocation_calls=17 allocated_bytes=4195354 peak_requested_bytes=4195248 retained_admitted_bytes=3675208 peak_admitted_bytes=4199496 work=1245184
INPUT_LIFETIME_COUNTER n=65536 degree=1 weighted=false release=false allocation_calls=19 allocated_bytes=5768184 peak_requested_bytes=5768104 retained_admitted_bytes=4199472 peak_admitted_bytes=6295560 work=262144
INPUT_LIFETIME_COUNTER n=65536 degree=1 weighted=true release=false allocation_calls=19 allocated_bytes=6816794 peak_requested_bytes=6816688 retained_admitted_bytes=4723784 peak_admitted_bytes=7344136 work=1376256
INPUT_LIFETIME_COUNTER n=65536 degree=8 weighted=false release=false allocation_calls=19 allocated_bytes=16778232 peak_requested_bytes=16778152 retained_admitted_bytes=7869488 peak_admitted_bytes=20975624 work=1179648
INPUT_LIFETIME_COUNTER n=65536 degree=8 weighted=true release=false allocation_calls=19 allocated_bytes=25166874 peak_requested_bytes=25166768 retained_admitted_bytes=12063816 peak_admitted_bytes=29364232 work=2293760
test original_baseline_input_lifetime_counters ... ok

test result: ok. 1 passed; 0 failed; 0 ignored; 0 measured; 0 filtered out; finished in 0.02s

