   Compiling sail-argentea-core v0.1.0 (/private/tmp/sail-argentea-owned-input-gate/examples/extensions/argentea)
   Compiling sail-native-resource-ffi v0.1.0 (/private/tmp/sail-argentea-owned-input-gate/crates/sail-native-resource-ffi)
    Finished `release` profile [optimized] target(s) in 4.39s
     Running tests/initialization.rs (/private/tmp/sail-owned-input-core-target/release/deps/initialization-d6c642b30a03a492)

running 4 tests
INPUT_LIFETIME_COUNTER n=1024 degree=0 weighted=false release=false allocation_calls=17 allocated_bytes=66552 peak_requested_bytes=66472 retained_admitted_bytes=62512 peak_admitted_bytes=70704 work=2048
test prepare_preserves_validation_errors_and_cancellation ... ok
test input_charge_is_released_before_finish_admission ... ok
INPUT_LIFETIME_COUNTER n=1024 degree=0 weighted=false release=true allocation_calls=17 allocated_bytes=66552 peak_requested_bytes=58280 retained_admitted_bytes=62512 peak_admitted_bytes=69640 work=2048
test abandoned_or_cancelled_preparation_releases_all_storage_and_leases ... ok
INPUT_LIFETIME_COUNTER n=1024 degree=0 weighted=true release=false allocation_calls=17 allocated_bytes=66586 peak_requested_bytes=66480 retained_admitted_bytes=62536 peak_admitted_bytes=70728 work=13312
INPUT_LIFETIME_COUNTER n=1024 degree=0 weighted=true release=true allocation_calls=17 allocated_bytes=66586 peak_requested_bytes=58288 retained_admitted_bytes=62536 peak_admitted_bytes=69640 work=13312
INPUT_LIFETIME_COUNTER n=1024 degree=1 weighted=false release=false allocation_calls=19 allocated_bytes=91128 peak_requested_bytes=91048 retained_admitted_bytes=70704 peak_admitted_bytes=102408 work=4096
INPUT_LIFETIME_COUNTER n=1024 degree=1 weighted=false release=true allocation_calls=19 allocated_bytes=91128 peak_requested_bytes=66472 retained_admitted_bytes=70704 peak_admitted_bytes=102408 work=4096
INPUT_LIFETIME_COUNTER n=1024 degree=1 weighted=true release=false allocation_calls=19 allocated_bytes=107546 peak_requested_bytes=107440 retained_admitted_bytes=78920 peak_admitted_bytes=118792 work=15360
INPUT_LIFETIME_COUNTER n=1024 degree=1 weighted=true release=true allocation_calls=19 allocated_bytes=107546 peak_requested_bytes=74672 retained_admitted_bytes=78920 peak_admitted_bytes=118792 work=15360
INPUT_LIFETIME_COUNTER n=1024 degree=8 weighted=false release=false allocation_calls=19 allocated_bytes=263160 peak_requested_bytes=263080 retained_admitted_bytes=128048 peak_admitted_bytes=331784 work=18432
INPUT_LIFETIME_COUNTER n=1024 degree=8 weighted=false release=true allocation_calls=19 allocated_bytes=263160 peak_requested_bytes=221440 retained_admitted_bytes=128048 peak_admitted_bytes=331784 work=18432
INPUT_LIFETIME_COUNTER n=1024 degree=8 weighted=true release=false allocation_calls=19 allocated_bytes=394266 peak_requested_bytes=394160 retained_admitted_bytes=193608 peak_admitted_bytes=462856 work=29696
INPUT_LIFETIME_COUNTER n=1024 degree=8 weighted=true release=true allocation_calls=19 allocated_bytes=394266 peak_requested_bytes=352440 retained_admitted_bytes=193608 peak_admitted_bytes=462856 work=29696
INPUT_LIFETIME_COUNTER n=65536 degree=0 weighted=false release=false allocation_calls=17 allocated_bytes=4195320 peak_requested_bytes=4195240 retained_admitted_bytes=3675184 peak_admitted_bytes=4199472 work=131072
INPUT_LIFETIME_COUNTER n=65536 degree=0 weighted=false release=true allocation_calls=17 allocated_bytes=4195320 peak_requested_bytes=3670952 retained_admitted_bytes=3675184 peak_admitted_bytes=4198408 work=131072
INPUT_LIFETIME_COUNTER n=65536 degree=0 weighted=true release=false allocation_calls=17 allocated_bytes=4195354 peak_requested_bytes=4195248 retained_admitted_bytes=3675208 peak_admitted_bytes=4199496 work=1245184
INPUT_LIFETIME_COUNTER n=65536 degree=0 weighted=true release=true allocation_calls=17 allocated_bytes=4195354 peak_requested_bytes=3670960 retained_admitted_bytes=3675208 peak_admitted_bytes=4198408 work=1245184
INPUT_LIFETIME_COUNTER n=65536 degree=1 weighted=false release=false allocation_calls=19 allocated_bytes=5768184 peak_requested_bytes=5768104 retained_admitted_bytes=4199472 peak_admitted_bytes=6295560 work=262144
INPUT_LIFETIME_COUNTER n=65536 degree=1 weighted=false release=true allocation_calls=19 allocated_bytes=5768184 peak_requested_bytes=4195240 retained_admitted_bytes=4199472 peak_admitted_bytes=6295560 work=262144
INPUT_LIFETIME_COUNTER n=65536 degree=1 weighted=true release=false allocation_calls=19 allocated_bytes=6816794 peak_requested_bytes=6816688 retained_admitted_bytes=4723784 peak_admitted_bytes=7344136 work=1376256
INPUT_LIFETIME_COUNTER n=65536 degree=1 weighted=true release=true allocation_calls=19 allocated_bytes=6816794 peak_requested_bytes=4719536 retained_admitted_bytes=4723784 peak_admitted_bytes=7344136 work=1376256
INPUT_LIFETIME_COUNTER n=65536 degree=8 weighted=false release=false allocation_calls=19 allocated_bytes=16778232 peak_requested_bytes=16778152 retained_admitted_bytes=7869488 peak_admitted_bytes=20975624 work=1179648
INPUT_LIFETIME_COUNTER n=65536 degree=8 weighted=false release=true allocation_calls=19 allocated_bytes=16778232 peak_requested_bytes=14156032 retained_admitted_bytes=7869488 peak_admitted_bytes=20975624 work=1179648
INPUT_LIFETIME_COUNTER n=65536 degree=8 weighted=true release=false allocation_calls=19 allocated_bytes=25166874 peak_requested_bytes=25166768 retained_admitted_bytes=12063816 peak_admitted_bytes=29364232 work=2293760
INPUT_LIFETIME_COUNTER n=65536 degree=8 weighted=true release=true allocation_calls=19 allocated_bytes=25166874 peak_requested_bytes=22544568 retained_admitted_bytes=12063816 peak_admitted_bytes=29364232 work=2293760
test releasing_raw_input_reduces_heap_overlap_without_changing_work ... ok

test result: ok. 4 passed; 0 failed; 0 ignored; 0 measured; 0 filtered out; finished in 0.04s

     Running tests/initialization_bfs.rs (/private/tmp/sail-owned-input-core-target/release/deps/initialization_bfs-3688ffb639a5cbfa)

running 1 test
test prepared_bfs_matches_owned_input_oracle_and_protocol_trace ... ok

test result: ok. 1 passed; 0 failed; 0 ignored; 0 measured; 0 filtered out; finished in 0.01s

     Running tests/sssp.rs (/private/tmp/sail-owned-input-core-target/release/deps/sssp-d0bda714129aa77d)

running 17 tests
SSSP_DONE_COUNTERS algorithm=Reference vertices=16 partitions=1 relays=4 work_units=8 peak_admitted_bytes=2728
test cap_has_complete_topology_and_no_partial_result ... ok
test delta_star_reactivates_an_already_expanded_vertex_inside_one_bucket ... ok
test done::done_publication_still_requires_local_eof_admission_and_cancellation_checks ... ok
test done::done_relays_reject_missing_replayed_foreign_and_nonempty_producers ... ok
test done::done_statistics_still_obey_the_shared_work_limit ... ok
test dropping_incomplete_cursor_cancels_shared_domain_and_releases_snapshots ... ok
test protocol::contribution_sequence_origin_mode_bucket_and_eof_are_enforced ... ok
test protocol::incomplete_and_replayed_statistics_poison_the_partition ... ok
test protocol::truncated_producer_and_late_message_cannot_publish_state ... ok
test retained_certified_rows_hold_storage_and_host_lease_until_final_drop ... ok
test protocol::overflow_and_successor_admission_fail_without_partial_publication ... ok
test unknown_unreachable_destination_and_missing_source_fail_topology_or_statistics ... ok
test both_methods_match_independent_dijkstra_across_owners_and_bucket_widths ... ok
test initialization::prepared_sssp_preserves_exact_labels_and_protocol_trace ... ok
SSSP_DONE_COUNTERS algorithm=Reference vertices=65536 partitions=1 relays=4 work_units=8 peak_admitted_bytes=2728
SSSP_DONE_COUNTERS algorithm=Reference vertices=65536 partitions=1 relays=4 work_units=8 peak_admitted_bytes=2728
SSSP_DONE_COUNTERS algorithm=Reference vertices=16 partitions=3 relays=4 work_units=72 peak_admitted_bytes=8120
SSSP_DONE_COUNTERS algorithm=Reference vertices=65536 partitions=3 relays=4 work_units=72 peak_admitted_bytes=8120
SSSP_DONE_COUNTERS algorithm=Reference vertices=65536 partitions=3 relays=4 work_units=72 peak_admitted_bytes=8120
SSSP_DONE_COUNTERS algorithm=Reference vertices=16 partitions=8 relays=4 work_units=512 peak_admitted_bytes=22720
SSSP_DONE_COUNTERS algorithm=Reference vertices=65536 partitions=8 relays=4 work_units=512 peak_admitted_bytes=22720
SSSP_DONE_COUNTERS algorithm=Reference vertices=65536 partitions=8 relays=4 work_units=512 peak_admitted_bytes=22720
SSSP_DONE_COUNTERS algorithm=Reference vertices=16 partitions=32 relays=4 work_units=8192 peak_admitted_bytes=115072
SSSP_DONE_COUNTERS algorithm=Reference vertices=65536 partitions=32 relays=4 work_units=8192 peak_admitted_bytes=115072
SSSP_DONE_COUNTERS algorithm=Reference vertices=65536 partitions=32 relays=4 work_units=8192 peak_admitted_bytes=115072
SSSP_DONE_COUNTERS algorithm=DeltaStar vertices=65536 partitions=1 relays=4 work_units=8 peak_admitted_bytes=2728
SSSP_DONE_COUNTERS algorithm=DeltaStar vertices=16 partitions=1 relays=4 work_units=8 peak_admitted_bytes=2728
SSSP_DONE_COUNTERS algorithm=DeltaStar vertices=65536 partitions=1 relays=4 work_units=8 peak_admitted_bytes=2728
SSSP_DONE_COUNTERS algorithm=DeltaStar vertices=65536 partitions=3 relays=4 work_units=72 peak_admitted_bytes=8120
SSSP_DONE_COUNTERS algorithm=DeltaStar vertices=16 partitions=3 relays=4 work_units=72 peak_admitted_bytes=8120
SSSP_DONE_COUNTERS algorithm=DeltaStar vertices=65536 partitions=3 relays=4 work_units=72 peak_admitted_bytes=8120
SSSP_DONE_COUNTERS algorithm=DeltaStar vertices=65536 partitions=8 relays=4 work_units=512 peak_admitted_bytes=22720
SSSP_DONE_COUNTERS algorithm=DeltaStar vertices=16 partitions=8 relays=4 work_units=512 peak_admitted_bytes=22720
SSSP_DONE_COUNTERS algorithm=DeltaStar vertices=65536 partitions=8 relays=4 work_units=512 peak_admitted_bytes=22720
SSSP_DONE_COUNTERS algorithm=DeltaStar vertices=16 partitions=32 relays=4 work_units=8192 peak_admitted_bytes=115072
SSSP_DONE_COUNTERS algorithm=DeltaStar vertices=65536 partitions=32 relays=4 work_units=8192 peak_admitted_bytes=115072
test done::done_relays_fit_partition_sized_headroom_with_exact_results ... ok
SSSP_DONE_COUNTERS algorithm=DeltaStar vertices=65536 partitions=32 relays=4 work_units=8192 peak_admitted_bytes=115072
test done::done_relay_cost_is_independent_of_vertex_count ... ok
test varied_weighted_graphs_match_oracle_with_skew_and_empty_owners ... ok

test result: ok. 17 passed; 0 failed; 0 ignored; 0 measured; 0 filtered out; finished in 0.53s

