    Checking serde v1.0.228
    Checking half v2.7.1
    Checking ahash v0.8.12
    Checking zerovec v0.11.8
    Checking parking_lot v0.12.5
    Checking arrow-buffer v58.3.0
    Checking chrono v0.4.45
    Checking futures-util v0.3.32
    Checking tokio v1.52.3
    Checking arrow-data v58.3.0
    Checking chrono-tz v0.10.4
    Checking tinystr v0.8.4
    Checking icu_locale_core v2.3.0
    Checking potential_utf v0.1.5
   Compiling zstd-sys v2.0.16+zstd.1.5.7
    Checking icu_provider v2.3.1
    Checking icu_collections v2.3.0
    Checking twox-hash v2.1.2
    Checking icu_properties v2.3.0
    Checking icu_normalizer v2.3.0
    Checking lz4_flex v0.13.1
    Checking idna_adapter v1.2.2
    Checking sqlparser v0.61.0
    Checking idna v1.1.0
    Checking arrow-array v58.3.0
    Checking url v2.5.8
    Checking object_store v0.13.2
    Checking arrow-select v58.3.0
    Checking arrow-arith v58.3.0
    Checking arrow-ord v58.3.0
    Checking arrow-string v58.3.0
    Checking arrow-cast v58.3.0
    Checking arrow-row v58.3.0
    Checking arrow-csv v58.3.0
    Checking arrow-json v58.3.0
    Checking futures-executor v0.3.32
    Checking petgraph v0.8.3
    Checking futures v0.3.32
    Checking digest v0.10.7
    Checking rustix v1.1.4
   Compiling datafusion-macros v53.1.0
    Checking dashmap v6.2.1
   Compiling blake3 v1.8.5
    Checking tempfile v3.27.0
   Compiling prost-derive v0.14.3
    Checking uuid v1.23.2
    Checking sha2 v0.10.9
    Checking md-5 v0.10.6
    Checking blake2 v0.10.6
   Compiling errno v0.3.14
   Compiling getrandom v0.4.2
   Compiling prost v0.14.3
    Checking tokio-util v0.7.18
    Checking datafusion-common-runtime v53.1.0
   Compiling ring v0.17.14
   Compiling zstd-safe v7.2.4
    Checking zeroize v1.8.2
   Compiling prost-types v0.14.3
    Checking rustls-pki-types v1.14.1
    Checking zstd v0.13.3
   Compiling prost-build v0.14.3
    Checking jsonb v0.5.6
    Checking arrow-ipc v58.3.0
    Checking tokio-stream v0.1.18
    Checking arrow v58.3.0
    Checking h2 v0.4.14
    Checking datafusion-common v53.1.0
   Compiling rustls v0.23.40
    Checking lance-arrow v7.0.0
    Checking rustls-webpki v0.103.13
    Checking bytemuck v1.25.0
    Checking moka v0.12.15
    Checking datafusion-expr-common v53.1.0
    Checking roaring v0.11.4
    Checking datafusion-physical-expr-common v53.1.0
   Compiling darling_core v0.20.11
    Checking snafu v0.9.1
    Checking datafusion-functions-aggregate-common v53.1.0
    Checking datafusion-functions-window-common v53.1.0
    Checking hyper v1.10.1
    Checking deepsize v0.2.0
    Checking datafusion-expr v53.1.0
    Checking tower v0.5.3
    Checking hyper-util v0.1.20
   Compiling darling_macro v0.20.11
    Checking ptr_meta v0.3.1
    Checking tokio-rustls v0.26.4
    Checking rustls-native-certs v0.8.3
    Checking async-compression v0.4.42
    Checking rancor v0.1.1
    Checking hyper-rustls v0.27.9
    Checking datafusion-physical-expr v53.1.0
    Checking datafusion-execution v53.1.0
    Checking tower-http v0.6.11
   Compiling darling v0.20.11
    Checking datafusion-functions v53.1.0
    Checking serde_urlencoded v0.7.1
   Compiling lz4-sys v1.11.1+lz4-1.10.0
    Checking datafusion-functions-aggregate v53.1.0
    Checking bytecheck v0.8.2
   Compiling derive_builder_core v0.20.2
    Checking reqwest v0.12.28
    Checking serde_with v3.20.0
    Checking munge v0.4.7
   Compiling derive_builder_macro v0.20.2
    Checking lance-namespace-reqwest-client v0.7.7
    Checking datafusion-physical-plan v53.1.0
    Checking datafusion-physical-expr-adapter v53.1.0
    Checking datafusion-functions-nested v53.1.0
    Checking datafusion-sql v53.1.0
    Checking rend v0.5.3
    Checking datafusion-session v53.1.0
    Checking lance-core v7.0.0
   Compiling lance-encoding v7.0.0
    Checking datafusion-datasource v53.1.0
    Checking path_abs v0.5.1
    Checking rkyv v0.8.16
    Checking lance-namespace v7.0.0
    Checking datafusion-catalog v53.1.0
    Checking datafusion-pruning v53.1.0
    Checking strum v0.28.0
    Checking strum v0.26.3
    Checking lz4 v1.28.1
    Checking derive_builder v0.20.2
   Compiling lance-file v7.0.0
    Checking fsst v7.0.0
    Checking hyperloglogplus v0.4.1
    Checking lance-io v7.0.0
    Checking lindera-dictionary v3.0.7
    Checking random_word v0.5.2
    Checking datafusion-physical-optimizer v53.1.0
    Checking datafusion-datasource-json v53.1.0
    Checking datafusion-datasource-arrow v53.1.0
    Checking datafusion-datasource-csv v53.1.0
    Checking serde_yaml_ng v0.10.0
    Checking datafusion-optimizer v53.1.0
    Checking datafusion-functions-window v53.1.0
   Compiling lance-datafusion v7.0.0
   Compiling lance-table v7.0.0
    Checking rand_distr v0.5.1
   Compiling lance-linalg v7.0.0
    Checking jieba-rs v0.9.0
    Checking lance-datagen v7.0.0
    Checking lindera v3.0.7
   Compiling lance-index v7.0.0
    Checking rust-stemmers v1.2.0
    Checking lance-tokenizer v7.0.0
   Compiling lance v7.0.0
    Checking serde_yaml v0.9.34+deprecated
    Checking quick-xml v0.40.1
    Checking snafu v0.8.9
    Checking lance-testing v7.0.0
    Checking grust-core v0.15.0 (/Users/alexy/src/grust-lancedb-cancellation/crates/grust-core)
    Checking datafusion-catalog-listing v53.1.0
    Checking datafusion-functions-table v53.1.0
    Checking grust-arrow v0.15.0 (/Users/alexy/src/grust-lancedb-cancellation/crates/grust-arrow)
    Checking datafusion v53.1.0
    Checking lance-namespace-impls v7.0.0
    Checking lancedb v0.30.0
    Checking grust-lancedb v0.15.0 (/Users/alexy/src/grust-lancedb-cancellation/crates/grust-lancedb)
    Finished `dev` profile [unoptimized + debuginfo] target(s) in 2m 20s
