    Finished `dev` profile [unoptimized] target(s) in 0.22s
    Finished `release` profile [optimized] target(s) in 0.17s
     Running unittests src/lib.rs (/Volumes/Apo/graph-tests/workspaces/grust-v2-wave2-20261006/gate-target/release/deps/grust_functions-0bb322c278faeb1e)

running 5 tests
test tests::arbitrary_scalar_and_aggregate_names_share_one_registry ... ok
test tests::invalid_return_argument_and_empty_backend_set_fail ... ok
test tests::provider_null_and_backend_contracts_survive_lookup ... ok
test tests::overloads_are_retained_and_duplicate_arguments_are_refused ... ok
test tests::signature_return_variables_are_bound ... ok

test result: ok. 5 passed; 0 failed; 0 ignored; 0 measured; 0 filtered out; finished in 0.00s

     Running unittests src/lib.rs (/Volumes/Apo/graph-tests/workspaces/grust-v2-wave2-20261006/gate-target/release/deps/grust_kernel_contract-d5ba709a417da0aa)

running 4 tests
test tests::wrong_alignment_and_duplicate_features_are_metadata_errors ... ok
test tests::host_executor_completes_callbacks_and_returns_errors_without_spawning ... ok
test tests::edge_timestamps_and_vertex_embeddings_have_separate_alignment ... ok
test tests::estimate_includes_bookkeeping_and_reverse_storage_without_overflow ... ok

test result: ok. 4 passed; 0 failed; 0 ignored; 0 measured; 0 filtered out; finished in 0.00s

     Running unittests src/lib.rs (/Volumes/Apo/graph-tests/workspaces/grust-v2-wave2-20261006/gate-target/release/deps/grust_lpg-9d482bdc70bbb47e)

running 9 tests
test tests::custom_logical_types_are_not_storage_encodings ... ok
test tests::identity_is_not_a_required_property_or_dense_index ... ok
test tests::duplicate_ids_and_unknown_endpoints_fail_without_data_reads ... ok
test tests::deserialization_cannot_bypass_catalog_checks ... ok
test tests::optional_property_keys_are_checked_when_declared ... ok
test tests::unknown_parent_and_cycles_are_catalog_errors ... ok
test tests::inherited_labels_and_multilabel_edges_are_independent_of_ownership ... ok
test tests::schema_round_trip_preserves_identity_and_inheritance ... ok
test tests::incompatible_inherited_keys_are_not_selected_by_parent_order ... ok

test result: ok. 9 passed; 0 failed; 0 ignored; 0 measured; 0 filtered out; finished in 0.00s

     Running unittests src/lib.rs (/Volumes/Apo/graph-tests/workspaces/grust-v2-wave2-20261006/gate-target/release/deps/grust_programmatic-80581db6d19ad46a)

running 6 tests
test tests::aggregate_and_parameterized_slice_use_the_same_ir ... ok
test tests::binding_after_has_does_not_leave_a_dangling_anonymous_reference ... ok
test tests::direction_path_mode_selector_and_optional_are_explicit ... ok
test tests::invalid_bindings_and_hop_ranges_return_typed_errors ... ok
test tests::fluent_traversal_constructs_named_pattern_and_projection ... ok
test tests::join_and_union_do_not_choose_a_backend ... ok

test result: ok. 6 passed; 0 failed; 0 ignored; 0 measured; 0 filtered out; finished in 0.00s

     Running unittests src/lib.rs (/Volumes/Apo/graph-tests/workspaces/grust-v2-wave2-20261006/gate-target/release/deps/grust_syntax-eef05a1145c318d4)

running 4 tests
test tests::no_ast_is_an_error_even_when_parser_diagnostics_are_empty ... ok
test tests::malformed_adapter_paths_are_rejected ... ok
test tests::language_ast_adapters_and_programmatic_api_build_the_same_plan ... ok
test tests::recovery_diagnostics_are_preserved_and_partial_queries_are_not_planned ... ok

test result: ok. 4 passed; 0 failed; 0 ignored; 0 measured; 0 filtered out; finished in 0.00s

     Running unittests src/lib.rs (/Volumes/Apo/graph-tests/workspaces/grust-v2-wave2-20261006/gate-target/release/deps/grust_unresolved_plan-f2548b848ae76ed6)

running 7 tests
test tests::extension_operator_has_no_execution_pointer ... ok
test tests::floating_literals_preserve_nonfinite_values_and_signed_zero ... ok
test tests::functions_remain_unresolved_and_can_be_aggregations ... ok
test tests::malformed_paths_and_invalid_ranges_are_structural ... ok
test tests::named_and_anonymous_bindings_cannot_collide ... ok
test tests::pattern_modes_directions_and_unbounded_hops_survive_ir ... ok
test tests::plan_json_round_trip_preserves_semantics ... ok

test result: ok. 7 passed; 0 failed; 0 ignored; 0 measured; 0 filtered out; finished in 0.00s

   Doc-tests grust_functions

running 0 tests

test result: ok. 0 passed; 0 failed; 0 ignored; 0 measured; 0 filtered out; finished in 0.00s

   Doc-tests grust_kernel_contract

running 0 tests

test result: ok. 0 passed; 0 failed; 0 ignored; 0 measured; 0 filtered out; finished in 0.00s

   Doc-tests grust_lpg

running 0 tests

test result: ok. 0 passed; 0 failed; 0 ignored; 0 measured; 0 filtered out; finished in 0.00s

   Doc-tests grust_programmatic

running 0 tests

test result: ok. 0 passed; 0 failed; 0 ignored; 0 measured; 0 filtered out; finished in 0.00s

   Doc-tests grust_syntax

running 0 tests

test result: ok. 0 passed; 0 failed; 0 ignored; 0 measured; 0 filtered out; finished in 0.00s

   Doc-tests grust_unresolved_plan

running 0 tests

test result: ok. 0 passed; 0 failed; 0 ignored; 0 measured; 0 filtered out; finished in 0.00s

    Finished `release` profile [optimized] target(s) in 0.03s
     Running unittests src/lib.rs (/Volumes/Apo/graph-tests/workspaces/grust-v2-wave2-20261006/gate-target/release/deps/grust_functions-fc8083969f7244bb)

running 5 tests
test tests::invalid_return_argument_and_empty_backend_set_fail ... ok
test tests::arbitrary_scalar_and_aggregate_names_share_one_registry ... ok
test tests::provider_null_and_backend_contracts_survive_lookup ... ok
test tests::overloads_are_retained_and_duplicate_arguments_are_refused ... ok
test tests::signature_return_variables_are_bound ... ok

test result: ok. 5 passed; 0 failed; 0 ignored; 0 measured; 0 filtered out; finished in 0.00s

     Running unittests src/lib.rs (/Volumes/Apo/graph-tests/workspaces/grust-v2-wave2-20261006/gate-target/release/deps/grust_kernel_contract-9a2be98af38765af)

running 4 tests
test tests::edge_timestamps_and_vertex_embeddings_have_separate_alignment ... ok
test tests::estimate_includes_bookkeeping_and_reverse_storage_without_overflow ... ok
test tests::host_executor_completes_callbacks_and_returns_errors_without_spawning ... ok
test tests::wrong_alignment_and_duplicate_features_are_metadata_errors ... ok

test result: ok. 4 passed; 0 failed; 0 ignored; 0 measured; 0 filtered out; finished in 0.00s

     Running unittests src/lib.rs (/Volumes/Apo/graph-tests/workspaces/grust-v2-wave2-20261006/gate-target/release/deps/grust_lpg-4fdca2e0266d08c4)

running 7 tests
test tests::custom_logical_types_are_not_storage_encodings ... ok
test tests::inherited_labels_and_multilabel_edges_are_independent_of_ownership ... ok
test tests::identity_is_not_a_required_property_or_dense_index ... ok
test tests::duplicate_ids_and_unknown_endpoints_fail_without_data_reads ... ok
test tests::unknown_parent_and_cycles_are_catalog_errors ... ok
test tests::optional_property_keys_are_checked_when_declared ... ok
test tests::incompatible_inherited_keys_are_not_selected_by_parent_order ... ok

test result: ok. 7 passed; 0 failed; 0 ignored; 0 measured; 0 filtered out; finished in 0.00s

     Running unittests src/lib.rs (/Volumes/Apo/graph-tests/workspaces/grust-v2-wave2-20261006/gate-target/release/deps/grust_programmatic-c1a5cb1b7a581732)

running 6 tests
test tests::binding_after_has_does_not_leave_a_dangling_anonymous_reference ... ok
test tests::aggregate_and_parameterized_slice_use_the_same_ir ... ok
test tests::direction_path_mode_selector_and_optional_are_explicit ... ok
test tests::invalid_bindings_and_hop_ranges_return_typed_errors ... ok
test tests::fluent_traversal_constructs_named_pattern_and_projection ... ok
test tests::join_and_union_do_not_choose_a_backend ... ok

test result: ok. 6 passed; 0 failed; 0 ignored; 0 measured; 0 filtered out; finished in 0.00s

     Running unittests src/lib.rs (/Volumes/Apo/graph-tests/workspaces/grust-v2-wave2-20261006/gate-target/release/deps/grust_syntax-5658e1aa4a162dbc)

running 4 tests
test tests::no_ast_is_an_error_even_when_parser_diagnostics_are_empty ... ok
test tests::malformed_adapter_paths_are_rejected ... ok
test tests::language_ast_adapters_and_programmatic_api_build_the_same_plan ... ok
test tests::recovery_diagnostics_are_preserved_and_partial_queries_are_not_planned ... ok

test result: ok. 4 passed; 0 failed; 0 ignored; 0 measured; 0 filtered out; finished in 0.00s

     Running unittests src/lib.rs (/Volumes/Apo/graph-tests/workspaces/grust-v2-wave2-20261006/gate-target/release/deps/grust_unresolved_plan-9bd0e48f806452b1)

running 5 tests
test tests::extension_operator_has_no_execution_pointer ... ok
test tests::malformed_paths_and_invalid_ranges_are_structural ... ok
test tests::functions_remain_unresolved_and_can_be_aggregations ... ok
test tests::named_and_anonymous_bindings_cannot_collide ... ok
test tests::pattern_modes_directions_and_unbounded_hops_survive_ir ... ok

test result: ok. 5 passed; 0 failed; 0 ignored; 0 measured; 0 filtered out; finished in 0.00s

   Doc-tests grust_functions

running 0 tests

test result: ok. 0 passed; 0 failed; 0 ignored; 0 measured; 0 filtered out; finished in 0.00s

   Doc-tests grust_kernel_contract

running 0 tests

test result: ok. 0 passed; 0 failed; 0 ignored; 0 measured; 0 filtered out; finished in 0.00s

   Doc-tests grust_lpg

running 0 tests

test result: ok. 0 passed; 0 failed; 0 ignored; 0 measured; 0 filtered out; finished in 0.00s

   Doc-tests grust_programmatic

running 0 tests

test result: ok. 0 passed; 0 failed; 0 ignored; 0 measured; 0 filtered out; finished in 0.00s

   Doc-tests grust_syntax

running 0 tests

test result: ok. 0 passed; 0 failed; 0 ignored; 0 measured; 0 filtered out; finished in 0.00s

   Doc-tests grust_unresolved_plan

running 0 tests

test result: ok. 0 passed; 0 failed; 0 ignored; 0 measured; 0 filtered out; finished in 0.00s

    Finished `release` profile [optimized] target(s) in 0.01s
     Running `/Volumes/Apo/graph-tests/workspaces/grust-v2-wave2-20261006/gate-target/release/examples/people`
Plan {
    root: Slice {
        input: Project {
            input: Match {
                input: Unit,
                graph: Default,
                patterns: [
                    PathPattern {
                        binding: None,
                        vertices: [
                            VertexPattern {
                                binding: Named(
                                    "person",
                                ),
                                labels: Label(
                                    "Person",
                                ),
                                predicates: [],
                            },
                            VertexPattern {
                                binding: Named(
                                    "friend",
                                ),
                                labels: Any,
                                predicates: [],
                            },
                        ],
                        edges: [
                            EdgePattern {
                                binding: Anonymous(
                                    1,
                                ),
                                labels: Label(
                                    "KNOWS",
                                ),
                                direction: Outgoing,
                                hops: Hops {
                                    min: 1,
                                    max: Some(
                                        1,
                                    ),
                                },
                                predicates: [],
                            },
                        ],
                        mode: Walk,
                        selector: All,
                    },
                ],
                optional: false,
            },
            items: [
                NamedExpr {
                    name: "name",
                    expression: Property {
                        object: Binding(
                            Named(
                                "friend",
                            ),
                        ),
                        name: "name",
                    },
                },
            ],
            distinct: false,
        },
        offset: None,
        limit: Some(
            Literal(
                Integer(
                    10,
                ),
            ),
        ),
    },
}
