test_all_six_closed_and_failed_original_not_promoted (__main__.Policy.test_all_six_closed_and_failed_original_not_promoted) ... ok
test_missing_live_wrong_namespace_and_runtime_rejected (__main__.Policy.test_missing_live_wrong_namespace_and_runtime_rejected) ... ok
test_ratio_and_all_six_physical_outcomes_required (__main__.Policy.test_ratio_and_all_six_physical_outcomes_required) ... ok
test_synthetic_closed_metadata_exports_all_six_runtime_bindings (__main__.BundleIntegration.test_synthetic_closed_metadata_exports_all_six_runtime_bindings) ... ok
test_all_six_serial_success (__main__.Serial.test_all_six_serial_success) ... ok
test_mismatch_oom_missing_retained_and_do_not_qualify (__main__.Serial.test_mismatch_oom_missing_retained_and_do_not_qualify) ... ok
test_uncertain_cleanup_or_outer_failure_stops_remaining (__main__.Serial.test_uncertain_cleanup_or_outer_failure_stops_remaining) ... ok
test_busy_never_creates_or_kills (inherited_lifecycle_controls.Supervisor.test_busy_never_creates_or_kills) ... ok
test_child_admission_exception_retains_outer_receipt_without_docker (inherited_lifecycle_controls.Supervisor.test_child_admission_exception_retains_outer_receipt_without_docker) ... ok
test_lost_create_response_recovers_owned_container (inherited_lifecycle_controls.Supervisor.test_lost_create_response_recovers_owned_container) ... ok
test_low_selected_host_space_prevents_all_docker_calls (inherited_lifecycle_controls.Supervisor.test_low_selected_host_space_prevents_all_docker_calls) ... ok
test_oom_or_unexited_state_with_zero_exit_and_inner_pass_rejected (inherited_lifecycle_controls.Supervisor.test_oom_or_unexited_state_with_zero_exit_and_inner_pass_rejected) ... ok
test_oom_retained_without_inner_report (inherited_lifecycle_controls.Supervisor.test_oom_retained_without_inner_report) ... ok
test_oserror_and_malformed_json_retained (inherited_lifecycle_controls.Supervisor.test_oserror_and_malformed_json_retained) ... ok
test_physical_pass_and_bad_report_separate (inherited_lifecycle_controls.Supervisor.test_physical_pass_and_bad_report_separate) ... ok
test_same_request_different_execution_never_killed (inherited_lifecycle_controls.Supervisor.test_same_request_different_execution_never_killed) ... ok
test_success_state_before_cleanup (inherited_lifecycle_controls.Supervisor.test_success_state_before_cleanup) ... ok
test_timeout_kills_only_owned_checker_and_retains_failure (inherited_lifecycle_controls.Supervisor.test_timeout_kills_only_owned_checker_and_retains_failure) ... ok
test_wrong_container_user_never_started (inherited_lifecycle_controls.Supervisor.test_wrong_container_user_never_started) ... ok
test_container_identity_and_mounted_modes_actual_fixture (inherited_permission_controls.Permissions.test_container_identity_and_mounted_modes_actual_fixture) ... ok
test_existing_output_never_chmod_or_reused (inherited_permission_controls.Permissions.test_existing_output_never_chmod_or_reused) ... ok
test_host_or_request_identity_mismatch_rejected (inherited_permission_controls.Permissions.test_host_or_request_identity_mismatch_rejected) ... ok
test_recorded_failure_mode_has_no_other_search_permission (inherited_permission_controls.Permissions.test_recorded_failure_mode_has_no_other_search_permission) ... ok
test_restrictive_umask_new_bundle_and_output_modes (inherited_permission_controls.Permissions.test_restrictive_umask_new_bundle_and_output_modes) ... ok
test_wrong_evidence_group_rejected_host_and_reader (inherited_permission_controls.Permissions.test_wrong_evidence_group_rejected_host_and_reader) ... ok
test_wrong_staging_mode_rejected_without_repair (inherited_permission_controls.Permissions.test_wrong_staging_mode_rejected_without_repair) ... ok

----------------------------------------------------------------------
Ran 26 tests in 0.331s

OK
