{
  "prepared_only": true,
  "cells": [
    {
      "order": 1,
      "phase": "warmup",
      "host": "A",
      "cell_output": "/targets/sail-stream-experiments-20260930/pecan-gate3/cells/pair16k-20260930201356-01-a-r1-weighted16k-pecan-sssp-frontier",
      "request": "bundles/01/request.json",
      "request_sha256": "bf32769032f6da809d02c3e10df785f39b8c41be87082c8dfb7f181782733a37"
    },
    {
      "order": 2,
      "phase": "warmup",
      "host": "B",
      "cell_output": "/targets/sail-stream-experiments-20260930/pecan-gate3/cells/pair16k-20260930201356-02-b-r1-weighted16k-pecan-sssp-frontier",
      "request": "bundles/02/request.json",
      "request_sha256": "552315d58f28208da5378d9eddf4cd897d50ae1d86cb9e8e60df4a9edcc12028"
    },
    {
      "order": 3,
      "phase": "measurement",
      "host": "A",
      "cell_output": "/targets/sail-stream-experiments-20260930/pecan-gate3/cells/pair16k-20260930201356-03-a-r1-weighted16k-pecan-sssp-frontier",
      "request": "bundles/03/request.json",
      "request_sha256": "7e0066c1a282e83e399203be3172452f5e5bb02002e64a3d408a0552692f7992"
    },
    {
      "order": 4,
      "phase": "measurement",
      "host": "B",
      "cell_output": "/targets/sail-stream-experiments-20260930/pecan-gate3/cells/pair16k-20260930201356-04-b-r1-weighted16k-pecan-sssp-frontier",
      "request": "bundles/04/request.json",
      "request_sha256": "7617775444e493feb2bcfd032c7c93ddd110387763901630e2c427ebb28c8736"
    },
    {
      "order": 5,
      "phase": "measurement",
      "host": "B",
      "cell_output": "/targets/sail-stream-experiments-20260930/pecan-gate3/cells/pair16k-20260930201356-05-b-r1-weighted16k-pecan-sssp-frontier",
      "request": "bundles/05/request.json",
      "request_sha256": "6cd02ca818637c1eee5565077334a92b6fecd2058d848ab38323e8930c8f987a"
    },
    {
      "order": 6,
      "phase": "measurement",
      "host": "A",
      "cell_output": "/targets/sail-stream-experiments-20260930/pecan-gate3/cells/pair16k-20260930201356-06-a-r1-weighted16k-pecan-sssp-frontier",
      "request": "bundles/06/request.json",
      "request_sha256": "a27bb943f82804e82762eeeb8c9fea9073d9d388aef52d8656f1a686f85ec1e7"
    }
  ],
  "original_ratio_eligible": true
}
