[2026-09-29T12:58:00Z INFO sail_cli::spark::server] Starting the Spark Connect server on 127.0.0.1:41903...
[2026-09-29T12:58:00Z INFO sail_session::session_manager::actor::core] driver server is ready on port 40969
[2026-09-29T12:58:00Z INFO sail_session::session_manager::actor::handler] creating session 43341195-c073-486a-82f9-aea39a9252d8
OpenBLAS WARNING - could not determine the L2 cache size on this system, assuming 256k
OpenBLAS WARNING - could not determine the L2 cache size on this system, assuming 256k
[2026-09-29T12:58:01Z INFO sail_session::extensions] bound native extension nutmeg@0.1.0:f92268cbf3a5b0bbc3a1e9e0fc733018cad00410a42c83b8228f417a5c232c9f to session incarnation 460bb52f-dff5-4802-bc79-5a7515d69104
[2026-09-29T12:58:01Z INFO sail_session::extensions] bound native extension sedona@0.1.0:e8dc2c51c6e45ef94fb13370b76f0fd40936b3d79d368fc052afbb778d39c137 to session incarnation 460bb52f-dff5-4802-bc79-5a7515d69104
[2026-09-29T12:58:01Z INFO sail_execution::driver::actor::handler] activating driver 1
[2026-09-29T12:58:01Z INFO sail_execution::driver::worker_pool::core] starting worker 1
[2026-09-29T12:58:01Z INFO sail_execution::driver::worker_pool::core] starting worker 2
[2026-09-29T12:58:01Z INFO sail_execution::worker_manager::process] extension process worker 1: pid=Some(165), driver_pid=49, session=43341195-c073-486a-82f9-aea39a9252d8
[2026-09-29T12:58:01Z INFO sail_execution::worker_manager::process] extension process worker 2: pid=Some(166), driver_pid=49, session=43341195-c073-486a-82f9-aea39a9252d8
[2026-09-29T12:58:01Z INFO sail_session::extensions] worker loaded native extension sedona@0.1.0:e8dc2c51c6e45ef94fb13370b76f0fd40936b3d79d368fc052afbb778d39c137, pid=166
[2026-09-29T12:58:01Z INFO sail_session::extensions] worker loaded native extension sedona@0.1.0:e8dc2c51c6e45ef94fb13370b76f0fd40936b3d79d368fc052afbb778d39c137, pid=165
[2026-09-29T12:58:01Z INFO sail_execution::worker::actor::handler] worker 2 server is ready on port 39721
[2026-09-29T12:58:01Z INFO sail_execution::worker::actor::handler] worker 1 server is ready on port 33513
[2026-09-29T12:58:01Z INFO sail_execution::driver::actor::handler] worker 2 is available at 127.0.0.1:39721
[2026-09-29T12:58:01Z WARN sail_execution::driver::task_assigner::core] worker 2 was not pending
[2026-09-29T12:58:01Z INFO sail_execution::driver::actor::handler] worker 1 is available at 127.0.0.1:33513
[2026-09-29T12:58:01Z WARN sail_execution::driver::task_assigner::core] worker 1 was not pending
[2026-09-29T13:41:31Z INFO sail_execution::driver::worker_pool::core] stopping worker 2
[2026-09-29T13:41:32Z INFO sail_execution::worker::actor::core] worker 2 server has stopped
[2026-09-29T13:41:34Z WARN sail_common::actor] aborting 1 task(s) for WorkerActor
[2026-09-29T13:42:14Z INFO sail_session::session_manager::actor::handler] removing session 43341195-c073-486a-82f9-aea39a9252d8
[2026-09-29T13:42:14Z INFO sail_execution::driver::worker_pool::core] stopping worker 1
[2026-09-29T13:42:14Z INFO sail_execution::worker::actor::core] worker 1 server has stopped
[2026-09-29T13:42:14Z INFO sail_execution::driver::actor::core] driver 1 has stopped
[2026-09-29T13:42:14Z INFO sail_cli::spark::server] Shutting down the Spark Connect server...
[2026-09-29T13:42:14Z WARN sail_common::actor] aborting 21 task(s) for DriverActor
[2026-09-29T13:42:14Z INFO sail_session::session_manager::actor::core] driver server has stopped
[2026-09-29T13:42:17Z WARN sail_common::actor] aborting 93 task(s) for SessionManagerActor
[2026-09-29T13:42:17Z INFO sail_cli::spark::server] The Spark Connect server has stopped.
